Job ID: 78466
Node: acnode03.e4red
Start: Tue Aug 11 17:29:54 CEST 2026
density: 100.0

========================================================================
ORIGINAL QUBO MATRIX
========================================================================
Shape                 : (1024, 1024)
Number of variables   : 1024
Number of clusters     : 8
Dimension of blocks: 128
Symmetric matrix    : True
Optimal clusters      : [array([   3,    8,   11,   13,   20,   52,   55,   59,   65,   68,   69,   72,   90,   95,   97,  101,  112,  113,  114,  123,  151,  152,
        154,  155,  157,  175,  191,  219,  220,  230,  247,  249,  258,  264,  265,  267,  275,  278,  290,  295,  298,  318,  340,  347,
        355,  364,  369,  375,  388,  398,  402,  417,  419,  421,  426,  434,  446,  452,  453,  461,  488,  489,  493,  494,  499,  501,
        510,  511,  514,  525,  533,  543,  545,  551,  558,  563,  564,  567,  572,  587,  590,  598,  605,  617,  618,  624,  636,  641,
        643,  653,  659,  681,  684,  691,  692,  700,  702,  734,  744,  778,  823,  828,  837,  853,  862,  868,  869,  874,  887,  895,
        897,  899,  906,  931,  934,  939,  941,  948,  955,  983,  989, 1007, 1009, 1014, 1016, 1018, 1019, 1023]), array([  36,   39,   47,   56,   61,   64,   85,   91,  117,  129,  133,  138,  141,  145,  146,  159,  163,  173,  205,  223,  226,  228,
        231,  241,  243,  245,  253,  260,  292,  296,  302,  304,  308,  312,  319,  336,  339,  341,  349,  363,  371,  377,  381,  385,
        387,  390,  394,  396,  397,  405,  406,  408,  409,  412,  416,  462,  466,  474,  481,  482,  515,  529,  530,  541,  550,  554,
        556,  574,  586,  593,  606,  607,  612,  620,  623,  627,  638,  640,  652,  658,  667,  675,  677,  682,  693,  696,  705,  716,
        724,  725,  733,  737,  739,  745,  746,  748,  755,  762,  780,  787,  803,  824,  826,  830,  839,  846,  852,  872,  873,  876,
        886,  890,  898,  902,  904,  914,  922,  923,  940,  954,  960,  969,  976,  988,  992,  995, 1004, 1012]), array([   1,   10,   16,   22,   23,   26,   27,   33,   35,   49,   54,   57,   70,   80,   83,   87,   93,   99,  104,  108,  130,  134,
        135,  166,  172,  181,  184,  185,  186,  194,  197,  203,  206,  214,  216,  221,  225,  232,  236,  251,  255,  259,  261,  263,
        266,  274,  282,  283,  286,  293,  303,  306,  326,  342,  344,  351,  356,  372,  373,  376,  378,  380,  433,  435,  439,  451,
        455,  456,  457,  458,  460,  463,  486,  502,  523,  524,  527,  534,  537,  547,  555,  570,  571,  573,  579,  582,  583,  591,
        597,  613,  619,  628,  649,  657,  661,  706,  712,  714,  730,  732,  741,  742,  774,  784,  790,  795,  796,  800,  801,  807,
        879,  880,  901,  908,  912,  921,  947,  949,  952,  956,  959,  990,  993, 1000, 1002, 1008, 1011, 1020]), array([   2,    6,   17,   18,   34,   38,   44,   45,   62,   71,   88,   89,   98,  127,  131,  139,  158,  164,  165,  176,  177,  183,
        189,  192,  199,  207,  212,  235,  270,  276,  277,  284,  285,  294,  310,  323,  330,  335,  343,  346,  353,  362,  365,  379,
        382,  386,  400,  404,  414,  423,  443,  471,  478,  480,  487,  492,  495,  496,  497,  498,  512,  516,  518,  538,  549,  553,
        557,  565,  580,  594,  595,  602,  642,  648,  655,  662,  670,  685,  686,  694,  703,  715,  722,  731,  743,  747,  749,  757,
        771,  773,  776,  777,  792,  802,  806,  808,  843,  847,  849,  866,  867,  877,  881,  883,  885,  888,  900,  916,  917,  926,
        928,  933,  944,  945,  946,  958,  965,  967,  980,  982,  984,  991,  996,  998,  999, 1010, 1013, 1022]), array([   0,    4,    5,   14,   24,   30,   37,   40,   43,   48,   73,   74,   84,   92,   94,  105,  119,  126,  150,  162,  168,  179,
        180,  187,  188,  193,  200,  202,  211,  215,  218,  227,  250,  262,  271,  272,  273,  279,  280,  289,  297,  301,  307,  313,
        315,  316,  322,  325,  327,  329,  331,  332,  345,  383,  389,  395,  420,  422,  424,  427,  428,  429,  430,  436,  440,  444,
        449,  464,  467,  470,  472,  473,  477,  479,  490,  491,  507,  509,  513,  522,  532,  539,  544,  560,  561,  584,  603,  615,
        625,  626,  634,  646,  673,  688,  708,  709,  713,  720,  736,  740,  756,  768,  782,  798,  799,  809,  814,  819,  821,  827,
        829,  838,  841,  844,  857,  859,  865,  884,  892,  924,  932,  937,  951,  957,  970,  972,  985, 1015]), array([   7,    9,   12,   15,   19,   25,   31,   51,   53,   58,   66,   67,   75,   78,   86,  109,  111,  118,  121,  122,  125,  132,
        136,  140,  143,  160,  167,  182,  204,  209,  210,  213,  224,  229,  239,  244,  254,  305,  317,  338,  352,  359,  384,  393,
        399,  401,  410,  411,  418,  431,  438,  441,  454,  468,  469,  475,  476,  483,  500,  508,  535,  546,  562,  566,  577,  578,
        581,  604,  609,  616,  630,  631,  633,  639,  647,  650,  651,  665,  666,  679,  683,  690,  697,  704,  707,  711,  718,  723,
        728,  729,  760,  763,  779,  783,  789,  791,  794,  797,  817,  825,  831,  836,  840,  842,  850,  855,  858,  860,  861,  864,
        882,  889,  903,  909,  910,  911,  913,  915,  925,  927,  963,  974,  979,  981,  987, 1003, 1005, 1017]), array([  28,   42,   63,   77,   79,   81,  100,  102,  115,  116,  120,  147,  153,  156,  169,  170,  174,  198,  208,  217,  222,  233,
        234,  237,  248,  281,  287,  288,  320,  324,  348,  354,  360,  366,  407,  415,  425,  445,  447,  450,  459,  465,  506,  517,
        536,  540,  542,  548,  552,  559,  568,  576,  588,  589,  596,  599,  600,  601,  608,  611,  614,  621,  629,  645,  654,  664,
        668,  669,  672,  678,  680,  687,  689,  699,  701,  710,  717,  721,  726,  735,  750,  751,  753,  758,  759,  765,  766,  769,
        770,  775,  781,  786,  788,  805,  811,  815,  816,  818,  822,  833,  834,  848,  851,  854,  863,  870,  871,  878,  893,  896,
        905,  907,  919,  920,  929,  930,  943,  953,  961,  964,  968,  971,  977,  986,  997, 1001, 1006, 1021]), array([ 21,  29,  32,  41,  46,  50,  60,  76,  82,  96, 103, 106, 107, 110, 124, 128, 137, 142, 144, 148, 149, 161, 171, 178, 190, 195,
       196, 201, 238, 240, 242, 246, 252, 256, 257, 268, 269, 291, 299, 300, 309, 311, 314, 321, 328, 333, 334, 337, 350, 357, 358, 361,
       367, 368, 370, 374, 391, 392, 403, 413, 432, 437, 442, 448, 484, 485, 503, 504, 505, 519, 520, 521, 526, 528, 531, 569, 575, 585,
       592, 610, 622, 632, 635, 637, 644, 656, 660, 663, 671, 674, 676, 695, 698, 719, 727, 738, 752, 754, 761, 764, 767, 772, 785, 793,
       804, 810, 812, 813, 820, 832, 835, 845, 856, 875, 891, 894, 918, 935, 936, 938, 942, 950, 962, 966, 973, 975, 978, 994])]
[GMC-CPU] iter=1 components=1 consecutive=0lambda=2eigenvalues=[5.341386676544251e-17, 0.004224598148434108, 0.004844465337336838, 0.005696020360742866, 0.0068017241151025285, 0.0070672903515933, 0.008705431422153534, 0.010473961051560097]
[GMC-CPU] iter=2 components=1 consecutive=1lambda=4eigenvalues=[-2.4630193994739e-17, 0.0035132728761069166, 0.0041167387881108864, 0.004889369306120765, 0.005845555530759626, 0.006074166265064573, 0.00765000579090881, 0.009226853281489433]
[GMC-CPU] iter=3 components=1 consecutive=2lambda=8eigenvalues=[5.1056195290514e-16, 0.002441184401214213, 0.0029149170974981124, 0.003554681657576513, 0.004350123331353661, 0.004500305631376055, 0.006026281810184058, 0.0071782464189213534]
[GMC-CPU] iter=4 components=1 consecutive=3lambda=16eigenvalues=[-6.403661964028205e-16, 0.0010000106895885065, 0.0012120424270695225, 0.0017168999827098298, 0.002296836100113257, 0.0024755762551135043, 0.003637923345397852, 0.004290742206973921]
[GMC-CPU] iter=5 components=1 consecutive=4lambda=32eigenvalues=[3.0190254949578236e-17, 0.000118394217157809, 0.00017442381999592342, 0.0003438959861830266, 0.0004019293484682536, 0.000794923318438853, 0.0008678264745793943, 0.0015278271479940491]
[GMC-CPU] iter=6 components=7 consecutive=0lambda=64eigenvalues=[-7.247309806400941e-16, -7.247309806400941e-16, 2.319647138381739e-17, 2.319647138381739e-17, 2.319647138381739e-17, 2.319647138381739e-17, 7.711239234077289e-16, 0.00015650710807774308]
[GMC-CPU] iter=7 components=8 consecutive=0lambda=64eigenvalues=[-4.991048425647015e-16, -4.991048425647015e-16, 2.521085191551271e-16, 2.521085191551271e-16, 2.521085191551271e-16, 2.521085191551271e-16, 2.521085191551271e-16, 2.521085191551271e-16]
Ending Direct GMC.
[GMC-CPU] iter=1 components=1 consecutive=0lambda=2eigenvalues=[-8.148944251777546e-16, 0.0047550333758115855]
[GMC-CPU] iter=2 components=1 consecutive=1lambda=4eigenvalues=[-5.0750399505666145e-17, 0.0044655687339545235]
[GMC-CPU] iter=3 components=1 consecutive=2lambda=8eigenvalues=[2.5243036265588816e-17, 0.003964306397766975]
[GMC-CPU] iter=4 components=1 consecutive=3lambda=16eigenvalues=[2.50746674629156e-16, 0.0031403430001930906]
[GMC-CPU] iter=5 components=1 consecutive=4lambda=32eigenvalues=[-5.501442611988486e-17, 0.0015071040194324127]
[GMC-CPU] iter=6 components=1 consecutive=5lambda=64eigenvalues=[4.197309719715844e-16, 0.00016619747207589994]
[GMC-CPU] iter=7 components=2 consecutive=0lambda=64eigenvalues=[5.361274349968478e-16, 5.361274349968478e-16]
[Hierarchy-CPU] node=0 components=2 leaves=2 target=8
[GMC-CPU] iter=1 components=1 consecutive=0lambda=2eigenvalues=[3.683975297050879e-16, 0.004848309536176322]
[GMC-CPU] iter=2 components=1 consecutive=1lambda=4eigenvalues=[-4.203702767762592e-16, 0.00459831803935696]
[GMC-CPU] iter=3 components=1 consecutive=2lambda=8eigenvalues=[-6.233869486849741e-17, 0.0041404967739106496]
[GMC-CPU] iter=4 components=1 consecutive=3lambda=16eigenvalues=[1.1433063328348128e-16, 0.0035043567153042856]
[GMC-CPU] iter=5 components=1 consecutive=4lambda=32eigenvalues=[2.8174356079664e-16, 0.0026672847656034598]
[GMC-CPU] iter=6 components=1 consecutive=5lambda=64eigenvalues=[-1.3338775186022522e-16, 0.0014630534759980049]
[GMC-CPU] iter=7 components=1 consecutive=6lambda=128eigenvalues=[5.278218963857212e-16, 0.00041268621477137776]
[GMC-CPU] iter=8 components=2 consecutive=0lambda=128eigenvalues=[7.619041967112156e-17, 7.619041967112156e-17]
[Hierarchy-CPU] node=1 components=2 leaves=3 target=8
[GMC-CPU] iter=1 components=1 consecutive=0lambda=2eigenvalues=[-1.4580603630780706e-17, 0.004450161618633847]
[GMC-CPU] iter=2 components=1 consecutive=1lambda=4eigenvalues=[4.559480642538875e-16, 0.004214712130077212]
[GMC-CPU] iter=3 components=1 consecutive=2lambda=8eigenvalues=[-3.379133054485379e-16, 0.0037191676746273165]
[GMC-CPU] iter=4 components=1 consecutive=3lambda=16eigenvalues=[9.631211821273489e-17, 0.002786318931242908]
[GMC-CPU] iter=5 components=1 consecutive=4lambda=32eigenvalues=[7.666997078806321e-16, 0.0017910720853988957]
[GMC-CPU] iter=6 components=1 consecutive=5lambda=64eigenvalues=[-2.2779156894865654e-16, 0.000756267335123103]
[GMC-CPU] iter=7 components=2 consecutive=0lambda=64eigenvalues=[-1.5428852540567597e-16, -1.5428852540567597e-16]
[Hierarchy-CPU] node=4 components=2 leaves=4 target=8
[GMC-CPU] iter=1 components=1 consecutive=0lambda=2eigenvalues=[5.785650661845093e-16, 0.004089016282364766]
[GMC-CPU] iter=2 components=1 consecutive=1lambda=4eigenvalues=[-3.329269229472646e-16, 0.0037400351196636168]
[GMC-CPU] iter=3 components=1 consecutive=2lambda=8eigenvalues=[8.919527977724418e-17, 0.003101195562405583]
[GMC-CPU] iter=4 components=1 consecutive=3lambda=16eigenvalues=[1.2766751435229832e-16, 0.002037872355750094]
[GMC-CPU] iter=5 components=1 consecutive=4lambda=32eigenvalues=[-1.0699414085427964e-16, 0.000768171996224567]
[GMC-CPU] iter=6 components=2 consecutive=0lambda=32eigenvalues=[2.2835931237577147e-16, 2.2835931237577147e-16]
[Hierarchy-CPU] node=5 components=2 leaves=5 target=8
[GMC-CPU] iter=1 components=1 consecutive=0lambda=2eigenvalues=[1.6537243789035477e-16, 0.0037821055472657956]
[GMC-CPU] iter=2 components=1 consecutive=1lambda=4eigenvalues=[7.065844836995332e-16, 0.00352224632275973]
[GMC-CPU] iter=3 components=1 consecutive=2lambda=8eigenvalues=[3.6323836725783026e-16, 0.0029873972109729233]
[GMC-CPU] iter=4 components=1 consecutive=3lambda=16eigenvalues=[-2.510371637945157e-16, 0.0022289075937268667]
[GMC-CPU] iter=5 components=1 consecutive=4lambda=32eigenvalues=[3.1565355015697387e-16, 0.0010879315580134574]
[GMC-CPU] iter=6 components=1 consecutive=5lambda=64eigenvalues=[-6.856596045991008e-17, 0.0005076614563393194]
[GMC-CPU] iter=7 components=2 consecutive=0lambda=64eigenvalues=[-5.078246680782319e-16, 3.387017286618587e-16]
[Hierarchy-CPU] node=7 components=2 leaves=6 target=8
[GMC-CPU] iter=1 components=1 consecutive=0lambda=2eigenvalues=[2.1861999433502728e-16, 0.006022856037920124]
[GMC-CPU] iter=2 components=1 consecutive=1lambda=4eigenvalues=[-3.427406818002647e-16, 0.005366348254911238]
[GMC-CPU] iter=3 components=1 consecutive=2lambda=8eigenvalues=[1.3873838463402096e-16, 0.004260201557321911]
[GMC-CPU] iter=4 components=1 consecutive=3lambda=16eigenvalues=[4.971829479618334e-16, 0.002237893494540154]
[GMC-CPU] iter=5 components=1 consecutive=4lambda=32eigenvalues=[-1.348980683289821e-16, 0.0008476353722013101]
[GMC-CPU] iter=6 components=2 consecutive=0lambda=32eigenvalues=[3.460640398445176e-16, 3.460640398445176e-16]
[Hierarchy-CPU] node=9 components=2 leaves=7 target=8
[GMC-CPU] iter=1 components=1 consecutive=0lambda=2eigenvalues=[-1.576249380134121e-16, 0.005028708832043913]
[GMC-CPU] iter=2 components=1 consecutive=1lambda=4eigenvalues=[-1.6977230125741724e-16, 0.00461391055461181]
[GMC-CPU] iter=3 components=1 consecutive=2lambda=8eigenvalues=[1.1046556231360455e-16, 0.004000105081003376]
[GMC-CPU] iter=4 components=1 consecutive=3lambda=16eigenvalues=[-1.4272739510866892e-16, 0.002724380999638419]
[GMC-CPU] iter=5 components=1 consecutive=4lambda=32eigenvalues=[2.619577098101395e-16, 0.0008951937049905285]
[GMC-CPU] iter=6 components=2 consecutive=0lambda=32eigenvalues=[9.410809818495817e-18, 9.410809818495817e-18]
[Hierarchy-CPU] node=11 components=2 leaves=8 target=8
GPU available.

Execution of GPU GMC in parallel mode.
[Hierarchy-GPU] level=0 nodes=1 workers=1 sizes=[1024]
[GMC-GPU] iter=1 components=1 consecutive=0 lambda=2eigenvalues=[-1.3465459871015344e-16, 0.0047550333172341]
[GMC-GPU] iter=2 components=1 consecutive=1 lambda=4eigenvalues=[-6.0250801673518e-17, 0.004465568692292852]
[GMC-GPU] iter=3 components=1 consecutive=2 lambda=8eigenvalues=[-5.953464973547351e-17, 0.003964306361043486]
[GMC-GPU] iter=4 components=1 consecutive=3 lambda=16eigenvalues=[-6.767269787546355e-17, 0.00314034295015662]
[GMC-GPU] iter=5 components=1 consecutive=4 lambda=32eigenvalues=[1.023237777726978e-16, 0.00150710396135343]
[GMC-GPU] iter=6 components=1 consecutive=5 lambda=64eigenvalues=[6.557214427850512e-17, 0.00016619747163488816]
[GMC-GPU] iter=7 components=2 consecutive=0 lambda=64eigenvalues=[2.484551612250066e-17, 9.562137399158052e-16]
[Hierarchy-GPU] level=0 completed leaves=2/8 time=1.232607s
[Hierarchy-GPU] level=1 nodes=2 workers=1 sizes=[896, 128]
[GMC-GPU] iter=1 components=1 consecutive=0 lambda=2eigenvalues=[8.315193475018054e-18, 0.0048483095052890696]
[GMC-GPU] iter=2 components=1 consecutive=1 lambda=4eigenvalues=[-4.91493070571654e-17, 0.0045983180242065436]
[GMC-GPU] iter=3 components=1 consecutive=2 lambda=8eigenvalues=[-3.9755909312123097e-17, 0.004140496765525949]
[GMC-GPU] iter=4 components=1 consecutive=3 lambda=16eigenvalues=[-3.1935196045258434e-17, 0.003504356713346834]
[GMC-GPU] iter=5 components=1 consecutive=4 lambda=32eigenvalues=[-5.8635292873719e-17, 0.00266728475709413]
[GMC-GPU] iter=6 components=1 consecutive=5 lambda=64eigenvalues=[1.5503761254588598e-16, 0.0014630534604122636]
[GMC-GPU] iter=7 components=1 consecutive=6 lambda=128eigenvalues=[1.9950142478589125e-16, 0.00041268615250545347]
[GMC-GPU] iter=8 components=1 consecutive=7 lambda=256eigenvalues=[-1.3991086075285126e-16, 0.0030956995220834346]
[GMC-GPU] iter=9 components=1 consecutive=8 lambda=512eigenvalues=[-1.0181944728560507e-17, 0.0007035097775962128]
[GMC-GPU] iter=10 components=1 consecutive=9 lambda=1024eigenvalues=[-3.195748112190513e-17, 1.4937013228099747e-05]
[GMC-GPU] iter=11 components=1 consecutive=10 lambda=2048eigenvalues=[5.002594826335593e-17, 0.0014029344295944683]
[GMC-GPU] iter=12 components=1 consecutive=11 lambda=4096eigenvalues=[-4.776557979223729e-17, 0.005279587781354881]
[GMC-GPU] iter=13 components=1 consecutive=12 lambda=8192eigenvalues=[3.12381196014998e-16, 0.0020589049214312033]
[GMC-GPU] iter=14 components=1 consecutive=13 lambda=16384eigenvalues=[7.992759621537994e-17, 0.002851503079754759]
[GMC-GPU] iter=15 components=1 consecutive=14 lambda=32768eigenvalues=[3.2945767171976193e-17, 0.002050516169563719]
[GMC-GPU] iter=16 components=2 consecutive=0 lambda=32768eigenvalues=[-4.923850244615879e-17, 7.758187550520697e-16]
[GMC-GPU] iter=1 components=1 consecutive=0 lambda=2eigenvalues=[-4.569290296270412e-17, 0.21991026944333472]
[GMC-GPU] iter=2 components=1 consecutive=1 lambda=4eigenvalues=[-9.596023577015374e-17, 0.19410466254747105]
[GMC-GPU] iter=3 components=1 consecutive=2 lambda=8eigenvalues=[-1.374710697208444e-16, 0.1521957366965604]
[GMC-GPU] iter=4 components=1 consecutive=3 lambda=16eigenvalues=[-6.502681640325392e-17, 0.08912253566688394]
[GMC-GPU] iter=5 components=1 consecutive=4 lambda=32eigenvalues=[-2.0087489217420373e-16, 0.024967407671770428]
[GMC-GPU] iter=6 components=2 consecutive=0 lambda=32eigenvalues=[1.6317353666675209e-16, 3.6089592853779035e-16]
[Hierarchy-GPU] level=1 completed leaves=6/8 time=0.615287s
[Hierarchy-GPU] level=2 nodes=2 workers=1 sizes=[640, 128]
[GMC-GPU] iter=1 components=1 consecutive=0 lambda=2eigenvalues=[1.090977435664338e-16, 0.0040890162808155505]
[GMC-GPU] iter=2 components=1 consecutive=1 lambda=4eigenvalues=[1.0089760941725226e-16, 0.003740035102386562]
[GMC-GPU] iter=3 components=1 consecutive=2 lambda=8eigenvalues=[3.2261367139026426e-17, 0.003101195757059399]
[GMC-GPU] iter=4 components=1 consecutive=3 lambda=16eigenvalues=[8.037884023527707e-17, 0.002037872477391264]
[GMC-GPU] iter=5 components=1 consecutive=4 lambda=32eigenvalues=[8.628182583089388e-17, 0.0007681720725016772]
[GMC-GPU] iter=6 components=1 consecutive=5 lambda=64eigenvalues=[1.6520392480796557e-17, 0.004006428513059405]
[GMC-GPU] iter=7 components=1 consecutive=6 lambda=128eigenvalues=[9.87545147575123e-17, 0.0003290631236236684]
[GMC-GPU] iter=8 components=1 consecutive=7 lambda=256eigenvalues=[-1.490900565154626e-17, 0.0037454333276670426]
[GMC-GPU] iter=9 components=1 consecutive=8 lambda=512eigenvalues=[-5.858816901494545e-17, 0.0004282241529028543]
[GMC-GPU] iter=10 components=1 consecutive=9 lambda=1024eigenvalues=[-6.776122649587628e-17, 2.5032043616619028e-05]
[GMC-GPU] iter=11 components=1 consecutive=10 lambda=2048eigenvalues=[1.4998665910793248e-16, 0.001815858889043576]
[GMC-GPU] iter=12 components=1 consecutive=11 lambda=4096eigenvalues=[1.855797217163849e-16, 0.003783575415729426]
[GMC-GPU] iter=13 components=1 consecutive=12 lambda=8192eigenvalues=[-2.0942775486917566e-17, 0.000760993081272972]
[GMC-GPU] iter=14 components=1 consecutive=13 lambda=16384eigenvalues=[-9.159002017628706e-17, 0.0036520061232154662]
[GMC-GPU] iter=15 components=1 consecutive=14 lambda=32768eigenvalues=[4.317157379932976e-17, 0.002427576065882376]
[GMC-GPU] iter=16 components=1 consecutive=15 lambda=65536eigenvalues=[-1.3672507426049638e-16, 0.001561387321355647]
[GMC-GPU] iter=17 components=1 consecutive=16 lambda=131072eigenvalues=[5.2919260466243077e-17, 7.65601950665056e-05]
[GMC-GPU] iter=18 components=1 consecutive=17 lambda=262144eigenvalues=[4.2908214785778995e-17, 0.0024328590208346746]
[GMC-GPU] iter=19 components=2 consecutive=0 lambda=262144eigenvalues=[-4.809847706357051e-15, 5.588517573426167e-15]
[GMC-GPU] iter=1 components=1 consecutive=0 lambda=2eigenvalues=[9.861338644220878e-17, 0.24376691957528615]
[GMC-GPU] iter=2 components=1 consecutive=1 lambda=4eigenvalues=[-2.1272450312248638e-17, 0.21226607029932706]
[GMC-GPU] iter=3 components=1 consecutive=2 lambda=8eigenvalues=[6.498268450236755e-17, 0.15822973288274408]
[GMC-GPU] iter=4 components=1 consecutive=3 lambda=16eigenvalues=[5.855611898339661e-17, 0.08673431812681558]
[GMC-GPU] iter=5 components=1 consecutive=4 lambda=32eigenvalues=[-3.189352033103626e-17, 0.016401524927911856]
[GMC-GPU] iter=6 components=1 consecutive=5 lambda=64eigenvalues=[8.015678604602706e-17, 0.0004721844401984063]
[GMC-GPU] iter=7 components=2 consecutive=0 lambda=64eigenvalues=[8.484249232279196e-17, 2.364043642027283e-16]
[Hierarchy-GPU] level=2 completed leaves=11/8 time=0.474100s

========================================================================
EXECUTION TIMES
========================================================================
Direct GMC: 2.132864 seconds
BinaryHierarchicalGMC: 6.392022 seconds
BinaryHierarchicalGMCGPU: 4.150567 seconds

========================================================================
RESULTS COMPARISON
========================================================================
Dimension original Binary: [128, 128, 128, 128, 128, 128, 128, 128]
Dimension balanced Binary  [128, 128, 128, 128, 128, 128, 128, 128]
Dimension GPUBinary: [2, 256, 128, 125, 128, 3, 60, 68, 126, 64, 64]
Dimension balanced GPU Binary: [128, 128, 128, 128, 128, 128, 128, 128]

Adjusted Rand Index
-------------------
Direct GMC             : 1.000000
Original Binary        : 1.000000
Balanced Binary       : 1.000000
Balanced GPU Binary   : 0.789410

Differences
----------
Direct - Balanced Binary      : +0.000000
Balanced Binary - Original    : +0.000000
Direct - Balanced GPU Binary  : +0.159188

OriginalCluster Binary 
------------------------
Cluster 0: [512, 513, 514, 515, 516, 517, 518, 519, 520, 521, 522, 523, 524, 525, 526, 527, 528, 529, 530, 531, 532, 533, 534, 535, 536, 537, 538, 539, 540, 541, 542, 543, 544, 545, 546, 547, 548, 549, 550, 551, 552, 553, 554, 555, 556, 557, 558, 559, 560, 561, 562, 563, 564, 565, 566, 567, 568, 569, 570, 571, 572, 573, 574, 575, 576, 577, 578, 579, 580, 581, 582, 583, 584, 585, 586, 587, 588, 589, 590, 591, 592, 593, 594, 595, 596, 597, 598, 599, 600, 601, 602, 603, 604, 605, 606, 607, 608, 609, 610, 611, 612, 613, 614, 615, 616, 617, 618, 619, 620, 621, 622, 623, 624, 625, 626, 627, 628, 629, 630, 631, 632, 633, 634, 635, 636, 637, 638, 639], size=128
Cluster 1: [256, 257, 258, 259, 260, 261, 262, 263, 264, 265, 266, 267, 268, 269, 270, 271, 272, 273, 274, 275, 276, 277, 278, 279, 280, 281, 282, 283, 284, 285, 286, 287, 288, 289, 290, 291, 292, 293, 294, 295, 296, 297, 298, 299, 300, 301, 302, 303, 304, 305, 306, 307, 308, 309, 310, 311, 312, 313, 314, 315, 316, 317, 318, 319, 320, 321, 322, 323, 324, 325, 326, 327, 328, 329, 330, 331, 332, 333, 334, 335, 336, 337, 338, 339, 340, 341, 342, 343, 344, 345, 346, 347, 348, 349, 350, 351, 352, 353, 354, 355, 356, 357, 358, 359, 360, 361, 362, 363, 364, 365, 366, 367, 368, 369, 370, 371, 372, 373, 374, 375, 376, 377, 378, 379, 380, 381, 382, 383], size=128
Cluster 2: [768, 769, 770, 771, 772, 773, 774, 775, 776, 777, 778, 779, 780, 781, 782, 783, 784, 785, 786, 787, 788, 789, 790, 791, 792, 793, 794, 795, 796, 797, 798, 799, 800, 801, 802, 803, 804, 805, 806, 807, 808, 809, 810, 811, 812, 813, 814, 815, 816, 817, 818, 819, 820, 821, 822, 823, 824, 825, 826, 827, 828, 829, 830, 831, 832, 833, 834, 835, 836, 837, 838, 839, 840, 841, 842, 843, 844, 845, 846, 847, 848, 849, 850, 851, 852, 853, 854, 855, 856, 857, 858, 859, 860, 861, 862, 863, 864, 865, 866, 867, 868, 869, 870, 871, 872, 873, 874, 875, 876, 877, 878, 879, 880, 881, 882, 883, 884, 885, 886, 887, 888, 889, 890, 891, 892, 893, 894, 895], size=128
Cluster 3: [896, 897, 898, 899, 900, 901, 902, 903, 904, 905, 906, 907, 908, 909, 910, 911, 912, 913, 914, 915, 916, 917, 918, 919, 920, 921, 922, 923, 924, 925, 926, 927, 928, 929, 930, 931, 932, 933, 934, 935, 936, 937, 938, 939, 940, 941, 942, 943, 944, 945, 946, 947, 948, 949, 950, 951, 952, 953, 954, 955, 956, 957, 958, 959, 960, 961, 962, 963, 964, 965, 966, 967, 968, 969, 970, 971, 972, 973, 974, 975, 976, 977, 978, 979, 980, 981, 982, 983, 984, 985, 986, 987, 988, 989, 990, 991, 992, 993, 994, 995, 996, 997, 998, 999, 1000, 1001, 1002, 1003, 1004, 1005, 1006, 1007, 1008, 1009, 1010, 1011, 1012, 1013, 1014, 1015, 1016, 1017, 1018, 1019, 1020, 1021, 1022, 1023], size=128
Cluster 4: [640, 641, 642, 643, 644, 645, 646, 647, 648, 649, 650, 651, 652, 653, 654, 655, 656, 657, 658, 659, 660, 661, 662, 663, 664, 665, 666, 667, 668, 669, 670, 671, 672, 673, 674, 675, 676, 677, 678, 679, 680, 681, 682, 683, 684, 685, 686, 687, 688, 689, 690, 691, 692, 693, 694, 695, 696, 697, 698, 699, 700, 701, 702, 703, 704, 705, 706, 707, 708, 709, 710, 711, 712, 713, 714, 715, 716, 717, 718, 719, 720, 721, 722, 723, 724, 725, 726, 727, 728, 729, 730, 731, 732, 733, 734, 735, 736, 737, 738, 739, 740, 741, 742, 743, 744, 745, 746, 747, 748, 749, 750, 751, 752, 753, 754, 755, 756, 757, 758, 759, 760, 761, 762, 763, 764, 765, 766, 767], size=128
Cluster 5: [0, 1, 2, 3, 4, 5, 6, 7, 8, 9, 10, 11, 12, 13, 14, 15, 16, 17, 18, 19, 20, 21, 22, 23, 24, 25, 26, 27, 28, 29, 30, 31, 32, 33, 34, 35, 36, 37, 38, 39, 40, 41, 42, 43, 44, 45, 46, 47, 48, 49, 50, 51, 52, 53, 54, 55, 56, 57, 58, 59, 60, 61, 62, 63, 64, 65, 66, 67, 68, 69, 70, 71, 72, 73, 74, 75, 76, 77, 78, 79, 80, 81, 82, 83, 84, 85, 86, 87, 88, 89, 90, 91, 92, 93, 94, 95, 96, 97, 98, 99, 100, 101, 102, 103, 104, 105, 106, 107, 108, 109, 110, 111, 112, 113, 114, 115, 116, 117, 118, 119, 120, 121, 122, 123, 124, 125, 126, 127], size=128
Cluster 6: [384, 385, 386, 387, 388, 389, 390, 391, 392, 393, 394, 395, 396, 397, 398, 399, 400, 401, 402, 403, 404, 405, 406, 407, 408, 409, 410, 411, 412, 413, 414, 415, 416, 417, 418, 419, 420, 421, 422, 423, 424, 425, 426, 427, 428, 429, 430, 431, 432, 433, 434, 435, 436, 437, 438, 439, 440, 441, 442, 443, 444, 445, 446, 447, 448, 449, 450, 451, 452, 453, 454, 455, 456, 457, 458, 459, 460, 461, 462, 463, 464, 465, 466, 467, 468, 469, 470, 471, 472, 473, 474, 475, 476, 477, 478, 479, 480, 481, 482, 483, 484, 485, 486, 487, 488, 489, 490, 491, 492, 493, 494, 495, 496, 497, 498, 499, 500, 501, 502, 503, 504, 505, 506, 507, 508, 509, 510, 511], size=128
Cluster 7: [128, 129, 130, 131, 132, 133, 134, 135, 136, 137, 138, 139, 140, 141, 142, 143, 144, 145, 146, 147, 148, 149, 150, 151, 152, 153, 154, 155, 156, 157, 158, 159, 160, 161, 162, 163, 164, 165, 166, 167, 168, 169, 170, 171, 172, 173, 174, 175, 176, 177, 178, 179, 180, 181, 182, 183, 184, 185, 186, 187, 188, 189, 190, 191, 192, 193, 194, 195, 196, 197, 198, 199, 200, 201, 202, 203, 204, 205, 206, 207, 208, 209, 210, 211, 212, 213, 214, 215, 216, 217, 218, 219, 220, 221, 222, 223, 224, 225, 226, 227, 228, 229, 230, 231, 232, 233, 234, 235, 236, 237, 238, 239, 240, 241, 242, 243, 244, 245, 246, 247, 248, 249, 250, 251, 252, 253, 254, 255], size=128

Balanced Cluster Binary 
-------------------------
Cluster 0: [512, 513, 514, 515, 516, 517, 518, 519, 520, 521, 522, 523, 524, 525, 526, 527, 528, 529, 530, 531, 532, 533, 534, 535, 536, 537, 538, 539, 540, 541, 542, 543, 544, 545, 546, 547, 548, 549, 550, 551, 552, 553, 554, 555, 556, 557, 558, 559, 560, 561, 562, 563, 564, 565, 566, 567, 568, 569, 570, 571, 572, 573, 574, 575, 576, 577, 578, 579, 580, 581, 582, 583, 584, 585, 586, 587, 588, 589, 590, 591, 592, 593, 594, 595, 596, 597, 598, 599, 600, 601, 602, 603, 604, 605, 606, 607, 608, 609, 610, 611, 612, 613, 614, 615, 616, 617, 618, 619, 620, 621, 622, 623, 624, 625, 626, 627, 628, 629, 630, 631, 632, 633, 634, 635, 636, 637, 638, 639], size=128
Cluster 1: [256, 257, 258, 259, 260, 261, 262, 263, 264, 265, 266, 267, 268, 269, 270, 271, 272, 273, 274, 275, 276, 277, 278, 279, 280, 281, 282, 283, 284, 285, 286, 287, 288, 289, 290, 291, 292, 293, 294, 295, 296, 297, 298, 299, 300, 301, 302, 303, 304, 305, 306, 307, 308, 309, 310, 311, 312, 313, 314, 315, 316, 317, 318, 319, 320, 321, 322, 323, 324, 325, 326, 327, 328, 329, 330, 331, 332, 333, 334, 335, 336, 337, 338, 339, 340, 341, 342, 343, 344, 345, 346, 347, 348, 349, 350, 351, 352, 353, 354, 355, 356, 357, 358, 359, 360, 361, 362, 363, 364, 365, 366, 367, 368, 369, 370, 371, 372, 373, 374, 375, 376, 377, 378, 379, 380, 381, 382, 383], size=128
Cluster 2: [768, 769, 770, 771, 772, 773, 774, 775, 776, 777, 778, 779, 780, 781, 782, 783, 784, 785, 786, 787, 788, 789, 790, 791, 792, 793, 794, 795, 796, 797, 798, 799, 800, 801, 802, 803, 804, 805, 806, 807, 808, 809, 810, 811, 812, 813, 814, 815, 816, 817, 818, 819, 820, 821, 822, 823, 824, 825, 826, 827, 828, 829, 830, 831, 832, 833, 834, 835, 836, 837, 838, 839, 840, 841, 842, 843, 844, 845, 846, 847, 848, 849, 850, 851, 852, 853, 854, 855, 856, 857, 858, 859, 860, 861, 862, 863, 864, 865, 866, 867, 868, 869, 870, 871, 872, 873, 874, 875, 876, 877, 878, 879, 880, 881, 882, 883, 884, 885, 886, 887, 888, 889, 890, 891, 892, 893, 894, 895], size=128
Cluster 3: [896, 897, 898, 899, 900, 901, 902, 903, 904, 905, 906, 907, 908, 909, 910, 911, 912, 913, 914, 915, 916, 917, 918, 919, 920, 921, 922, 923, 924, 925, 926, 927, 928, 929, 930, 931, 932, 933, 934, 935, 936, 937, 938, 939, 940, 941, 942, 943, 944, 945, 946, 947, 948, 949, 950, 951, 952, 953, 954, 955, 956, 957, 958, 959, 960, 961, 962, 963, 964, 965, 966, 967, 968, 969, 970, 971, 972, 973, 974, 975, 976, 977, 978, 979, 980, 981, 982, 983, 984, 985, 986, 987, 988, 989, 990, 991, 992, 993, 994, 995, 996, 997, 998, 999, 1000, 1001, 1002, 1003, 1004, 1005, 1006, 1007, 1008, 1009, 1010, 1011, 1012, 1013, 1014, 1015, 1016, 1017, 1018, 1019, 1020, 1021, 1022, 1023], size=128
Cluster 4: [640, 641, 642, 643, 644, 645, 646, 647, 648, 649, 650, 651, 652, 653, 654, 655, 656, 657, 658, 659, 660, 661, 662, 663, 664, 665, 666, 667, 668, 669, 670, 671, 672, 673, 674, 675, 676, 677, 678, 679, 680, 681, 682, 683, 684, 685, 686, 687, 688, 689, 690, 691, 692, 693, 694, 695, 696, 697, 698, 699, 700, 701, 702, 703, 704, 705, 706, 707, 708, 709, 710, 711, 712, 713, 714, 715, 716, 717, 718, 719, 720, 721, 722, 723, 724, 725, 726, 727, 728, 729, 730, 731, 732, 733, 734, 735, 736, 737, 738, 739, 740, 741, 742, 743, 744, 745, 746, 747, 748, 749, 750, 751, 752, 753, 754, 755, 756, 757, 758, 759, 760, 761, 762, 763, 764, 765, 766, 767], size=128
Cluster 5: [0, 1, 2, 3, 4, 5, 6, 7, 8, 9, 10, 11, 12, 13, 14, 15, 16, 17, 18, 19, 20, 21, 22, 23, 24, 25, 26, 27, 28, 29, 30, 31, 32, 33, 34, 35, 36, 37, 38, 39, 40, 41, 42, 43, 44, 45, 46, 47, 48, 49, 50, 51, 52, 53, 54, 55, 56, 57, 58, 59, 60, 61, 62, 63, 64, 65, 66, 67, 68, 69, 70, 71, 72, 73, 74, 75, 76, 77, 78, 79, 80, 81, 82, 83, 84, 85, 86, 87, 88, 89, 90, 91, 92, 93, 94, 95, 96, 97, 98, 99, 100, 101, 102, 103, 104, 105, 106, 107, 108, 109, 110, 111, 112, 113, 114, 115, 116, 117, 118, 119, 120, 121, 122, 123, 124, 125, 126, 127], size=128
Cluster 6: [384, 385, 386, 387, 388, 389, 390, 391, 392, 393, 394, 395, 396, 397, 398, 399, 400, 401, 402, 403, 404, 405, 406, 407, 408, 409, 410, 411, 412, 413, 414, 415, 416, 417, 418, 419, 420, 421, 422, 423, 424, 425, 426, 427, 428, 429, 430, 431, 432, 433, 434, 435, 436, 437, 438, 439, 440, 441, 442, 443, 444, 445, 446, 447, 448, 449, 450, 451, 452, 453, 454, 455, 456, 457, 458, 459, 460, 461, 462, 463, 464, 465, 466, 467, 468, 469, 470, 471, 472, 473, 474, 475, 476, 477, 478, 479, 480, 481, 482, 483, 484, 485, 486, 487, 488, 489, 490, 491, 492, 493, 494, 495, 496, 497, 498, 499, 500, 501, 502, 503, 504, 505, 506, 507, 508, 509, 510, 511], size=128
Cluster 7: [128, 129, 130, 131, 132, 133, 134, 135, 136, 137, 138, 139, 140, 141, 142, 143, 144, 145, 146, 147, 148, 149, 150, 151, 152, 153, 154, 155, 156, 157, 158, 159, 160, 161, 162, 163, 164, 165, 166, 167, 168, 169, 170, 171, 172, 173, 174, 175, 176, 177, 178, 179, 180, 181, 182, 183, 184, 185, 186, 187, 188, 189, 190, 191, 192, 193, 194, 195, 196, 197, 198, 199, 200, 201, 202, 203, 204, 205, 206, 207, 208, 209, 210, 211, 212, 213, 214, 215, 216, 217, 218, 219, 220, 221, 222, 223, 224, 225, 226, 227, 228, 229, 230, 231, 232, 233, 234, 235, 236, 237, 238, 239, 240, 241, 242, 243, 244, 245, 246, 247, 248, 249, 250, 251, 252, 253, 254, 255], size=128

 Cluster GPU Binary 
------------------------
Cluster 0: [256, 257, 259, 260, 261, 264, 265, 266, 272, 274, 275, 277, 278, 280, 281, 285, 286, 289, 290, 291, 292, 294, 296, 298, 299, 300, 302, 305, 306, 307, 309, 310, 311, 312, 314, 316, 318, 319, 321, 323, 324, 326, 327, 328, 329, 331, 332, 333, 334, 335, 336, 338, 340, 342, 344, 346, 350, 351, 352, 354, 355, 356, 357, 359, 360, 361, 362, 363, 365, 367, 368, 370, 371, 375, 377, 380, 381, 382, 383, 525, 542, 774, 781, 784, 785, 787, 789, 790, 792, 793, 796, 799, 801, 807, 810, 811, 813, 816, 817, 819, 820, 824, 829, 830, 834, 835, 836, 842, 843, 844, 845, 846, 851, 852, 868, 879, 880, 881, 884, 885, 886, 887, 889, 890, 891, 892, 894, 895], size=128
Cluster 1: [258, 262, 263, 267, 268, 269, 271, 273, 276, 279, 282, 283, 284, 287, 288, 293, 295, 297, 301, 303, 304, 308, 313, 315, 317, 320, 322, 325, 330, 337, 339, 341, 343, 345, 347, 348, 349, 353, 358, 364, 366, 369, 372, 373, 374, 376, 378, 379, 768, 769, 770, 771, 772, 773, 775, 776, 777, 778, 779, 780, 782, 783, 786, 788, 791, 794, 795, 797, 798, 800, 802, 803, 804, 805, 806, 808, 809, 812, 814, 815, 818, 821, 822, 823, 825, 826, 827, 828, 831, 832, 833, 837, 838, 839, 840, 841, 847, 848, 849, 850, 853, 854, 855, 856, 857, 858, 859, 861, 862, 863, 864, 865, 866, 867, 869, 870, 871, 872, 873, 874, 875, 876, 877, 878, 882, 883, 888, 893], size=128
Cluster 2: [0, 1, 2, 3, 4, 5, 6, 7, 8, 9, 10, 11, 12, 13, 14, 15, 16, 17, 18, 19, 20, 21, 22, 23, 24, 25, 26, 27, 28, 29, 30, 31, 32, 33, 34, 35, 36, 37, 38, 39, 40, 41, 42, 43, 44, 45, 46, 47, 48, 49, 50, 51, 52, 53, 54, 55, 56, 57, 58, 59, 60, 61, 62, 63, 64, 65, 66, 67, 68, 69, 70, 71, 72, 73, 74, 75, 76, 77, 78, 79, 80, 81, 82, 83, 84, 85, 86, 87, 88, 89, 90, 91, 92, 93, 94, 95, 96, 97, 98, 99, 100, 101, 103, 104, 105, 107, 108, 109, 110, 111, 112, 113, 114, 115, 116, 117, 118, 119, 120, 121, 122, 123, 124, 125, 126, 127, 270, 860], size=128
Cluster 3: [102, 106, 640, 641, 642, 643, 644, 645, 646, 647, 648, 649, 650, 651, 652, 653, 654, 655, 656, 657, 658, 659, 660, 661, 662, 663, 664, 665, 666, 667, 668, 669, 671, 672, 673, 674, 675, 676, 677, 678, 679, 680, 681, 682, 683, 684, 685, 686, 687, 688, 689, 690, 691, 692, 693, 694, 695, 696, 697, 699, 700, 701, 702, 703, 704, 705, 706, 707, 708, 709, 710, 712, 713, 714, 715, 716, 717, 718, 719, 720, 721, 722, 723, 724, 725, 726, 727, 728, 729, 730, 731, 732, 733, 734, 735, 736, 737, 738, 739, 740, 741, 742, 743, 744, 745, 746, 747, 748, 749, 750, 751, 752, 753, 754, 755, 756, 757, 758, 759, 760, 761, 762, 763, 764, 765, 766, 767, 902], size=128
Cluster 4: [670, 896, 897, 898, 899, 900, 901, 903, 904, 905, 906, 907, 908, 909, 910, 911, 912, 913, 914, 915, 916, 917, 918, 919, 920, 921, 922, 923, 924, 925, 926, 927, 928, 929, 930, 931, 932, 933, 934, 935, 936, 937, 938, 939, 940, 941, 942, 943, 944, 945, 946, 947, 948, 949, 950, 951, 952, 953, 954, 955, 956, 957, 958, 959, 960, 961, 962, 963, 964, 965, 966, 967, 968, 969, 970, 971, 972, 973, 974, 975, 976, 977, 978, 979, 980, 981, 982, 983, 984, 985, 986, 987, 988, 989, 990, 991, 992, 993, 994, 995, 996, 997, 998, 999, 1000, 1001, 1002, 1003, 1004, 1005, 1006, 1007, 1008, 1009, 1010, 1011, 1012, 1013, 1014, 1015, 1016, 1017, 1018, 1019, 1020, 1021, 1022, 1023], size=128
Cluster 5: [384, 385, 386, 387, 388, 389, 390, 391, 392, 393, 394, 395, 396, 397, 398, 399, 400, 401, 402, 403, 404, 405, 406, 407, 408, 409, 410, 411, 412, 413, 414, 415, 416, 417, 418, 419, 420, 421, 422, 423, 424, 425, 426, 427, 428, 429, 430, 431, 432, 433, 434, 435, 436, 437, 438, 439, 440, 441, 442, 443, 444, 445, 446, 447, 448, 449, 450, 451, 452, 453, 454, 455, 456, 457, 459, 460, 461, 462, 463, 464, 465, 466, 467, 468, 469, 470, 471, 472, 473, 474, 475, 476, 477, 478, 479, 480, 481, 482, 483, 484, 485, 486, 487, 488, 489, 490, 492, 493, 494, 495, 496, 497, 498, 499, 500, 501, 502, 503, 504, 505, 506, 507, 508, 509, 510, 511, 698, 711], size=128
Cluster 6: [458, 491, 512, 513, 514, 515, 516, 517, 518, 519, 520, 521, 522, 523, 524, 526, 527, 528, 529, 530, 531, 532, 533, 534, 535, 536, 537, 538, 539, 540, 541, 543, 544, 545, 546, 547, 548, 549, 550, 551, 552, 553, 554, 555, 556, 557, 558, 559, 560, 561, 562, 563, 564, 565, 566, 567, 568, 569, 570, 571, 572, 573, 574, 575, 576, 577, 578, 579, 580, 581, 582, 583, 584, 585, 586, 587, 588, 589, 590, 591, 592, 593, 594, 595, 596, 597, 598, 599, 600, 601, 602, 603, 604, 605, 606, 607, 608, 609, 610, 611, 612, 613, 614, 615, 616, 617, 618, 619, 620, 621, 622, 623, 624, 625, 626, 627, 628, 629, 630, 631, 632, 633, 634, 635, 636, 637, 638, 639], size=128
Cluster 7: [128, 129, 130, 131, 132, 133, 134, 135, 136, 137, 138, 139, 140, 141, 142, 143, 144, 145, 146, 147, 148, 149, 150, 151, 152, 153, 154, 155, 156, 157, 158, 159, 160, 161, 162, 163, 164, 165, 166, 167, 168, 169, 170, 171, 172, 173, 174, 175, 176, 177, 178, 179, 180, 181, 182, 183, 184, 185, 186, 187, 188, 189, 190, 191, 192, 193, 194, 195, 196, 197, 198, 199, 200, 201, 202, 203, 204, 205, 206, 207, 208, 209, 210, 211, 212, 213, 214, 215, 216, 217, 218, 219, 220, 221, 222, 223, 224, 225, 226, 227, 228, 229, 230, 231, 232, 233, 234, 235, 236, 237, 238, 239, 240, 241, 242, 243, 244, 245, 246, 247, 248, 249, 250, 251, 252, 253, 254, 255], size=128

BalancedCluster Binary GPU 
------------------------------
Cluster 0: [256, 257, 259, 260, 261, 264, 265, 266, 272, 274, 275, 277, 278, 280, 281, 285, 286, 289, 290, 291, 292, 294, 296, 298, 299, 300, 302, 305, 306, 307, 309, 310, 311, 312, 314, 316, 318, 319, 321, 323, 324, 326, 327, 328, 329, 331, 332, 333, 334, 335, 336, 338, 340, 342, 344, 346, 350, 351, 352, 354, 355, 356, 357, 359, 360, 361, 362, 363, 365, 367, 368, 370, 371, 375, 377, 380, 381, 382, 383, 525, 542, 774, 781, 784, 785, 787, 789, 790, 792, 793, 796, 799, 801, 807, 810, 811, 813, 816, 817, 819, 820, 824, 829, 830, 834, 835, 836, 842, 843, 844, 845, 846, 851, 852, 868, 879, 880, 881, 884, 885, 886, 887, 889, 890, 891, 892, 894, 895], size=128
Cluster 1: [258, 262, 263, 267, 268, 269, 271, 273, 276, 279, 282, 283, 284, 287, 288, 293, 295, 297, 301, 303, 304, 308, 313, 315, 317, 320, 322, 325, 330, 337, 339, 341, 343, 345, 347, 348, 349, 353, 358, 364, 366, 369, 372, 373, 374, 376, 378, 379, 768, 769, 770, 771, 772, 773, 775, 776, 777, 778, 779, 780, 782, 783, 786, 788, 791, 794, 795, 797, 798, 800, 802, 803, 804, 805, 806, 808, 809, 812, 814, 815, 818, 821, 822, 823, 825, 826, 827, 828, 831, 832, 833, 837, 838, 839, 840, 841, 847, 848, 849, 850, 853, 854, 855, 856, 857, 858, 859, 861, 862, 863, 864, 865, 866, 867, 869, 870, 871, 872, 873, 874, 875, 876, 877, 878, 882, 883, 888, 893], size=128
Cluster 2: [0, 1, 2, 3, 4, 5, 6, 7, 8, 9, 10, 11, 12, 13, 14, 15, 16, 17, 18, 19, 20, 21, 22, 23, 24, 25, 26, 27, 28, 29, 30, 31, 32, 33, 34, 35, 36, 37, 38, 39, 40, 41, 42, 43, 44, 45, 46, 47, 48, 49, 50, 51, 52, 53, 54, 55, 56, 57, 58, 59, 60, 61, 62, 63, 64, 65, 66, 67, 68, 69, 70, 71, 72, 73, 74, 75, 76, 77, 78, 79, 80, 81, 82, 83, 84, 85, 86, 87, 88, 89, 90, 91, 92, 93, 94, 95, 96, 97, 98, 99, 100, 101, 103, 104, 105, 107, 108, 109, 110, 111, 112, 113, 114, 115, 116, 117, 118, 119, 120, 121, 122, 123, 124, 125, 126, 127, 270, 860], size=128
Cluster 3: [102, 106, 640, 641, 642, 643, 644, 645, 646, 647, 648, 649, 650, 651, 652, 653, 654, 655, 656, 657, 658, 659, 660, 661, 662, 663, 664, 665, 666, 667, 668, 669, 671, 672, 673, 674, 675, 676, 677, 678, 679, 680, 681, 682, 683, 684, 685, 686, 687, 688, 689, 690, 691, 692, 693, 694, 695, 696, 697, 699, 700, 701, 702, 703, 704, 705, 706, 707, 708, 709, 710, 712, 713, 714, 715, 716, 717, 718, 719, 720, 721, 722, 723, 724, 725, 726, 727, 728, 729, 730, 731, 732, 733, 734, 735, 736, 737, 738, 739, 740, 741, 742, 743, 744, 745, 746, 747, 748, 749, 750, 751, 752, 753, 754, 755, 756, 757, 758, 759, 760, 761, 762, 763, 764, 765, 766, 767, 902], size=128
Cluster 4: [670, 896, 897, 898, 899, 900, 901, 903, 904, 905, 906, 907, 908, 909, 910, 911, 912, 913, 914, 915, 916, 917, 918, 919, 920, 921, 922, 923, 924, 925, 926, 927, 928, 929, 930, 931, 932, 933, 934, 935, 936, 937, 938, 939, 940, 941, 942, 943, 944, 945, 946, 947, 948, 949, 950, 951, 952, 953, 954, 955, 956, 957, 958, 959, 960, 961, 962, 963, 964, 965, 966, 967, 968, 969, 970, 971, 972, 973, 974, 975, 976, 977, 978, 979, 980, 981, 982, 983, 984, 985, 986, 987, 988, 989, 990, 991, 992, 993, 994, 995, 996, 997, 998, 999, 1000, 1001, 1002, 1003, 1004, 1005, 1006, 1007, 1008, 1009, 1010, 1011, 1012, 1013, 1014, 1015, 1016, 1017, 1018, 1019, 1020, 1021, 1022, 1023], size=128
Cluster 5: [384, 385, 386, 387, 388, 389, 390, 391, 392, 393, 394, 395, 396, 397, 398, 399, 400, 401, 402, 403, 404, 405, 406, 407, 408, 409, 410, 411, 412, 413, 414, 415, 416, 417, 418, 419, 420, 421, 422, 423, 424, 425, 426, 427, 428, 429, 430, 431, 432, 433, 434, 435, 436, 437, 438, 439, 440, 441, 442, 443, 444, 445, 446, 447, 448, 449, 450, 451, 452, 453, 454, 455, 456, 457, 459, 460, 461, 462, 463, 464, 465, 466, 467, 468, 469, 470, 471, 472, 473, 474, 475, 476, 477, 478, 479, 480, 481, 482, 483, 484, 485, 486, 487, 488, 489, 490, 492, 493, 494, 495, 496, 497, 498, 499, 500, 501, 502, 503, 504, 505, 506, 507, 508, 509, 510, 511, 698, 711], size=128
Cluster 6: [458, 491, 512, 513, 514, 515, 516, 517, 518, 519, 520, 521, 522, 523, 524, 526, 527, 528, 529, 530, 531, 532, 533, 534, 535, 536, 537, 538, 539, 540, 541, 543, 544, 545, 546, 547, 548, 549, 550, 551, 552, 553, 554, 555, 556, 557, 558, 559, 560, 561, 562, 563, 564, 565, 566, 567, 568, 569, 570, 571, 572, 573, 574, 575, 576, 577, 578, 579, 580, 581, 582, 583, 584, 585, 586, 587, 588, 589, 590, 591, 592, 593, 594, 595, 596, 597, 598, 599, 600, 601, 602, 603, 604, 605, 606, 607, 608, 609, 610, 611, 612, 613, 614, 615, 616, 617, 618, 619, 620, 621, 622, 623, 624, 625, 626, 627, 628, 629, 630, 631, 632, 633, 634, 635, 636, 637, 638, 639], size=128
Cluster 7: [128, 129, 130, 131, 132, 133, 134, 135, 136, 137, 138, 139, 140, 141, 142, 143, 144, 145, 146, 147, 148, 149, 150, 151, 152, 153, 154, 155, 156, 157, 158, 159, 160, 161, 162, 163, 164, 165, 166, 167, 168, 169, 170, 171, 172, 173, 174, 175, 176, 177, 178, 179, 180, 181, 182, 183, 184, 185, 186, 187, 188, 189, 190, 191, 192, 193, 194, 195, 196, 197, 198, 199, 200, 201, 202, 203, 204, 205, 206, 207, 208, 209, 210, 211, 212, 213, 214, 215, 216, 217, 218, 219, 220, 221, 222, 223, 224, 225, 226, 227, 228, 229, 230, 231, 232, 233, 234, 235, 236, 237, 238, 239, 240, 241, 242, 243, 244, 245, 246, 247, 248, 249, 250, 251, 252, 253, 254, 255], size=128

========================================================================
PERMUTED LABELS
========================================================================
Ground truth:
[4 2 3 ... 6 3 0]

Direct GMC:
[0 1 2 ... 6 2 3]

Original Binary:
[0 1 6 ... 2 6 5]

Balanced Binary:
[0 1 6 ... 2 6 5]

========================================================================
TREE STRUCTURE CPU
========================================================================
node= 0 | level=0 | parent=None | left=   1 | right=   2 | size=1024 | indici originali=[0, 1, 2, 3, 4, 5, 6, 7, 8, 9, 10, 11, 12, 13, 14, 15, 16, 17, 18, 19, 20, 21, 22, 23, 24, 25, 26, 27, 28, 29, 30, 31, 32, 33, 34, 35, 36, 37, 38, 39, 40, 41, 42, 43, 44, 45, 46, 47, 48, 49, 50, 51, 52, 53, 54, 55, 56, 57, 58, 59, 60, 61, 62, 63, 64, 65, 66, 67, 68, 69, 70, 71, 72, 73, 74, 75, 76, 77, 78, 79, 80, 81, 82, 83, 84, 85, 86, 87, 88, 89, 90, 91, 92, 93, 94, 95, 96, 97, 98, 99, 100, 101, 102, 103, 104, 105, 106, 107, 108, 109, 110, 111, 112, 113, 114, 115, 116, 117, 118, 119, 120, 121, 122, 123, 124, 125, 126, 127, 128, 129, 130, 131, 132, 133, 134, 135, 136, 137, 138, 139, 140, 141, 142, 143, 144, 145, 146, 147, 148, 149, 150, 151, 152, 153, 154, 155, 156, 157, 158, 159, 160, 161, 162, 163, 164, 165, 166, 167, 168, 169, 170, 171, 172, 173, 174, 175, 176, 177, 178, 179, 180, 181, 182, 183, 184, 185, 186, 187, 188, 189, 190, 191, 192, 193, 194, 195, 196, 197, 198, 199, 200, 201, 202, 203, 204, 205, 206, 207, 208, 209, 210, 211, 212, 213, 214, 215, 216, 217, 218, 219, 220, 221, 222, 223, 224, 225, 226, 227, 228, 229, 230, 231, 232, 233, 234, 235, 236, 237, 238, 239, 240, 241, 242, 243, 244, 245, 246, 247, 248, 249, 250, 251, 252, 253, 254, 255, 256, 257, 258, 259, 260, 261, 262, 263, 264, 265, 266, 267, 268, 269, 270, 271, 272, 273, 274, 275, 276, 277, 278, 279, 280, 281, 282, 283, 284, 285, 286, 287, 288, 289, 290, 291, 292, 293, 294, 295, 296, 297, 298, 299, 300, 301, 302, 303, 304, 305, 306, 307, 308, 309, 310, 311, 312, 313, 314, 315, 316, 317, 318, 319, 320, 321, 322, 323, 324, 325, 326, 327, 328, 329, 330, 331, 332, 333, 334, 335, 336, 337, 338, 339, 340, 341, 342, 343, 344, 345, 346, 347, 348, 349, 350, 351, 352, 353, 354, 355, 356, 357, 358, 359, 360, 361, 362, 363, 364, 365, 366, 367, 368, 369, 370, 371, 372, 373, 374, 375, 376, 377, 378, 379, 380, 381, 382, 383, 384, 385, 386, 387, 388, 389, 390, 391, 392, 393, 394, 395, 396, 397, 398, 399, 400, 401, 402, 403, 404, 405, 406, 407, 408, 409, 410, 411, 412, 413, 414, 415, 416, 417, 418, 419, 420, 421, 422, 423, 424, 425, 426, 427, 428, 429, 430, 431, 432, 433, 434, 435, 436, 437, 438, 439, 440, 441, 442, 443, 444, 445, 446, 447, 448, 449, 450, 451, 452, 453, 454, 455, 456, 457, 458, 459, 460, 461, 462, 463, 464, 465, 466, 467, 468, 469, 470, 471, 472, 473, 474, 475, 476, 477, 478, 479, 480, 481, 482, 483, 484, 485, 486, 487, 488, 489, 490, 491, 492, 493, 494, 495, 496, 497, 498, 499, 500, 501, 502, 503, 504, 505, 506, 507, 508, 509, 510, 511, 512, 513, 514, 515, 516, 517, 518, 519, 520, 521, 522, 523, 524, 525, 526, 527, 528, 529, 530, 531, 532, 533, 534, 535, 536, 537, 538, 539, 540, 541, 542, 543, 544, 545, 546, 547, 548, 549, 550, 551, 552, 553, 554, 555, 556, 557, 558, 559, 560, 561, 562, 563, 564, 565, 566, 567, 568, 569, 570, 571, 572, 573, 574, 575, 576, 577, 578, 579, 580, 581, 582, 583, 584, 585, 586, 587, 588, 589, 590, 591, 592, 593, 594, 595, 596, 597, 598, 599, 600, 601, 602, 603, 604, 605, 606, 607, 608, 609, 610, 611, 612, 613, 614, 615, 616, 617, 618, 619, 620, 621, 622, 623, 624, 625, 626, 627, 628, 629, 630, 631, 632, 633, 634, 635, 636, 637, 638, 639, 640, 641, 642, 643, 644, 645, 646, 647, 648, 649, 650, 651, 652, 653, 654, 655, 656, 657, 658, 659, 660, 661, 662, 663, 664, 665, 666, 667, 668, 669, 670, 671, 672, 673, 674, 675, 676, 677, 678, 679, 680, 681, 682, 683, 684, 685, 686, 687, 688, 689, 690, 691, 692, 693, 694, 695, 696, 697, 698, 699, 700, 701, 702, 703, 704, 705, 706, 707, 708, 709, 710, 711, 712, 713, 714, 715, 716, 717, 718, 719, 720, 721, 722, 723, 724, 725, 726, 727, 728, 729, 730, 731, 732, 733, 734, 735, 736, 737, 738, 739, 740, 741, 742, 743, 744, 745, 746, 747, 748, 749, 750, 751, 752, 753, 754, 755, 756, 757, 758, 759, 760, 761, 762, 763, 764, 765, 766, 767, 768, 769, 770, 771, 772, 773, 774, 775, 776, 777, 778, 779, 780, 781, 782, 783, 784, 785, 786, 787, 788, 789, 790, 791, 792, 793, 794, 795, 796, 797, 798, 799, 800, 801, 802, 803, 804, 805, 806, 807, 808, 809, 810, 811, 812, 813, 814, 815, 816, 817, 818, 819, 820, 821, 822, 823, 824, 825, 826, 827, 828, 829, 830, 831, 832, 833, 834, 835, 836, 837, 838, 839, 840, 841, 842, 843, 844, 845, 846, 847, 848, 849, 850, 851, 852, 853, 854, 855, 856, 857, 858, 859, 860, 861, 862, 863, 864, 865, 866, 867, 868, 869, 870, 871, 872, 873, 874, 875, 876, 877, 878, 879, 880, 881, 882, 883, 884, 885, 886, 887, 888, 889, 890, 891, 892, 893, 894, 895, 896, 897, 898, 899, 900, 901, 902, 903, 904, 905, 906, 907, 908, 909, 910, 911, 912, 913, 914, 915, 916, 917, 918, 919, 920, 921, 922, 923, 924, 925, 926, 927, 928, 929, 930, 931, 932, 933, 934, 935, 936, 937, 938, 939, 940, 941, 942, 943, 944, 945, 946, 947, 948, 949, 950, 951, 952, 953, 954, 955, 956, 957, 958, 959, 960, 961, 962, 963, 964, 965, 966, 967, 968, 969, 970, 971, 972, 973, 974, 975, 976, 977, 978, 979, 980, 981, 982, 983, 984, 985, 986, 987, 988, 989, 990, 991, 992, 993, 994, 995, 996, 997, 998, 999, 1000, 1001, 1002, 1003, 1004, 1005, 1006, 1007, 1008, 1009, 1010, 1011, 1012, 1013, 1014, 1015, 1016, 1017, 1018, 1019, 1020, 1021, 1022, 1023]
node= 1 | level=1 | parent=   0 | left=   3 | right=   4 | size=896 | indici originali=[0, 1, 2, 3, 4, 5, 6, 7, 8, 9, 10, 11, 12, 13, 14, 15, 16, 17, 18, 19, 20, 21, 22, 23, 24, 25, 26, 27, 28, 29, 30, 31, 32, 33, 34, 35, 36, 37, 38, 39, 40, 41, 42, 43, 44, 45, 46, 47, 48, 49, 50, 51, 52, 53, 54, 55, 56, 57, 58, 59, 60, 61, 62, 63, 64, 65, 66, 67, 68, 69, 70, 71, 72, 73, 74, 75, 76, 77, 78, 79, 80, 81, 82, 83, 84, 85, 86, 87, 88, 89, 90, 91, 92, 93, 94, 95, 96, 97, 98, 99, 100, 101, 102, 103, 104, 105, 106, 107, 108, 109, 110, 111, 112, 113, 114, 115, 116, 117, 118, 119, 120, 121, 122, 123, 124, 125, 126, 127, 256, 257, 258, 259, 260, 261, 262, 263, 264, 265, 266, 267, 268, 269, 270, 271, 272, 273, 274, 275, 276, 277, 278, 279, 280, 281, 282, 283, 284, 285, 286, 287, 288, 289, 290, 291, 292, 293, 294, 295, 296, 297, 298, 299, 300, 301, 302, 303, 304, 305, 306, 307, 308, 309, 310, 311, 312, 313, 314, 315, 316, 317, 318, 319, 320, 321, 322, 323, 324, 325, 326, 327, 328, 329, 330, 331, 332, 333, 334, 335, 336, 337, 338, 339, 340, 341, 342, 343, 344, 345, 346, 347, 348, 349, 350, 351, 352, 353, 354, 355, 356, 357, 358, 359, 360, 361, 362, 363, 364, 365, 366, 367, 368, 369, 370, 371, 372, 373, 374, 375, 376, 377, 378, 379, 380, 381, 382, 383, 384, 385, 386, 387, 388, 389, 390, 391, 392, 393, 394, 395, 396, 397, 398, 399, 400, 401, 402, 403, 404, 405, 406, 407, 408, 409, 410, 411, 412, 413, 414, 415, 416, 417, 418, 419, 420, 421, 422, 423, 424, 425, 426, 427, 428, 429, 430, 431, 432, 433, 434, 435, 436, 437, 438, 439, 440, 441, 442, 443, 444, 445, 446, 447, 448, 449, 450, 451, 452, 453, 454, 455, 456, 457, 458, 459, 460, 461, 462, 463, 464, 465, 466, 467, 468, 469, 470, 471, 472, 473, 474, 475, 476, 477, 478, 479, 480, 481, 482, 483, 484, 485, 486, 487, 488, 489, 490, 491, 492, 493, 494, 495, 496, 497, 498, 499, 500, 501, 502, 503, 504, 505, 506, 507, 508, 509, 510, 511, 512, 513, 514, 515, 516, 517, 518, 519, 520, 521, 522, 523, 524, 525, 526, 527, 528, 529, 530, 531, 532, 533, 534, 535, 536, 537, 538, 539, 540, 541, 542, 543, 544, 545, 546, 547, 548, 549, 550, 551, 552, 553, 554, 555, 556, 557, 558, 559, 560, 561, 562, 563, 564, 565, 566, 567, 568, 569, 570, 571, 572, 573, 574, 575, 576, 577, 578, 579, 580, 581, 582, 583, 584, 585, 586, 587, 588, 589, 590, 591, 592, 593, 594, 595, 596, 597, 598, 599, 600, 601, 602, 603, 604, 605, 606, 607, 608, 609, 610, 611, 612, 613, 614, 615, 616, 617, 618, 619, 620, 621, 622, 623, 624, 625, 626, 627, 628, 629, 630, 631, 632, 633, 634, 635, 636, 637, 638, 639, 640, 641, 642, 643, 644, 645, 646, 647, 648, 649, 650, 651, 652, 653, 654, 655, 656, 657, 658, 659, 660, 661, 662, 663, 664, 665, 666, 667, 668, 669, 670, 671, 672, 673, 674, 675, 676, 677, 678, 679, 680, 681, 682, 683, 684, 685, 686, 687, 688, 689, 690, 691, 692, 693, 694, 695, 696, 697, 698, 699, 700, 701, 702, 703, 704, 705, 706, 707, 708, 709, 710, 711, 712, 713, 714, 715, 716, 717, 718, 719, 720, 721, 722, 723, 724, 725, 726, 727, 728, 729, 730, 731, 732, 733, 734, 735, 736, 737, 738, 739, 740, 741, 742, 743, 744, 745, 746, 747, 748, 749, 750, 751, 752, 753, 754, 755, 756, 757, 758, 759, 760, 761, 762, 763, 764, 765, 766, 767, 768, 769, 770, 771, 772, 773, 774, 775, 776, 777, 778, 779, 780, 781, 782, 783, 784, 785, 786, 787, 788, 789, 790, 791, 792, 793, 794, 795, 796, 797, 798, 799, 800, 801, 802, 803, 804, 805, 806, 807, 808, 809, 810, 811, 812, 813, 814, 815, 816, 817, 818, 819, 820, 821, 822, 823, 824, 825, 826, 827, 828, 829, 830, 831, 832, 833, 834, 835, 836, 837, 838, 839, 840, 841, 842, 843, 844, 845, 846, 847, 848, 849, 850, 851, 852, 853, 854, 855, 856, 857, 858, 859, 860, 861, 862, 863, 864, 865, 866, 867, 868, 869, 870, 871, 872, 873, 874, 875, 876, 877, 878, 879, 880, 881, 882, 883, 884, 885, 886, 887, 888, 889, 890, 891, 892, 893, 894, 895, 896, 897, 898, 899, 900, 901, 902, 903, 904, 905, 906, 907, 908, 909, 910, 911, 912, 913, 914, 915, 916, 917, 918, 919, 920, 921, 922, 923, 924, 925, 926, 927, 928, 929, 930, 931, 932, 933, 934, 935, 936, 937, 938, 939, 940, 941, 942, 943, 944, 945, 946, 947, 948, 949, 950, 951, 952, 953, 954, 955, 956, 957, 958, 959, 960, 961, 962, 963, 964, 965, 966, 967, 968, 969, 970, 971, 972, 973, 974, 975, 976, 977, 978, 979, 980, 981, 982, 983, 984, 985, 986, 987, 988, 989, 990, 991, 992, 993, 994, 995, 996, 997, 998, 999, 1000, 1001, 1002, 1003, 1004, 1005, 1006, 1007, 1008, 1009, 1010, 1011, 1012, 1013, 1014, 1015, 1016, 1017, 1018, 1019, 1020, 1021, 1022, 1023]
node= 2 | level=1 | parent=   0 | left=None | right=None | size=128 | indici originali=[128, 129, 130, 131, 132, 133, 134, 135, 136, 137, 138, 139, 140, 141, 142, 143, 144, 145, 146, 147, 148, 149, 150, 151, 152, 153, 154, 155, 156, 157, 158, 159, 160, 161, 162, 163, 164, 165, 166, 167, 168, 169, 170, 171, 172, 173, 174, 175, 176, 177, 178, 179, 180, 181, 182, 183, 184, 185, 186, 187, 188, 189, 190, 191, 192, 193, 194, 195, 196, 197, 198, 199, 200, 201, 202, 203, 204, 205, 206, 207, 208, 209, 210, 211, 212, 213, 214, 215, 216, 217, 218, 219, 220, 221, 222, 223, 224, 225, 226, 227, 228, 229, 230, 231, 232, 233, 234, 235, 236, 237, 238, 239, 240, 241, 242, 243, 244, 245, 246, 247, 248, 249, 250, 251, 252, 253, 254, 255]
node= 3 | level=2 | parent=   1 | left=None | right=None | size=128 | indici originali=[512, 513, 514, 515, 516, 517, 518, 519, 520, 521, 522, 523, 524, 525, 526, 527, 528, 529, 530, 531, 532, 533, 534, 535, 536, 537, 538, 539, 540, 541, 542, 543, 544, 545, 546, 547, 548, 549, 550, 551, 552, 553, 554, 555, 556, 557, 558, 559, 560, 561, 562, 563, 564, 565, 566, 567, 568, 569, 570, 571, 572, 573, 574, 575, 576, 577, 578, 579, 580, 581, 582, 583, 584, 585, 586, 587, 588, 589, 590, 591, 592, 593, 594, 595, 596, 597, 598, 599, 600, 601, 602, 603, 604, 605, 606, 607, 608, 609, 610, 611, 612, 613, 614, 615, 616, 617, 618, 619, 620, 621, 622, 623, 624, 625, 626, 627, 628, 629, 630, 631, 632, 633, 634, 635, 636, 637, 638, 639]
node= 4 | level=2 | parent=   1 | left=   5 | right=   6 | size=768 | indici originali=[0, 1, 2, 3, 4, 5, 6, 7, 8, 9, 10, 11, 12, 13, 14, 15, 16, 17, 18, 19, 20, 21, 22, 23, 24, 25, 26, 27, 28, 29, 30, 31, 32, 33, 34, 35, 36, 37, 38, 39, 40, 41, 42, 43, 44, 45, 46, 47, 48, 49, 50, 51, 52, 53, 54, 55, 56, 57, 58, 59, 60, 61, 62, 63, 64, 65, 66, 67, 68, 69, 70, 71, 72, 73, 74, 75, 76, 77, 78, 79, 80, 81, 82, 83, 84, 85, 86, 87, 88, 89, 90, 91, 92, 93, 94, 95, 96, 97, 98, 99, 100, 101, 102, 103, 104, 105, 106, 107, 108, 109, 110, 111, 112, 113, 114, 115, 116, 117, 118, 119, 120, 121, 122, 123, 124, 125, 126, 127, 256, 257, 258, 259, 260, 261, 262, 263, 264, 265, 266, 267, 268, 269, 270, 271, 272, 273, 274, 275, 276, 277, 278, 279, 280, 281, 282, 283, 284, 285, 286, 287, 288, 289, 290, 291, 292, 293, 294, 295, 296, 297, 298, 299, 300, 301, 302, 303, 304, 305, 306, 307, 308, 309, 310, 311, 312, 313, 314, 315, 316, 317, 318, 319, 320, 321, 322, 323, 324, 325, 326, 327, 328, 329, 330, 331, 332, 333, 334, 335, 336, 337, 338, 339, 340, 341, 342, 343, 344, 345, 346, 347, 348, 349, 350, 351, 352, 353, 354, 355, 356, 357, 358, 359, 360, 361, 362, 363, 364, 365, 366, 367, 368, 369, 370, 371, 372, 373, 374, 375, 376, 377, 378, 379, 380, 381, 382, 383, 384, 385, 386, 387, 388, 389, 390, 391, 392, 393, 394, 395, 396, 397, 398, 399, 400, 401, 402, 403, 404, 405, 406, 407, 408, 409, 410, 411, 412, 413, 414, 415, 416, 417, 418, 419, 420, 421, 422, 423, 424, 425, 426, 427, 428, 429, 430, 431, 432, 433, 434, 435, 436, 437, 438, 439, 440, 441, 442, 443, 444, 445, 446, 447, 448, 449, 450, 451, 452, 453, 454, 455, 456, 457, 458, 459, 460, 461, 462, 463, 464, 465, 466, 467, 468, 469, 470, 471, 472, 473, 474, 475, 476, 477, 478, 479, 480, 481, 482, 483, 484, 485, 486, 487, 488, 489, 490, 491, 492, 493, 494, 495, 496, 497, 498, 499, 500, 501, 502, 503, 504, 505, 506, 507, 508, 509, 510, 511, 640, 641, 642, 643, 644, 645, 646, 647, 648, 649, 650, 651, 652, 653, 654, 655, 656, 657, 658, 659, 660, 661, 662, 663, 664, 665, 666, 667, 668, 669, 670, 671, 672, 673, 674, 675, 676, 677, 678, 679, 680, 681, 682, 683, 684, 685, 686, 687, 688, 689, 690, 691, 692, 693, 694, 695, 696, 697, 698, 699, 700, 701, 702, 703, 704, 705, 706, 707, 708, 709, 710, 711, 712, 713, 714, 715, 716, 717, 718, 719, 720, 721, 722, 723, 724, 725, 726, 727, 728, 729, 730, 731, 732, 733, 734, 735, 736, 737, 738, 739, 740, 741, 742, 743, 744, 745, 746, 747, 748, 749, 750, 751, 752, 753, 754, 755, 756, 757, 758, 759, 760, 761, 762, 763, 764, 765, 766, 767, 768, 769, 770, 771, 772, 773, 774, 775, 776, 777, 778, 779, 780, 781, 782, 783, 784, 785, 786, 787, 788, 789, 790, 791, 792, 793, 794, 795, 796, 797, 798, 799, 800, 801, 802, 803, 804, 805, 806, 807, 808, 809, 810, 811, 812, 813, 814, 815, 816, 817, 818, 819, 820, 821, 822, 823, 824, 825, 826, 827, 828, 829, 830, 831, 832, 833, 834, 835, 836, 837, 838, 839, 840, 841, 842, 843, 844, 845, 846, 847, 848, 849, 850, 851, 852, 853, 854, 855, 856, 857, 858, 859, 860, 861, 862, 863, 864, 865, 866, 867, 868, 869, 870, 871, 872, 873, 874, 875, 876, 877, 878, 879, 880, 881, 882, 883, 884, 885, 886, 887, 888, 889, 890, 891, 892, 893, 894, 895, 896, 897, 898, 899, 900, 901, 902, 903, 904, 905, 906, 907, 908, 909, 910, 911, 912, 913, 914, 915, 916, 917, 918, 919, 920, 921, 922, 923, 924, 925, 926, 927, 928, 929, 930, 931, 932, 933, 934, 935, 936, 937, 938, 939, 940, 941, 942, 943, 944, 945, 946, 947, 948, 949, 950, 951, 952, 953, 954, 955, 956, 957, 958, 959, 960, 961, 962, 963, 964, 965, 966, 967, 968, 969, 970, 971, 972, 973, 974, 975, 976, 977, 978, 979, 980, 981, 982, 983, 984, 985, 986, 987, 988, 989, 990, 991, 992, 993, 994, 995, 996, 997, 998, 999, 1000, 1001, 1002, 1003, 1004, 1005, 1006, 1007, 1008, 1009, 1010, 1011, 1012, 1013, 1014, 1015, 1016, 1017, 1018, 1019, 1020, 1021, 1022, 1023]
node= 5 | level=3 | parent=   4 | left=   7 | right=   8 | size=640 | indici originali=[0, 1, 2, 3, 4, 5, 6, 7, 8, 9, 10, 11, 12, 13, 14, 15, 16, 17, 18, 19, 20, 21, 22, 23, 24, 25, 26, 27, 28, 29, 30, 31, 32, 33, 34, 35, 36, 37, 38, 39, 40, 41, 42, 43, 44, 45, 46, 47, 48, 49, 50, 51, 52, 53, 54, 55, 56, 57, 58, 59, 60, 61, 62, 63, 64, 65, 66, 67, 68, 69, 70, 71, 72, 73, 74, 75, 76, 77, 78, 79, 80, 81, 82, 83, 84, 85, 86, 87, 88, 89, 90, 91, 92, 93, 94, 95, 96, 97, 98, 99, 100, 101, 102, 103, 104, 105, 106, 107, 108, 109, 110, 111, 112, 113, 114, 115, 116, 117, 118, 119, 120, 121, 122, 123, 124, 125, 126, 127, 256, 257, 258, 259, 260, 261, 262, 263, 264, 265, 266, 267, 268, 269, 270, 271, 272, 273, 274, 275, 276, 277, 278, 279, 280, 281, 282, 283, 284, 285, 286, 287, 288, 289, 290, 291, 292, 293, 294, 295, 296, 297, 298, 299, 300, 301, 302, 303, 304, 305, 306, 307, 308, 309, 310, 311, 312, 313, 314, 315, 316, 317, 318, 319, 320, 321, 322, 323, 324, 325, 326, 327, 328, 329, 330, 331, 332, 333, 334, 335, 336, 337, 338, 339, 340, 341, 342, 343, 344, 345, 346, 347, 348, 349, 350, 351, 352, 353, 354, 355, 356, 357, 358, 359, 360, 361, 362, 363, 364, 365, 366, 367, 368, 369, 370, 371, 372, 373, 374, 375, 376, 377, 378, 379, 380, 381, 382, 383, 640, 641, 642, 643, 644, 645, 646, 647, 648, 649, 650, 651, 652, 653, 654, 655, 656, 657, 658, 659, 660, 661, 662, 663, 664, 665, 666, 667, 668, 669, 670, 671, 672, 673, 674, 675, 676, 677, 678, 679, 680, 681, 682, 683, 684, 685, 686, 687, 688, 689, 690, 691, 692, 693, 694, 695, 696, 697, 698, 699, 700, 701, 702, 703, 704, 705, 706, 707, 708, 709, 710, 711, 712, 713, 714, 715, 716, 717, 718, 719, 720, 721, 722, 723, 724, 725, 726, 727, 728, 729, 730, 731, 732, 733, 734, 735, 736, 737, 738, 739, 740, 741, 742, 743, 744, 745, 746, 747, 748, 749, 750, 751, 752, 753, 754, 755, 756, 757, 758, 759, 760, 761, 762, 763, 764, 765, 766, 767, 768, 769, 770, 771, 772, 773, 774, 775, 776, 777, 778, 779, 780, 781, 782, 783, 784, 785, 786, 787, 788, 789, 790, 791, 792, 793, 794, 795, 796, 797, 798, 799, 800, 801, 802, 803, 804, 805, 806, 807, 808, 809, 810, 811, 812, 813, 814, 815, 816, 817, 818, 819, 820, 821, 822, 823, 824, 825, 826, 827, 828, 829, 830, 831, 832, 833, 834, 835, 836, 837, 838, 839, 840, 841, 842, 843, 844, 845, 846, 847, 848, 849, 850, 851, 852, 853, 854, 855, 856, 857, 858, 859, 860, 861, 862, 863, 864, 865, 866, 867, 868, 869, 870, 871, 872, 873, 874, 875, 876, 877, 878, 879, 880, 881, 882, 883, 884, 885, 886, 887, 888, 889, 890, 891, 892, 893, 894, 895, 896, 897, 898, 899, 900, 901, 902, 903, 904, 905, 906, 907, 908, 909, 910, 911, 912, 913, 914, 915, 916, 917, 918, 919, 920, 921, 922, 923, 924, 925, 926, 927, 928, 929, 930, 931, 932, 933, 934, 935, 936, 937, 938, 939, 940, 941, 942, 943, 944, 945, 946, 947, 948, 949, 950, 951, 952, 953, 954, 955, 956, 957, 958, 959, 960, 961, 962, 963, 964, 965, 966, 967, 968, 969, 970, 971, 972, 973, 974, 975, 976, 977, 978, 979, 980, 981, 982, 983, 984, 985, 986, 987, 988, 989, 990, 991, 992, 993, 994, 995, 996, 997, 998, 999, 1000, 1001, 1002, 1003, 1004, 1005, 1006, 1007, 1008, 1009, 1010, 1011, 1012, 1013, 1014, 1015, 1016, 1017, 1018, 1019, 1020, 1021, 1022, 1023]
node= 6 | level=3 | parent=   4 | left=None | right=None | size=128 | indici originali=[384, 385, 386, 387, 388, 389, 390, 391, 392, 393, 394, 395, 396, 397, 398, 399, 400, 401, 402, 403, 404, 405, 406, 407, 408, 409, 410, 411, 412, 413, 414, 415, 416, 417, 418, 419, 420, 421, 422, 423, 424, 425, 426, 427, 428, 429, 430, 431, 432, 433, 434, 435, 436, 437, 438, 439, 440, 441, 442, 443, 444, 445, 446, 447, 448, 449, 450, 451, 452, 453, 454, 455, 456, 457, 458, 459, 460, 461, 462, 463, 464, 465, 466, 467, 468, 469, 470, 471, 472, 473, 474, 475, 476, 477, 478, 479, 480, 481, 482, 483, 484, 485, 486, 487, 488, 489, 490, 491, 492, 493, 494, 495, 496, 497, 498, 499, 500, 501, 502, 503, 504, 505, 506, 507, 508, 509, 510, 511]
node= 7 | level=4 | parent=   5 | left=   9 | right=  10 | size=512 | indici originali=[256, 257, 258, 259, 260, 261, 262, 263, 264, 265, 266, 267, 268, 269, 270, 271, 272, 273, 274, 275, 276, 277, 278, 279, 280, 281, 282, 283, 284, 285, 286, 287, 288, 289, 290, 291, 292, 293, 294, 295, 296, 297, 298, 299, 300, 301, 302, 303, 304, 305, 306, 307, 308, 309, 310, 311, 312, 313, 314, 315, 316, 317, 318, 319, 320, 321, 322, 323, 324, 325, 326, 327, 328, 329, 330, 331, 332, 333, 334, 335, 336, 337, 338, 339, 340, 341, 342, 343, 344, 345, 346, 347, 348, 349, 350, 351, 352, 353, 354, 355, 356, 357, 358, 359, 360, 361, 362, 363, 364, 365, 366, 367, 368, 369, 370, 371, 372, 373, 374, 375, 376, 377, 378, 379, 380, 381, 382, 383, 640, 641, 642, 643, 644, 645, 646, 647, 648, 649, 650, 651, 652, 653, 654, 655, 656, 657, 658, 659, 660, 661, 662, 663, 664, 665, 666, 667, 668, 669, 670, 671, 672, 673, 674, 675, 676, 677, 678, 679, 680, 681, 682, 683, 684, 685, 686, 687, 688, 689, 690, 691, 692, 693, 694, 695, 696, 697, 698, 699, 700, 701, 702, 703, 704, 705, 706, 707, 708, 709, 710, 711, 712, 713, 714, 715, 716, 717, 718, 719, 720, 721, 722, 723, 724, 725, 726, 727, 728, 729, 730, 731, 732, 733, 734, 735, 736, 737, 738, 739, 740, 741, 742, 743, 744, 745, 746, 747, 748, 749, 750, 751, 752, 753, 754, 755, 756, 757, 758, 759, 760, 761, 762, 763, 764, 765, 766, 767, 768, 769, 770, 771, 772, 773, 774, 775, 776, 777, 778, 779, 780, 781, 782, 783, 784, 785, 786, 787, 788, 789, 790, 791, 792, 793, 794, 795, 796, 797, 798, 799, 800, 801, 802, 803, 804, 805, 806, 807, 808, 809, 810, 811, 812, 813, 814, 815, 816, 817, 818, 819, 820, 821, 822, 823, 824, 825, 826, 827, 828, 829, 830, 831, 832, 833, 834, 835, 836, 837, 838, 839, 840, 841, 842, 843, 844, 845, 846, 847, 848, 849, 850, 851, 852, 853, 854, 855, 856, 857, 858, 859, 860, 861, 862, 863, 864, 865, 866, 867, 868, 869, 870, 871, 872, 873, 874, 875, 876, 877, 878, 879, 880, 881, 882, 883, 884, 885, 886, 887, 888, 889, 890, 891, 892, 893, 894, 895, 896, 897, 898, 899, 900, 901, 902, 903, 904, 905, 906, 907, 908, 909, 910, 911, 912, 913, 914, 915, 916, 917, 918, 919, 920, 921, 922, 923, 924, 925, 926, 927, 928, 929, 930, 931, 932, 933, 934, 935, 936, 937, 938, 939, 940, 941, 942, 943, 944, 945, 946, 947, 948, 949, 950, 951, 952, 953, 954, 955, 956, 957, 958, 959, 960, 961, 962, 963, 964, 965, 966, 967, 968, 969, 970, 971, 972, 973, 974, 975, 976, 977, 978, 979, 980, 981, 982, 983, 984, 985, 986, 987, 988, 989, 990, 991, 992, 993, 994, 995, 996, 997, 998, 999, 1000, 1001, 1002, 1003, 1004, 1005, 1006, 1007, 1008, 1009, 1010, 1011, 1012, 1013, 1014, 1015, 1016, 1017, 1018, 1019, 1020, 1021, 1022, 1023]
node= 8 | level=4 | parent=   5 | left=None | right=None | size=128 | indici originali=[0, 1, 2, 3, 4, 5, 6, 7, 8, 9, 10, 11, 12, 13, 14, 15, 16, 17, 18, 19, 20, 21, 22, 23, 24, 25, 26, 27, 28, 29, 30, 31, 32, 33, 34, 35, 36, 37, 38, 39, 40, 41, 42, 43, 44, 45, 46, 47, 48, 49, 50, 51, 52, 53, 54, 55, 56, 57, 58, 59, 60, 61, 62, 63, 64, 65, 66, 67, 68, 69, 70, 71, 72, 73, 74, 75, 76, 77, 78, 79, 80, 81, 82, 83, 84, 85, 86, 87, 88, 89, 90, 91, 92, 93, 94, 95, 96, 97, 98, 99, 100, 101, 102, 103, 104, 105, 106, 107, 108, 109, 110, 111, 112, 113, 114, 115, 116, 117, 118, 119, 120, 121, 122, 123, 124, 125, 126, 127]
node= 9 | level=5 | parent=   7 | left=  11 | right=  12 | size=384 | indici originali=[256, 257, 258, 259, 260, 261, 262, 263, 264, 265, 266, 267, 268, 269, 270, 271, 272, 273, 274, 275, 276, 277, 278, 279, 280, 281, 282, 283, 284, 285, 286, 287, 288, 289, 290, 291, 292, 293, 294, 295, 296, 297, 298, 299, 300, 301, 302, 303, 304, 305, 306, 307, 308, 309, 310, 311, 312, 313, 314, 315, 316, 317, 318, 319, 320, 321, 322, 323, 324, 325, 326, 327, 328, 329, 330, 331, 332, 333, 334, 335, 336, 337, 338, 339, 340, 341, 342, 343, 344, 345, 346, 347, 348, 349, 350, 351, 352, 353, 354, 355, 356, 357, 358, 359, 360, 361, 362, 363, 364, 365, 366, 367, 368, 369, 370, 371, 372, 373, 374, 375, 376, 377, 378, 379, 380, 381, 382, 383, 768, 769, 770, 771, 772, 773, 774, 775, 776, 777, 778, 779, 780, 781, 782, 783, 784, 785, 786, 787, 788, 789, 790, 791, 792, 793, 794, 795, 796, 797, 798, 799, 800, 801, 802, 803, 804, 805, 806, 807, 808, 809, 810, 811, 812, 813, 814, 815, 816, 817, 818, 819, 820, 821, 822, 823, 824, 825, 826, 827, 828, 829, 830, 831, 832, 833, 834, 835, 836, 837, 838, 839, 840, 841, 842, 843, 844, 845, 846, 847, 848, 849, 850, 851, 852, 853, 854, 855, 856, 857, 858, 859, 860, 861, 862, 863, 864, 865, 866, 867, 868, 869, 870, 871, 872, 873, 874, 875, 876, 877, 878, 879, 880, 881, 882, 883, 884, 885, 886, 887, 888, 889, 890, 891, 892, 893, 894, 895, 896, 897, 898, 899, 900, 901, 902, 903, 904, 905, 906, 907, 908, 909, 910, 911, 912, 913, 914, 915, 916, 917, 918, 919, 920, 921, 922, 923, 924, 925, 926, 927, 928, 929, 930, 931, 932, 933, 934, 935, 936, 937, 938, 939, 940, 941, 942, 943, 944, 945, 946, 947, 948, 949, 950, 951, 952, 953, 954, 955, 956, 957, 958, 959, 960, 961, 962, 963, 964, 965, 966, 967, 968, 969, 970, 971, 972, 973, 974, 975, 976, 977, 978, 979, 980, 981, 982, 983, 984, 985, 986, 987, 988, 989, 990, 991, 992, 993, 994, 995, 996, 997, 998, 999, 1000, 1001, 1002, 1003, 1004, 1005, 1006, 1007, 1008, 1009, 1010, 1011, 1012, 1013, 1014, 1015, 1016, 1017, 1018, 1019, 1020, 1021, 1022, 1023]
node=10 | level=5 | parent=   7 | left=None | right=None | size=128 | indici originali=[640, 641, 642, 643, 644, 645, 646, 647, 648, 649, 650, 651, 652, 653, 654, 655, 656, 657, 658, 659, 660, 661, 662, 663, 664, 665, 666, 667, 668, 669, 670, 671, 672, 673, 674, 675, 676, 677, 678, 679, 680, 681, 682, 683, 684, 685, 686, 687, 688, 689, 690, 691, 692, 693, 694, 695, 696, 697, 698, 699, 700, 701, 702, 703, 704, 705, 706, 707, 708, 709, 710, 711, 712, 713, 714, 715, 716, 717, 718, 719, 720, 721, 722, 723, 724, 725, 726, 727, 728, 729, 730, 731, 732, 733, 734, 735, 736, 737, 738, 739, 740, 741, 742, 743, 744, 745, 746, 747, 748, 749, 750, 751, 752, 753, 754, 755, 756, 757, 758, 759, 760, 761, 762, 763, 764, 765, 766, 767]
node=11 | level=6 | parent=   9 | left=  13 | right=  14 | size=256 | indici originali=[256, 257, 258, 259, 260, 261, 262, 263, 264, 265, 266, 267, 268, 269, 270, 271, 272, 273, 274, 275, 276, 277, 278, 279, 280, 281, 282, 283, 284, 285, 286, 287, 288, 289, 290, 291, 292, 293, 294, 295, 296, 297, 298, 299, 300, 301, 302, 303, 304, 305, 306, 307, 308, 309, 310, 311, 312, 313, 314, 315, 316, 317, 318, 319, 320, 321, 322, 323, 324, 325, 326, 327, 328, 329, 330, 331, 332, 333, 334, 335, 336, 337, 338, 339, 340, 341, 342, 343, 344, 345, 346, 347, 348, 349, 350, 351, 352, 353, 354, 355, 356, 357, 358, 359, 360, 361, 362, 363, 364, 365, 366, 367, 368, 369, 370, 371, 372, 373, 374, 375, 376, 377, 378, 379, 380, 381, 382, 383, 768, 769, 770, 771, 772, 773, 774, 775, 776, 777, 778, 779, 780, 781, 782, 783, 784, 785, 786, 787, 788, 789, 790, 791, 792, 793, 794, 795, 796, 797, 798, 799, 800, 801, 802, 803, 804, 805, 806, 807, 808, 809, 810, 811, 812, 813, 814, 815, 816, 817, 818, 819, 820, 821, 822, 823, 824, 825, 826, 827, 828, 829, 830, 831, 832, 833, 834, 835, 836, 837, 838, 839, 840, 841, 842, 843, 844, 845, 846, 847, 848, 849, 850, 851, 852, 853, 854, 855, 856, 857, 858, 859, 860, 861, 862, 863, 864, 865, 866, 867, 868, 869, 870, 871, 872, 873, 874, 875, 876, 877, 878, 879, 880, 881, 882, 883, 884, 885, 886, 887, 888, 889, 890, 891, 892, 893, 894, 895]
node=12 | level=6 | parent=   9 | left=None | right=None | size=128 | indici originali=[896, 897, 898, 899, 900, 901, 902, 903, 904, 905, 906, 907, 908, 909, 910, 911, 912, 913, 914, 915, 916, 917, 918, 919, 920, 921, 922, 923, 924, 925, 926, 927, 928, 929, 930, 931, 932, 933, 934, 935, 936, 937, 938, 939, 940, 941, 942, 943, 944, 945, 946, 947, 948, 949, 950, 951, 952, 953, 954, 955, 956, 957, 958, 959, 960, 961, 962, 963, 964, 965, 966, 967, 968, 969, 970, 971, 972, 973, 974, 975, 976, 977, 978, 979, 980, 981, 982, 983, 984, 985, 986, 987, 988, 989, 990, 991, 992, 993, 994, 995, 996, 997, 998, 999, 1000, 1001, 1002, 1003, 1004, 1005, 1006, 1007, 1008, 1009, 1010, 1011, 1012, 1013, 1014, 1015, 1016, 1017, 1018, 1019, 1020, 1021, 1022, 1023]
node=13 | level=7 | parent=  11 | left=None | right=None | size=128 | indici originali=[256, 257, 258, 259, 260, 261, 262, 263, 264, 265, 266, 267, 268, 269, 270, 271, 272, 273, 274, 275, 276, 277, 278, 279, 280, 281, 282, 283, 284, 285, 286, 287, 288, 289, 290, 291, 292, 293, 294, 295, 296, 297, 298, 299, 300, 301, 302, 303, 304, 305, 306, 307, 308, 309, 310, 311, 312, 313, 314, 315, 316, 317, 318, 319, 320, 321, 322, 323, 324, 325, 326, 327, 328, 329, 330, 331, 332, 333, 334, 335, 336, 337, 338, 339, 340, 341, 342, 343, 344, 345, 346, 347, 348, 349, 350, 351, 352, 353, 354, 355, 356, 357, 358, 359, 360, 361, 362, 363, 364, 365, 366, 367, 368, 369, 370, 371, 372, 373, 374, 375, 376, 377, 378, 379, 380, 381, 382, 383]
node=14 | level=7 | parent=  11 | left=None | right=None | size=128 | indici originali=[768, 769, 770, 771, 772, 773, 774, 775, 776, 777, 778, 779, 780, 781, 782, 783, 784, 785, 786, 787, 788, 789, 790, 791, 792, 793, 794, 795, 796, 797, 798, 799, 800, 801, 802, 803, 804, 805, 806, 807, 808, 809, 810, 811, 812, 813, 814, 815, 816, 817, 818, 819, 820, 821, 822, 823, 824, 825, 826, 827, 828, 829, 830, 831, 832, 833, 834, 835, 836, 837, 838, 839, 840, 841, 842, 843, 844, 845, 846, 847, 848, 849, 850, 851, 852, 853, 854, 855, 856, 857, 858, 859, 860, 861, 862, 863, 864, 865, 866, 867, 868, 869, 870, 871, 872, 873, 874, 875, 876, 877, 878, 879, 880, 881, 882, 883, 884, 885, 886, 887, 888, 889, 890, 891, 892, 893, 894, 895]
End: Tue Aug 11 17:30:16 CEST 2026
