Job ID: 78213
Node: acnode03.e4red
CUDA_VISIBLE_DEVICES=0
Start: Thu Aug  6 10:16:40 CEST 2026
density: 100.0

========================================================================
MATRICE QUBO ORIGINALE
========================================================================
Shape                 : (32, 32)
Numero di variabili   : 32
Numero di cluster     : 4
Dimensione dei blocchi: 8
Matrice simmetrica    : True
Cluster ottimali      : [array([ 9, 10, 12, 16, 17, 19, 26, 31]), array([ 1,  4,  5,  8, 13, 14, 27, 28]), array([ 3, 11, 15, 20, 22, 23, 25, 30]), array([ 0,  2,  6,  7, 18, 21, 24, 29])]
[Hierarchy-CPU] node=0 components=2 leaves=2 target=4
[Hierarchy-CPU] node=1 components=2 leaves=3 target=4
[Hierarchy-CPU] node=4 components=2 leaves=4 target=4
GPU disponibile.

Esecuzione del GMC GPU in modalità parallela.
[Hierarchy-GPU] level=0 nodes=1 workers=1 sizes=[32]
[Hierarchy-GPU] level=0 completed leaves=2/4 time=0.194574s
[Hierarchy-GPU] level=1 nodes=2 workers=2 sizes=[27, 5]
[Hierarchy-GPU] level=1 completed leaves=4/4 time=0.093495s

========================================================================
TEMPI DI ESECUZIONE
========================================================================
GMC diretto: 0.002535 secondi
BinaryHierarchicalGMC: 0.005383 secondi
BinaryHierarchicalGMCGPU: 0.585757 secondi

========================================================================
CONFRONTO DEI RISULTATI
========================================================================
Dimensioni Binary originale : [8, 11, 8, 5]
Dimensioni Binary bilanciato: [8, 8, 8, 8]
Dimensioni Binary GPU: [8, 19, 2, 3]
Dimensioni Binary GPU bilanciato: [8, 8, 8, 8]

Adjusted Rand Index
-------------------
GMC diretto             : 0.535080
Binary originale        : 0.422500
Binary bilanciato       : 0.446429
Binary GPU bilanciato   : 0.404449

Differenze
----------
Diretto - Binary bilanciato      : +0.088652
Binary bilanciato - originale    : +0.023929
Diretto - Binary GPU bilanciato  : +0.157848

Cluster Binary originali
------------------------
Cluster 0: [24, 25, 26, 27, 28, 29, 30, 31], size=8
Cluster 1: [0, 3, 4, 9, 12, 13, 15, 16, 18, 20, 22], size=11
Cluster 2: [8, 10, 11, 14, 17, 19, 21, 23], size=8
Cluster 3: [1, 2, 5, 6, 7], size=5

Cluster Binary bilanciati
-------------------------
Cluster 0: [24, 25, 26, 27, 28, 29, 30, 31], size=8
Cluster 1: [0, 3, 4, 9, 12, 13, 15, 16], size=8
Cluster 2: [8, 11, 17, 18, 20, 21, 22, 23], size=8
Cluster 3: [1, 2, 5, 6, 7, 10, 14, 19], size=8

Cluster Binary GPU originali
------------------------
Cluster 0: [24, 25, 26, 27, 28, 29, 30, 31], size=8
Cluster 1: [0, 4, 8, 9, 12, 15, 16, 17], size=8
Cluster 2: [3, 11, 13, 18, 20, 21, 22, 23], size=8
Cluster 3: [1, 2, 5, 6, 7, 10, 14, 19], size=8

Cluster Binary GPU bilanciati
------------------------------
Cluster 0: [24, 25, 26, 27, 28, 29, 30, 31], size=8
Cluster 1: [0, 4, 8, 9, 12, 15, 16, 17], size=8
Cluster 2: [3, 11, 13, 18, 20, 21, 22, 23], size=8
Cluster 3: [1, 2, 5, 6, 7, 10, 14, 19], size=8

========================================================================
LABEL NELL'ORDINE PERMUTATO
========================================================================
Ground truth:
[3 1 3 2 1 1 3 3 1 0 0 2 0 1 1 2 0 0 3 0 2 3 2 2 3 2 0 1 1 3 2 0]

GMC diretto:
[0 1 0 1 1 1 0 0 1 0 0 2 3 1 1 1 3 3 0 0 1 0 2 2 0 2 3 1 1 0 1 3]

Binary originale:
[0 1 0 2 2 1 0 0 1 1 1 1 3 1 2 2 3 3 0 1 2 0 1 1 0 1 3 2 2 0 2 3]

Binary bilanciato:
[0 1 0 2 2 1 0 0 1 1 1 1 3 1 2 2 3 3 0 1 2 0 2 2 0 2 3 3 3 0 3 3]

========================================================================
STRUTTURA DELL'ALBERO BINARY
========================================================================
node= 0 | level=0 | parent=None | left=   1 | right=   2 | size=32 | indici originali=[0, 1, 2, 3, 4, 5, 6, 7, 8, 9, 10, 11, 12, 13, 14, 15, 16, 17, 18, 19, 20, 21, 22, 23, 24, 25, 26, 27, 28, 29, 30, 31]
node= 1 | level=1 | parent=   0 | left=   3 | right=   4 | size=27 | indici originali=[0, 3, 4, 8, 9, 10, 11, 12, 13, 14, 15, 16, 17, 18, 19, 20, 21, 22, 23, 24, 25, 26, 27, 28, 29, 30, 31]
node= 2 | level=1 | parent=   0 | left=None | right=None | size= 5 | indici originali=[1, 2, 5, 6, 7]
node= 3 | level=2 | parent=   1 | left=None | right=None | size= 8 | indici originali=[24, 25, 26, 27, 28, 29, 30, 31]
node= 4 | level=2 | parent=   1 | left=   5 | right=   6 | size=19 | indici originali=[0, 3, 4, 8, 9, 10, 11, 12, 13, 14, 15, 16, 17, 18, 19, 20, 21, 22, 23]
node= 5 | level=3 | parent=   4 | left=None | right=None | size=11 | indici originali=[0, 3, 4, 9, 12, 13, 15, 16, 18, 20, 22]
node= 6 | level=3 | parent=   4 | left=None | right=None | size= 8 | indici originali=[8, 10, 11, 14, 17, 19, 21, 23]
End: Thu Aug  6 10:16:43 CEST 2026
