Job ID: 78217
Node: acnode03.e4red
CUDA_VISIBLE_DEVICES=0
Start: Thu Aug  6 14:03:35 CEST 2026
density: 100.0

========================================================================
MATRICE QUBO ORIGINALE
========================================================================
Shape                 : (256, 256)
Numero di variabili   : 256
Numero di cluster     : 16
Dimensione dei blocchi: 16
Matrice simmetrica    : True
Cluster ottimali      : [array([  1,   8,  17,  28,  83,  94, 121, 122, 135, 140, 173, 185, 194, 195, 233, 252]), array([  9,  19,  21,  35,  37,  46,  79,  93,  96,  99, 115, 138, 160, 199, 222, 248]), array([ 24,  44,  51,  95,  97, 110, 124, 131, 142, 154, 157, 164, 166, 170, 183, 230]), array([ 54,  59,  84, 104, 132, 146, 175, 180, 196, 206, 207, 209, 218, 220, 223, 234]), array([  2,  15,  38,  45,  47,  68,  71,  88, 109, 113, 123, 151, 153, 201, 243, 250]), array([ 36,  53,  78,  81,  90, 101, 106, 163, 167, 182, 189, 190, 193, 221, 241, 253]), array([ 18,  31,  56,  60,  66,  73,  82, 125, 130, 174, 188, 208, 238, 239, 251, 255]), array([  4,  22,  25,  58,  63,  69,  74,  76,  98, 100, 111, 118, 141, 158, 240, 246]), array([ 14,  39,  52,  57,  72,  85, 120, 134, 145, 147, 148, 176, 198, 203, 229, 236]), array([ 23,  32,  65,  70,  86, 107, 112, 114, 127, 143, 156, 159, 171, 231, 235, 237]), array([  7,  29,  61,  80,  87, 102, 117, 155, 169, 172, 181, 186, 200, 211, 217, 225]), array([  5,  10,  30,  33,  41,  43,  50,  67,  89, 128, 144, 213, 227, 228, 249, 254]), array([  3,  16,  40,  49, 108, 119, 126, 133, 150, 152, 161, 168, 178, 215, 224, 242]), array([ 11,  13,  27,  34,  48,  55,  91, 184, 187, 197, 204, 210, 212, 219, 244, 245]), array([  0,  12,  20,  42,  64,  92, 137, 139, 149, 177, 179, 191, 192, 202, 205, 216]), array([  6,  26,  62,  75,  77, 103, 105, 116, 129, 136, 162, 165, 214, 226, 232, 247])]
[GMC-CPU] iter=1 components=1 lambda=2
[GMC-CPU] iter=2 components=1 lambda=4
[GMC-CPU] iter=3 components=1 lambda=8
[GMC-CPU] iter=4 components=3 lambda=16
[GMC-CPU] iter=5 components=7 lambda=32
[GMC-CPU] iter=6 components=15 lambda=64
[GMC-CPU] iter=7 components=16 lambda=64
Fine GMC diretto.
[GMC-CPU] iter=1 components=1 lambda=2
[GMC-CPU] iter=2 components=1 lambda=4
[GMC-CPU] iter=3 components=1 lambda=8
[GMC-CPU] iter=4 components=1 lambda=16
[GMC-CPU] iter=5 components=1 lambda=32
[GMC-CPU] iter=6 components=1 lambda=64
[GMC-CPU] iter=7 components=1 lambda=128
[GMC-CPU] iter=8 components=2 lambda=128
[Hierarchy-CPU] node=0 components=2 leaves=2 target=16
[GMC-CPU] iter=1 components=1 lambda=2
[GMC-CPU] iter=2 components=1 lambda=4
[GMC-CPU] iter=3 components=1 lambda=8
[GMC-CPU] iter=4 components=1 lambda=16
[GMC-CPU] iter=5 components=1 lambda=32
[GMC-CPU] iter=6 components=1 lambda=64
[GMC-CPU] iter=7 components=2 lambda=64
[Hierarchy-CPU] node=1 components=2 leaves=3 target=16
[GMC-CPU] iter=1 components=1 lambda=2
[GMC-CPU] iter=2 components=1 lambda=4
[GMC-CPU] iter=3 components=1 lambda=8
[GMC-CPU] iter=4 components=2 lambda=8
[Hierarchy-CPU] node=2 components=2 leaves=4 target=16
[GMC-CPU] iter=1 components=1 lambda=2
[GMC-CPU] iter=2 components=1 lambda=4
[GMC-CPU] iter=3 components=1 lambda=8
[GMC-CPU] iter=4 components=1 lambda=16
[GMC-CPU] iter=5 components=1 lambda=32
[GMC-CPU] iter=6 components=2 lambda=32
[Hierarchy-CPU] node=5 components=2 leaves=5 target=16
[GMC-CPU] iter=1 components=1 lambda=2
[GMC-CPU] iter=2 components=1 lambda=4
[GMC-CPU] iter=3 components=1 lambda=8
[GMC-CPU] iter=4 components=1 lambda=16
[GMC-CPU] iter=5 components=1 lambda=32
[GMC-CPU] iter=6 components=2 lambda=32
[Hierarchy-CPU] node=3 components=2 leaves=6 target=16
[GMC-CPU] iter=1 components=1 lambda=2
[GMC-CPU] iter=2 components=1 lambda=4
[GMC-CPU] iter=3 components=1 lambda=8
[GMC-CPU] iter=4 components=1 lambda=16
[GMC-CPU] iter=5 components=1 lambda=32
[GMC-CPU] iter=6 components=1 lambda=64
[GMC-CPU] iter=7 components=1 lambda=128
[GMC-CPU] iter=8 components=2 lambda=128
[Hierarchy-CPU] node=9 components=2 leaves=7 target=16
[GMC-CPU] iter=1 components=1 lambda=2
[GMC-CPU] iter=2 components=1 lambda=4
[GMC-CPU] iter=3 components=1 lambda=8
[GMC-CPU] iter=4 components=1 lambda=16
[GMC-CPU] iter=5 components=1 lambda=32
[GMC-CPU] iter=6 components=2 lambda=32
[Hierarchy-CPU] node=7 components=2 leaves=8 target=16
[GMC-CPU] iter=1 components=1 lambda=2
[GMC-CPU] iter=2 components=1 lambda=4
[GMC-CPU] iter=3 components=1 lambda=8
[GMC-CPU] iter=4 components=1 lambda=16
[GMC-CPU] iter=5 components=1 lambda=32
[GMC-CPU] iter=6 components=1 lambda=64
[GMC-CPU] iter=7 components=1 lambda=128
[GMC-CPU] iter=8 components=2 lambda=128
[Hierarchy-CPU] node=13 components=2 leaves=9 target=16
[GMC-CPU] iter=1 components=1 lambda=2
[GMC-CPU] iter=2 components=1 lambda=4
[GMC-CPU] iter=3 components=1 lambda=8
[GMC-CPU] iter=4 components=1 lambda=16
[GMC-CPU] iter=5 components=1 lambda=32
[GMC-CPU] iter=6 components=1 lambda=64
[GMC-CPU] iter=7 components=2 lambda=64
[Hierarchy-CPU] node=12 components=2 leaves=10 target=16
[GMC-CPU] iter=1 components=1 lambda=2
[GMC-CPU] iter=2 components=1 lambda=4
[GMC-CPU] iter=3 components=1 lambda=8
[GMC-CPU] iter=4 components=1 lambda=16
[GMC-CPU] iter=5 components=1 lambda=32
[GMC-CPU] iter=6 components=1 lambda=64
[GMC-CPU] iter=7 components=1 lambda=128
[GMC-CPU] iter=8 components=2 lambda=128
[Hierarchy-CPU] node=17 components=2 leaves=11 target=16
[GMC-CPU] iter=1 components=1 lambda=2
[GMC-CPU] iter=2 components=1 lambda=4
[GMC-CPU] iter=3 components=1 lambda=8
[GMC-CPU] iter=4 components=1 lambda=16
[GMC-CPU] iter=5 components=2 lambda=16
[Hierarchy-CPU] node=16 components=2 leaves=12 target=16
[GMC-CPU] iter=1 components=1 lambda=2
[GMC-CPU] iter=2 components=1 lambda=4
[GMC-CPU] iter=3 components=1 lambda=8
[GMC-CPU] iter=4 components=1 lambda=16
[GMC-CPU] iter=5 components=1 lambda=32
[GMC-CPU] iter=6 components=2 lambda=32
[Hierarchy-CPU] node=21 components=2 leaves=13 target=16
[GMC-CPU] iter=1 components=1 lambda=2
[GMC-CPU] iter=2 components=1 lambda=4
[GMC-CPU] iter=3 components=1 lambda=8
[GMC-CPU] iter=4 components=1 lambda=16
[GMC-CPU] iter=5 components=1 lambda=32
[GMC-CPU] iter=6 components=1 lambda=64
[GMC-CPU] iter=7 components=2 lambda=64
[Hierarchy-CPU] node=19 components=2 leaves=14 target=16
[GMC-CPU] iter=1 components=1 lambda=2
[GMC-CPU] iter=2 components=1 lambda=4
[GMC-CPU] iter=3 components=1 lambda=8
[GMC-CPU] iter=4 components=1 lambda=16
[GMC-CPU] iter=5 components=1 lambda=32
[GMC-CPU] iter=6 components=1 lambda=64
[GMC-CPU] iter=7 components=2 lambda=64
[Hierarchy-CPU] node=23 components=2 leaves=15 target=16
[GMC-CPU] iter=1 components=1 lambda=2
[GMC-CPU] iter=2 components=1 lambda=4
[GMC-CPU] iter=3 components=1 lambda=8
[GMC-CPU] iter=4 components=1 lambda=16
[GMC-CPU] iter=5 components=1 lambda=32
[GMC-CPU] iter=6 components=1 lambda=64
[GMC-CPU] iter=7 components=1 lambda=128
[GMC-CPU] iter=8 components=1 lambda=256
[GMC-CPU] iter=9 components=2 lambda=256
[Hierarchy-CPU] node=25 components=2 leaves=16 target=16
GPU disponibile.

Esecuzione del GMC GPU in modalità parallela.
[Hierarchy-GPU] level=0 nodes=1 workers=1 sizes=[256]
[Hierarchy-GPU] level=0 completed leaves=2/16 time=0.338688s
[Hierarchy-GPU] level=1 nodes=2 workers=2 sizes=[131, 125]
[Hierarchy-GPU] level=1 completed leaves=4/16 time=0.258710s
[Hierarchy-GPU] level=2 nodes=4 workers=4 sizes=[121, 115, 16, 4]
[Hierarchy-GPU] level=2 completed leaves=8/16 time=0.849529s
[Hierarchy-GPU] level=3 nodes=8 workers=4 sizes=[112, 108, 13, 8, 8, 3, 2, 2]
[Hierarchy-GPU] level=3 completed leaves=17/16 time=0.828094s

========================================================================
TEMPI DI ESECUZIONE
========================================================================
GMC diretto: 0.105777 secondi
BinaryHierarchicalGMC: 0.326260 secondi
BinaryHierarchicalGMCGPU: 2.577292 secondi

========================================================================
CONFRONTO DEI RISULTATI
========================================================================
Dimensioni Binary originale : [12, 46, 24, 8, 8, 14, 3, 16, 21, 65, 8, 8, 4, 2, 13, 4]
Dimensioni Binary bilanciato: [16, 16, 16, 16, 16, 16, 16, 16, 16, 16, 16, 16, 16, 16, 16, 16]
Dimensioni Binary GPU: [12, 100, 1, 1, 1, 5, 3, 5, 3, 106, 2, 8, 5, 1, 1, 1, 1]
Dimensioni Binary GPU bilanciato: [16, 16, 16, 16, 16, 16, 16, 16, 16, 16, 16, 16, 16, 16, 16, 16]

Adjusted Rand Index
-------------------
GMC diretto             : 0.024806
Binary originale        : 0.071608
Binary bilanciato       : 0.069759
Binary GPU bilanciato   : 0.011803

Differenze
----------
Diretto - Binary bilanciato      : -0.044953
Binary bilanciato - originale    : -0.001849
Diretto - Binary GPU bilanciato  : -0.006769

Cluster Binary originali
------------------------
Cluster 0: [48, 114, 198, 200, 209, 224, 227, 228, 230, 234, 235, 236], size=12
Cluster 1: [0, 2, 10, 14, 17, 20, 21, 23, 27, 32, 34, 40, 47, 54, 59, 62, 71, 81, 87, 88, 98, 102, 103, 108, 122, 125, 150, 155, 161, 162, 169, 172, 173, 174, 193, 194, 195, 206, 214, 217, 218, 221, 223, 232, 239, 251], size=46
Cluster 2: [35, 37, 39, 42, 65, 68, 70, 75, 83, 85, 89, 91, 92, 96, 99, 116, 191, 202, 216, 243, 248, 250, 254, 255], size=24
Cluster 3: [131, 134, 135, 136, 137, 138, 142, 196], size=8
Cluster 4: [44, 53, 178, 182, 187, 190, 222, 249], size=8
Cluster 5: [8, 52, 86, 90, 94, 144, 146, 147, 152, 156, 158, 159, 175, 246], size=14
Cluster 6: [49, 149, 244], size=3
Cluster 7: [69, 74, 79, 105, 109, 129, 139, 141, 143, 163, 177, 183, 186, 229, 242, 252], size=16
Cluster 8: [1, 3, 4, 5, 6, 7, 9, 11, 12, 13, 15, 26, 29, 36, 55, 77, 126, 148, 157, 203, 225], size=21
Cluster 9: [16, 18, 19, 24, 25, 28, 30, 31, 38, 41, 43, 45, 46, 50, 51, 57, 58, 60, 61, 63, 64, 66, 72, 73, 76, 78, 80, 82, 93, 95, 112, 113, 118, 119, 120, 121, 128, 132, 133, 140, 145, 151, 153, 154, 179, 180, 181, 184, 185, 189, 208, 210, 211, 212, 213, 215, 226, 231, 237, 238, 240, 241, 245, 247, 253], size=65
Cluster 10: [160, 165, 167, 168, 170, 171, 219, 220], size=8
Cluster 11: [100, 106, 107, 115, 130, 164, 176, 188], size=8
Cluster 12: [22, 67, 127, 233], size=4
Cluster 13: [117, 123], size=2
Cluster 14: [33, 56, 97, 101, 104, 110, 111, 124, 166, 199, 201, 204, 205], size=13
Cluster 15: [84, 192, 197, 207], size=4

Cluster Binary bilanciati
-------------------------
Cluster 0: [10, 48, 114, 198, 200, 206, 209, 217, 223, 224, 227, 228, 230, 234, 235, 236], size=16
Cluster 1: [0, 2, 27, 32, 98, 108, 122, 125, 150, 155, 162, 172, 173, 193, 239, 251], size=16
Cluster 2: [17, 23, 34, 40, 47, 54, 59, 62, 81, 161, 169, 174, 194, 195, 221, 232], size=16
Cluster 3: [14, 20, 21, 65, 68, 71, 75, 85, 87, 88, 96, 102, 103, 214, 218, 243], size=16
Cluster 4: [35, 37, 39, 42, 70, 83, 89, 91, 99, 116, 191, 202, 216, 248, 250, 254], size=16
Cluster 5: [44, 92, 131, 134, 135, 136, 137, 138, 142, 178, 182, 190, 196, 222, 249, 255], size=16
Cluster 6: [8, 52, 53, 86, 90, 94, 144, 146, 147, 152, 156, 158, 159, 175, 187, 246], size=16
Cluster 7: [49, 69, 79, 105, 109, 139, 141, 143, 149, 163, 177, 183, 186, 229, 242, 244], size=16
Cluster 8: [5, 6, 9, 12, 15, 26, 29, 36, 55, 74, 77, 126, 129, 148, 225, 252], size=16
Cluster 9: [1, 3, 4, 7, 11, 13, 19, 24, 30, 120, 157, 180, 185, 203, 208, 253], size=16
Cluster 10: [16, 18, 25, 38, 45, 60, 66, 73, 82, 113, 132, 154, 181, 184, 215, 245], size=16
Cluster 11: [28, 31, 41, 46, 51, 76, 78, 93, 95, 112, 118, 119, 140, 237, 240, 247], size=16
Cluster 12: [43, 50, 61, 63, 64, 72, 80, 128, 133, 145, 153, 211, 212, 226, 231, 238], size=16
Cluster 13: [57, 58, 121, 151, 165, 167, 168, 170, 171, 179, 189, 210, 213, 219, 220, 241], size=16
Cluster 14: [22, 67, 100, 106, 107, 115, 117, 123, 127, 130, 160, 164, 176, 188, 199, 233], size=16
Cluster 15: [33, 56, 84, 97, 101, 104, 110, 111, 124, 166, 192, 197, 201, 204, 205, 207], size=16

Cluster Binary GPU originali
------------------------
Cluster 0: [48, 114, 136, 198, 200, 206, 209, 217, 222, 224, 227, 228, 230, 234, 235, 236], size=16
Cluster 1: [10, 68, 75, 86, 96, 108, 137, 144, 152, 158, 172, 178, 190, 196, 223, 239], size=16
Cluster 2: [0, 35, 42, 65, 85, 90, 125, 146, 150, 155, 162, 173, 193, 243, 246, 251], size=16
Cluster 3: [2, 27, 32, 62, 98, 122, 135, 138, 142, 147, 159, 182, 194, 232, 250, 254], size=16
Cluster 4: [23, 34, 39, 40, 44, 47, 53, 70, 81, 94, 156, 161, 175, 195, 216, 249], size=16
Cluster 5: [8, 17, 21, 54, 59, 83, 88, 89, 91, 131, 134, 169, 174, 218, 221, 248], size=16
Cluster 6: [14, 20, 37, 52, 71, 87, 92, 99, 102, 103, 116, 187, 191, 202, 214, 255], size=16
Cluster 7: [49, 69, 74, 79, 105, 109, 129, 141, 143, 149, 163, 177, 183, 186, 242, 244], size=16
Cluster 8: [6, 9, 15, 19, 24, 30, 120, 139, 164, 167, 180, 185, 208, 229, 252, 253], size=16
Cluster 9: [16, 18, 25, 38, 45, 55, 60, 66, 67, 127, 148, 176, 181, 184, 215, 220], size=16
Cluster 10: [5, 12, 29, 31, 73, 82, 113, 115, 126, 132, 154, 170, 219, 225, 237, 245], size=16
Cluster 11: [22, 26, 28, 41, 51, 76, 78, 93, 95, 112, 118, 119, 140, 168, 240, 247], size=16
Cluster 12: [3, 4, 11, 36, 43, 46, 61, 64, 77, 100, 128, 133, 145, 153, 165, 231], size=16
Cluster 13: [7, 13, 50, 58, 63, 72, 80, 107, 171, 189, 211, 212, 213, 226, 233, 238], size=16
Cluster 14: [1, 57, 106, 117, 121, 123, 130, 151, 157, 160, 179, 188, 199, 203, 210, 241], size=16
Cluster 15: [33, 56, 84, 97, 101, 104, 110, 111, 124, 166, 192, 197, 201, 204, 205, 207], size=16

Cluster Binary GPU bilanciati
------------------------------
Cluster 0: [48, 114, 136, 198, 200, 206, 209, 217, 222, 224, 227, 228, 230, 234, 235, 236], size=16
Cluster 1: [10, 68, 75, 86, 96, 108, 137, 144, 152, 158, 172, 178, 190, 196, 223, 239], size=16
Cluster 2: [0, 35, 42, 65, 85, 90, 125, 146, 150, 155, 162, 173, 193, 243, 246, 251], size=16
Cluster 3: [2, 27, 32, 62, 98, 122, 135, 138, 142, 147, 159, 182, 194, 232, 250, 254], size=16
Cluster 4: [23, 34, 39, 40, 44, 47, 53, 70, 81, 94, 156, 161, 175, 195, 216, 249], size=16
Cluster 5: [8, 17, 21, 54, 59, 83, 88, 89, 91, 131, 134, 169, 174, 218, 221, 248], size=16
Cluster 6: [14, 20, 37, 52, 71, 87, 92, 99, 102, 103, 116, 187, 191, 202, 214, 255], size=16
Cluster 7: [49, 69, 74, 79, 105, 109, 129, 141, 143, 149, 163, 177, 183, 186, 242, 244], size=16
Cluster 8: [6, 9, 15, 19, 24, 30, 120, 139, 164, 167, 180, 185, 208, 229, 252, 253], size=16
Cluster 9: [16, 18, 25, 38, 45, 55, 60, 66, 67, 127, 148, 176, 181, 184, 215, 220], size=16
Cluster 10: [5, 12, 29, 31, 73, 82, 113, 115, 126, 132, 154, 170, 219, 225, 237, 245], size=16
Cluster 11: [22, 26, 28, 41, 51, 76, 78, 93, 95, 112, 118, 119, 140, 168, 240, 247], size=16
Cluster 12: [3, 4, 11, 36, 43, 46, 61, 64, 77, 100, 128, 133, 145, 153, 165, 231], size=16
Cluster 13: [7, 13, 50, 58, 63, 72, 80, 107, 171, 189, 211, 212, 213, 226, 233, 238], size=16
Cluster 14: [1, 57, 106, 117, 121, 123, 130, 151, 157, 160, 179, 188, 199, 203, 210, 241], size=16
Cluster 15: [33, 56, 84, 97, 101, 104, 110, 111, 124, 166, 192, 197, 201, 204, 205, 207], size=16

========================================================================
LABEL NELL'ORDINE PERMUTATO
========================================================================
Ground truth:
[14  0  4 12  7 11 15 10  0  1 11 13 14 13  8  4 12  0  6  1 14  1  7  9  2  7 15 13  0 10 11  6  9 11 13  1  5  1  4  8 12 11 14 11  2  4
  1  4 13 12 11  2  8  5  3 13  6  8  7  3  6 10 15  7 14  9  6 11  4  7  9  4  8  6  7 15  7 15  5  1 10  5  6  0  3  8  9 10  4 11  5 13
 14  1  0  2  1  2  7  1  7  5 10 15  3 15  5  9 12  4  2  7  9  4  9  1 15 10  7 12  8  0  0  4  2  6 12  9 11 15  6  2  3 12  8  0 15 14
  1 14  0  7  2  9 11  8  3  8  8 14 12  4 12  4  2 10  9  2  7  9  1 12 15  5  2 15  2  5 12 10  2  9 10  0  6  3  8 14 12 14  3 10  5  2
 13  0 10 13  6  5  5 14 14  5  0  0  3 13  8  1 10  4 14  8 13 14  3  3  6  3 13 10 13 11 15 12 14 10  3 13  3  5  1  3 12 10 15 11 11  8
  2  9 15  0  3  9  8  9  6  6  7  5 12  4 13 13  7 15  1 11  4  6  0  5 11  6]

GMC diretto:
[ 0  0  1  0  2  3  4  5  6  7  3  0  0  0  0  0  0  0  0  0  0  0  0  0  0  8  0  0  0  3  0  9  0  0  0  0 10  0  0  0  0  3  0  0  0  0
  0  0  0  0  4  0  0  3  0  5  9  0  0  0  9  0  0 11  0  0  1  2  0  0  0  4  0  1  3  0  0  4 10  0  5  0  9  6  8  0  0  0  0  2 10  0
  0  0  6  0  0  0  0  6  0  0  0  0  0  0  0  0  0  0  5 12  0 13  0 11  0  5  0  0  0  0  0  0  0  9  8  0  0  0  1  0  0  0  0  0  0  0
  0  0  0  0  0  0  0  0  0  7  0  0  0  0  0  0  0  5  2  0  2  0  0  0  2 10  0 14  0 10  0  0  0  0 10  6  1  0  0  0  0  0 14  0  0  0
  0  6  5 12  9 10 10  0 15 13  0  0  0 12  7  0  0  0  0  0 12 15  0  0  9  0  0  0  0  3  0  0  0  0  0 12  0 10  0  0  0  5  0  0  0  0
  0  6  0  6  0 14  0  0  0  1  0 10  0  0  0  0  0  0  0  3  0  0  0  4  3  1]

Binary originale:
[ 0  8  7  1 13  9  7 10  8  9  9  4  0  1  3  2 14  8  2  9  0  9  9  5 14 14  9  9  1 11  9 14  8  4  1  9  5  9  2  3  3 11  1  9  9  9
  9 12  9 14  7  9  7 15  8 10 14  7 12  9 14  1  9  8  8  5  1  4  9  0  5  7  7  7 11  5  9  2  5  8 10  9 14  8 14  9  9  1  2  7  2 10
  9  9  8  2  9  2  9 12  1  9  1  1  9  9  9  5 14  9  9  9  1  9  1  8  9 10  9  1  9  1  1  8  9 11 14  5  7  2  1  8  9  0  3  8  2  0
  1  9  8  1  1  5  4  3  1  3  9  1  1  2 15  9  4 10  5  1 13  9  1 15  4  1  2  6  1  5  1  1  9  9  5  8  7  4  9 12  0  9  6  7  9  1
  9  8 10  2 14  2  2  7  0  2  5  8  1  1  3  1 14  9  9  3  0  0  9  1 11  9  9  1  9  9  7 15  0  1  9  1  0  1  1  9  8 10  2  4  2  7
  2  8  9  8  5  6 11  9  1  2  2  1  2  7  1  9  9  2  1 11  1 11  1  2  9  1]

Binary bilanciato:
[ 0  8  7  0 14  9  7 13  8  9  9  5  0  0  5  3 14  8  3  9  0  9  9  6 15 15  9  9  0 14 10 15  8  5  0 10  6 10  3  5  5 14  1 10 10 10
 10 14 10 15  7 10  7 15  8 13 15  7 14 10 15  1 10  8  8  6  1  5 10  0  6  7  7  7 14  6 10  3  6  8 13 10 15  8 15 10 10  1  3  7  3 13
 11 11  8  4 11  4 11 14  1 11  1  1 11 11 11  6 15 11 11 11  1 11  1  8 11 13 11  1 11  1  1  8 11 14 15  6  7  4  1  8 12  0  5  9  4  0
  1 12  9  1  1  6  5  5  2  5 12  2  2  4 15 12  5 13  6  2 14 12  2 15  5  2  4  7  2  6  2  2 12 12  6  9  7  6 12 14  0 12  7  7 12  2
 12  9 13  4 15  4  4  7  0  4  6  9  2  2  5  2 15 12 12  5  0  0 12  2 14 12 12  2 13 13  8 15  0  2 13  3  0  3  3 13  9 14  4  6  4  8
  4  9 13  9  6  7 14 13  3  4  4  3  4  8  3 13 13  5  3 14  3 14  3  5 13  3]

========================================================================
STRUTTURA DELL'ALBERO BINARY
========================================================================
node= 0 | level=0 | parent=None | left=   1 | right=   2 | size=256 | indici originali=[0, 1, 2, 3, 4, 5, 6, 7, 8, 9, 10, 11, 12, 13, 14, 15, 16, 17, 18, 19, 20, 21, 22, 23, 24, 25, 26, 27, 28, 29, 30, 31, 32, 33, 34, 35, 36, 37, 38, 39, 40, 41, 42, 43, 44, 45, 46, 47, 48, 49, 50, 51, 52, 53, 54, 55, 56, 57, 58, 59, 60, 61, 62, 63, 64, 65, 66, 67, 68, 69, 70, 71, 72, 73, 74, 75, 76, 77, 78, 79, 80, 81, 82, 83, 84, 85, 86, 87, 88, 89, 90, 91, 92, 93, 94, 95, 96, 97, 98, 99, 100, 101, 102, 103, 104, 105, 106, 107, 108, 109, 110, 111, 112, 113, 114, 115, 116, 117, 118, 119, 120, 121, 122, 123, 124, 125, 126, 127, 128, 129, 130, 131, 132, 133, 134, 135, 136, 137, 138, 139, 140, 141, 142, 143, 144, 145, 146, 147, 148, 149, 150, 151, 152, 153, 154, 155, 156, 157, 158, 159, 160, 161, 162, 163, 164, 165, 166, 167, 168, 169, 170, 171, 172, 173, 174, 175, 176, 177, 178, 179, 180, 181, 182, 183, 184, 185, 186, 187, 188, 189, 190, 191, 192, 193, 194, 195, 196, 197, 198, 199, 200, 201, 202, 203, 204, 205, 206, 207, 208, 209, 210, 211, 212, 213, 214, 215, 216, 217, 218, 219, 220, 221, 222, 223, 224, 225, 226, 227, 228, 229, 230, 231, 232, 233, 234, 235, 236, 237, 238, 239, 240, 241, 242, 243, 244, 245, 246, 247, 248, 249, 250, 251, 252, 253, 254, 255]
node= 1 | level=1 | parent=   0 | left=   3 | right=   4 | size=131 | indici originali=[0, 2, 8, 10, 14, 17, 20, 21, 23, 27, 32, 34, 35, 37, 39, 40, 42, 44, 47, 48, 49, 52, 53, 54, 59, 62, 65, 68, 69, 70, 71, 74, 75, 79, 81, 83, 85, 86, 87, 88, 89, 90, 91, 92, 94, 96, 98, 99, 102, 103, 105, 108, 109, 114, 116, 122, 125, 129, 131, 134, 135, 136, 137, 138, 139, 141, 142, 143, 144, 146, 147, 149, 150, 152, 155, 156, 158, 159, 161, 162, 163, 169, 172, 173, 174, 175, 177, 178, 182, 183, 186, 187, 190, 191, 193, 194, 195, 196, 198, 200, 202, 206, 209, 214, 216, 217, 218, 221, 222, 223, 224, 227, 228, 229, 230, 232, 234, 235, 236, 239, 242, 243, 244, 246, 248, 249, 250, 251, 252, 254, 255]
node= 2 | level=1 | parent=   0 | left=   5 | right=   6 | size=125 | indici originali=[1, 3, 4, 5, 6, 7, 9, 11, 12, 13, 15, 16, 18, 19, 22, 24, 25, 26, 28, 29, 30, 31, 33, 36, 38, 41, 43, 45, 46, 50, 51, 55, 56, 57, 58, 60, 61, 63, 64, 66, 67, 72, 73, 76, 77, 78, 80, 82, 84, 93, 95, 97, 100, 101, 104, 106, 107, 110, 111, 112, 113, 115, 117, 118, 119, 120, 121, 123, 124, 126, 127, 128, 130, 132, 133, 140, 145, 148, 151, 153, 154, 157, 160, 164, 165, 166, 167, 168, 170, 171, 176, 179, 180, 181, 184, 185, 188, 189, 192, 197, 199, 201, 203, 204, 205, 207, 208, 210, 211, 212, 213, 215, 219, 220, 225, 226, 231, 233, 237, 238, 240, 241, 245, 247, 253]
node= 3 | level=2 | parent=   1 | left=   9 | right=  10 | size=115 | indici originali=[0, 2, 8, 10, 14, 17, 20, 21, 23, 27, 32, 34, 35, 37, 39, 40, 42, 44, 47, 48, 49, 52, 53, 54, 59, 62, 65, 68, 70, 71, 75, 81, 83, 85, 86, 87, 88, 89, 90, 91, 92, 94, 96, 98, 99, 102, 103, 108, 114, 116, 122, 125, 131, 134, 135, 136, 137, 138, 142, 144, 146, 147, 149, 150, 152, 155, 156, 158, 159, 161, 162, 169, 172, 173, 174, 175, 178, 182, 187, 190, 191, 193, 194, 195, 196, 198, 200, 202, 206, 209, 214, 216, 217, 218, 221, 222, 223, 224, 227, 228, 230, 232, 234, 235, 236, 239, 243, 244, 246, 248, 249, 250, 251, 254, 255]
node= 4 | level=2 | parent=   1 | left=None | right=None | size=16 | indici originali=[69, 74, 79, 105, 109, 129, 139, 141, 143, 163, 177, 183, 186, 229, 242, 252]
node= 5 | level=2 | parent=   2 | left=   7 | right=   8 | size=121 | indici originali=[1, 3, 4, 5, 6, 7, 9, 11, 12, 13, 15, 16, 18, 19, 22, 24, 25, 26, 28, 29, 30, 31, 33, 36, 38, 41, 43, 45, 46, 50, 51, 55, 56, 57, 58, 60, 61, 63, 64, 66, 67, 72, 73, 76, 77, 78, 80, 82, 93, 95, 97, 100, 101, 104, 106, 107, 110, 111, 112, 113, 115, 117, 118, 119, 120, 121, 123, 124, 126, 127, 128, 130, 132, 133, 140, 145, 148, 151, 153, 154, 157, 160, 164, 165, 166, 167, 168, 170, 171, 176, 179, 180, 181, 184, 185, 188, 189, 199, 201, 203, 204, 205, 208, 210, 211, 212, 213, 215, 219, 220, 225, 226, 231, 233, 237, 238, 240, 241, 245, 247, 253]
node= 6 | level=2 | parent=   2 | left=None | right=None | size= 4 | indici originali=[84, 192, 197, 207]
node= 7 | level=3 | parent=   5 | left=  13 | right=  14 | size=108 | indici originali=[1, 3, 4, 5, 6, 7, 9, 11, 12, 13, 15, 16, 18, 19, 22, 24, 25, 26, 28, 29, 30, 31, 36, 38, 41, 43, 45, 46, 50, 51, 55, 57, 58, 60, 61, 63, 64, 66, 67, 72, 73, 76, 77, 78, 80, 82, 93, 95, 100, 106, 107, 112, 113, 115, 117, 118, 119, 120, 121, 123, 126, 127, 128, 130, 132, 133, 140, 145, 148, 151, 153, 154, 157, 160, 164, 165, 167, 168, 170, 171, 176, 179, 180, 181, 184, 185, 188, 189, 203, 208, 210, 211, 212, 213, 215, 219, 220, 225, 226, 231, 233, 237, 238, 240, 241, 245, 247, 253]
node= 8 | level=3 | parent=   5 | left=None | right=None | size=13 | indici originali=[33, 56, 97, 101, 104, 110, 111, 124, 166, 199, 201, 204, 205]
node= 9 | level=3 | parent=   3 | left=  11 | right=  12 | size=112 | indici originali=[0, 2, 8, 10, 14, 17, 20, 21, 23, 27, 32, 34, 35, 37, 39, 40, 42, 44, 47, 48, 52, 53, 54, 59, 62, 65, 68, 70, 71, 75, 81, 83, 85, 86, 87, 88, 89, 90, 91, 92, 94, 96, 98, 99, 102, 103, 108, 114, 116, 122, 125, 131, 134, 135, 136, 137, 138, 142, 144, 146, 147, 150, 152, 155, 156, 158, 159, 161, 162, 169, 172, 173, 174, 175, 178, 182, 187, 190, 191, 193, 194, 195, 196, 198, 200, 202, 206, 209, 214, 216, 217, 218, 221, 222, 223, 224, 227, 228, 230, 232, 234, 235, 236, 239, 243, 246, 248, 249, 250, 251, 254, 255]
node=10 | level=3 | parent=   3 | left=None | right=None | size= 3 | indici originali=[49, 149, 244]
node=11 | level=4 | parent=   9 | left=None | right=None | size=12 | indici originali=[48, 114, 198, 200, 209, 224, 227, 228, 230, 234, 235, 236]
node=12 | level=4 | parent=   9 | left=  17 | right=  18 | size=100 | indici originali=[0, 2, 8, 10, 14, 17, 20, 21, 23, 27, 32, 34, 35, 37, 39, 40, 42, 44, 47, 52, 53, 54, 59, 62, 65, 68, 70, 71, 75, 81, 83, 85, 86, 87, 88, 89, 90, 91, 92, 94, 96, 98, 99, 102, 103, 108, 116, 122, 125, 131, 134, 135, 136, 137, 138, 142, 144, 146, 147, 150, 152, 155, 156, 158, 159, 161, 162, 169, 172, 173, 174, 175, 178, 182, 187, 190, 191, 193, 194, 195, 196, 202, 206, 214, 216, 217, 218, 221, 222, 223, 232, 239, 243, 246, 248, 249, 250, 251, 254, 255]
node=13 | level=4 | parent=   7 | left=  15 | right=  16 | size=106 | indici originali=[1, 3, 4, 5, 6, 7, 9, 11, 12, 13, 15, 16, 18, 19, 22, 24, 25, 26, 28, 29, 30, 31, 36, 38, 41, 43, 45, 46, 50, 51, 55, 57, 58, 60, 61, 63, 64, 66, 67, 72, 73, 76, 77, 78, 80, 82, 93, 95, 100, 106, 107, 112, 113, 115, 118, 119, 120, 121, 126, 127, 128, 130, 132, 133, 140, 145, 148, 151, 153, 154, 157, 160, 164, 165, 167, 168, 170, 171, 176, 179, 180, 181, 184, 185, 188, 189, 203, 208, 210, 211, 212, 213, 215, 219, 220, 225, 226, 231, 233, 237, 238, 240, 241, 245, 247, 253]
node=14 | level=4 | parent=   7 | left=None | right=None | size= 2 | indici originali=[117, 123]
node=15 | level=5 | parent=  13 | left=None | right=None | size=21 | indici originali=[1, 3, 4, 5, 6, 7, 9, 11, 12, 13, 15, 26, 29, 36, 55, 77, 126, 148, 157, 203, 225]
node=16 | level=5 | parent=  13 | left=  21 | right=  22 | size=85 | indici originali=[16, 18, 19, 22, 24, 25, 28, 30, 31, 38, 41, 43, 45, 46, 50, 51, 57, 58, 60, 61, 63, 64, 66, 67, 72, 73, 76, 78, 80, 82, 93, 95, 100, 106, 107, 112, 113, 115, 118, 119, 120, 121, 127, 128, 130, 132, 133, 140, 145, 151, 153, 154, 160, 164, 165, 167, 168, 170, 171, 176, 179, 180, 181, 184, 185, 188, 189, 208, 210, 211, 212, 213, 215, 219, 220, 226, 231, 233, 237, 238, 240, 241, 245, 247, 253]
node=17 | level=5 | parent=  12 | left=  19 | right=  20 | size=86 | indici originali=[0, 2, 10, 14, 17, 20, 21, 23, 27, 32, 34, 35, 37, 39, 40, 42, 44, 47, 53, 54, 59, 62, 65, 68, 70, 71, 75, 81, 83, 85, 87, 88, 89, 91, 92, 96, 98, 99, 102, 103, 108, 116, 122, 125, 131, 134, 135, 136, 137, 138, 142, 150, 155, 161, 162, 169, 172, 173, 174, 178, 182, 187, 190, 191, 193, 194, 195, 196, 202, 206, 214, 216, 217, 218, 221, 222, 223, 232, 239, 243, 248, 249, 250, 251, 254, 255]
node=18 | level=5 | parent=  12 | left=None | right=None | size=14 | indici originali=[8, 52, 86, 90, 94, 144, 146, 147, 152, 156, 158, 159, 175, 246]
node=19 | level=6 | parent=  17 | left=  25 | right=  26 | size=78 | indici originali=[0, 2, 10, 14, 17, 20, 21, 23, 27, 32, 34, 35, 37, 39, 40, 42, 47, 54, 59, 62, 65, 68, 70, 71, 75, 81, 83, 85, 87, 88, 89, 91, 92, 96, 98, 99, 102, 103, 108, 116, 122, 125, 131, 134, 135, 136, 137, 138, 142, 150, 155, 161, 162, 169, 172, 173, 174, 191, 193, 194, 195, 196, 202, 206, 214, 216, 217, 218, 221, 223, 232, 239, 243, 248, 250, 251, 254, 255]
node=20 | level=6 | parent=  17 | left=None | right=None | size= 8 | indici originali=[44, 53, 178, 182, 187, 190, 222, 249]
node=21 | level=6 | parent=  16 | left=  23 | right=  24 | size=81 | indici originali=[16, 18, 19, 24, 25, 28, 30, 31, 38, 41, 43, 45, 46, 50, 51, 57, 58, 60, 61, 63, 64, 66, 72, 73, 76, 78, 80, 82, 93, 95, 100, 106, 107, 112, 113, 115, 118, 119, 120, 121, 128, 130, 132, 133, 140, 145, 151, 153, 154, 160, 164, 165, 167, 168, 170, 171, 176, 179, 180, 181, 184, 185, 188, 189, 208, 210, 211, 212, 213, 215, 219, 220, 226, 231, 237, 238, 240, 241, 245, 247, 253]
node=22 | level=6 | parent=  16 | left=None | right=None | size= 4 | indici originali=[22, 67, 127, 233]
node=23 | level=7 | parent=  21 | left=  27 | right=  28 | size=73 | indici originali=[16, 18, 19, 24, 25, 28, 30, 31, 38, 41, 43, 45, 46, 50, 51, 57, 58, 60, 61, 63, 64, 66, 72, 73, 76, 78, 80, 82, 93, 95, 112, 113, 118, 119, 120, 121, 128, 132, 133, 140, 145, 151, 153, 154, 160, 165, 167, 168, 170, 171, 179, 180, 181, 184, 185, 189, 208, 210, 211, 212, 213, 215, 219, 220, 226, 231, 237, 238, 240, 241, 245, 247, 253]
node=24 | level=7 | parent=  21 | left=None | right=None | size= 8 | indici originali=[100, 106, 107, 115, 130, 164, 176, 188]
node=25 | level=7 | parent=  19 | left=  29 | right=  30 | size=70 | indici originali=[0, 2, 10, 14, 17, 20, 21, 23, 27, 32, 34, 35, 37, 39, 40, 42, 47, 54, 59, 62, 65, 68, 70, 71, 75, 81, 83, 85, 87, 88, 89, 91, 92, 96, 98, 99, 102, 103, 108, 116, 122, 125, 150, 155, 161, 162, 169, 172, 173, 174, 191, 193, 194, 195, 202, 206, 214, 216, 217, 218, 221, 223, 232, 239, 243, 248, 250, 251, 254, 255]
node=26 | level=7 | parent=  19 | left=None | right=None | size= 8 | indici originali=[131, 134, 135, 136, 137, 138, 142, 196]
node=27 | level=8 | parent=  23 | left=None | right=None | size=65 | indici originali=[16, 18, 19, 24, 25, 28, 30, 31, 38, 41, 43, 45, 46, 50, 51, 57, 58, 60, 61, 63, 64, 66, 72, 73, 76, 78, 80, 82, 93, 95, 112, 113, 118, 119, 120, 121, 128, 132, 133, 140, 145, 151, 153, 154, 179, 180, 181, 184, 185, 189, 208, 210, 211, 212, 213, 215, 226, 231, 237, 238, 240, 241, 245, 247, 253]
node=28 | level=8 | parent=  23 | left=None | right=None | size= 8 | indici originali=[160, 165, 167, 168, 170, 171, 219, 220]
node=29 | level=8 | parent=  25 | left=None | right=None | size=46 | indici originali=[0, 2, 10, 14, 17, 20, 21, 23, 27, 32, 34, 40, 47, 54, 59, 62, 71, 81, 87, 88, 98, 102, 103, 108, 122, 125, 150, 155, 161, 162, 169, 172, 173, 174, 193, 194, 195, 206, 214, 217, 218, 221, 223, 232, 239, 251]
node=30 | level=8 | parent=  25 | left=None | right=None | size=24 | indici originali=[35, 37, 39, 42, 65, 68, 70, 75, 83, 85, 89, 91, 92, 96, 99, 116, 191, 202, 216, 243, 248, 250, 254, 255]
End: Thu Aug  6 14:03:40 CEST 2026
