Job ID: 78249
Node: acnode03.e4red
CUDA_VISIBLE_DEVICES=0
Start: Fri Aug  7 14:48:53 CEST 2026
density: 100.0

========================================================================
MATRICE QUBO ORIGINALE
========================================================================
Shape                 : (256, 256)
Numero di variabili   : 256
Numero di cluster     : 16
Dimensione dei blocchi: 16
Matrice simmetrica    : True
Cluster ottimali      : [array([  1,   8,  17,  28,  83,  94, 121, 122, 135, 140, 173, 185, 194, 195, 233, 252]), array([  9,  19,  21,  35,  37,  46,  79,  93,  96,  99, 115, 138, 160, 199, 222, 248]), array([ 24,  44,  51,  95,  97, 110, 124, 131, 142, 154, 157, 164, 166, 170, 183, 230]), array([ 54,  59,  84, 104, 132, 146, 175, 180, 196, 206, 207, 209, 218, 220, 223, 234]), array([  2,  15,  38,  45,  47,  68,  71,  88, 109, 113, 123, 151, 153, 201, 243, 250]), array([ 36,  53,  78,  81,  90, 101, 106, 163, 167, 182, 189, 190, 193, 221, 241, 253]), array([ 18,  31,  56,  60,  66,  73,  82, 125, 130, 174, 188, 208, 238, 239, 251, 255]), array([  4,  22,  25,  58,  63,  69,  74,  76,  98, 100, 111, 118, 141, 158, 240, 246]), array([ 14,  39,  52,  57,  72,  85, 120, 134, 145, 147, 148, 176, 198, 203, 229, 236]), array([ 23,  32,  65,  70,  86, 107, 112, 114, 127, 143, 156, 159, 171, 231, 235, 237]), array([  7,  29,  61,  80,  87, 102, 117, 155, 169, 172, 181, 186, 200, 211, 217, 225]), array([  5,  10,  30,  33,  41,  43,  50,  67,  89, 128, 144, 213, 227, 228, 249, 254]), array([  3,  16,  40,  49, 108, 119, 126, 133, 150, 152, 161, 168, 178, 215, 224, 242]), array([ 11,  13,  27,  34,  48,  55,  91, 184, 187, 197, 204, 210, 212, 219, 244, 245]), array([  0,  12,  20,  42,  64,  92, 137, 139, 149, 177, 179, 191, 192, 202, 205, 216]), array([  6,  26,  62,  75,  77, 103, 105, 116, 129, 136, 162, 165, 214, 226, 232, 247])]
[GMC-CPU] iter=1 components=1 lambda=2 eigenvalues=[-1.0699622808677797e-16, 0.18941926574561574, 0.21937110090597117, 0.24889705415682972, 0.2599808485721285, 0.2626308626853939, 0.27033797653702013, 0.2733349782080435, 0.29232585487603774, 0.2968260984727132, 0.303588317957251, 0.3227223827940931, 0.3307510397845028, 0.33630360848767515, 0.33955340682297647, 0.35414830470716396]
[GMC-CPU] iter=2 components=1 lambda=4 eigenvalues=[-2.8524449922163056e-16, 0.12345863370833231, 0.13527971270074324, 0.14712113780717945, 0.15711161263711676, 0.1705607049145349, 0.17206979629342256, 0.17399768249926872, 0.19572677321118948, 0.2112859469308765, 0.220636861205515, 0.24243885118500508, 0.2566779079009278, 0.2640669029806479, 0.2692130986597489, 0.2880461658076536]
[GMC-CPU] iter=3 components=1 lambda=8 eigenvalues=[3.5381286735343556e-16, 0.029053038211561376, 0.05465056132698777, 0.055467587131238075, 0.060123393347543276, 0.0667841449496317, 0.07505038503414072, 0.09357389647577564, 0.10095255414954313, 0.103423558763654, 0.11162881555793147, 0.11692945028965804, 0.12543303534955458, 0.14800556995041664, 0.1800561543223177, 0.2011214759611591]
[GMC-CPU] iter=4 components=2 lambda=16 eigenvalues=[-1.2270241686635843e-16, -1.2270241686635843e-16, 0.005142952038572901, 0.008729288324018813, 0.018417885298413077, 0.020707789031401993, 0.02241943578556517, 0.03146156982271378, 0.03511795323275484, 0.038550519233498864, 0.04204216020164475, 0.05266958722285328, 0.0574517177987551, 0.06224580309952529, 0.07621686281860246, 0.11425732552650503]
[GMC-CPU] iter=5 components=14 lambda=32 eigenvalues=[-6.077118163733247e-16, -7.595321800505133e-17, -7.595321800505133e-17, -7.595321800505133e-17, -7.595321800505133e-17, -7.595321800505133e-17, -7.595321800505133e-17, -7.595321800505133e-17, -7.595321800505133e-17, 4.558053803632221e-16, 4.558053803632221e-16, 4.558053803632221e-16, 4.558053803632221e-16, 4.558053803632221e-16, 0.021423907380364815, 0.052406186376237604]
[GMC-CPU] iter=6 components=15 lambda=64 eigenvalues=[-3.9976661568715455e-16, -3.9976661568715455e-16, -3.9976661568715455e-16, -3.9976661568715455e-16, 2.291988804550473e-16, 2.291988804550473e-16, 2.291988804550473e-16, 2.291988804550473e-16, 2.291988804550473e-16, 2.291988804550473e-16, 2.291988804550473e-16, 2.291988804550473e-16, 2.291988804550473e-16, 2.291988804550473e-16, 8.581643765972491e-16, 0.01966356879616716]
[GMC-CPU] iter=7 components=15 lambda=128 eigenvalues=[-4.797312497658026e-16, -4.797312497658026e-16, -4.797312497658026e-16, -4.797312497658026e-16, -4.797312497658026e-16, -4.797312497658026e-16, 2.6556058175531665e-16, 2.6556058175531665e-16, 2.6556058175531665e-16, 2.6556058175531665e-16, 2.6556058175531665e-16, 2.6556058175531665e-16, 2.6556058175531665e-16, 2.6556058175531665e-16, 2.6556058175531665e-16, 0.005682527053283931]
[GMC-CPU] iter=8 components=15 lambda=256 eigenvalues=[-9.09334506823258e-16, -2.0253744741343154e-16, -2.0253744741343154e-16, -2.0253744741343154e-16, -2.0253744741343154e-16, -2.0253744741343154e-16, -2.0253744741343154e-16, -2.0253744741343154e-16, -2.0253744741343154e-16, -2.0253744741343154e-16, 5.04259611996395e-16, 5.04259611996395e-16, 5.04259611996395e-16, 5.04259611996395e-16, 5.04259611996395e-16, 0.0021702290011875367]
[GMC-CPU] iter=9 components=16 lambda=256 eigenvalues=[-1.173890279842084e-15, -4.2376031630706713e-16, -4.2376031630706713e-16, -4.2376031630706713e-16, -4.8695334539558687e-17, -4.8695334539558687e-17, -4.8695334539558687e-17, -4.8695334539558687e-17, -4.8695334539558687e-17, 3.2636964722794976e-16, 3.2636964722794976e-16, 3.2636964722794976e-16, 3.2636964722794976e-16, 3.2636964722794976e-16, 7.014346289954582e-16, 7.014346289954582e-16]
Fine GMC diretto.
[GMC-CPU] iter=1 components=1 lambda=2 eigenvalues=[-2.9604662904485433e-16, 0.21313281052567232]
[GMC-CPU] iter=2 components=1 lambda=4 eigenvalues=[4.575620383252924e-16, 0.19492738774699273]
[GMC-CPU] iter=3 components=1 lambda=8 eigenvalues=[-5.605147451588481e-17, 0.16435966363382404]
[GMC-CPU] iter=4 components=1 lambda=16 eigenvalues=[-1.2783660428826498e-16, 0.1183730398333542]
[GMC-CPU] iter=5 components=1 lambda=32 eigenvalues=[2.4967641892256885e-16, 0.06718715091149428]
[GMC-CPU] iter=6 components=1 lambda=64 eigenvalues=[8.939123146217428e-17, 0.02317664497011647]
[GMC-CPU] iter=7 components=1 lambda=128 eigenvalues=[2.261539823699605e-16, 0.004460656583754543]
[GMC-CPU] iter=8 components=2 lambda=128 eigenvalues=[6.178154190015397e-17, 6.178154190015397e-17]
[Hierarchy-CPU] node=0 components=2 leaves=2 target=16
[GMC-CPU] iter=1 components=1 lambda=2 eigenvalues=[8.775132514727057e-17, 0.2313497886255972]
[GMC-CPU] iter=2 components=1 lambda=4 eigenvalues=[3.7832418107830515e-17, 0.15193581408626614]
[GMC-CPU] iter=3 components=1 lambda=8 eigenvalues=[1.2573399781702732e-16, 0.09191594584183879]
[GMC-CPU] iter=4 components=1 lambda=16 eigenvalues=[5.864490041530921e-16, 0.057431962505163726]
[GMC-CPU] iter=5 components=1 lambda=32 eigenvalues=[-3.147283840242057e-16, 0.002265881585194243]
[GMC-CPU] iter=6 components=2 lambda=32 eigenvalues=[-2.9098901863890625e-16, 3.378437085935133e-16]
[Hierarchy-CPU] node=2 components=2 leaves=3 target=16
[GMC-CPU] iter=1 components=1 lambda=2 eigenvalues=[2.661421562529484e-16, 0.2418869580828259]
[GMC-CPU] iter=2 components=1 lambda=4 eigenvalues=[-3.1519346508467945e-17, 0.18003041147011]
[GMC-CPU] iter=3 components=1 lambda=8 eigenvalues=[2.025906856047868e-16, 0.11297133581059733]
[GMC-CPU] iter=4 components=1 lambda=16 eigenvalues=[-6.782018962557406e-16, 0.05982245009646883]
[GMC-CPU] iter=5 components=1 lambda=32 eigenvalues=[-2.173293340866736e-16, 0.033547009482056134]
[GMC-CPU] iter=6 components=1 lambda=64 eigenvalues=[-8.018161701824869e-17, 0.022313241338378486]
[GMC-CPU] iter=7 components=2 lambda=64 eigenvalues=[-1.9890303715365928e-16, 1.9825631983512024e-16]
[Hierarchy-CPU] node=3 components=2 leaves=4 target=16
[GMC-CPU] iter=1 components=1 lambda=2 eigenvalues=[5.040513994906709e-16, 0.2809025611653132]
[GMC-CPU] iter=2 components=1 lambda=4 eigenvalues=[-4.073097154125269e-17, 0.23942124958405095]
[GMC-CPU] iter=3 components=1 lambda=8 eigenvalues=[-4.3325913317784764e-17, 0.1850137053856448]
[GMC-CPU] iter=4 components=1 lambda=16 eigenvalues=[-3.685751841227318e-16, 0.09725358266789734]
[GMC-CPU] iter=5 components=1 lambda=32 eigenvalues=[-8.946235683788259e-17, 0.013603873621415196]
[GMC-CPU] iter=6 components=2 lambda=32 eigenvalues=[1.990639300588909e-16, 1.990639300588909e-16]
[Hierarchy-CPU] node=1 components=2 leaves=5 target=16
[GMC-CPU] iter=1 components=1 lambda=2 eigenvalues=[-1.5574739336541228e-16, 0.2865304597654128]
[GMC-CPU] iter=2 components=1 lambda=4 eigenvalues=[2.5409837480167393e-16, 0.24392683752349903]
[GMC-CPU] iter=3 components=1 lambda=8 eigenvalues=[-7.914951390833077e-17, 0.16715537353092108]
[GMC-CPU] iter=4 components=1 lambda=16 eigenvalues=[1.112139696652031e-16, 0.08013326313376758]
[GMC-CPU] iter=5 components=1 lambda=32 eigenvalues=[1.1547842234768007e-17, 0.005775384487069474]
[GMC-CPU] iter=6 components=2 lambda=32 eigenvalues=[-3.673797785781188e-16, 1.8809709566242526e-16]
[Hierarchy-CPU] node=7 components=2 leaves=6 target=16
[GMC-CPU] iter=1 components=1 lambda=2 eigenvalues=[-3.735655389073057e-16, 0.2813599181006865]
[GMC-CPU] iter=2 components=1 lambda=4 eigenvalues=[1.4734488243496715e-16, 0.23528988311291782]
[GMC-CPU] iter=3 components=1 lambda=8 eigenvalues=[3.1078880426281366e-16, 0.15973860604091253]
[GMC-CPU] iter=4 components=1 lambda=16 eigenvalues=[-1.4536232568974826e-16, 0.08286479135108907]
[GMC-CPU] iter=5 components=1 lambda=32 eigenvalues=[-1.678558329775904e-17, 0.04179188817234075]
[GMC-CPU] iter=6 components=1 lambda=64 eigenvalues=[4.858120200880763e-16, 0.021426738627151044]
[GMC-CPU] iter=7 components=2 lambda=64 eigenvalues=[-4.354953570244407e-16, 1.4411485975597244e-16]
[Hierarchy-CPU] node=5 components=2 leaves=7 target=16
[GMC-CPU] iter=1 components=1 lambda=2 eigenvalues=[3.718425319250716e-16, 0.29030661375672207]
[GMC-CPU] iter=2 components=1 lambda=4 eigenvalues=[-2.0542988726745405e-17, 0.2501873905689538]
[GMC-CPU] iter=3 components=1 lambda=8 eigenvalues=[-8.25588918022301e-17, 0.1926870816717466]
[GMC-CPU] iter=4 components=1 lambda=16 eigenvalues=[-4.3319025466478e-16, 0.11061231066730703]
[GMC-CPU] iter=5 components=1 lambda=32 eigenvalues=[-2.248779521825326e-16, 0.04872062950328236]
[GMC-CPU] iter=6 components=1 lambda=64 eigenvalues=[6.360748089532423e-16, 0.018060218108939558]
[GMC-CPU] iter=7 components=2 lambda=64 eigenvalues=[-7.563805897230064e-16, -4.060701960457888e-16]
[Hierarchy-CPU] node=9 components=2 leaves=8 target=16
[GMC-CPU] iter=1 components=1 lambda=2 eigenvalues=[1.7393659592051335e-18, 0.2798814152988895]
[GMC-CPU] iter=2 components=1 lambda=4 eigenvalues=[5.562089395943153e-16, 0.2270548931886181]
[GMC-CPU] iter=3 components=1 lambda=8 eigenvalues=[-1.3949561213464287e-16, 0.15138099872318256]
[GMC-CPU] iter=4 components=1 lambda=16 eigenvalues=[7.59608263744827e-17, 0.07818856284905815]
[GMC-CPU] iter=5 components=1 lambda=32 eigenvalues=[1.8564613613643756e-16, 0.04401974776163884]
[GMC-CPU] iter=6 components=2 lambda=32 eigenvalues=[-1.14196538644432e-16, 2.7762866029579117e-16]
[Hierarchy-CPU] node=11 components=2 leaves=9 target=16
[GMC-CPU] iter=1 components=1 lambda=2 eigenvalues=[-1.3951249958370535e-16, 0.2880454965203301]
[GMC-CPU] iter=2 components=1 lambda=4 eigenvalues=[1.4292740412374914e-16, 0.2421083051218402]
[GMC-CPU] iter=3 components=1 lambda=8 eigenvalues=[6.273207740325304e-17, 0.16826559823007986]
[GMC-CPU] iter=4 components=1 lambda=16 eigenvalues=[3.2982768254336743e-17, 0.06918371485636449]
[GMC-CPU] iter=5 components=1 lambda=32 eigenvalues=[1.4665476921660729e-16, 0.013529258132150501]
[GMC-CPU] iter=6 components=2 lambda=32 eigenvalues=[-2.3139434286992578e-17, -2.3139434286992578e-17]
[Hierarchy-CPU] node=15 components=2 leaves=10 target=16
[GMC-CPU] iter=1 components=1 lambda=2 eigenvalues=[-1.20416319013115e-16, 0.2576374499990943]
[GMC-CPU] iter=2 components=1 lambda=4 eigenvalues=[-5.284055491203643e-16, 0.18906574712741753]
[GMC-CPU] iter=3 components=1 lambda=8 eigenvalues=[6.026122793180899e-17, 0.1257701600657673]
[GMC-CPU] iter=4 components=1 lambda=16 eigenvalues=[-2.2068189850355144e-16, 0.06287362690146464]
[GMC-CPU] iter=5 components=1 lambda=32 eigenvalues=[1.27292451137667e-16, 0.015388445233707283]
[GMC-CPU] iter=6 components=2 lambda=32 eigenvalues=[-6.7935739052253736e-18, 3.7318355401124266e-16]
[Hierarchy-CPU] node=13 components=2 leaves=11 target=16
[GMC-CPU] iter=1 components=1 lambda=2 eigenvalues=[3.1823050343789093e-16, 0.28448043784700794]
[GMC-CPU] iter=2 components=1 lambda=4 eigenvalues=[4.638280224677368e-16, 0.22097243464504174]
[GMC-CPU] iter=3 components=1 lambda=8 eigenvalues=[-6.003727889907936e-17, 0.0919307271955058]
[GMC-CPU] iter=4 components=2 lambda=8 eigenvalues=[-1.8271242305201708e-16, 4.3651162362894463e-16]
[Hierarchy-CPU] node=20 components=2 leaves=12 target=16
[GMC-CPU] iter=1 components=1 lambda=2 eigenvalues=[6.24292974323032e-17, 0.27810179497996634]
[GMC-CPU] iter=2 components=1 lambda=4 eigenvalues=[-1.1477345821117034e-16, 0.22117450963697952]
[GMC-CPU] iter=3 components=1 lambda=8 eigenvalues=[3.7266246541163726e-19, 0.14494765338947202]
[GMC-CPU] iter=4 components=1 lambda=16 eigenvalues=[1.2839226057342924e-16, 0.059234293940332715]
[GMC-CPU] iter=5 components=1 lambda=32 eigenvalues=[-3.1797992608918824e-17, 0.02904747424720247]
[GMC-CPU] iter=6 components=1 lambda=64 eigenvalues=[-3.326723241885809e-16, 0.004424541720048353]
[GMC-CPU] iter=7 components=2 lambda=64 eigenvalues=[-2.7076507709728666e-16, 3.4453599776173355e-17]
[Hierarchy-CPU] node=17 components=2 leaves=13 target=16
[GMC-CPU] iter=1 components=1 lambda=2 eigenvalues=[3.5756017253556886e-17, 0.2845261413497062]
[GMC-CPU] iter=2 components=1 lambda=4 eigenvalues=[2.917639128548295e-16, 0.2172173392882577]
[GMC-CPU] iter=3 components=1 lambda=8 eigenvalues=[-5.750728312554824e-16, 0.13182794104468587]
[GMC-CPU] iter=4 components=1 lambda=16 eigenvalues=[1.4385158416956319e-16, 0.05407570717411589]
[GMC-CPU] iter=5 components=1 lambda=32 eigenvalues=[1.3779157189061307e-17, 0.028715993390433864]
[GMC-CPU] iter=6 components=1 lambda=64 eigenvalues=[-7.07431572389055e-17, 0.01779580609244743]
[GMC-CPU] iter=7 components=1 lambda=128 eigenvalues=[6.437549224631905e-16, 0.016659103342227623]
[GMC-CPU] iter=8 components=1 lambda=256 eigenvalues=[-3.484057090994271e-17, 0.0061012259819045005]
[GMC-CPU] iter=9 components=2 lambda=256 eigenvalues=[-1.0731021304351449e-17, -1.0731021304351449e-17]
[Hierarchy-CPU] node=21 components=2 leaves=14 target=16
[GMC-CPU] iter=1 components=1 lambda=2 eigenvalues=[-5.063961319373185e-16, 0.3033116949241182]
[GMC-CPU] iter=2 components=1 lambda=4 eigenvalues=[-9.51584361951921e-17, 0.2599990924520181]
[GMC-CPU] iter=3 components=1 lambda=8 eigenvalues=[6.687299727575859e-16, 0.19644848869089176]
[GMC-CPU] iter=4 components=1 lambda=16 eigenvalues=[2.0487922274069702e-16, 0.11368374185466865]
[GMC-CPU] iter=5 components=1 lambda=32 eigenvalues=[5.324589952954219e-16, 0.035531006186943104]
[GMC-CPU] iter=6 components=1 lambda=64 eigenvalues=[3.103215366874614e-16, 0.011608733672117056]
[GMC-CPU] iter=7 components=2 lambda=64 eigenvalues=[-3.0608263055115153e-16, -3.0608263055115153e-16]
[Hierarchy-CPU] node=25 components=2 leaves=15 target=16
[GMC-CPU] iter=1 components=1 lambda=2 eigenvalues=[5.683578628146985e-17, 0.27789358683439036]
[GMC-CPU] iter=2 components=1 lambda=4 eigenvalues=[3.261261992213975e-17, 0.1960791015788449]
[GMC-CPU] iter=3 components=1 lambda=8 eigenvalues=[-4.0311958898043377e-16, 0.12051307234681499]
[GMC-CPU] iter=4 components=1 lambda=16 eigenvalues=[-7.988274011618297e-17, 0.06189411692086427]
[GMC-CPU] iter=5 components=2 lambda=16 eigenvalues=[8.47078234053867e-18, 3.542417506465088e-16]
[Hierarchy-CPU] node=23 components=2 leaves=16 target=16
GPU disponibile.

Esecuzione del GMC GPU in modalità parallela.
[Hierarchy-GPU] level=0 nodes=1 workers=1 sizes=[256]
End: Fri Aug  7 14:48:56 CEST 2026
