Job ID: 78250
Node: acnode03.e4red
CUDA_VISIBLE_DEVICES=0
Start: Fri Aug  7 14:49:29 CEST 2026
density: 100.0

========================================================================
MATRICE QUBO ORIGINALE
========================================================================
Shape                 : (256, 256)
Numero di variabili   : 256
Numero di cluster     : 16
Dimensione dei blocchi: 16
Matrice simmetrica    : True
Cluster ottimali      : [array([  1,   8,  17,  28,  83,  94, 121, 122, 135, 140, 173, 185, 194, 195, 233, 252]), array([  9,  19,  21,  35,  37,  46,  79,  93,  96,  99, 115, 138, 160, 199, 222, 248]), array([ 24,  44,  51,  95,  97, 110, 124, 131, 142, 154, 157, 164, 166, 170, 183, 230]), array([ 54,  59,  84, 104, 132, 146, 175, 180, 196, 206, 207, 209, 218, 220, 223, 234]), array([  2,  15,  38,  45,  47,  68,  71,  88, 109, 113, 123, 151, 153, 201, 243, 250]), array([ 36,  53,  78,  81,  90, 101, 106, 163, 167, 182, 189, 190, 193, 221, 241, 253]), array([ 18,  31,  56,  60,  66,  73,  82, 125, 130, 174, 188, 208, 238, 239, 251, 255]), array([  4,  22,  25,  58,  63,  69,  74,  76,  98, 100, 111, 118, 141, 158, 240, 246]), array([ 14,  39,  52,  57,  72,  85, 120, 134, 145, 147, 148, 176, 198, 203, 229, 236]), array([ 23,  32,  65,  70,  86, 107, 112, 114, 127, 143, 156, 159, 171, 231, 235, 237]), array([  7,  29,  61,  80,  87, 102, 117, 155, 169, 172, 181, 186, 200, 211, 217, 225]), array([  5,  10,  30,  33,  41,  43,  50,  67,  89, 128, 144, 213, 227, 228, 249, 254]), array([  3,  16,  40,  49, 108, 119, 126, 133, 150, 152, 161, 168, 178, 215, 224, 242]), array([ 11,  13,  27,  34,  48,  55,  91, 184, 187, 197, 204, 210, 212, 219, 244, 245]), array([  0,  12,  20,  42,  64,  92, 137, 139, 149, 177, 179, 191, 192, 202, 205, 216]), array([  6,  26,  62,  75,  77, 103, 105, 116, 129, 136, 162, 165, 214, 226, 232, 247])]
[GMC-CPU] iter=1 components=1 lambda=2 eigenvalues=[-8.978015911227974e-16, 0.2077248276419716, 0.22492731914091546, 0.23238782079613512, 0.25224503983280755, 0.2579137577059889, 0.28375133312867196, 0.300899553165346, 0.322187501838907, 0.3304894739075813, 0.34007410492598733, 0.3418024686871435, 0.3484258660004852, 0.35730907269897616, 0.3652383884017568, 0.3655095774418615]
[GMC-CPU] iter=2 components=1 lambda=4 eigenvalues=[4.620851280223494e-16, 0.10243666105844437, 0.10844250706240977, 0.1104304745139757, 0.12139795746014242, 0.12840838588673115, 0.19791685964664413, 0.19860308774374313, 0.217939556475226, 0.24114296360364318, 0.25149585805267066, 0.26188818546092213, 0.2749738094595227, 0.2781108655440298, 0.2968351115131491, 0.32039144067389763]
[GMC-CPU] iter=3 components=1 lambda=8 eigenvalues=[1.6967928250300466e-16, 0.02330772157289284, 0.031164386156964465, 0.03248590219141051, 0.04534283356800729, 0.0703232027642354, 0.07759256803770215, 0.1021055943352231, 0.11134129160735198, 0.12066947412343987, 0.12655718888462159, 0.14038331395806797, 0.16124546454407973, 0.17733208381998927, 0.1895054490329917, 0.23558213499495811]
[GMC-CPU] iter=4 components=8 lambda=16 eigenvalues=[-2.65138271645601e-16, 3.1489700611538675e-16, 3.1489700611538675e-16, 3.1489700611538675e-16, 3.1489700611538675e-16, 3.1489700611538675e-16, 3.1489700611538675e-16, 3.1489700611538675e-16, 0.028200953577231215, 0.04879332174820007, 0.05147687025445169, 0.0619495428298171, 0.06528947773314576, 0.07116680453827079, 0.08909590636110397, 0.14936073515637566]
[GMC-CPU] iter=5 components=9 lambda=32 eigenvalues=[-3.8583388209171906e-16, -3.8583388209171906e-16, 1.3086636380108132e-16, 1.3086636380108132e-16, 1.3086636380108132e-16, 1.3086636380108132e-16, 1.3086636380108132e-16, 6.475666096938817e-16, 6.475666096938817e-16, 0.011052894593198049, 0.020714328251984188, 0.025890014522341992, 0.028805682283052296, 0.0490276933852066, 0.057296694356484934, 0.09003830030884413]
[GMC-CPU] iter=6 components=12 lambda=64 eigenvalues=[-4.904241447933579e-16, -4.718017270673355e-17, -4.718017270673355e-17, -4.718017270673355e-17, -4.718017270673355e-17, -4.718017270673355e-17, -4.718017270673355e-17, 3.9606379937989077e-16, 3.9606379937989077e-16, 3.9606379937989077e-16, 3.9606379937989077e-16, 3.9606379937989077e-16, 0.014477335293042112, 0.026061810082208786, 0.03030037970128869, 0.041224682987421546]
[GMC-CPU] iter=7 components=13 lambda=128 eigenvalues=[-4.833520771582796e-16, -7.525804736301381e-17, -7.525804736301381e-17, -7.525804736301381e-17, -7.525804736301381e-17, -7.525804736301381e-17, -7.525804736301381e-17, -7.525804736301381e-17, 3.32835982432252e-16, 3.32835982432252e-16, 3.32835982432252e-16, 7.409300122275179e-16, 7.409300122275179e-16, 0.009250065715024576, 0.010180576195708672, 0.014009050267145655]
[GMC-CPU] iter=8 components=14 lambda=256 eigenvalues=[-3.986041762216582e-16, -3.986041762216582e-16, -3.986041762216582e-16, -3.986041762216582e-16, -3.986041762216582e-16, 8.588872388330219e-17, 8.588872388330219e-17, 8.588872388330219e-17, 8.588872388330219e-17, 8.588872388330219e-17, 8.588872388330219e-17, 8.588872388330219e-17, 5.703816239882625e-16, 5.703816239882625e-16, 0.0027694927457642283, 0.011676843979586758]
[GMC-CPU] iter=9 components=16 lambda=256 eigenvalues=[-4.278638220002164e-16, -4.278638220002164e-16, -4.278638220002164e-16, -4.278638220002164e-16, -4.278638220002164e-16, -4.278638220002164e-16, 1.2211912593275462e-17, 1.0051702712353521e-16, 1.0051702712353521e-16, 1.0051702712353521e-16, 1.0051702712353521e-16, 1.0051702712353521e-16, 1.0051702712353521e-16, 6.288978762472868e-16, 6.288978762472868e-16, 6.288978762472868e-16]
Fine GMC diretto.
[GMC-CPU] iter=1 components=1 lambda=2 eigenvalues=[-1.5160163194876608e-16, 0.23431835550002134]
[GMC-CPU] iter=2 components=1 lambda=4 eigenvalues=[3.1542466613875306e-16, 0.2146766995831872]
[GMC-CPU] iter=3 components=1 lambda=8 eigenvalues=[-2.926032373909604e-16, 0.18314276522817702]
[GMC-CPU] iter=4 components=1 lambda=16 eigenvalues=[5.01874996020542e-16, 0.13738096927271912]
[GMC-CPU] iter=5 components=1 lambda=32 eigenvalues=[2.0600330840754396e-16, 0.07917867428190778]
[GMC-CPU] iter=6 components=1 lambda=64 eigenvalues=[-5.356168530192827e-16, 0.02881418239229707]
[GMC-CPU] iter=7 components=1 lambda=128 eigenvalues=[-1.7560308946299124e-16, 0.009949575480596018]
[GMC-CPU] iter=8 components=1 lambda=256 eigenvalues=[-1.3540008942719772e-16, 0.002272679279070876]
[GMC-CPU] iter=9 components=2 lambda=256 eigenvalues=[5.449001620368864e-16, 5.449001620368864e-16]
[Hierarchy-CPU] node=0 components=2 leaves=2 target=16
[GMC-CPU] iter=1 components=1 lambda=2 eigenvalues=[4.605460068603687e-17, 0.30304706773261875]
[GMC-CPU] iter=2 components=1 lambda=4 eigenvalues=[-5.4213141738597443e-17, 0.2557153342618122]
[GMC-CPU] iter=3 components=1 lambda=8 eigenvalues=[-3.281648158356064e-16, 0.1750401409470132]
[GMC-CPU] iter=4 components=1 lambda=16 eigenvalues=[-1.2594168838365953e-16, 0.06829843614868447]
[GMC-CPU] iter=5 components=2 lambda=16 eigenvalues=[-3.3637783833890816e-17, -3.3637783833890816e-17]
[Hierarchy-CPU] node=2 components=2 leaves=3 target=16
[GMC-CPU] iter=1 components=1 lambda=2 eigenvalues=[-7.913433518019947e-17, 0.27897496797898047]
[GMC-CPU] iter=2 components=1 lambda=4 eigenvalues=[-2.2212492293867998e-17, 0.21394397214568867]
[GMC-CPU] iter=3 components=1 lambda=8 eigenvalues=[5.4553067669249204e-17, 0.1088341420923857]
[GMC-CPU] iter=4 components=2 lambda=8 eigenvalues=[1.6412713476342307e-16, 1.6412713476342307e-16]
[Hierarchy-CPU] node=1 components=2 leaves=4 target=16
[GMC-CPU] iter=1 components=1 lambda=2 eigenvalues=[4.686899089164716e-17, 0.3068160709300212]
[GMC-CPU] iter=2 components=1 lambda=4 eigenvalues=[1.6821091693139745e-16, 0.26247624589125335]
[GMC-CPU] iter=3 components=1 lambda=8 eigenvalues=[-8.344672373556957e-17, 0.201123828411718]
[GMC-CPU] iter=4 components=1 lambda=16 eigenvalues=[1.1199017399766642e-16, 0.13342492611383794]
[GMC-CPU] iter=5 components=1 lambda=32 eigenvalues=[7.120161025420866e-17, 0.06523667486396953]
[GMC-CPU] iter=6 components=1 lambda=64 eigenvalues=[-1.8452041882933477e-16, 0.018090227953370105]
[GMC-CPU] iter=7 components=1 lambda=128 eigenvalues=[-1.5424388167060484e-16, 0.0048589467712929595]
[GMC-CPU] iter=8 components=2 lambda=128 eigenvalues=[-4.0534638547854805e-16, 1.442948118986532e-16]
[Hierarchy-CPU] node=3 components=2 leaves=5 target=16
[GMC-CPU] iter=1 components=1 lambda=2 eigenvalues=[3.810306089269503e-16, 0.271635923708574]
[GMC-CPU] iter=2 components=1 lambda=4 eigenvalues=[1.8341053229218146e-16, 0.1706260715049296]
[GMC-CPU] iter=3 components=1 lambda=8 eigenvalues=[3.5752336248796605e-17, 0.07174226661017644]
[GMC-CPU] iter=4 components=1 lambda=16 eigenvalues=[-2.5433986742758516e-16, 0.046415864302560006]
[GMC-CPU] iter=5 components=1 lambda=32 eigenvalues=[1.6715734314520546e-16, 0.02805799087678845]
[GMC-CPU] iter=6 components=2 lambda=32 eigenvalues=[-2.8810460058106547e-16, 2.5932032911008634e-16]
[Hierarchy-CPU] node=5 components=2 leaves=6 target=16
[GMC-CPU] iter=1 components=1 lambda=2 eigenvalues=[-6.504930830277654e-16, 0.2701890662619822]
[GMC-CPU] iter=2 components=1 lambda=4 eigenvalues=[1.0569701290196799e-17, 0.19845538672429575]
[GMC-CPU] iter=3 components=1 lambda=8 eigenvalues=[1.2432497103158232e-16, 0.10631073061788378]
[GMC-CPU] iter=4 components=1 lambda=16 eigenvalues=[2.3993614511171075e-16, 0.03427435432882961]
[GMC-CPU] iter=5 components=1 lambda=32 eigenvalues=[-1.2233319793778622e-16, 0.016884470343674803]
[GMC-CPU] iter=6 components=2 lambda=32 eigenvalues=[-3.7371895781032277e-16, -3.023977266098599e-17]
[Hierarchy-CPU] node=9 components=2 leaves=7 target=16
[GMC-CPU] iter=1 components=1 lambda=2 eigenvalues=[5.927609398508592e-16, 0.295226929144976]
[GMC-CPU] iter=2 components=1 lambda=4 eigenvalues=[2.257994523454006e-16, 0.25004040586670173]
[GMC-CPU] iter=3 components=1 lambda=8 eigenvalues=[1.0279952808437983e-16, 0.1894893477752517]
[GMC-CPU] iter=4 components=1 lambda=16 eigenvalues=[-1.721164992289223e-16, 0.13189118080536436]
[GMC-CPU] iter=5 components=1 lambda=32 eigenvalues=[-2.404327561699927e-18, 0.07128644407598635]
[GMC-CPU] iter=6 components=1 lambda=64 eigenvalues=[-1.1561428270669717e-16, 0.024345788620078745]
[GMC-CPU] iter=7 components=2 lambda=64 eigenvalues=[1.819764992201672e-17, 1.819764992201672e-17]
[Hierarchy-CPU] node=7 components=2 leaves=8 target=16
[GMC-CPU] iter=1 components=1 lambda=2 eigenvalues=[2.260778637488492e-16, 0.276954226247178]
[GMC-CPU] iter=2 components=1 lambda=4 eigenvalues=[-1.3816417325869102e-16, 0.20119142355923036]
[GMC-CPU] iter=3 components=1 lambda=8 eigenvalues=[4.35889380935002e-16, 0.10027439517927689]
[GMC-CPU] iter=4 components=1 lambda=16 eigenvalues=[7.50873106719706e-17, 0.007605050148850732]
[GMC-CPU] iter=5 components=2 lambda=16 eigenvalues=[-4.866897434935885e-16, 6.240810232128766e-17]
[Hierarchy-CPU] node=12 components=2 leaves=9 target=16
[GMC-CPU] iter=1 components=1 lambda=2 eigenvalues=[1.1741091212898353e-16, 0.29096872132971596]
[GMC-CPU] iter=2 components=1 lambda=4 eigenvalues=[-9.321344209831786e-17, 0.18991029918496938]
[GMC-CPU] iter=3 components=1 lambda=8 eigenvalues=[6.164882714126377e-18, 0.053080876379298175]
[GMC-CPU] iter=4 components=2 lambda=8 eigenvalues=[-1.356600672421579e-16, 4.3998581333907564e-16]
[Hierarchy-CPU] node=15 components=2 leaves=10 target=16
[GMC-CPU] iter=1 components=1 lambda=2 eigenvalues=[-2.477604529953835e-16, 0.2936506506593064]
[GMC-CPU] iter=2 components=1 lambda=4 eigenvalues=[5.86796449259025e-17, 0.24842331024264336]
[GMC-CPU] iter=3 components=1 lambda=8 eigenvalues=[-1.3817007923548188e-17, 0.19119889402093132]
[GMC-CPU] iter=4 components=1 lambda=16 eigenvalues=[5.435928416870642e-16, 0.12548588240698533]
[GMC-CPU] iter=5 components=1 lambda=32 eigenvalues=[2.221140475346048e-16, 0.0604590056028329]
[GMC-CPU] iter=6 components=1 lambda=64 eigenvalues=[9.892859887984132e-17, 0.0265692844847414]
[GMC-CPU] iter=7 components=1 lambda=128 eigenvalues=[4.223727140505125e-17, 0.013270199586380121]
[GMC-CPU] iter=8 components=1 lambda=256 eigenvalues=[-2.615315937264761e-16, 0.006181871570349358]
[GMC-CPU] iter=9 components=1 lambda=512 eigenvalues=[7.114529408284854e-17, 0.002633649121298407]
[GMC-CPU] iter=10 components=2 lambda=512 eigenvalues=[-2.6288989453816743e-16, 1.772955016500144e-16]
[Hierarchy-CPU] node=17 components=2 leaves=11 target=16
[GMC-CPU] iter=1 components=1 lambda=2 eigenvalues=[1.4311362028707483e-16, 0.29480412867594497]
[GMC-CPU] iter=2 components=1 lambda=4 eigenvalues=[4.4215937075383044e-17, 0.24801906753433225]
[GMC-CPU] iter=3 components=1 lambda=8 eigenvalues=[-3.531679492296904e-16, 0.18979195617146397]
[GMC-CPU] iter=4 components=1 lambda=16 eigenvalues=[5.989443985643773e-18, 0.11553898069278376]
[GMC-CPU] iter=5 components=1 lambda=32 eigenvalues=[1.0344362975890138e-16, 0.05590976298532646]
[GMC-CPU] iter=6 components=1 lambda=64 eigenvalues=[-2.3074940026022146e-16, 0.018238586037302308]
[GMC-CPU] iter=7 components=1 lambda=128 eigenvalues=[-6.217319208646174e-16, 0.00881377058472551]
[GMC-CPU] iter=8 components=2 lambda=128 eigenvalues=[5.884365440173725e-17, 5.884365440173725e-17]
[Hierarchy-CPU] node=13 components=2 leaves=12 target=16
[GMC-CPU] iter=1 components=1 lambda=2 eigenvalues=[1.9275115167714162e-16, 0.2936407201141885]
[GMC-CPU] iter=2 components=1 lambda=4 eigenvalues=[5.679116306597755e-16, 0.24472651082357866]
[GMC-CPU] iter=3 components=1 lambda=8 eigenvalues=[-5.558046712934781e-17, 0.18334916691988828]
[GMC-CPU] iter=4 components=1 lambda=16 eigenvalues=[1.5319241665135398e-17, 0.11798350191230891]
[GMC-CPU] iter=5 components=1 lambda=32 eigenvalues=[4.055971948365409e-16, 0.058192123595855225]
[GMC-CPU] iter=6 components=2 lambda=32 eigenvalues=[3.4451139531876587e-16, 8.28103680265146e-16]
[Hierarchy-CPU] node=21 components=2 leaves=13 target=16
[GMC-CPU] iter=1 components=1 lambda=2 eigenvalues=[-3.1385716408226644e-16, 0.29699986960991814]
[GMC-CPU] iter=2 components=1 lambda=4 eigenvalues=[1.3293331134892086e-17, 0.25528749674608736]
[GMC-CPU] iter=3 components=1 lambda=8 eigenvalues=[-1.1142615459753896e-18, 0.19014256354797382]
[GMC-CPU] iter=4 components=1 lambda=16 eigenvalues=[3.0062717482093935e-17, 0.1076814057466502]
[GMC-CPU] iter=5 components=1 lambda=32 eigenvalues=[-2.364867707712033e-16, 0.043455960731282106]
[GMC-CPU] iter=6 components=1 lambda=64 eigenvalues=[-1.7517512846997864e-17, 0.016123867614299958]
[GMC-CPU] iter=7 components=2 lambda=64 eigenvalues=[-1.6251368752205128e-16, 1.3759430716658993e-16]
[Hierarchy-CPU] node=23 components=2 leaves=14 target=16
[GMC-CPU] iter=1 components=1 lambda=2 eigenvalues=[2.234375825410584e-16, 0.2875018123560105]
[GMC-CPU] iter=2 components=1 lambda=4 eigenvalues=[3.04200461141401e-16, 0.2383628735691225]
[GMC-CPU] iter=3 components=1 lambda=8 eigenvalues=[1.0460589549574912e-17, 0.1608176272491333]
[GMC-CPU] iter=4 components=1 lambda=16 eigenvalues=[1.8026827086292635e-16, 0.08785698599786032]
[GMC-CPU] iter=5 components=1 lambda=32 eigenvalues=[4.3329951447769105e-16, 0.025399947814664155]
[GMC-CPU] iter=6 components=1 lambda=64 eigenvalues=[-1.916596052794453e-17, 0.00651413175653536]
[GMC-CPU] iter=7 components=2 lambda=64 eigenvalues=[-4.0664380415703334e-16, 2.2925393301002363e-16]
[Hierarchy-CPU] node=20 components=2 leaves=15 target=16
[GMC-CPU] iter=1 components=1 lambda=2 eigenvalues=[-1.257324827680775e-16, 0.27632057949890143]
[GMC-CPU] iter=2 components=1 lambda=4 eigenvalues=[-1.115441702662038e-16, 0.2125565677839867]
[GMC-CPU] iter=3 components=1 lambda=8 eigenvalues=[-1.0537913152914349e-16, 0.13049861636544235]
[GMC-CPU] iter=4 components=1 lambda=16 eigenvalues=[2.1232814585646582e-16, 0.03989309500599923]
[GMC-CPU] iter=5 components=1 lambda=32 eigenvalues=[2.820797348264465e-17, 0.003041794363499338]
[GMC-CPU] iter=6 components=2 lambda=32 eigenvalues=[1.827876612067015e-16, 1.827876612067015e-16]
[Hierarchy-CPU] node=27 components=2 leaves=16 target=16
GPU disponibile.

Esecuzione del GMC GPU in modalità parallela.
[Hierarchy-GPU] level=0 nodes=1 workers=1 sizes=[256]
[GMC-GPU] iter=1 components=1 consecutive=0 lambda=2eigenvalues=[1.4465897958379162e-16, 0.23431835550001986]
[GMC-GPU] iter=2 components=1 consecutive=1 lambda=4eigenvalues=[-5.943788678284423e-18, 0.2146766995831785]
[GMC-GPU] iter=3 components=1 consecutive=2 lambda=8eigenvalues=[1.1789443453820385e-16, 0.18314276522816533]
[GMC-GPU] iter=4 components=1 consecutive=3 lambda=16eigenvalues=[-5.795881118916166e-17, 0.13738096927269752]
[GMC-GPU] iter=5 components=1 consecutive=4 lambda=32eigenvalues=[9.687499227880654e-17, 0.07917867428189876]
[GMC-GPU] iter=6 components=1 consecutive=5 lambda=64eigenvalues=[-1.851442089449958e-17, 0.02881418239229277]
[GMC-GPU] iter=7 components=1 consecutive=6 lambda=128eigenvalues=[-3.537915871112531e-18, 0.009949575480592722]
[GMC-GPU] iter=8 components=1 consecutive=7 lambda=256eigenvalues=[-8.740437122655515e-17, 0.0022726792790611385]
[GMC-GPU] iter=9 components=2 consecutive=0 lambda=256eigenvalues=[-4.1423879324180774e-16, 4.549894803643631e-16]
[Hierarchy-GPU] level=0 completed leaves=2/16 time=0.331184s
[Hierarchy-GPU] level=1 nodes=2 workers=1 sizes=[129, 127]
[GMC-GPU] iter=1 components=1 consecutive=0 lambda=2eigenvalues=[-1.3396265443598141e-16, 0.30304706778342766]
[GMC-GPU] iter=2 components=1 consecutive=1 lambda=4eigenvalues=[-1.0156435482055958e-18, 0.25571533427669807]
[GMC-GPU] iter=3 components=1 consecutive=2 lambda=8eigenvalues=[-7.158253643763658e-17, 0.1750401407866721]
[GMC-GPU] iter=4 components=1 consecutive=3 lambda=16eigenvalues=[-8.157804735659644e-17, 0.06829843601109557]
[GMC-GPU] iter=5 components=2 consecutive=0 lambda=16eigenvalues=[1.3986250497844873e-16, 1.1362937367184446e-15]
[GMC-GPU] iter=1 components=1 consecutive=0 lambda=2eigenvalues=[-1.5294122992533375e-16, 0.2789749682225875]
[GMC-GPU] iter=2 components=1 consecutive=1 lambda=4eigenvalues=[9.388420923953536e-19, 0.21394397411576535]
[GMC-GPU] iter=3 components=1 consecutive=2 lambda=8eigenvalues=[-1.4243136745009325e-17, 0.10883414856160298]
[GMC-GPU] iter=4 components=2 consecutive=0 lambda=8eigenvalues=[-1.6790318584864255e-16, 8.096796148173675e-16]
[Hierarchy-GPU] level=1 completed leaves=4/16 time=0.164774s
[Hierarchy-GPU] level=2 nodes=4 workers=1 sizes=[125, 123, 4, 4]
[GMC-GPU] iter=1 components=1 consecutive=0 lambda=2eigenvalues=[5.125809645196867e-17, 0.306816070755751]
[GMC-GPU] iter=2 components=1 consecutive=1 lambda=4eigenvalues=[7.773128829260222e-17, 0.26247624552721993]
[GMC-GPU] iter=3 components=1 consecutive=2 lambda=8eigenvalues=[1.839948477387661e-17, 0.20112382887937524]
[GMC-GPU] iter=4 components=1 consecutive=3 lambda=16eigenvalues=[5.43008329813509e-17, 0.13342492630168257]
[GMC-GPU] iter=5 components=1 consecutive=4 lambda=32eigenvalues=[2.9060689177395776e-17, 0.06523666431838991]
[GMC-GPU] iter=6 components=1 consecutive=5 lambda=64eigenvalues=[1.3996213738369468e-16, 0.018090220259878723]
[GMC-GPU] iter=7 components=1 consecutive=6 lambda=128eigenvalues=[-1.7730909943707616e-17, 0.004858896830468855]
[GMC-GPU] iter=8 components=2 consecutive=0 lambda=128eigenvalues=[1.1103430863958426e-16, 4.158302584177334e-16]
[GMC-GPU] iter=1 components=1 consecutive=0 lambda=2eigenvalues=[-3.2222715081320584e-17, 0.27163592513131946]
[GMC-GPU] iter=2 components=1 consecutive=1 lambda=4eigenvalues=[-3.9463216353534584e-17, 0.17062607751055453]
[GMC-GPU] iter=3 components=1 consecutive=2 lambda=8eigenvalues=[-1.2463535864634105e-16, 0.07174226886741837]
[GMC-GPU] iter=4 components=1 consecutive=3 lambda=16eigenvalues=[8.125646824836524e-17, 0.04641586535813781]
[GMC-GPU] iter=5 components=1 consecutive=4 lambda=32eigenvalues=[5.864221871102438e-17, 0.02805799178760072]
[GMC-GPU] iter=6 components=2 consecutive=0 lambda=32eigenvalues=[8.928433606469453e-17, 3.2026764787550884e-16]
[GMC-GPU] iter=1 components=1 consecutive=0 lambda=2eigenvalues=[-1.306158897826753e-16, 0.5980399629278784]
[GMC-GPU] iter=2 components=1 consecutive=1 lambda=4eigenvalues=[-3.2441378361800537e-16, 0.558052096022554]
[GMC-GPU] iter=3 components=1 consecutive=2 lambda=8eigenvalues=[-2.270672443267485e-16, 0.49413863226132854]
[GMC-GPU] iter=4 components=1 consecutive=3 lambda=16eigenvalues=[2.685414671437021e-17, 0.4256678036810014]
[GMC-GPU] iter=5 components=1 consecutive=4 lambda=32eigenvalues=[1.3658392885553841e-17, 0.32853845861141495]
[GMC-GPU] iter=6 components=2 consecutive=0 lambda=32eigenvalues=[2.2204460492503128e-16, 2.2204460492503128e-16]
[GMC-GPU] iter=1 components=1 consecutive=0 lambda=2eigenvalues=[-3.277836543396175e-16, 0.5811884858095665]
[GMC-GPU] iter=2 components=1 consecutive=1 lambda=4eigenvalues=[-3.3969723599941067e-16, 0.4576788004260705]
[GMC-GPU] iter=3 components=1 consecutive=2 lambda=8eigenvalues=[3.6815055560982456e-16, 0.28293517586245515]
[GMC-GPU] iter=4 components=2 consecutive=0 lambda=8eigenvalues=[2.2204460492503128e-16, 2.2204460492503128e-16]
[Hierarchy-GPU] level=2 completed leaves=8/16 time=0.344421s
[Hierarchy-GPU] level=3 nodes=8 workers=1 sizes=[118, 115, 10, 5, 2, 2, 2, 2]
[GMC-GPU] iter=1 components=1 consecutive=0 lambda=2eigenvalues=[8.942071912423275e-17, 0.2701890663910485]
[GMC-GPU] iter=2 components=1 consecutive=1 lambda=4eigenvalues=[-8.702384660337345e-17, 0.19845538706409557]
[GMC-GPU] iter=3 components=1 consecutive=2 lambda=8eigenvalues=[-1.9103312663037396e-17, 0.10631073097487406]
[GMC-GPU] iter=4 components=1 consecutive=3 lambda=16eigenvalues=[-2.608995379600049e-17, 0.03427435448040797]
[GMC-GPU] iter=5 components=1 consecutive=4 lambda=32eigenvalues=[2.1491918846290105e-17, 0.016884470595396456]
[GMC-GPU] iter=6 components=2 consecutive=0 lambda=32eigenvalues=[-6.385684715381113e-17, 2.5919372049008538e-17]
[GMC-GPU] iter=1 components=1 consecutive=0 lambda=2eigenvalues=[1.0772158527394775e-16, 0.29522692914391363]
[GMC-GPU] iter=2 components=1 consecutive=1 lambda=4eigenvalues=[3.99474362273144e-17, 0.2500404058479949]
[GMC-GPU] iter=3 components=1 consecutive=2 lambda=8eigenvalues=[1.1618815837243932e-16, 0.1894893478015229]
[GMC-GPU] iter=4 components=1 consecutive=3 lambda=16eigenvalues=[-1.5017153403479605e-16, 0.13189118092196397]
[GMC-GPU] iter=5 components=1 consecutive=4 lambda=32eigenvalues=[5.77601532261636e-17, 0.07128644456506959]
[GMC-GPU] iter=6 components=1 consecutive=5 lambda=64eigenvalues=[-1.0978120294593445e-16, 0.0243457891882818]
[GMC-GPU] iter=7 components=2 consecutive=0 lambda=64eigenvalues=[-2.3129412110888625e-16, 4.6859894710744706e-18]
[GMC-GPU] iter=1 components=1 consecutive=0 lambda=2eigenvalues=[8.736100765433535e-16, 0.3448688409448675]
[GMC-GPU] iter=2 components=1 consecutive=1 lambda=4eigenvalues=[2.2759726537483016e-16, 0.2484311779217124]
[GMC-GPU] iter=3 components=1 consecutive=2 lambda=8eigenvalues=[-1.8017109346165115e-16, 0.15580820668864254]
[GMC-GPU] iter=4 components=1 consecutive=3 lambda=16eigenvalues=[-2.721250899218689e-16, 0.04093220519124212]
[GMC-GPU] iter=5 components=2 consecutive=0 lambda=16eigenvalues=[-7.016807572654858e-17, 2.3888818772254856e-16]
[GMC-GPU] iter=1 components=1 consecutive=0 lambda=2eigenvalues=[2.85183475928488e-17, 0.3086079448039345]
[GMC-GPU] iter=2 components=1 consecutive=1 lambda=4eigenvalues=[3.368077295186312e-16, 0.16997312167980416]
[GMC-GPU] iter=3 components=2 consecutive=0 lambda=4eigenvalues=[7.070002129150146e-17, 1.5876496009319626e-16]
[Hierarchy-GPU] level=3 completed leaves=16/16 time=0.256317s

========================================================================
TEMPI DI ESECUZIONE
========================================================================
GMC diretto: 0.144728 secondi
BinaryHierarchicalGMC: 0.353496 secondi
BinaryHierarchicalGMCGPU: 1.397703 secondi

========================================================================
CONFRONTO DEI RISULTATI
========================================================================
Dimensioni Binary originale : [7, 26, 15, 59, 7, 2, 2, 5, 4, 69, 13, 4, 20, 9, 10, 4]
Dimensioni Binary bilanciato: [16, 16, 16, 16, 16, 16, 16, 16, 16, 16, 16, 16, 16, 16, 16, 16]
Dimensioni Binary GPU: [7, 111, 3, 2, 1, 1, 1, 1, 106, 9, 6, 4, 1, 1, 1, 1]
Dimensioni Binary GPU bilanciato: [16, 16, 16, 16, 16, 16, 16, 16, 16, 16, 16, 16, 16, 16, 16, 16]

Adjusted Rand Index
-------------------
GMC diretto             : 0.002047
Binary originale        : -0.002786
Binary bilanciato       : 0.002799
Binary GPU bilanciato   : -0.001675

Differenze
----------
Diretto - Binary bilanciato      : -0.000753
Binary bilanciato - originale    : +0.005585
Diretto - Binary GPU bilanciato  : -0.010160

Cluster Binary originali
------------------------
Cluster 0: [67, 114, 211, 214, 224, 228, 253], size=7
Cluster 1: [6, 24, 41, 42, 59, 68, 74, 81, 94, 100, 109, 115, 121, 127, 135, 137, 152, 158, 175, 190, 196, 208, 220, 229, 240, 254], size=26
Cluster 2: [9, 14, 15, 27, 51, 57, 77, 126, 153, 155, 162, 163, 221, 225, 233], size=15
Cluster 3: [2, 16, 18, 19, 25, 38, 44, 45, 46, 47, 48, 60, 64, 66, 69, 70, 73, 76, 83, 85, 88, 104, 106, 108, 112, 119, 123, 132, 140, 142, 150, 156, 159, 164, 165, 168, 173, 174, 177, 178, 184, 186, 192, 193, 195, 201, 203, 204, 207, 212, 213, 217, 218, 222, 227, 243, 247, 248, 251], size=59
Cluster 4: [37, 62, 103, 113, 122, 134, 223], size=7
Cluster 5: [90, 166], size=2
Cluster 6: [23, 133], size=2
Cluster 7: [36, 105, 148, 197, 238], size=5
Cluster 8: [49, 149, 171, 244], size=4
Cluster 9: [0, 5, 7, 10, 12, 17, 26, 28, 30, 32, 33, 35, 40, 43, 50, 53, 54, 58, 65, 72, 75, 78, 79, 80, 82, 84, 86, 87, 89, 92, 96, 97, 98, 107, 110, 116, 118, 120, 124, 128, 130, 131, 139, 141, 143, 144, 145, 157, 180, 181, 182, 183, 187, 189, 191, 194, 202, 206, 209, 215, 216, 219, 231, 234, 235, 237, 241, 245, 252], size=69
Cluster 10: [52, 56, 111, 117, 146, 151, 167, 199, 205, 226, 246, 249, 255], size=13
Cluster 11: [91, 138, 176, 188], size=4
Cluster 12: [1, 3, 4, 13, 21, 22, 34, 71, 129, 136, 154, 161, 170, 179, 185, 210, 232, 239, 242, 250], size=20
Cluster 13: [11, 29, 55, 61, 63, 95, 102, 198, 230], size=9
Cluster 14: [8, 20, 39, 93, 101, 147, 160, 169, 200, 236], size=10
Cluster 15: [31, 99, 125, 172], size=4

Cluster Binary bilanciati
-------------------------
Cluster 0: [6, 24, 67, 68, 114, 137, 152, 190, 196, 208, 211, 214, 220, 224, 228, 253], size=16
Cluster 1: [41, 42, 59, 74, 81, 94, 100, 109, 115, 127, 135, 158, 175, 229, 240, 254], size=16
Cluster 2: [9, 14, 15, 27, 51, 57, 77, 121, 126, 153, 155, 162, 163, 221, 225, 233], size=16
Cluster 3: [16, 18, 19, 25, 38, 45, 60, 66, 104, 108, 164, 177, 184, 201, 217, 222], size=16
Cluster 4: [69, 73, 76, 85, 112, 119, 132, 150, 168, 173, 178, 186, 204, 243, 247, 251], size=16
Cluster 5: [2, 44, 46, 47, 64, 70, 83, 123, 140, 142, 156, 159, 165, 192, 193, 195], size=16
Cluster 6: [48, 62, 88, 106, 113, 122, 134, 174, 203, 207, 212, 213, 218, 223, 227, 248], size=16
Cluster 7: [23, 36, 37, 49, 79, 90, 103, 105, 133, 148, 149, 166, 171, 197, 238, 244], size=16
Cluster 8: [10, 30, 33, 75, 84, 86, 96, 97, 120, 124, 143, 180, 181, 206, 215, 235], size=16
Cluster 9: [0, 5, 12, 26, 28, 35, 65, 78, 82, 118, 139, 141, 144, 219, 237, 245], size=16
Cluster 10: [7, 32, 40, 43, 53, 80, 98, 110, 128, 145, 182, 183, 194, 216, 231, 234], size=16
Cluster 11: [17, 50, 54, 58, 72, 89, 107, 130, 131, 157, 187, 189, 191, 209, 241, 252], size=16
Cluster 12: [52, 56, 87, 92, 111, 116, 117, 146, 151, 167, 199, 202, 205, 226, 246, 249], size=16
Cluster 13: [4, 22, 91, 136, 138, 154, 161, 170, 176, 185, 188, 232, 239, 242, 250, 255], size=16
Cluster 14: [1, 3, 11, 13, 21, 29, 34, 55, 61, 71, 95, 129, 179, 198, 210, 230], size=16
Cluster 15: [8, 20, 31, 39, 63, 93, 99, 101, 102, 125, 147, 160, 169, 172, 200, 236], size=16

Cluster Binary GPU originali
------------------------
Cluster 0: [6, 9, 15, 19, 24, 67, 68, 114, 152, 211, 214, 217, 222, 224, 228, 253], size=16
Cluster 1: [16, 18, 25, 38, 45, 66, 137, 164, 177, 184, 190, 196, 201, 208, 220, 223], size=16
Cluster 2: [60, 69, 73, 90, 104, 108, 109, 113, 115, 126, 127, 132, 158, 178, 225, 243], size=16
Cluster 3: [41, 42, 51, 76, 85, 112, 119, 150, 155, 162, 173, 186, 204, 240, 247, 251], size=16
Cluster 4: [2, 27, 46, 62, 64, 70, 77, 100, 122, 135, 140, 142, 159, 168, 193, 254], size=16
Cluster 5: [23, 44, 47, 81, 83, 94, 123, 133, 153, 156, 163, 165, 175, 192, 195, 233], size=16
Cluster 6: [48, 57, 59, 88, 134, 166, 174, 203, 207, 212, 213, 218, 221, 227, 229, 248], size=16
Cluster 7: [14, 36, 37, 49, 74, 79, 103, 105, 106, 121, 148, 149, 171, 197, 238, 244], size=16
Cluster 8: [10, 30, 33, 96, 97, 117, 120, 124, 136, 167, 180, 185, 199, 206, 235, 242], size=16
Cluster 9: [75, 82, 84, 86, 111, 139, 141, 143, 144, 170, 176, 181, 215, 239, 245, 246], size=16
Cluster 10: [0, 5, 12, 22, 26, 28, 35, 56, 65, 78, 118, 146, 154, 205, 219, 237], size=16
Cluster 11: [4, 32, 40, 43, 98, 128, 138, 145, 161, 182, 183, 194, 231, 232, 249, 250], size=16
Cluster 12: [3, 7, 13, 17, 34, 53, 72, 80, 89, 91, 110, 131, 209, 216, 226, 234], size=16
Cluster 13: [1, 21, 50, 52, 54, 58, 107, 129, 130, 151, 157, 187, 189, 191, 241, 252], size=16
Cluster 14: [11, 29, 55, 61, 71, 87, 92, 95, 116, 179, 188, 198, 202, 210, 230, 255], size=16
Cluster 15: [8, 20, 31, 39, 63, 93, 99, 101, 102, 125, 147, 160, 169, 172, 200, 236], size=16

Cluster Binary GPU bilanciati
------------------------------
Cluster 0: [6, 9, 15, 19, 24, 67, 68, 114, 152, 211, 214, 217, 222, 224, 228, 253], size=16
Cluster 1: [16, 18, 25, 38, 45, 66, 137, 164, 177, 184, 190, 196, 201, 208, 220, 223], size=16
Cluster 2: [60, 69, 73, 90, 104, 108, 109, 113, 115, 126, 127, 132, 158, 178, 225, 243], size=16
Cluster 3: [41, 42, 51, 76, 85, 112, 119, 150, 155, 162, 173, 186, 204, 240, 247, 251], size=16
Cluster 4: [2, 27, 46, 62, 64, 70, 77, 100, 122, 135, 140, 142, 159, 168, 193, 254], size=16
Cluster 5: [23, 44, 47, 81, 83, 94, 123, 133, 153, 156, 163, 165, 175, 192, 195, 233], size=16
Cluster 6: [48, 57, 59, 88, 134, 166, 174, 203, 207, 212, 213, 218, 221, 227, 229, 248], size=16
Cluster 7: [14, 36, 37, 49, 74, 79, 103, 105, 106, 121, 148, 149, 171, 197, 238, 244], size=16
Cluster 8: [10, 30, 33, 96, 97, 117, 120, 124, 136, 167, 180, 185, 199, 206, 235, 242], size=16
Cluster 9: [75, 82, 84, 86, 111, 139, 141, 143, 144, 170, 176, 181, 215, 239, 245, 246], size=16
Cluster 10: [0, 5, 12, 22, 26, 28, 35, 56, 65, 78, 118, 146, 154, 205, 219, 237], size=16
Cluster 11: [4, 32, 40, 43, 98, 128, 138, 145, 161, 182, 183, 194, 231, 232, 249, 250], size=16
Cluster 12: [3, 7, 13, 17, 34, 53, 72, 80, 89, 91, 110, 131, 209, 216, 226, 234], size=16
Cluster 13: [1, 21, 50, 52, 54, 58, 107, 129, 130, 151, 157, 187, 189, 191, 241, 252], size=16
Cluster 14: [11, 29, 55, 61, 71, 87, 92, 95, 116, 179, 188, 198, 202, 210, 230, 255], size=16
Cluster 15: [8, 20, 31, 39, 63, 93, 99, 101, 102, 125, 147, 160, 169, 172, 200, 236], size=16

========================================================================
LABEL NELL'ORDINE PERMUTATO
========================================================================
Ground truth:
[14  0  4 12  7 11 15 10  0  1 11 13 14 13  8  4 12  0  6  1 14  1  7  9  2  7 15 13  0 10 11  6  9 11 13  1  5  1  4  8 12 11 14 11  2  4
  1  4 13 12 11  2  8  5  3 13  6  8  7  3  6 10 15  7 14  9  6 11  4  7  9  4  8  6  7 15  7 15  5  1 10  5  6  0  3  8  9 10  4 11  5 13
 14  1  0  2  1  2  7  1  7  5 10 15  3 15  5  9 12  4  2  7  9  4  9  1 15 10  7 12  8  0  0  4  2  6 12  9 11 15  6  2  3 12  8  0 15 14
  1 14  0  7  2  9 11  8  3  8  8 14 12  4 12  4  2 10  9  2  7  9  1 12 15  5  2 15  2  5 12 10  2  9 10  0  6  3  8 14 12 14  3 10  5  2
 13  0 10 13  6  5  5 14 14  5  0  0  3 13  8  1 10  4 14  8 13 14  3  3  6  3 13 10 13 11 15 12 14 10  3 13  3  5  1  3 12 10 15 11 11  8
  2  9 15  0  3  9  8  9  6  6  7  5 12  4 13 13  7 15  1 11  4  6  0  5 11  6]

GMC diretto:
[ 0  1  1  1  2  3  4  1  1  1  1  4  5  1  1  1  1  1  1  1  1  1  1  1  1  2  1  6  1  1  7  2  1  7  1  1  8  1  1  1  1  1  1  1  7  1
  1  0  1  1  4  1  1  1  5  1  9  1  1  1 10  2  1  1  1  1 11  7  1  0  1  4  1  1  1  8  1  7  1  1  1  1  1  1  2  1  1  1  2  7  1  1
  1  2  1  1  1  1  1  1  2  1  4 11  1  1  1  8 11  1  1  1  1  8 11  1  1  1  1  1  1  1  1  1  1  6  2  1  1  1  1 12  5  1  1  1  1 13
  1  1  1  1  1  1  1  2  1  1  1  2  1  1 12  1  1  4  7  1  7  1 14  1  2  1 10 15  1  4  1  1  1  1  4  3  1  2 14  1  5 12 15  1  1  2
 13  1 15  1  2  2  1  7  2  8  1  1  6  1  1  1  1  8  8  1  1  1  5  1  1  1  1  1  1  5  1  9  1  1  1  1  1  4  1  1  1  1  1  2  5  1
  1  1  1  3  8 15  5  1  1  2  1  1  1  7  1  3  1  6  1  1  5  9  1  2  1  1]

Binary originale:
[ 0  1  9  9 10 12 12 10  2  9  9  3 13  3 12  1 10  2  9  1  9  3  9  1  9  9  0  1  9  3  3  9  7  1  4  3  9  3  9  1  1 11 12  9  3  3
  3  0  9  3  3  3  9  9 13  1  3  9  1  3 14 15  9  2  2  9  3  3  3  0  1  3  9  1  1 10  4  3  5 13 12  9 10  9 10  3 12  2  9  3  3  9
  9 15  9  9  9  1  3 12 15 14  3  3  2  1 13 10  3  3  1  3  2  9  3  9  3  3  9  3  3  9  3  2  3  1 10  3  9  1  9  7 13 14  3 13 12  0
  2  9 12  4  9 14  9 11  4  1  9 12  9  3  7  3  3  3  3  9  3  2  6  3 10  1 14  8  3  1  3 12  9  9  1 12  7  9  6  2 13  7  8  2  9 12
  0  9  8  9  9 11  3  1  9  9 14 12  1  2  9  9  5  9 10  4  9 14 13  9  9  9  3  3  3  9  9  3  3 14  9  3  3  3 12  2  3 14  3  9  9 12
  4  9  9 12 10  8  9 10  4 15  9  9  9  1  0 12  1 10 14 11 12  3  2  9 12 13]

Binary bilanciato:
[ 0  0  7  8 12 13 13 12  2  8  8  3 14  3 13  0 12  2  8  0  8  3  8  0  8  8  0  0  8  3  3  8  7  0  6  3  8  3  8  0  0 13 13  8  3  3
  3  0  8  3  3  3  8  8 14  0  3  9  1  3 15 15  9  2  2  9  3  4  4  0  1  4  9  1  1 12  6  4  7 14 13  9 12  9 12  4 13  2  9  4  4  9
  9 15  9  9  9  1  4 13 15 15  4  4  2  1 14 12  4  4  1  4  2  9  4  9  4  4  9  5  5  9  5  2  5  1 12  5 10  1 10  7 14 15  5 14 13  0
  2 10 13  6 10 15 10 13  6  1 10 13 10  5  7  5  5  5  5 10  5  2  7  5 12  1 15  7  5  1  5 13 10 10  1 14  7 10  7  2 14  7  7  2 10 14
  0 10  7 10 10 13  5  1 10 11 15 14  1  2 11 11  7 11 12  6 11 15 15 11 11 11  6  6  6 11 11  6  6 15 11  6  6  6 14  2  6 15  6 11 11 14
  7 11 11 14 12  7 11 12  7 15 12 12 12  1  0 14  2 13 15 13 14  6  2 12 14 15]

========================================================================
STRUTTURA DELL'ALBERO BINARY
========================================================================
node= 0 | level=0 | parent=None | left=   1 | right=   2 | size=256 | indici originali=[0, 1, 2, 3, 4, 5, 6, 7, 8, 9, 10, 11, 12, 13, 14, 15, 16, 17, 18, 19, 20, 21, 22, 23, 24, 25, 26, 27, 28, 29, 30, 31, 32, 33, 34, 35, 36, 37, 38, 39, 40, 41, 42, 43, 44, 45, 46, 47, 48, 49, 50, 51, 52, 53, 54, 55, 56, 57, 58, 59, 60, 61, 62, 63, 64, 65, 66, 67, 68, 69, 70, 71, 72, 73, 74, 75, 76, 77, 78, 79, 80, 81, 82, 83, 84, 85, 86, 87, 88, 89, 90, 91, 92, 93, 94, 95, 96, 97, 98, 99, 100, 101, 102, 103, 104, 105, 106, 107, 108, 109, 110, 111, 112, 113, 114, 115, 116, 117, 118, 119, 120, 121, 122, 123, 124, 125, 126, 127, 128, 129, 130, 131, 132, 133, 134, 135, 136, 137, 138, 139, 140, 141, 142, 143, 144, 145, 146, 147, 148, 149, 150, 151, 152, 153, 154, 155, 156, 157, 158, 159, 160, 161, 162, 163, 164, 165, 166, 167, 168, 169, 170, 171, 172, 173, 174, 175, 176, 177, 178, 179, 180, 181, 182, 183, 184, 185, 186, 187, 188, 189, 190, 191, 192, 193, 194, 195, 196, 197, 198, 199, 200, 201, 202, 203, 204, 205, 206, 207, 208, 209, 210, 211, 212, 213, 214, 215, 216, 217, 218, 219, 220, 221, 222, 223, 224, 225, 226, 227, 228, 229, 230, 231, 232, 233, 234, 235, 236, 237, 238, 239, 240, 241, 242, 243, 244, 245, 246, 247, 248, 249, 250, 251, 252, 253, 254, 255]
node= 1 | level=1 | parent=   0 | left=   5 | right=   6 | size=127 | indici originali=[2, 6, 9, 14, 15, 16, 18, 19, 23, 24, 25, 27, 36, 37, 38, 41, 42, 44, 45, 46, 47, 48, 49, 51, 57, 59, 60, 62, 64, 66, 67, 68, 69, 70, 73, 74, 76, 77, 81, 83, 85, 88, 90, 94, 100, 103, 104, 105, 106, 108, 109, 112, 113, 114, 115, 119, 121, 122, 123, 126, 127, 132, 133, 134, 135, 137, 140, 142, 148, 149, 150, 152, 153, 155, 156, 158, 159, 162, 163, 164, 165, 166, 168, 171, 173, 174, 175, 177, 178, 184, 186, 190, 192, 193, 195, 196, 197, 201, 203, 204, 207, 208, 211, 212, 213, 214, 217, 218, 220, 221, 222, 223, 224, 225, 227, 228, 229, 233, 238, 240, 243, 244, 247, 248, 251, 253, 254]
node= 2 | level=1 | parent=   0 | left=   3 | right=   4 | size=129 | indici originali=[0, 1, 3, 4, 5, 7, 8, 10, 11, 12, 13, 17, 20, 21, 22, 26, 28, 29, 30, 31, 32, 33, 34, 35, 39, 40, 43, 50, 52, 53, 54, 55, 56, 58, 61, 63, 65, 71, 72, 75, 78, 79, 80, 82, 84, 86, 87, 89, 91, 92, 93, 95, 96, 97, 98, 99, 101, 102, 107, 110, 111, 116, 117, 118, 120, 124, 125, 128, 129, 130, 131, 136, 138, 139, 141, 143, 144, 145, 146, 147, 151, 154, 157, 160, 161, 167, 169, 170, 172, 176, 179, 180, 181, 182, 183, 185, 187, 188, 189, 191, 194, 198, 199, 200, 202, 205, 206, 209, 210, 215, 216, 219, 226, 230, 231, 232, 234, 235, 236, 237, 239, 241, 242, 245, 246, 249, 250, 252, 255]
node= 3 | level=2 | parent=   2 | left=   7 | right=   8 | size=125 | indici originali=[0, 1, 3, 4, 5, 7, 8, 10, 11, 12, 13, 17, 20, 21, 22, 26, 28, 29, 30, 32, 33, 34, 35, 39, 40, 43, 50, 52, 53, 54, 55, 56, 58, 61, 63, 65, 71, 72, 75, 78, 79, 80, 82, 84, 86, 87, 89, 91, 92, 93, 95, 96, 97, 98, 101, 102, 107, 110, 111, 116, 117, 118, 120, 124, 128, 129, 130, 131, 136, 138, 139, 141, 143, 144, 145, 146, 147, 151, 154, 157, 160, 161, 167, 169, 170, 176, 179, 180, 181, 182, 183, 185, 187, 188, 189, 191, 194, 198, 199, 200, 202, 205, 206, 209, 210, 215, 216, 219, 226, 230, 231, 232, 234, 235, 236, 237, 239, 241, 242, 245, 246, 249, 250, 252, 255]
node= 4 | level=2 | parent=   2 | left=None | right=None | size= 4 | indici originali=[31, 99, 125, 172]
node= 5 | level=2 | parent=   1 | left=   9 | right=  10 | size=123 | indici originali=[2, 6, 9, 14, 15, 16, 18, 19, 23, 24, 25, 27, 36, 37, 38, 41, 42, 44, 45, 46, 47, 48, 51, 57, 59, 60, 62, 64, 66, 67, 68, 69, 70, 73, 74, 76, 77, 81, 83, 85, 88, 90, 94, 100, 103, 104, 105, 106, 108, 109, 112, 113, 114, 115, 119, 121, 122, 123, 126, 127, 132, 133, 134, 135, 137, 140, 142, 148, 150, 152, 153, 155, 156, 158, 159, 162, 163, 164, 165, 166, 168, 173, 174, 175, 177, 178, 184, 186, 190, 192, 193, 195, 196, 197, 201, 203, 204, 207, 208, 211, 212, 213, 214, 217, 218, 220, 221, 222, 223, 224, 225, 227, 228, 229, 233, 238, 240, 243, 247, 248, 251, 253, 254]
node= 6 | level=2 | parent=   1 | left=None | right=None | size= 4 | indici originali=[49, 149, 171, 244]
node= 7 | level=3 | parent=   3 | left=  13 | right=  14 | size=115 | indici originali=[0, 1, 3, 4, 5, 7, 10, 11, 12, 13, 17, 21, 22, 26, 28, 29, 30, 32, 33, 34, 35, 40, 43, 50, 52, 53, 54, 55, 56, 58, 61, 63, 65, 71, 72, 75, 78, 79, 80, 82, 84, 86, 87, 89, 91, 92, 95, 96, 97, 98, 102, 107, 110, 111, 116, 117, 118, 120, 124, 128, 129, 130, 131, 136, 138, 139, 141, 143, 144, 145, 146, 151, 154, 157, 161, 167, 170, 176, 179, 180, 181, 182, 183, 185, 187, 188, 189, 191, 194, 198, 199, 202, 205, 206, 209, 210, 215, 216, 219, 226, 230, 231, 232, 234, 235, 237, 239, 241, 242, 245, 246, 249, 250, 252, 255]
node= 8 | level=3 | parent=   3 | left=None | right=None | size=10 | indici originali=[8, 20, 39, 93, 101, 147, 160, 169, 200, 236]
node= 9 | level=3 | parent=   5 | left=  11 | right=  12 | size=118 | indici originali=[2, 6, 9, 14, 15, 16, 18, 19, 23, 24, 25, 27, 37, 38, 41, 42, 44, 45, 46, 47, 48, 51, 57, 59, 60, 62, 64, 66, 67, 68, 69, 70, 73, 74, 76, 77, 81, 83, 85, 88, 90, 94, 100, 103, 104, 106, 108, 109, 112, 113, 114, 115, 119, 121, 122, 123, 126, 127, 132, 133, 134, 135, 137, 140, 142, 150, 152, 153, 155, 156, 158, 159, 162, 163, 164, 165, 166, 168, 173, 174, 175, 177, 178, 184, 186, 190, 192, 193, 195, 196, 201, 203, 204, 207, 208, 211, 212, 213, 214, 217, 218, 220, 221, 222, 223, 224, 225, 227, 228, 229, 233, 240, 243, 247, 248, 251, 253, 254]
node=10 | level=3 | parent=   5 | left=None | right=None | size= 5 | indici originali=[36, 105, 148, 197, 238]
node=11 | level=4 | parent=   9 | left=None | right=None | size= 7 | indici originali=[67, 114, 211, 214, 224, 228, 253]
node=12 | level=4 | parent=   9 | left=  15 | right=  16 | size=111 | indici originali=[2, 6, 9, 14, 15, 16, 18, 19, 23, 24, 25, 27, 37, 38, 41, 42, 44, 45, 46, 47, 48, 51, 57, 59, 60, 62, 64, 66, 68, 69, 70, 73, 74, 76, 77, 81, 83, 85, 88, 90, 94, 100, 103, 104, 106, 108, 109, 112, 113, 115, 119, 121, 122, 123, 126, 127, 132, 133, 134, 135, 137, 140, 142, 150, 152, 153, 155, 156, 158, 159, 162, 163, 164, 165, 166, 168, 173, 174, 175, 177, 178, 184, 186, 190, 192, 193, 195, 196, 201, 203, 204, 207, 208, 212, 213, 217, 218, 220, 221, 222, 223, 225, 227, 229, 233, 240, 243, 247, 248, 251, 254]
node=13 | level=4 | parent=   7 | left=  21 | right=  22 | size=106 | indici originali=[0, 1, 3, 4, 5, 7, 10, 12, 13, 17, 21, 22, 26, 28, 30, 32, 33, 34, 35, 40, 43, 50, 52, 53, 54, 56, 58, 65, 71, 72, 75, 78, 79, 80, 82, 84, 86, 87, 89, 91, 92, 96, 97, 98, 107, 110, 111, 116, 117, 118, 120, 124, 128, 129, 130, 131, 136, 138, 139, 141, 143, 144, 145, 146, 151, 154, 157, 161, 167, 170, 176, 179, 180, 181, 182, 183, 185, 187, 188, 189, 191, 194, 199, 202, 205, 206, 209, 210, 215, 216, 219, 226, 231, 232, 234, 235, 237, 239, 241, 242, 245, 246, 249, 250, 252, 255]
node=14 | level=4 | parent=   7 | left=None | right=None | size= 9 | indici originali=[11, 29, 55, 61, 63, 95, 102, 198, 230]
node=15 | level=5 | parent=  12 | left=  17 | right=  18 | size=109 | indici originali=[2, 6, 9, 14, 15, 16, 18, 19, 24, 25, 27, 37, 38, 41, 42, 44, 45, 46, 47, 48, 51, 57, 59, 60, 62, 64, 66, 68, 69, 70, 73, 74, 76, 77, 81, 83, 85, 88, 90, 94, 100, 103, 104, 106, 108, 109, 112, 113, 115, 119, 121, 122, 123, 126, 127, 132, 134, 135, 137, 140, 142, 150, 152, 153, 155, 156, 158, 159, 162, 163, 164, 165, 166, 168, 173, 174, 175, 177, 178, 184, 186, 190, 192, 193, 195, 196, 201, 203, 204, 207, 208, 212, 213, 217, 218, 220, 221, 222, 223, 225, 227, 229, 233, 240, 243, 247, 248, 251, 254]
node=16 | level=5 | parent=  12 | left=None | right=None | size= 2 | indici originali=[23, 133]
node=17 | level=6 | parent=  15 | left=  19 | right=  20 | size=107 | indici originali=[2, 6, 9, 14, 15, 16, 18, 19, 24, 25, 27, 37, 38, 41, 42, 44, 45, 46, 47, 48, 51, 57, 59, 60, 62, 64, 66, 68, 69, 70, 73, 74, 76, 77, 81, 83, 85, 88, 94, 100, 103, 104, 106, 108, 109, 112, 113, 115, 119, 121, 122, 123, 126, 127, 132, 134, 135, 137, 140, 142, 150, 152, 153, 155, 156, 158, 159, 162, 163, 164, 165, 168, 173, 174, 175, 177, 178, 184, 186, 190, 192, 193, 195, 196, 201, 203, 204, 207, 208, 212, 213, 217, 218, 220, 221, 222, 223, 225, 227, 229, 233, 240, 243, 247, 248, 251, 254]
node=18 | level=6 | parent=  15 | left=None | right=None | size= 2 | indici originali=[90, 166]
node=19 | level=7 | parent=  17 | left=None | right=None | size=26 | indici originali=[6, 24, 41, 42, 59, 68, 74, 81, 94, 100, 109, 115, 121, 127, 135, 137, 152, 158, 175, 190, 196, 208, 220, 229, 240, 254]
node=20 | level=7 | parent=  17 | left=  27 | right=  28 | size=81 | indici originali=[2, 9, 14, 15, 16, 18, 19, 25, 27, 37, 38, 44, 45, 46, 47, 48, 51, 57, 60, 62, 64, 66, 69, 70, 73, 76, 77, 83, 85, 88, 103, 104, 106, 108, 112, 113, 119, 122, 123, 126, 132, 134, 140, 142, 150, 153, 155, 156, 159, 162, 163, 164, 165, 168, 173, 174, 177, 178, 184, 186, 192, 193, 195, 201, 203, 204, 207, 212, 213, 217, 218, 221, 222, 223, 225, 227, 233, 243, 247, 248, 251]
node=21 | level=5 | parent=  13 | left=  23 | right=  24 | size=86 | indici originali=[0, 5, 7, 10, 12, 17, 26, 28, 30, 32, 33, 35, 40, 43, 50, 52, 53, 54, 56, 58, 65, 72, 75, 78, 79, 80, 82, 84, 86, 87, 89, 91, 92, 96, 97, 98, 107, 110, 111, 116, 117, 118, 120, 124, 128, 130, 131, 138, 139, 141, 143, 144, 145, 146, 151, 157, 167, 176, 180, 181, 182, 183, 187, 188, 189, 191, 194, 199, 202, 205, 206, 209, 215, 216, 219, 226, 231, 234, 235, 237, 241, 245, 246, 249, 252, 255]
node=22 | level=5 | parent=  13 | left=None | right=None | size=20 | indici originali=[1, 3, 4, 13, 21, 22, 34, 71, 129, 136, 154, 161, 170, 179, 185, 210, 232, 239, 242, 250]
node=23 | level=6 | parent=  21 | left=  25 | right=  26 | size=82 | indici originali=[0, 5, 7, 10, 12, 17, 26, 28, 30, 32, 33, 35, 40, 43, 50, 52, 53, 54, 56, 58, 65, 72, 75, 78, 79, 80, 82, 84, 86, 87, 89, 92, 96, 97, 98, 107, 110, 111, 116, 117, 118, 120, 124, 128, 130, 131, 139, 141, 143, 144, 145, 146, 151, 157, 167, 180, 181, 182, 183, 187, 189, 191, 194, 199, 202, 205, 206, 209, 215, 216, 219, 226, 231, 234, 235, 237, 241, 245, 246, 249, 252, 255]
node=24 | level=6 | parent=  21 | left=None | right=None | size= 4 | indici originali=[91, 138, 176, 188]
node=25 | level=7 | parent=  23 | left=None | right=None | size=69 | indici originali=[0, 5, 7, 10, 12, 17, 26, 28, 30, 32, 33, 35, 40, 43, 50, 53, 54, 58, 65, 72, 75, 78, 79, 80, 82, 84, 86, 87, 89, 92, 96, 97, 98, 107, 110, 116, 118, 120, 124, 128, 130, 131, 139, 141, 143, 144, 145, 157, 180, 181, 182, 183, 187, 189, 191, 194, 202, 206, 209, 215, 216, 219, 231, 234, 235, 237, 241, 245, 252]
node=26 | level=7 | parent=  23 | left=None | right=None | size=13 | indici originali=[52, 56, 111, 117, 146, 151, 167, 199, 205, 226, 246, 249, 255]
node=27 | level=8 | parent=  20 | left=  29 | right=  30 | size=74 | indici originali=[2, 9, 14, 15, 16, 18, 19, 25, 27, 38, 44, 45, 46, 47, 48, 51, 57, 60, 64, 66, 69, 70, 73, 76, 77, 83, 85, 88, 104, 106, 108, 112, 119, 123, 126, 132, 140, 142, 150, 153, 155, 156, 159, 162, 163, 164, 165, 168, 173, 174, 177, 178, 184, 186, 192, 193, 195, 201, 203, 204, 207, 212, 213, 217, 218, 221, 222, 225, 227, 233, 243, 247, 248, 251]
node=28 | level=8 | parent=  20 | left=None | right=None | size= 7 | indici originali=[37, 62, 103, 113, 122, 134, 223]
node=29 | level=9 | parent=  27 | left=None | right=None | size=15 | indici originali=[9, 14, 15, 27, 51, 57, 77, 126, 153, 155, 162, 163, 221, 225, 233]
node=30 | level=9 | parent=  27 | left=None | right=None | size=59 | indici originali=[2, 16, 18, 19, 25, 38, 44, 45, 46, 47, 48, 60, 64, 66, 69, 70, 73, 76, 83, 85, 88, 104, 106, 108, 112, 119, 123, 132, 140, 142, 150, 156, 159, 164, 165, 168, 173, 174, 177, 178, 184, 186, 192, 193, 195, 201, 203, 204, 207, 212, 213, 217, 218, 222, 227, 243, 247, 248, 251]
End: Fri Aug  7 14:49:33 CEST 2026
