Job ID: 78520
Node: acnode03.e4red
Start: Tue Aug 11 20:31:17 CEST 2026
density: 100.0

========================================================================
ORIGINAL QUBO MATRIX
========================================================================
Shape                 : (1024, 1024)
Number of variables   : 1024
Number of clusters     : 8
Dimension of blocks: 128
Symmetric matrix    : True
Optimal clusters      : [array([   3,    8,   11,   13,   20,   52,   55,   59,   65,   68,   69,   72,   90,   95,   97,  101,  112,  113,  114,  123,  151,  152,
        154,  155,  157,  175,  191,  219,  220,  230,  247,  249,  258,  264,  265,  267,  275,  278,  290,  295,  298,  318,  340,  347,
        355,  364,  369,  375,  388,  398,  402,  417,  419,  421,  426,  434,  446,  452,  453,  461,  488,  489,  493,  494,  499,  501,
        510,  511,  514,  525,  533,  543,  545,  551,  558,  563,  564,  567,  572,  587,  590,  598,  605,  617,  618,  624,  636,  641,
        643,  653,  659,  681,  684,  691,  692,  700,  702,  734,  744,  778,  823,  828,  837,  853,  862,  868,  869,  874,  887,  895,
        897,  899,  906,  931,  934,  939,  941,  948,  955,  983,  989, 1007, 1009, 1014, 1016, 1018, 1019, 1023]), array([  36,   39,   47,   56,   61,   64,   85,   91,  117,  129,  133,  138,  141,  145,  146,  159,  163,  173,  205,  223,  226,  228,
        231,  241,  243,  245,  253,  260,  292,  296,  302,  304,  308,  312,  319,  336,  339,  341,  349,  363,  371,  377,  381,  385,
        387,  390,  394,  396,  397,  405,  406,  408,  409,  412,  416,  462,  466,  474,  481,  482,  515,  529,  530,  541,  550,  554,
        556,  574,  586,  593,  606,  607,  612,  620,  623,  627,  638,  640,  652,  658,  667,  675,  677,  682,  693,  696,  705,  716,
        724,  725,  733,  737,  739,  745,  746,  748,  755,  762,  780,  787,  803,  824,  826,  830,  839,  846,  852,  872,  873,  876,
        886,  890,  898,  902,  904,  914,  922,  923,  940,  954,  960,  969,  976,  988,  992,  995, 1004, 1012]), array([   1,   10,   16,   22,   23,   26,   27,   33,   35,   49,   54,   57,   70,   80,   83,   87,   93,   99,  104,  108,  130,  134,
        135,  166,  172,  181,  184,  185,  186,  194,  197,  203,  206,  214,  216,  221,  225,  232,  236,  251,  255,  259,  261,  263,
        266,  274,  282,  283,  286,  293,  303,  306,  326,  342,  344,  351,  356,  372,  373,  376,  378,  380,  433,  435,  439,  451,
        455,  456,  457,  458,  460,  463,  486,  502,  523,  524,  527,  534,  537,  547,  555,  570,  571,  573,  579,  582,  583,  591,
        597,  613,  619,  628,  649,  657,  661,  706,  712,  714,  730,  732,  741,  742,  774,  784,  790,  795,  796,  800,  801,  807,
        879,  880,  901,  908,  912,  921,  947,  949,  952,  956,  959,  990,  993, 1000, 1002, 1008, 1011, 1020]), array([   2,    6,   17,   18,   34,   38,   44,   45,   62,   71,   88,   89,   98,  127,  131,  139,  158,  164,  165,  176,  177,  183,
        189,  192,  199,  207,  212,  235,  270,  276,  277,  284,  285,  294,  310,  323,  330,  335,  343,  346,  353,  362,  365,  379,
        382,  386,  400,  404,  414,  423,  443,  471,  478,  480,  487,  492,  495,  496,  497,  498,  512,  516,  518,  538,  549,  553,
        557,  565,  580,  594,  595,  602,  642,  648,  655,  662,  670,  685,  686,  694,  703,  715,  722,  731,  743,  747,  749,  757,
        771,  773,  776,  777,  792,  802,  806,  808,  843,  847,  849,  866,  867,  877,  881,  883,  885,  888,  900,  916,  917,  926,
        928,  933,  944,  945,  946,  958,  965,  967,  980,  982,  984,  991,  996,  998,  999, 1010, 1013, 1022]), array([   0,    4,    5,   14,   24,   30,   37,   40,   43,   48,   73,   74,   84,   92,   94,  105,  119,  126,  150,  162,  168,  179,
        180,  187,  188,  193,  200,  202,  211,  215,  218,  227,  250,  262,  271,  272,  273,  279,  280,  289,  297,  301,  307,  313,
        315,  316,  322,  325,  327,  329,  331,  332,  345,  383,  389,  395,  420,  422,  424,  427,  428,  429,  430,  436,  440,  444,
        449,  464,  467,  470,  472,  473,  477,  479,  490,  491,  507,  509,  513,  522,  532,  539,  544,  560,  561,  584,  603,  615,
        625,  626,  634,  646,  673,  688,  708,  709,  713,  720,  736,  740,  756,  768,  782,  798,  799,  809,  814,  819,  821,  827,
        829,  838,  841,  844,  857,  859,  865,  884,  892,  924,  932,  937,  951,  957,  970,  972,  985, 1015]), array([   7,    9,   12,   15,   19,   25,   31,   51,   53,   58,   66,   67,   75,   78,   86,  109,  111,  118,  121,  122,  125,  132,
        136,  140,  143,  160,  167,  182,  204,  209,  210,  213,  224,  229,  239,  244,  254,  305,  317,  338,  352,  359,  384,  393,
        399,  401,  410,  411,  418,  431,  438,  441,  454,  468,  469,  475,  476,  483,  500,  508,  535,  546,  562,  566,  577,  578,
        581,  604,  609,  616,  630,  631,  633,  639,  647,  650,  651,  665,  666,  679,  683,  690,  697,  704,  707,  711,  718,  723,
        728,  729,  760,  763,  779,  783,  789,  791,  794,  797,  817,  825,  831,  836,  840,  842,  850,  855,  858,  860,  861,  864,
        882,  889,  903,  909,  910,  911,  913,  915,  925,  927,  963,  974,  979,  981,  987, 1003, 1005, 1017]), array([  28,   42,   63,   77,   79,   81,  100,  102,  115,  116,  120,  147,  153,  156,  169,  170,  174,  198,  208,  217,  222,  233,
        234,  237,  248,  281,  287,  288,  320,  324,  348,  354,  360,  366,  407,  415,  425,  445,  447,  450,  459,  465,  506,  517,
        536,  540,  542,  548,  552,  559,  568,  576,  588,  589,  596,  599,  600,  601,  608,  611,  614,  621,  629,  645,  654,  664,
        668,  669,  672,  678,  680,  687,  689,  699,  701,  710,  717,  721,  726,  735,  750,  751,  753,  758,  759,  765,  766,  769,
        770,  775,  781,  786,  788,  805,  811,  815,  816,  818,  822,  833,  834,  848,  851,  854,  863,  870,  871,  878,  893,  896,
        905,  907,  919,  920,  929,  930,  943,  953,  961,  964,  968,  971,  977,  986,  997, 1001, 1006, 1021]), array([ 21,  29,  32,  41,  46,  50,  60,  76,  82,  96, 103, 106, 107, 110, 124, 128, 137, 142, 144, 148, 149, 161, 171, 178, 190, 195,
       196, 201, 238, 240, 242, 246, 252, 256, 257, 268, 269, 291, 299, 300, 309, 311, 314, 321, 328, 333, 334, 337, 350, 357, 358, 361,
       367, 368, 370, 374, 391, 392, 403, 413, 432, 437, 442, 448, 484, 485, 503, 504, 505, 519, 520, 521, 526, 528, 531, 569, 575, 585,
       592, 610, 622, 632, 635, 637, 644, 656, 660, 663, 671, 674, 676, 695, 698, 719, 727, 738, 752, 754, 761, 764, 767, 772, 785, 793,
       804, 810, 812, 813, 820, 832, 835, 845, 856, 875, 891, 894, 918, 935, 936, 938, 942, 950, 962, 966, 973, 975, 978, 994])]
[GMC-CPU] iter=1 components=1 consecutive=0lambda=2eigenvalues=[1.9931144326158665e-17, 0.0036562360809006458, 0.003999209869067976, 0.0051671172900926345, 0.005658711970281656, 0.006227858064386848, 0.008007187092936992, 0.00906873106919479]
[GMC-CPU] iter=2 components=1 consecutive=1lambda=4eigenvalues=[-1.719325292185508e-16, 0.0029481089359399996, 0.003276388342983262, 0.004418368820878744, 0.004818706555088283, 0.0052873770434632775, 0.006929510458331149, 0.00817833106794347]
[GMC-CPU] iter=3 components=1 consecutive=2lambda=8eigenvalues=[-6.552144789084036e-16, 0.0019387051951620924, 0.0021240101516230353, 0.003260235873523407, 0.0036837587658690852, 0.003786072913540003, 0.005333696925841432, 0.006732473099696526]
[GMC-CPU] iter=4 components=1 consecutive=3lambda=16eigenvalues=[-2.2514247464889723e-16, 0.0008328219493565288, 0.0008867549565754603, 0.0015832666666727071, 0.0018604584878518682, 0.002123825914439821, 0.0034221688259679665, 0.004728339363564275]
[GMC-CPU] iter=5 components=1 consecutive=4lambda=32eigenvalues=[-2.461081276183879e-16, 6.959140812316111e-05, 0.00011686704752187407, 0.00032126740720005, 0.00035919235239390316, 0.000407374647879406, 0.0012801942920298898, 0.002859714337491646]
[GMC-CPU] iter=6 components=7 consecutive=0lambda=64eigenvalues=[-8.28029095428308e-17, -8.28029095428308e-17, -8.28029095428308e-17, -8.28029095428308e-17, -8.28029095428308e-17, -8.28029095428308e-17, 1.0063458368809588e-15, 0.0010520428000749531]
[GMC-CPU] iter=7 components=8 consecutive=0lambda=64eigenvalues=[-8.978580663507773e-16, -8.978580663507773e-16, 3.9547156930242924e-16, 3.9547156930242924e-16, 3.9547156930242924e-16, 3.9547156930242924e-16, 3.9547156930242924e-16, 3.9547156930242924e-16]
Ending Direct GMC.
[GMC-CPU] iter=1 components=1 consecutive=0lambda=2eigenvalues=[-9.482882080723886e-16, 0.004233704671134653]
[GMC-CPU] iter=2 components=1 consecutive=1lambda=4eigenvalues=[-5.326114206112158e-16, 0.003982337590457218]
[GMC-CPU] iter=3 components=1 consecutive=2lambda=8eigenvalues=[-2.695705645838228e-16, 0.0035110851743314197]
[GMC-CPU] iter=4 components=1 consecutive=3lambda=16eigenvalues=[-2.2552200141821976e-16, 0.00268949784336417]
[GMC-CPU] iter=5 components=1 consecutive=4lambda=32eigenvalues=[-3.732036134445547e-16, 0.0015632808723145433]
[GMC-CPU] iter=6 components=1 consecutive=5lambda=64eigenvalues=[3.9813308073841144e-16, 0.0006294711209334784]
[GMC-CPU] iter=7 components=2 consecutive=0lambda=64eigenvalues=[2.2130786334010504e-16, 2.2130786334010504e-16]
[Hierarchy-CPU] node=0 components=2 leaves=2 target=8
[GMC-CPU] iter=1 components=1 consecutive=0lambda=2eigenvalues=[3.8468516403266674e-16, 0.003496483757224071]
[GMC-CPU] iter=2 components=1 consecutive=1lambda=4eigenvalues=[5.373866313599516e-16, 0.003298780923842361]
[GMC-CPU] iter=3 components=1 consecutive=2lambda=8eigenvalues=[4.1551326809559257e-16, 0.0029333505136800537]
[GMC-CPU] iter=4 components=1 consecutive=3lambda=16eigenvalues=[6.421213157736376e-16, 0.0024527799544724624]
[GMC-CPU] iter=5 components=1 consecutive=4lambda=32eigenvalues=[-2.338351694569571e-16, 0.001670547412549639]
[GMC-CPU] iter=6 components=1 consecutive=5lambda=64eigenvalues=[1.5315829968467348e-16, 0.0007151756402560775]
[GMC-CPU] iter=7 components=2 consecutive=0lambda=64eigenvalues=[-1.4778032638242692e-16, -1.4778032638242692e-16]
[Hierarchy-CPU] node=1 components=2 leaves=3 target=8
[GMC-CPU] iter=1 components=1 consecutive=0lambda=2eigenvalues=[1.0588785874223004e-16, 0.0040570372140613705]
[GMC-CPU] iter=2 components=1 consecutive=1lambda=4eigenvalues=[8.219745552102534e-16, 0.003756135247415154]
[GMC-CPU] iter=3 components=1 consecutive=2lambda=8eigenvalues=[7.134467378634543e-16, 0.0031840200043537483]
[GMC-CPU] iter=4 components=1 consecutive=3lambda=16eigenvalues=[1.1367279750882925e-16, 0.0024673308051940904]
[GMC-CPU] iter=5 components=1 consecutive=4lambda=32eigenvalues=[-1.3106793913131664e-15, 0.0018212110302596274]
[GMC-CPU] iter=6 components=1 consecutive=5lambda=64eigenvalues=[-2.390972643224157e-16, 0.0005887198317310773]
[GMC-CPU] iter=7 components=2 consecutive=0lambda=64eigenvalues=[3.961986625810856e-16, 3.961986625810856e-16]
[Hierarchy-CPU] node=3 components=2 leaves=4 target=8
[GMC-CPU] iter=1 components=1 consecutive=0lambda=2eigenvalues=[-3.7926589772438773e-16, 0.004029795858790337]
[GMC-CPU] iter=2 components=1 consecutive=1lambda=4eigenvalues=[-2.6393312536622676e-16, 0.0036970969647813923]
[GMC-CPU] iter=3 components=1 consecutive=2lambda=8eigenvalues=[-7.365062849210847e-16, 0.003144463534514477]
[GMC-CPU] iter=4 components=1 consecutive=3lambda=16eigenvalues=[4.810111905817801e-17, 0.0025261512377277784]
[GMC-CPU] iter=5 components=1 consecutive=4lambda=32eigenvalues=[-3.30326434454414e-17, 0.0016153875353224574]
[GMC-CPU] iter=6 components=1 consecutive=5lambda=64eigenvalues=[-1.7895552710956194e-16, 0.00025619575443824546]
[GMC-CPU] iter=7 components=2 consecutive=0lambda=64eigenvalues=[-5.588335913099979e-16, -5.588335913099979e-16]
[Hierarchy-CPU] node=5 components=2 leaves=5 target=8
[GMC-CPU] iter=1 components=1 consecutive=0lambda=2eigenvalues=[-7.261611497022013e-16, 0.0035658030045077694]
[GMC-CPU] iter=2 components=1 consecutive=1lambda=4eigenvalues=[-6.996303416053246e-16, 0.0033170790755272014]
[GMC-CPU] iter=3 components=1 consecutive=2lambda=8eigenvalues=[-4.933399631988783e-16, 0.0029004171982447836]
[GMC-CPU] iter=4 components=1 consecutive=3lambda=16eigenvalues=[-5.217457177904481e-16, 0.002098682577873853]
[GMC-CPU] iter=5 components=1 consecutive=4lambda=32eigenvalues=[-6.467839592337717e-16, 0.0010018006710116457]
[GMC-CPU] iter=6 components=1 consecutive=5lambda=64eigenvalues=[-8.002651966378327e-16, 0.0007051682356492943]
[GMC-CPU] iter=7 components=1 consecutive=6lambda=128eigenvalues=[5.44911326424959e-16, 0.00019275165864729752]
[GMC-CPU] iter=8 components=2 consecutive=0lambda=128eigenvalues=[-3.5064917148956635e-16, -3.5064917148956635e-16]
[Hierarchy-CPU] node=7 components=2 leaves=6 target=8
[GMC-CPU] iter=1 components=1 consecutive=0lambda=2eigenvalues=[3.7944859702579524e-16, 0.003264661276666741]
[GMC-CPU] iter=2 components=1 consecutive=1lambda=4eigenvalues=[-3.660969845253091e-16, 0.002914676194712711]
[GMC-CPU] iter=3 components=1 consecutive=2lambda=8eigenvalues=[-1.691544171121947e-16, 0.0023970200824761645]
[GMC-CPU] iter=4 components=1 consecutive=3lambda=16eigenvalues=[4.3697055768141166e-16, 0.0017328835508457771]
[GMC-CPU] iter=5 components=1 consecutive=4lambda=32eigenvalues=[-2.1074415354492835e-16, 0.0005971206160605106]
[GMC-CPU] iter=6 components=2 consecutive=0lambda=32eigenvalues=[-4.225637964810924e-16, 5.277439826522746e-16]
[Hierarchy-CPU] node=9 components=2 leaves=7 target=8
[GMC-CPU] iter=1 components=1 consecutive=0lambda=2eigenvalues=[-9.904164362808167e-17, 0.004680832757928541]
[GMC-CPU] iter=2 components=1 consecutive=1lambda=4eigenvalues=[1.2985126342550769e-17, 0.004537575840701608]
[GMC-CPU] iter=3 components=1 consecutive=2lambda=8eigenvalues=[-1.4623910078547452e-16, 0.004239744395442929]
[GMC-CPU] iter=4 components=1 consecutive=3lambda=16eigenvalues=[-6.837972511984793e-17, 0.0036879963278499744]
[GMC-CPU] iter=5 components=1 consecutive=4lambda=32eigenvalues=[2.0917349133964425e-17, 0.00265369626944343]
[GMC-CPU] iter=6 components=1 consecutive=5lambda=64eigenvalues=[4.241486079918676e-16, 0.0010090815346833616]
[GMC-CPU] iter=7 components=2 consecutive=0lambda=64eigenvalues=[1.866717336493464e-17, 5.532915691799961e-16]
[Hierarchy-CPU] node=11 components=2 leaves=8 target=8
GPU available.

Execution of GPU GMC in parallel mode.
[Hierarchy-GPU] level=0 nodes=1 workers=1 sizes=[1024]
[GMC-GPU] iter=1 components=1 consecutive=0 lambda=2eigenvalues=[-1.489329576891582e-16, 0.004233704845429142]
[GMC-GPU] iter=2 components=1 consecutive=1 lambda=4eigenvalues=[-9.470450042000838e-19, 0.0039823377789761335]
[GMC-GPU] iter=3 components=1 consecutive=2 lambda=8eigenvalues=[-3.727711740524493e-17, 0.0035110854737182796]
[GMC-GPU] iter=4 components=1 consecutive=3 lambda=16eigenvalues=[5.810903365805142e-17, 0.002689498489542104]
[GMC-GPU] iter=5 components=1 consecutive=4 lambda=32eigenvalues=[-6.451138422378293e-17, 0.001563281400894984]
[GMC-GPU] iter=6 components=1 consecutive=5 lambda=64eigenvalues=[-4.735225930568046e-17, 0.0006294723059939921]
[GMC-GPU] iter=7 components=2 consecutive=0 lambda=64eigenvalues=[-6.996559358358789e-17, -6.0059284368638685e-18]
[Hierarchy-GPU] level=0 completed leaves=2/8 time=0.558404s
[Hierarchy-GPU] level=1 nodes=2 workers=1 sizes=[896, 128]
[GMC-GPU] iter=1 components=1 consecutive=0 lambda=2eigenvalues=[8.12794789219948e-17, 0.003496483746696447]
[GMC-GPU] iter=2 components=1 consecutive=1 lambda=4eigenvalues=[1.0306633055601358e-16, 0.0032987809188574015]
[GMC-GPU] iter=3 components=1 consecutive=2 lambda=8eigenvalues=[-1.067835439527159e-16, 0.0029333505083889134]
[GMC-GPU] iter=4 components=1 consecutive=3 lambda=16eigenvalues=[-1.723379108314594e-16, 0.0024527799496754437]
[GMC-GPU] iter=5 components=1 consecutive=4 lambda=32eigenvalues=[5.04231194326291e-17, 0.0016705474066055618]
[GMC-GPU] iter=6 components=1 consecutive=5 lambda=64eigenvalues=[9.428673577579442e-17, 0.0007151756318037457]
[GMC-GPU] iter=7 components=2 consecutive=0 lambda=64eigenvalues=[-3.542188089711973e-16, 1.780865868580517e-16]
[GMC-GPU] iter=1 components=1 consecutive=0 lambda=2eigenvalues=[1.4658496388825147e-16, 0.22410778419311864]
[GMC-GPU] iter=2 components=1 consecutive=1 lambda=4eigenvalues=[7.907249855158742e-17, 0.1899044208748094]
[GMC-GPU] iter=3 components=1 consecutive=2 lambda=8eigenvalues=[6.876573639488209e-17, 0.13228867783896747]
[GMC-GPU] iter=4 components=1 consecutive=3 lambda=16eigenvalues=[-2.5627363529006167e-17, 0.056499318976253356]
[GMC-GPU] iter=5 components=1 consecutive=4 lambda=32eigenvalues=[4.3406415397232114e-17, 0.00728301274481721]
[GMC-GPU] iter=6 components=2 consecutive=0 lambda=32eigenvalues=[-9.662484654271725e-16, -2.0082080655996525e-16]
[Hierarchy-GPU] level=1 completed leaves=4/8 time=0.435045s
[Hierarchy-GPU] level=2 nodes=4 workers=1 sizes=[768, 128, 69, 59]
[GMC-GPU] iter=1 components=1 consecutive=0 lambda=2eigenvalues=[-6.212715233545055e-17, 0.004057037159659284]
[GMC-GPU] iter=2 components=1 consecutive=1 lambda=4eigenvalues=[-9.447043154278902e-17, 0.003756135234348671]
[GMC-GPU] iter=3 components=1 consecutive=2 lambda=8eigenvalues=[5.929987065433447e-17, 0.003184019996530496]
[GMC-GPU] iter=4 components=1 consecutive=3 lambda=16eigenvalues=[-1.4183367617263407e-17, 0.0024673308025137137]
[GMC-GPU] iter=5 components=1 consecutive=4 lambda=32eigenvalues=[-3.882365917420234e-17, 0.0018212110266892967]
[GMC-GPU] iter=6 components=1 consecutive=5 lambda=64eigenvalues=[-1.1875446822178647e-16, 0.0005887198271189193]
[GMC-GPU] iter=7 components=1 consecutive=6 lambda=128eigenvalues=[-1.329452129479498e-16, 0.0043474039034127245]
[GMC-GPU] iter=8 components=1 consecutive=7 lambda=256eigenvalues=[3.296800800836979e-17, 0.00012224216043098862]
[GMC-GPU] iter=9 components=1 consecutive=8 lambda=512eigenvalues=[-4.861734652035586e-17, 0.0028391857599462033]
[GMC-GPU] iter=10 components=1 consecutive=9 lambda=1024eigenvalues=[-1.326160136597218e-17, 0.0028087241428214594]
[GMC-GPU] iter=11 components=1 consecutive=10 lambda=2048eigenvalues=[-5.3064778791184795e-18, 0.0011534403643162386]
[GMC-GPU] iter=12 components=1 consecutive=11 lambda=4096eigenvalues=[7.424202144129965e-17, 0.0025905335884303035]
[GMC-GPU] iter=13 components=1 consecutive=12 lambda=8192eigenvalues=[2.0363561787101323e-16, 0.003707540051240474]
[GMC-GPU] iter=14 components=1 consecutive=13 lambda=16384eigenvalues=[3.394747476537489e-17, 0.0008113771759790156]
[GMC-GPU] iter=15 components=2 consecutive=0 lambda=16384eigenvalues=[-1.335348421037312e-15, -8.486691741607468e-17]
[GMC-GPU] iter=1 components=1 consecutive=0 lambda=2eigenvalues=[1.8232446748830347e-16, 0.21533332014367387]
[GMC-GPU] iter=2 components=1 consecutive=1 lambda=4eigenvalues=[1.7659751461958399e-16, 0.18773257092587142]
[GMC-GPU] iter=3 components=1 consecutive=2 lambda=8eigenvalues=[6.151216780927809e-17, 0.14595957790359135]
[GMC-GPU] iter=4 components=1 consecutive=3 lambda=16eigenvalues=[-1.0677613086154574e-16, 0.08711969912752339]
[GMC-GPU] iter=5 components=1 consecutive=4 lambda=32eigenvalues=[3.2217498322334422e-18, 0.024412391954108784]
[GMC-GPU] iter=6 components=1 consecutive=5 lambda=64eigenvalues=[-2.7150347917825488e-17, 0.003072212217424468]
[GMC-GPU] iter=7 components=2 consecutive=0 lambda=64eigenvalues=[-1.3140942893016642e-17, -4.0068457324483045e-18]
[GMC-GPU] iter=1 components=1 consecutive=0 lambda=2eigenvalues=[9.029727055413161e-17, 0.3069208916860687]
[GMC-GPU] iter=2 components=1 consecutive=1 lambda=4eigenvalues=[9.518623620491474e-17, 0.23007510595955444]
[GMC-GPU] iter=3 components=1 consecutive=2 lambda=8eigenvalues=[-4.3926671930140885e-17, 0.09969456472052368]
[GMC-GPU] iter=4 components=1 consecutive=3 lambda=16eigenvalues=[1.5859120856445563e-16, 0.028114847845865633]
[GMC-GPU] iter=5 components=1 consecutive=4 lambda=32eigenvalues=[-1.5284587085882324e-16, 0.004641046809197753]
[GMC-GPU] iter=6 components=2 consecutive=0 lambda=32eigenvalues=[5.817724066539322e-17, 1.913886725116649e-16]
[GMC-GPU] iter=1 components=1 consecutive=0 lambda=2eigenvalues=[3.6446602619677294e-17, 0.27190124053015846]
[GMC-GPU] iter=2 components=1 consecutive=1 lambda=4eigenvalues=[3.976958193911231e-17, 0.1884144463235247]
[GMC-GPU] iter=3 components=1 consecutive=2 lambda=8eigenvalues=[-6.519572935335704e-17, 0.10082667654356021]
[GMC-GPU] iter=4 components=2 consecutive=0 lambda=8eigenvalues=[-1.8923172693025064e-16, 8.470675198208632e-17]
[Hierarchy-GPU] level=2 completed leaves=11/8 time=0.691455s

========================================================================
EXECUTION TIMES
========================================================================
Direct GMC: 2.146773 seconds
BinaryHierarchicalGMC: 6.347984 seconds
BinaryHierarchicalGMCGPU: 1.968669 seconds

========================================================================
RESULTS COMPARISON
========================================================================
Dimension original Binary: [128, 128, 128, 128, 128, 128, 128, 128]
Dimension balanced Binary  [128, 128, 128, 128, 128, 128, 128, 128]
Dimension GPU Binary: [128, 257, 128, 128, 127, 76, 52, 55, 4, 59, 10]
Dimension balanced GPU Binary: [128, 128, 128, 128, 128, 128, 128, 128]

Adjusted Rand Index
-------------------
Direct GMC             : 1.000000
Original Binary        : 1.000000
Balanced Binary       : 1.000000
Balanced GPU Binary   : 0.786090

Differences
----------
Direct - Balanced Binary      : +0.000000
Balanced Binary - Original    : +0.000000
Direct - Balanced GPU Binary  : +0.151462

Original Cluster Binary 
------------------------
Cluster 0: [512, 513, 514, 515, 516, 517, 518, 519, 520, 521, 522, 523, 524, 525, 526, 527, 528, 529, 530, 531, 532, 533, 534, 535, 536, 537, 538, 539, 540, 541, 542, 543, 544, 545, 546, 547, 548, 549, 550, 551, 552, 553, 554, 555, 556, 557, 558, 559, 560, 561, 562, 563, 564, 565, 566, 567, 568, 569, 570, 571, 572, 573, 574, 575, 576, 577, 578, 579, 580, 581, 582, 583, 584, 585, 586, 587, 588, 589, 590, 591, 592, 593, 594, 595, 596, 597, 598, 599, 600, 601, 602, 603, 604, 605, 606, 607, 608, 609, 610, 611, 612, 613, 614, 615, 616, 617, 618, 619, 620, 621, 622, 623, 624, 625, 626, 627, 628, 629, 630, 631, 632, 633, 634, 635, 636, 637, 638, 639], size=128
Cluster 1: [896, 897, 898, 899, 900, 901, 902, 903, 904, 905, 906, 907, 908, 909, 910, 911, 912, 913, 914, 915, 916, 917, 918, 919, 920, 921, 922, 923, 924, 925, 926, 927, 928, 929, 930, 931, 932, 933, 934, 935, 936, 937, 938, 939, 940, 941, 942, 943, 944, 945, 946, 947, 948, 949, 950, 951, 952, 953, 954, 955, 956, 957, 958, 959, 960, 961, 962, 963, 964, 965, 966, 967, 968, 969, 970, 971, 972, 973, 974, 975, 976, 977, 978, 979, 980, 981, 982, 983, 984, 985, 986, 987, 988, 989, 990, 991, 992, 993, 994, 995, 996, 997, 998, 999, 1000, 1001, 1002, 1003, 1004, 1005, 1006, 1007, 1008, 1009, 1010, 1011, 1012, 1013, 1014, 1015, 1016, 1017, 1018, 1019, 1020, 1021, 1022, 1023], size=128
Cluster 2: [128, 129, 130, 131, 132, 133, 134, 135, 136, 137, 138, 139, 140, 141, 142, 143, 144, 145, 146, 147, 148, 149, 150, 151, 152, 153, 154, 155, 156, 157, 158, 159, 160, 161, 162, 163, 164, 165, 166, 167, 168, 169, 170, 171, 172, 173, 174, 175, 176, 177, 178, 179, 180, 181, 182, 183, 184, 185, 186, 187, 188, 189, 190, 191, 192, 193, 194, 195, 196, 197, 198, 199, 200, 201, 202, 203, 204, 205, 206, 207, 208, 209, 210, 211, 212, 213, 214, 215, 216, 217, 218, 219, 220, 221, 222, 223, 224, 225, 226, 227, 228, 229, 230, 231, 232, 233, 234, 235, 236, 237, 238, 239, 240, 241, 242, 243, 244, 245, 246, 247, 248, 249, 250, 251, 252, 253, 254, 255], size=128
Cluster 3: [384, 385, 386, 387, 388, 389, 390, 391, 392, 393, 394, 395, 396, 397, 398, 399, 400, 401, 402, 403, 404, 405, 406, 407, 408, 409, 410, 411, 412, 413, 414, 415, 416, 417, 418, 419, 420, 421, 422, 423, 424, 425, 426, 427, 428, 429, 430, 431, 432, 433, 434, 435, 436, 437, 438, 439, 440, 441, 442, 443, 444, 445, 446, 447, 448, 449, 450, 451, 452, 453, 454, 455, 456, 457, 458, 459, 460, 461, 462, 463, 464, 465, 466, 467, 468, 469, 470, 471, 472, 473, 474, 475, 476, 477, 478, 479, 480, 481, 482, 483, 484, 485, 486, 487, 488, 489, 490, 491, 492, 493, 494, 495, 496, 497, 498, 499, 500, 501, 502, 503, 504, 505, 506, 507, 508, 509, 510, 511], size=128
Cluster 4: [768, 769, 770, 771, 772, 773, 774, 775, 776, 777, 778, 779, 780, 781, 782, 783, 784, 785, 786, 787, 788, 789, 790, 791, 792, 793, 794, 795, 796, 797, 798, 799, 800, 801, 802, 803, 804, 805, 806, 807, 808, 809, 810, 811, 812, 813, 814, 815, 816, 817, 818, 819, 820, 821, 822, 823, 824, 825, 826, 827, 828, 829, 830, 831, 832, 833, 834, 835, 836, 837, 838, 839, 840, 841, 842, 843, 844, 845, 846, 847, 848, 849, 850, 851, 852, 853, 854, 855, 856, 857, 858, 859, 860, 861, 862, 863, 864, 865, 866, 867, 868, 869, 870, 871, 872, 873, 874, 875, 876, 877, 878, 879, 880, 881, 882, 883, 884, 885, 886, 887, 888, 889, 890, 891, 892, 893, 894, 895], size=128
Cluster 5: [640, 641, 642, 643, 644, 645, 646, 647, 648, 649, 650, 651, 652, 653, 654, 655, 656, 657, 658, 659, 660, 661, 662, 663, 664, 665, 666, 667, 668, 669, 670, 671, 672, 673, 674, 675, 676, 677, 678, 679, 680, 681, 682, 683, 684, 685, 686, 687, 688, 689, 690, 691, 692, 693, 694, 695, 696, 697, 698, 699, 700, 701, 702, 703, 704, 705, 706, 707, 708, 709, 710, 711, 712, 713, 714, 715, 716, 717, 718, 719, 720, 721, 722, 723, 724, 725, 726, 727, 728, 729, 730, 731, 732, 733, 734, 735, 736, 737, 738, 739, 740, 741, 742, 743, 744, 745, 746, 747, 748, 749, 750, 751, 752, 753, 754, 755, 756, 757, 758, 759, 760, 761, 762, 763, 764, 765, 766, 767], size=128
Cluster 6: [256, 257, 258, 259, 260, 261, 262, 263, 264, 265, 266, 267, 268, 269, 270, 271, 272, 273, 274, 275, 276, 277, 278, 279, 280, 281, 282, 283, 284, 285, 286, 287, 288, 289, 290, 291, 292, 293, 294, 295, 296, 297, 298, 299, 300, 301, 302, 303, 304, 305, 306, 307, 308, 309, 310, 311, 312, 313, 314, 315, 316, 317, 318, 319, 320, 321, 322, 323, 324, 325, 326, 327, 328, 329, 330, 331, 332, 333, 334, 335, 336, 337, 338, 339, 340, 341, 342, 343, 344, 345, 346, 347, 348, 349, 350, 351, 352, 353, 354, 355, 356, 357, 358, 359, 360, 361, 362, 363, 364, 365, 366, 367, 368, 369, 370, 371, 372, 373, 374, 375, 376, 377, 378, 379, 380, 381, 382, 383], size=128
Cluster 7: [0, 1, 2, 3, 4, 5, 6, 7, 8, 9, 10, 11, 12, 13, 14, 15, 16, 17, 18, 19, 20, 21, 22, 23, 24, 25, 26, 27, 28, 29, 30, 31, 32, 33, 34, 35, 36, 37, 38, 39, 40, 41, 42, 43, 44, 45, 46, 47, 48, 49, 50, 51, 52, 53, 54, 55, 56, 57, 58, 59, 60, 61, 62, 63, 64, 65, 66, 67, 68, 69, 70, 71, 72, 73, 74, 75, 76, 77, 78, 79, 80, 81, 82, 83, 84, 85, 86, 87, 88, 89, 90, 91, 92, 93, 94, 95, 96, 97, 98, 99, 100, 101, 102, 103, 104, 105, 106, 107, 108, 109, 110, 111, 112, 113, 114, 115, 116, 117, 118, 119, 120, 121, 122, 123, 124, 125, 126, 127], size=128

Balanced Cluster Binary 
-------------------------
Cluster 0: [512, 513, 514, 515, 516, 517, 518, 519, 520, 521, 522, 523, 524, 525, 526, 527, 528, 529, 530, 531, 532, 533, 534, 535, 536, 537, 538, 539, 540, 541, 542, 543, 544, 545, 546, 547, 548, 549, 550, 551, 552, 553, 554, 555, 556, 557, 558, 559, 560, 561, 562, 563, 564, 565, 566, 567, 568, 569, 570, 571, 572, 573, 574, 575, 576, 577, 578, 579, 580, 581, 582, 583, 584, 585, 586, 587, 588, 589, 590, 591, 592, 593, 594, 595, 596, 597, 598, 599, 600, 601, 602, 603, 604, 605, 606, 607, 608, 609, 610, 611, 612, 613, 614, 615, 616, 617, 618, 619, 620, 621, 622, 623, 624, 625, 626, 627, 628, 629, 630, 631, 632, 633, 634, 635, 636, 637, 638, 639], size=128
Cluster 1: [896, 897, 898, 899, 900, 901, 902, 903, 904, 905, 906, 907, 908, 909, 910, 911, 912, 913, 914, 915, 916, 917, 918, 919, 920, 921, 922, 923, 924, 925, 926, 927, 928, 929, 930, 931, 932, 933, 934, 935, 936, 937, 938, 939, 940, 941, 942, 943, 944, 945, 946, 947, 948, 949, 950, 951, 952, 953, 954, 955, 956, 957, 958, 959, 960, 961, 962, 963, 964, 965, 966, 967, 968, 969, 970, 971, 972, 973, 974, 975, 976, 977, 978, 979, 980, 981, 982, 983, 984, 985, 986, 987, 988, 989, 990, 991, 992, 993, 994, 995, 996, 997, 998, 999, 1000, 1001, 1002, 1003, 1004, 1005, 1006, 1007, 1008, 1009, 1010, 1011, 1012, 1013, 1014, 1015, 1016, 1017, 1018, 1019, 1020, 1021, 1022, 1023], size=128
Cluster 2: [128, 129, 130, 131, 132, 133, 134, 135, 136, 137, 138, 139, 140, 141, 142, 143, 144, 145, 146, 147, 148, 149, 150, 151, 152, 153, 154, 155, 156, 157, 158, 159, 160, 161, 162, 163, 164, 165, 166, 167, 168, 169, 170, 171, 172, 173, 174, 175, 176, 177, 178, 179, 180, 181, 182, 183, 184, 185, 186, 187, 188, 189, 190, 191, 192, 193, 194, 195, 196, 197, 198, 199, 200, 201, 202, 203, 204, 205, 206, 207, 208, 209, 210, 211, 212, 213, 214, 215, 216, 217, 218, 219, 220, 221, 222, 223, 224, 225, 226, 227, 228, 229, 230, 231, 232, 233, 234, 235, 236, 237, 238, 239, 240, 241, 242, 243, 244, 245, 246, 247, 248, 249, 250, 251, 252, 253, 254, 255], size=128
Cluster 3: [384, 385, 386, 387, 388, 389, 390, 391, 392, 393, 394, 395, 396, 397, 398, 399, 400, 401, 402, 403, 404, 405, 406, 407, 408, 409, 410, 411, 412, 413, 414, 415, 416, 417, 418, 419, 420, 421, 422, 423, 424, 425, 426, 427, 428, 429, 430, 431, 432, 433, 434, 435, 436, 437, 438, 439, 440, 441, 442, 443, 444, 445, 446, 447, 448, 449, 450, 451, 452, 453, 454, 455, 456, 457, 458, 459, 460, 461, 462, 463, 464, 465, 466, 467, 468, 469, 470, 471, 472, 473, 474, 475, 476, 477, 478, 479, 480, 481, 482, 483, 484, 485, 486, 487, 488, 489, 490, 491, 492, 493, 494, 495, 496, 497, 498, 499, 500, 501, 502, 503, 504, 505, 506, 507, 508, 509, 510, 511], size=128
Cluster 4: [768, 769, 770, 771, 772, 773, 774, 775, 776, 777, 778, 779, 780, 781, 782, 783, 784, 785, 786, 787, 788, 789, 790, 791, 792, 793, 794, 795, 796, 797, 798, 799, 800, 801, 802, 803, 804, 805, 806, 807, 808, 809, 810, 811, 812, 813, 814, 815, 816, 817, 818, 819, 820, 821, 822, 823, 824, 825, 826, 827, 828, 829, 830, 831, 832, 833, 834, 835, 836, 837, 838, 839, 840, 841, 842, 843, 844, 845, 846, 847, 848, 849, 850, 851, 852, 853, 854, 855, 856, 857, 858, 859, 860, 861, 862, 863, 864, 865, 866, 867, 868, 869, 870, 871, 872, 873, 874, 875, 876, 877, 878, 879, 880, 881, 882, 883, 884, 885, 886, 887, 888, 889, 890, 891, 892, 893, 894, 895], size=128
Cluster 5: [640, 641, 642, 643, 644, 645, 646, 647, 648, 649, 650, 651, 652, 653, 654, 655, 656, 657, 658, 659, 660, 661, 662, 663, 664, 665, 666, 667, 668, 669, 670, 671, 672, 673, 674, 675, 676, 677, 678, 679, 680, 681, 682, 683, 684, 685, 686, 687, 688, 689, 690, 691, 692, 693, 694, 695, 696, 697, 698, 699, 700, 701, 702, 703, 704, 705, 706, 707, 708, 709, 710, 711, 712, 713, 714, 715, 716, 717, 718, 719, 720, 721, 722, 723, 724, 725, 726, 727, 728, 729, 730, 731, 732, 733, 734, 735, 736, 737, 738, 739, 740, 741, 742, 743, 744, 745, 746, 747, 748, 749, 750, 751, 752, 753, 754, 755, 756, 757, 758, 759, 760, 761, 762, 763, 764, 765, 766, 767], size=128
Cluster 6: [256, 257, 258, 259, 260, 261, 262, 263, 264, 265, 266, 267, 268, 269, 270, 271, 272, 273, 274, 275, 276, 277, 278, 279, 280, 281, 282, 283, 284, 285, 286, 287, 288, 289, 290, 291, 292, 293, 294, 295, 296, 297, 298, 299, 300, 301, 302, 303, 304, 305, 306, 307, 308, 309, 310, 311, 312, 313, 314, 315, 316, 317, 318, 319, 320, 321, 322, 323, 324, 325, 326, 327, 328, 329, 330, 331, 332, 333, 334, 335, 336, 337, 338, 339, 340, 341, 342, 343, 344, 345, 346, 347, 348, 349, 350, 351, 352, 353, 354, 355, 356, 357, 358, 359, 360, 361, 362, 363, 364, 365, 366, 367, 368, 369, 370, 371, 372, 373, 374, 375, 376, 377, 378, 379, 380, 381, 382, 383], size=128
Cluster 7: [0, 1, 2, 3, 4, 5, 6, 7, 8, 9, 10, 11, 12, 13, 14, 15, 16, 17, 18, 19, 20, 21, 22, 23, 24, 25, 26, 27, 28, 29, 30, 31, 32, 33, 34, 35, 36, 37, 38, 39, 40, 41, 42, 43, 44, 45, 46, 47, 48, 49, 50, 51, 52, 53, 54, 55, 56, 57, 58, 59, 60, 61, 62, 63, 64, 65, 66, 67, 68, 69, 70, 71, 72, 73, 74, 75, 76, 77, 78, 79, 80, 81, 82, 83, 84, 85, 86, 87, 88, 89, 90, 91, 92, 93, 94, 95, 96, 97, 98, 99, 100, 101, 102, 103, 104, 105, 106, 107, 108, 109, 110, 111, 112, 113, 114, 115, 116, 117, 118, 119, 120, 121, 122, 123, 124, 125, 126, 127], size=128

 Cluster GPU Binary 
------------------------
Cluster 0: [512, 513, 514, 515, 516, 517, 518, 519, 520, 521, 522, 523, 524, 525, 526, 527, 528, 529, 530, 531, 532, 533, 534, 535, 536, 537, 538, 539, 540, 541, 542, 543, 544, 545, 546, 547, 548, 549, 550, 551, 552, 553, 554, 555, 556, 557, 558, 559, 560, 561, 562, 563, 564, 565, 566, 567, 568, 569, 570, 571, 572, 573, 574, 575, 576, 577, 578, 579, 580, 581, 582, 583, 584, 585, 586, 587, 588, 589, 590, 591, 592, 593, 594, 595, 596, 597, 598, 599, 600, 601, 602, 603, 604, 605, 606, 607, 608, 609, 610, 611, 612, 613, 614, 615, 616, 617, 618, 619, 620, 621, 622, 623, 624, 625, 626, 627, 628, 629, 630, 631, 632, 633, 634, 635, 636, 637, 638, 639], size=128
Cluster 1: [206, 384, 385, 386, 387, 388, 389, 390, 391, 392, 393, 394, 395, 396, 397, 398, 399, 400, 401, 402, 403, 404, 405, 406, 407, 408, 409, 410, 411, 412, 413, 414, 415, 416, 417, 418, 419, 420, 421, 422, 423, 424, 425, 426, 427, 428, 429, 430, 431, 432, 433, 434, 435, 436, 437, 438, 439, 440, 441, 442, 443, 444, 445, 446, 447, 448, 449, 450, 451, 452, 453, 454, 455, 456, 457, 458, 459, 460, 461, 462, 463, 464, 465, 466, 467, 468, 469, 470, 471, 472, 473, 474, 475, 476, 477, 478, 479, 480, 481, 482, 483, 484, 485, 486, 487, 488, 489, 490, 491, 492, 493, 494, 495, 496, 497, 498, 499, 500, 501, 502, 503, 504, 505, 506, 507, 508, 509, 510, 511, 640, 641, 642, 643, 644, 645, 646, 647, 648, 649, 650, 651, 652, 653, 654, 655, 656, 657, 658, 659, 660, 661, 662, 663, 664, 665, 666, 667, 668, 669, 670, 671, 672, 673, 674, 675, 676, 677, 678, 679, 680, 681, 682, 683, 684, 685, 686, 687, 688, 689, 690, 691, 692, 693, 694, 695, 696, 697, 698, 699, 700, 701, 702, 703, 704, 705, 706, 707, 708, 709, 710, 711, 712, 713, 714, 715, 716, 717, 718, 719, 720, 721, 722, 723, 724, 725, 726, 727, 728, 729, 730, 731, 732, 733, 734, 735, 736, 737, 738, 739, 740, 741, 742, 743, 744, 745, 746, 747, 748, 749, 750, 751, 752, 753, 754, 755, 756, 757, 758, 759, 760, 761, 762, 763, 764, 765, 766, 767], size=257
Cluster 2: [896, 897, 898, 899, 900, 901, 902, 903, 904, 905, 906, 907, 908, 909, 910, 911, 912, 913, 914, 915, 916, 917, 918, 919, 920, 921, 922, 923, 924, 925, 926, 927, 928, 929, 930, 931, 932, 933, 934, 935, 936, 937, 938, 939, 940, 941, 942, 943, 944, 945, 946, 947, 948, 949, 950, 951, 952, 953, 954, 955, 956, 957, 958, 959, 960, 961, 962, 963, 964, 965, 966, 967, 968, 969, 970, 971, 972, 973, 974, 975, 976, 977, 978, 979, 980, 981, 982, 983, 984, 985, 986, 987, 988, 989, 990, 991, 992, 993, 994, 995, 996, 997, 998, 999, 1000, 1001, 1002, 1003, 1004, 1005, 1006, 1007, 1008, 1009, 1010, 1011, 1012, 1013, 1014, 1015, 1016, 1017, 1018, 1019, 1020, 1021, 1022, 1023], size=128
Cluster 3: [768, 769, 770, 771, 772, 773, 774, 775, 776, 777, 778, 779, 780, 781, 782, 783, 784, 785, 786, 787, 788, 789, 790, 791, 792, 793, 794, 795, 796, 797, 798, 799, 800, 801, 802, 803, 804, 805, 806, 807, 808, 809, 810, 811, 812, 813, 814, 815, 816, 817, 818, 819, 820, 821, 822, 823, 824, 825, 826, 827, 828, 829, 830, 831, 832, 833, 834, 835, 836, 837, 838, 839, 840, 841, 842, 843, 844, 845, 846, 847, 848, 849, 850, 851, 852, 853, 854, 855, 856, 857, 858, 859, 860, 861, 862, 863, 864, 865, 866, 867, 868, 869, 870, 871, 872, 873, 874, 875, 876, 877, 878, 879, 880, 881, 882, 883, 884, 885, 886, 887, 888, 889, 890, 891, 892, 893, 894, 895], size=128
Cluster 4: [128, 129, 130, 131, 132, 133, 134, 135, 136, 137, 138, 139, 140, 141, 142, 143, 144, 145, 146, 147, 148, 149, 150, 151, 152, 153, 154, 155, 156, 157, 158, 159, 160, 161, 162, 163, 164, 165, 166, 167, 168, 169, 170, 171, 172, 173, 174, 175, 176, 177, 178, 179, 180, 181, 182, 183, 184, 185, 186, 187, 188, 189, 190, 191, 192, 193, 194, 195, 196, 197, 198, 199, 200, 201, 202, 203, 204, 205, 207, 208, 209, 210, 211, 212, 213, 214, 215, 216, 217, 218, 219, 220, 221, 222, 223, 224, 225, 226, 227, 228, 229, 230, 231, 232, 233, 234, 235, 236, 237, 238, 239, 240, 241, 242, 243, 244, 245, 246, 247, 248, 249, 250, 251, 252, 253, 254, 255], size=127
Cluster 5: [256, 258, 260, 262, 263, 266, 267, 268, 269, 271, 275, 276, 277, 279, 280, 281, 282, 283, 284, 285, 288, 289, 294, 295, 296, 298, 299, 304, 305, 306, 308, 309, 311, 312, 314, 315, 318, 319, 323, 325, 327, 328, 332, 333, 336, 337, 338, 339, 340, 341, 342, 344, 345, 347, 348, 349, 350, 354, 355, 357, 358, 360, 362, 365, 366, 367, 369, 370, 371, 372, 373, 376, 378, 379, 381, 382], size=76
Cluster 6: [257, 259, 261, 264, 265, 270, 272, 273, 274, 278, 286, 287, 290, 291, 292, 293, 297, 300, 301, 302, 303, 307, 310, 313, 316, 317, 320, 321, 322, 324, 326, 329, 330, 331, 334, 335, 343, 346, 351, 352, 353, 356, 359, 361, 363, 364, 368, 374, 375, 377, 380, 383], size=52
Cluster 7: [0, 8, 10, 11, 14, 15, 16, 17, 21, 23, 26, 27, 28, 29, 31, 32, 33, 34, 36, 39, 41, 42, 43, 49, 50, 51, 52, 55, 57, 60, 66, 67, 68, 70, 72, 74, 77, 79, 81, 86, 87, 88, 92, 94, 98, 99, 102, 108, 109, 110, 113, 121, 122, 125, 126], size=55
Cluster 8: [7, 35, 58, 106], size=4
Cluster 9: [2, 3, 4, 5, 6, 9, 12, 18, 19, 20, 22, 24, 25, 30, 38, 40, 44, 45, 46, 47, 48, 53, 54, 56, 59, 61, 62, 63, 64, 65, 71, 75, 76, 78, 80, 82, 83, 84, 85, 89, 90, 91, 93, 95, 96, 97, 100, 103, 104, 105, 111, 112, 114, 115, 116, 119, 123, 124, 127], size=59
Cluster 10: [1, 13, 37, 69, 73, 101, 107, 117, 118, 120], size=10

Balanced Cluster Binary GPU 
------------------------------
Cluster 0: [512, 513, 514, 515, 516, 517, 518, 519, 520, 521, 522, 523, 524, 525, 526, 527, 528, 529, 530, 531, 532, 533, 534, 535, 536, 537, 538, 539, 540, 541, 542, 543, 544, 545, 546, 547, 548, 549, 550, 551, 552, 553, 554, 555, 556, 557, 558, 559, 560, 561, 562, 563, 564, 565, 566, 567, 568, 569, 570, 571, 572, 573, 574, 575, 576, 577, 578, 579, 580, 581, 582, 583, 584, 585, 586, 587, 588, 589, 590, 591, 592, 593, 594, 595, 596, 597, 598, 599, 600, 601, 602, 603, 604, 605, 606, 607, 608, 609, 610, 611, 612, 613, 614, 615, 616, 617, 618, 619, 620, 621, 622, 623, 624, 625, 626, 627, 628, 629, 630, 631, 632, 633, 634, 635, 636, 637, 638, 639], size=128
Cluster 1: [388, 390, 393, 394, 395, 396, 398, 404, 405, 408, 409, 411, 412, 416, 417, 420, 422, 423, 424, 425, 426, 428, 429, 430, 431, 432, 433, 434, 436, 439, 440, 442, 444, 445, 446, 447, 448, 449, 450, 451, 453, 456, 457, 462, 464, 465, 467, 468, 477, 478, 479, 481, 482, 483, 485, 486, 490, 493, 494, 495, 497, 499, 500, 501, 506, 507, 643, 644, 649, 652, 653, 655, 656, 657, 660, 662, 664, 665, 666, 667, 668, 669, 670, 673, 675, 677, 679, 680, 682, 685, 687, 688, 689, 693, 694, 695, 696, 697, 704, 706, 707, 711, 712, 713, 714, 715, 716, 718, 720, 722, 728, 731, 732, 734, 739, 740, 745, 746, 749, 750, 752, 753, 755, 758, 759, 760, 765, 767], size=128
Cluster 2: [206, 384, 385, 386, 387, 389, 391, 392, 397, 399, 400, 401, 402, 403, 406, 407, 410, 413, 414, 415, 418, 419, 421, 427, 437, 438, 441, 443, 452, 454, 455, 458, 459, 460, 461, 463, 466, 469, 470, 471, 472, 473, 474, 475, 476, 480, 484, 487, 488, 489, 491, 492, 496, 498, 502, 503, 504, 505, 508, 509, 510, 511, 640, 641, 642, 645, 646, 647, 648, 650, 651, 654, 658, 659, 661, 663, 671, 672, 674, 676, 678, 681, 683, 684, 686, 690, 691, 692, 698, 699, 700, 701, 702, 703, 705, 708, 709, 710, 717, 719, 721, 723, 724, 725, 726, 727, 729, 730, 733, 735, 736, 737, 738, 741, 742, 743, 744, 747, 748, 751, 754, 756, 757, 761, 762, 763, 764, 766], size=128
Cluster 3: [435, 896, 897, 898, 899, 900, 901, 902, 903, 904, 905, 906, 907, 908, 909, 910, 911, 912, 913, 914, 915, 916, 917, 918, 919, 920, 921, 922, 923, 924, 925, 926, 927, 928, 929, 930, 931, 932, 933, 934, 935, 936, 937, 938, 939, 940, 941, 942, 943, 944, 945, 946, 947, 948, 949, 950, 951, 952, 953, 954, 956, 957, 958, 959, 960, 961, 962, 963, 964, 965, 966, 967, 968, 969, 970, 971, 972, 973, 974, 975, 976, 977, 978, 979, 980, 981, 982, 983, 984, 985, 986, 987, 988, 989, 990, 991, 992, 993, 994, 995, 996, 997, 998, 999, 1000, 1001, 1002, 1003, 1004, 1005, 1006, 1007, 1008, 1009, 1010, 1011, 1012, 1013, 1014, 1015, 1016, 1017, 1018, 1019, 1020, 1021, 1022, 1023], size=128
Cluster 4: [768, 769, 770, 771, 772, 773, 774, 775, 776, 777, 778, 779, 780, 781, 782, 783, 784, 785, 786, 787, 788, 789, 790, 791, 792, 793, 794, 795, 796, 797, 798, 799, 800, 801, 802, 803, 804, 805, 806, 807, 808, 809, 810, 811, 812, 813, 814, 815, 816, 817, 818, 819, 820, 821, 822, 823, 824, 825, 826, 827, 828, 829, 830, 831, 832, 833, 834, 835, 836, 837, 838, 839, 840, 841, 842, 843, 844, 845, 846, 847, 848, 849, 850, 851, 852, 853, 854, 855, 856, 857, 858, 859, 861, 862, 863, 864, 865, 866, 867, 868, 869, 870, 871, 872, 873, 874, 875, 876, 877, 878, 879, 880, 881, 882, 883, 884, 885, 886, 887, 888, 889, 890, 891, 892, 893, 894, 895, 955], size=128
Cluster 5: [128, 129, 130, 131, 132, 133, 134, 135, 136, 137, 138, 139, 140, 141, 142, 143, 144, 145, 146, 147, 148, 149, 150, 151, 152, 153, 154, 155, 156, 157, 158, 159, 160, 161, 162, 163, 164, 165, 166, 167, 168, 169, 170, 171, 172, 173, 174, 175, 176, 177, 178, 179, 180, 181, 182, 183, 184, 185, 186, 187, 188, 189, 190, 191, 192, 193, 194, 195, 196, 197, 198, 199, 200, 201, 202, 203, 204, 205, 207, 208, 209, 210, 211, 212, 213, 214, 215, 216, 217, 218, 219, 220, 221, 222, 223, 224, 225, 226, 227, 228, 229, 230, 231, 232, 233, 234, 235, 236, 237, 238, 239, 240, 241, 242, 243, 244, 245, 246, 247, 248, 249, 250, 251, 252, 253, 254, 255, 860], size=128
Cluster 6: [256, 257, 258, 259, 260, 261, 262, 263, 264, 265, 266, 267, 268, 269, 270, 271, 272, 273, 274, 275, 276, 277, 278, 279, 280, 281, 282, 283, 284, 285, 286, 287, 288, 289, 290, 291, 292, 293, 294, 295, 296, 297, 298, 299, 300, 301, 302, 303, 304, 305, 306, 307, 308, 309, 310, 311, 312, 313, 314, 315, 316, 317, 318, 319, 320, 321, 322, 323, 324, 325, 326, 327, 328, 329, 330, 331, 332, 333, 334, 335, 336, 337, 338, 339, 340, 341, 342, 343, 344, 345, 346, 347, 348, 349, 350, 351, 352, 353, 354, 355, 356, 357, 358, 359, 360, 361, 362, 363, 364, 365, 366, 367, 368, 369, 370, 371, 372, 373, 374, 375, 376, 377, 378, 379, 380, 381, 382, 383], size=128
Cluster 7: [0, 1, 2, 3, 4, 5, 6, 7, 8, 9, 10, 11, 12, 13, 14, 15, 16, 17, 18, 19, 20, 21, 22, 23, 24, 25, 26, 27, 28, 29, 30, 31, 32, 33, 34, 35, 36, 37, 38, 39, 40, 41, 42, 43, 44, 45, 46, 47, 48, 49, 50, 51, 52, 53, 54, 55, 56, 57, 58, 59, 60, 61, 62, 63, 64, 65, 66, 67, 68, 69, 70, 71, 72, 73, 74, 75, 76, 77, 78, 79, 80, 81, 82, 83, 84, 85, 86, 87, 88, 89, 90, 91, 92, 93, 94, 95, 96, 97, 98, 99, 100, 101, 102, 103, 104, 105, 106, 107, 108, 109, 110, 111, 112, 113, 114, 115, 116, 117, 118, 119, 120, 121, 122, 123, 124, 125, 126, 127], size=128

========================================================================
PERMUTED LABELS
========================================================================
Ground truth:
[4 2 3 ... 6 3 0]

Direct GMC:
[0 1 2 ... 6 2 3]

Original Binary:
[0 6 3 ... 4 3 7]

Balanced Binary:
[0 6 3 ... 4 3 7]

========================================================================
TREE STRUCTURE CPU
========================================================================
node= 0 | level=0 | parent=None | left=   1 | right=   2 | size=1024 | indici originali=[0, 1, 2, 3, 4, 5, 6, 7, 8, 9, 10, 11, 12, 13, 14, 15, 16, 17, 18, 19, 20, 21, 22, 23, 24, 25, 26, 27, 28, 29, 30, 31, 32, 33, 34, 35, 36, 37, 38, 39, 40, 41, 42, 43, 44, 45, 46, 47, 48, 49, 50, 51, 52, 53, 54, 55, 56, 57, 58, 59, 60, 61, 62, 63, 64, 65, 66, 67, 68, 69, 70, 71, 72, 73, 74, 75, 76, 77, 78, 79, 80, 81, 82, 83, 84, 85, 86, 87, 88, 89, 90, 91, 92, 93, 94, 95, 96, 97, 98, 99, 100, 101, 102, 103, 104, 105, 106, 107, 108, 109, 110, 111, 112, 113, 114, 115, 116, 117, 118, 119, 120, 121, 122, 123, 124, 125, 126, 127, 128, 129, 130, 131, 132, 133, 134, 135, 136, 137, 138, 139, 140, 141, 142, 143, 144, 145, 146, 147, 148, 149, 150, 151, 152, 153, 154, 155, 156, 157, 158, 159, 160, 161, 162, 163, 164, 165, 166, 167, 168, 169, 170, 171, 172, 173, 174, 175, 176, 177, 178, 179, 180, 181, 182, 183, 184, 185, 186, 187, 188, 189, 190, 191, 192, 193, 194, 195, 196, 197, 198, 199, 200, 201, 202, 203, 204, 205, 206, 207, 208, 209, 210, 211, 212, 213, 214, 215, 216, 217, 218, 219, 220, 221, 222, 223, 224, 225, 226, 227, 228, 229, 230, 231, 232, 233, 234, 235, 236, 237, 238, 239, 240, 241, 242, 243, 244, 245, 246, 247, 248, 249, 250, 251, 252, 253, 254, 255, 256, 257, 258, 259, 260, 261, 262, 263, 264, 265, 266, 267, 268, 269, 270, 271, 272, 273, 274, 275, 276, 277, 278, 279, 280, 281, 282, 283, 284, 285, 286, 287, 288, 289, 290, 291, 292, 293, 294, 295, 296, 297, 298, 299, 300, 301, 302, 303, 304, 305, 306, 307, 308, 309, 310, 311, 312, 313, 314, 315, 316, 317, 318, 319, 320, 321, 322, 323, 324, 325, 326, 327, 328, 329, 330, 331, 332, 333, 334, 335, 336, 337, 338, 339, 340, 341, 342, 343, 344, 345, 346, 347, 348, 349, 350, 351, 352, 353, 354, 355, 356, 357, 358, 359, 360, 361, 362, 363, 364, 365, 366, 367, 368, 369, 370, 371, 372, 373, 374, 375, 376, 377, 378, 379, 380, 381, 382, 383, 384, 385, 386, 387, 388, 389, 390, 391, 392, 393, 394, 395, 396, 397, 398, 399, 400, 401, 402, 403, 404, 405, 406, 407, 408, 409, 410, 411, 412, 413, 414, 415, 416, 417, 418, 419, 420, 421, 422, 423, 424, 425, 426, 427, 428, 429, 430, 431, 432, 433, 434, 435, 436, 437, 438, 439, 440, 441, 442, 443, 444, 445, 446, 447, 448, 449, 450, 451, 452, 453, 454, 455, 456, 457, 458, 459, 460, 461, 462, 463, 464, 465, 466, 467, 468, 469, 470, 471, 472, 473, 474, 475, 476, 477, 478, 479, 480, 481, 482, 483, 484, 485, 486, 487, 488, 489, 490, 491, 492, 493, 494, 495, 496, 497, 498, 499, 500, 501, 502, 503, 504, 505, 506, 507, 508, 509, 510, 511, 512, 513, 514, 515, 516, 517, 518, 519, 520, 521, 522, 523, 524, 525, 526, 527, 528, 529, 530, 531, 532, 533, 534, 535, 536, 537, 538, 539, 540, 541, 542, 543, 544, 545, 546, 547, 548, 549, 550, 551, 552, 553, 554, 555, 556, 557, 558, 559, 560, 561, 562, 563, 564, 565, 566, 567, 568, 569, 570, 571, 572, 573, 574, 575, 576, 577, 578, 579, 580, 581, 582, 583, 584, 585, 586, 587, 588, 589, 590, 591, 592, 593, 594, 595, 596, 597, 598, 599, 600, 601, 602, 603, 604, 605, 606, 607, 608, 609, 610, 611, 612, 613, 614, 615, 616, 617, 618, 619, 620, 621, 622, 623, 624, 625, 626, 627, 628, 629, 630, 631, 632, 633, 634, 635, 636, 637, 638, 639, 640, 641, 642, 643, 644, 645, 646, 647, 648, 649, 650, 651, 652, 653, 654, 655, 656, 657, 658, 659, 660, 661, 662, 663, 664, 665, 666, 667, 668, 669, 670, 671, 672, 673, 674, 675, 676, 677, 678, 679, 680, 681, 682, 683, 684, 685, 686, 687, 688, 689, 690, 691, 692, 693, 694, 695, 696, 697, 698, 699, 700, 701, 702, 703, 704, 705, 706, 707, 708, 709, 710, 711, 712, 713, 714, 715, 716, 717, 718, 719, 720, 721, 722, 723, 724, 725, 726, 727, 728, 729, 730, 731, 732, 733, 734, 735, 736, 737, 738, 739, 740, 741, 742, 743, 744, 745, 746, 747, 748, 749, 750, 751, 752, 753, 754, 755, 756, 757, 758, 759, 760, 761, 762, 763, 764, 765, 766, 767, 768, 769, 770, 771, 772, 773, 774, 775, 776, 777, 778, 779, 780, 781, 782, 783, 784, 785, 786, 787, 788, 789, 790, 791, 792, 793, 794, 795, 796, 797, 798, 799, 800, 801, 802, 803, 804, 805, 806, 807, 808, 809, 810, 811, 812, 813, 814, 815, 816, 817, 818, 819, 820, 821, 822, 823, 824, 825, 826, 827, 828, 829, 830, 831, 832, 833, 834, 835, 836, 837, 838, 839, 840, 841, 842, 843, 844, 845, 846, 847, 848, 849, 850, 851, 852, 853, 854, 855, 856, 857, 858, 859, 860, 861, 862, 863, 864, 865, 866, 867, 868, 869, 870, 871, 872, 873, 874, 875, 876, 877, 878, 879, 880, 881, 882, 883, 884, 885, 886, 887, 888, 889, 890, 891, 892, 893, 894, 895, 896, 897, 898, 899, 900, 901, 902, 903, 904, 905, 906, 907, 908, 909, 910, 911, 912, 913, 914, 915, 916, 917, 918, 919, 920, 921, 922, 923, 924, 925, 926, 927, 928, 929, 930, 931, 932, 933, 934, 935, 936, 937, 938, 939, 940, 941, 942, 943, 944, 945, 946, 947, 948, 949, 950, 951, 952, 953, 954, 955, 956, 957, 958, 959, 960, 961, 962, 963, 964, 965, 966, 967, 968, 969, 970, 971, 972, 973, 974, 975, 976, 977, 978, 979, 980, 981, 982, 983, 984, 985, 986, 987, 988, 989, 990, 991, 992, 993, 994, 995, 996, 997, 998, 999, 1000, 1001, 1002, 1003, 1004, 1005, 1006, 1007, 1008, 1009, 1010, 1011, 1012, 1013, 1014, 1015, 1016, 1017, 1018, 1019, 1020, 1021, 1022, 1023]
node= 1 | level=1 | parent=   0 | left=   3 | right=   4 | size=896 | indici originali=[128, 129, 130, 131, 132, 133, 134, 135, 136, 137, 138, 139, 140, 141, 142, 143, 144, 145, 146, 147, 148, 149, 150, 151, 152, 153, 154, 155, 156, 157, 158, 159, 160, 161, 162, 163, 164, 165, 166, 167, 168, 169, 170, 171, 172, 173, 174, 175, 176, 177, 178, 179, 180, 181, 182, 183, 184, 185, 186, 187, 188, 189, 190, 191, 192, 193, 194, 195, 196, 197, 198, 199, 200, 201, 202, 203, 204, 205, 206, 207, 208, 209, 210, 211, 212, 213, 214, 215, 216, 217, 218, 219, 220, 221, 222, 223, 224, 225, 226, 227, 228, 229, 230, 231, 232, 233, 234, 235, 236, 237, 238, 239, 240, 241, 242, 243, 244, 245, 246, 247, 248, 249, 250, 251, 252, 253, 254, 255, 256, 257, 258, 259, 260, 261, 262, 263, 264, 265, 266, 267, 268, 269, 270, 271, 272, 273, 274, 275, 276, 277, 278, 279, 280, 281, 282, 283, 284, 285, 286, 287, 288, 289, 290, 291, 292, 293, 294, 295, 296, 297, 298, 299, 300, 301, 302, 303, 304, 305, 306, 307, 308, 309, 310, 311, 312, 313, 314, 315, 316, 317, 318, 319, 320, 321, 322, 323, 324, 325, 326, 327, 328, 329, 330, 331, 332, 333, 334, 335, 336, 337, 338, 339, 340, 341, 342, 343, 344, 345, 346, 347, 348, 349, 350, 351, 352, 353, 354, 355, 356, 357, 358, 359, 360, 361, 362, 363, 364, 365, 366, 367, 368, 369, 370, 371, 372, 373, 374, 375, 376, 377, 378, 379, 380, 381, 382, 383, 384, 385, 386, 387, 388, 389, 390, 391, 392, 393, 394, 395, 396, 397, 398, 399, 400, 401, 402, 403, 404, 405, 406, 407, 408, 409, 410, 411, 412, 413, 414, 415, 416, 417, 418, 419, 420, 421, 422, 423, 424, 425, 426, 427, 428, 429, 430, 431, 432, 433, 434, 435, 436, 437, 438, 439, 440, 441, 442, 443, 444, 445, 446, 447, 448, 449, 450, 451, 452, 453, 454, 455, 456, 457, 458, 459, 460, 461, 462, 463, 464, 465, 466, 467, 468, 469, 470, 471, 472, 473, 474, 475, 476, 477, 478, 479, 480, 481, 482, 483, 484, 485, 486, 487, 488, 489, 490, 491, 492, 493, 494, 495, 496, 497, 498, 499, 500, 501, 502, 503, 504, 505, 506, 507, 508, 509, 510, 511, 512, 513, 514, 515, 516, 517, 518, 519, 520, 521, 522, 523, 524, 525, 526, 527, 528, 529, 530, 531, 532, 533, 534, 535, 536, 537, 538, 539, 540, 541, 542, 543, 544, 545, 546, 547, 548, 549, 550, 551, 552, 553, 554, 555, 556, 557, 558, 559, 560, 561, 562, 563, 564, 565, 566, 567, 568, 569, 570, 571, 572, 573, 574, 575, 576, 577, 578, 579, 580, 581, 582, 583, 584, 585, 586, 587, 588, 589, 590, 591, 592, 593, 594, 595, 596, 597, 598, 599, 600, 601, 602, 603, 604, 605, 606, 607, 608, 609, 610, 611, 612, 613, 614, 615, 616, 617, 618, 619, 620, 621, 622, 623, 624, 625, 626, 627, 628, 629, 630, 631, 632, 633, 634, 635, 636, 637, 638, 639, 640, 641, 642, 643, 644, 645, 646, 647, 648, 649, 650, 651, 652, 653, 654, 655, 656, 657, 658, 659, 660, 661, 662, 663, 664, 665, 666, 667, 668, 669, 670, 671, 672, 673, 674, 675, 676, 677, 678, 679, 680, 681, 682, 683, 684, 685, 686, 687, 688, 689, 690, 691, 692, 693, 694, 695, 696, 697, 698, 699, 700, 701, 702, 703, 704, 705, 706, 707, 708, 709, 710, 711, 712, 713, 714, 715, 716, 717, 718, 719, 720, 721, 722, 723, 724, 725, 726, 727, 728, 729, 730, 731, 732, 733, 734, 735, 736, 737, 738, 739, 740, 741, 742, 743, 744, 745, 746, 747, 748, 749, 750, 751, 752, 753, 754, 755, 756, 757, 758, 759, 760, 761, 762, 763, 764, 765, 766, 767, 768, 769, 770, 771, 772, 773, 774, 775, 776, 777, 778, 779, 780, 781, 782, 783, 784, 785, 786, 787, 788, 789, 790, 791, 792, 793, 794, 795, 796, 797, 798, 799, 800, 801, 802, 803, 804, 805, 806, 807, 808, 809, 810, 811, 812, 813, 814, 815, 816, 817, 818, 819, 820, 821, 822, 823, 824, 825, 826, 827, 828, 829, 830, 831, 832, 833, 834, 835, 836, 837, 838, 839, 840, 841, 842, 843, 844, 845, 846, 847, 848, 849, 850, 851, 852, 853, 854, 855, 856, 857, 858, 859, 860, 861, 862, 863, 864, 865, 866, 867, 868, 869, 870, 871, 872, 873, 874, 875, 876, 877, 878, 879, 880, 881, 882, 883, 884, 885, 886, 887, 888, 889, 890, 891, 892, 893, 894, 895, 896, 897, 898, 899, 900, 901, 902, 903, 904, 905, 906, 907, 908, 909, 910, 911, 912, 913, 914, 915, 916, 917, 918, 919, 920, 921, 922, 923, 924, 925, 926, 927, 928, 929, 930, 931, 932, 933, 934, 935, 936, 937, 938, 939, 940, 941, 942, 943, 944, 945, 946, 947, 948, 949, 950, 951, 952, 953, 954, 955, 956, 957, 958, 959, 960, 961, 962, 963, 964, 965, 966, 967, 968, 969, 970, 971, 972, 973, 974, 975, 976, 977, 978, 979, 980, 981, 982, 983, 984, 985, 986, 987, 988, 989, 990, 991, 992, 993, 994, 995, 996, 997, 998, 999, 1000, 1001, 1002, 1003, 1004, 1005, 1006, 1007, 1008, 1009, 1010, 1011, 1012, 1013, 1014, 1015, 1016, 1017, 1018, 1019, 1020, 1021, 1022, 1023]
node= 2 | level=1 | parent=   0 | left=None | right=None | size=128 | indici originali=[0, 1, 2, 3, 4, 5, 6, 7, 8, 9, 10, 11, 12, 13, 14, 15, 16, 17, 18, 19, 20, 21, 22, 23, 24, 25, 26, 27, 28, 29, 30, 31, 32, 33, 34, 35, 36, 37, 38, 39, 40, 41, 42, 43, 44, 45, 46, 47, 48, 49, 50, 51, 52, 53, 54, 55, 56, 57, 58, 59, 60, 61, 62, 63, 64, 65, 66, 67, 68, 69, 70, 71, 72, 73, 74, 75, 76, 77, 78, 79, 80, 81, 82, 83, 84, 85, 86, 87, 88, 89, 90, 91, 92, 93, 94, 95, 96, 97, 98, 99, 100, 101, 102, 103, 104, 105, 106, 107, 108, 109, 110, 111, 112, 113, 114, 115, 116, 117, 118, 119, 120, 121, 122, 123, 124, 125, 126, 127]
node= 3 | level=2 | parent=   1 | left=   5 | right=   6 | size=768 | indici originali=[128, 129, 130, 131, 132, 133, 134, 135, 136, 137, 138, 139, 140, 141, 142, 143, 144, 145, 146, 147, 148, 149, 150, 151, 152, 153, 154, 155, 156, 157, 158, 159, 160, 161, 162, 163, 164, 165, 166, 167, 168, 169, 170, 171, 172, 173, 174, 175, 176, 177, 178, 179, 180, 181, 182, 183, 184, 185, 186, 187, 188, 189, 190, 191, 192, 193, 194, 195, 196, 197, 198, 199, 200, 201, 202, 203, 204, 205, 206, 207, 208, 209, 210, 211, 212, 213, 214, 215, 216, 217, 218, 219, 220, 221, 222, 223, 224, 225, 226, 227, 228, 229, 230, 231, 232, 233, 234, 235, 236, 237, 238, 239, 240, 241, 242, 243, 244, 245, 246, 247, 248, 249, 250, 251, 252, 253, 254, 255, 384, 385, 386, 387, 388, 389, 390, 391, 392, 393, 394, 395, 396, 397, 398, 399, 400, 401, 402, 403, 404, 405, 406, 407, 408, 409, 410, 411, 412, 413, 414, 415, 416, 417, 418, 419, 420, 421, 422, 423, 424, 425, 426, 427, 428, 429, 430, 431, 432, 433, 434, 435, 436, 437, 438, 439, 440, 441, 442, 443, 444, 445, 446, 447, 448, 449, 450, 451, 452, 453, 454, 455, 456, 457, 458, 459, 460, 461, 462, 463, 464, 465, 466, 467, 468, 469, 470, 471, 472, 473, 474, 475, 476, 477, 478, 479, 480, 481, 482, 483, 484, 485, 486, 487, 488, 489, 490, 491, 492, 493, 494, 495, 496, 497, 498, 499, 500, 501, 502, 503, 504, 505, 506, 507, 508, 509, 510, 511, 512, 513, 514, 515, 516, 517, 518, 519, 520, 521, 522, 523, 524, 525, 526, 527, 528, 529, 530, 531, 532, 533, 534, 535, 536, 537, 538, 539, 540, 541, 542, 543, 544, 545, 546, 547, 548, 549, 550, 551, 552, 553, 554, 555, 556, 557, 558, 559, 560, 561, 562, 563, 564, 565, 566, 567, 568, 569, 570, 571, 572, 573, 574, 575, 576, 577, 578, 579, 580, 581, 582, 583, 584, 585, 586, 587, 588, 589, 590, 591, 592, 593, 594, 595, 596, 597, 598, 599, 600, 601, 602, 603, 604, 605, 606, 607, 608, 609, 610, 611, 612, 613, 614, 615, 616, 617, 618, 619, 620, 621, 622, 623, 624, 625, 626, 627, 628, 629, 630, 631, 632, 633, 634, 635, 636, 637, 638, 639, 640, 641, 642, 643, 644, 645, 646, 647, 648, 649, 650, 651, 652, 653, 654, 655, 656, 657, 658, 659, 660, 661, 662, 663, 664, 665, 666, 667, 668, 669, 670, 671, 672, 673, 674, 675, 676, 677, 678, 679, 680, 681, 682, 683, 684, 685, 686, 687, 688, 689, 690, 691, 692, 693, 694, 695, 696, 697, 698, 699, 700, 701, 702, 703, 704, 705, 706, 707, 708, 709, 710, 711, 712, 713, 714, 715, 716, 717, 718, 719, 720, 721, 722, 723, 724, 725, 726, 727, 728, 729, 730, 731, 732, 733, 734, 735, 736, 737, 738, 739, 740, 741, 742, 743, 744, 745, 746, 747, 748, 749, 750, 751, 752, 753, 754, 755, 756, 757, 758, 759, 760, 761, 762, 763, 764, 765, 766, 767, 768, 769, 770, 771, 772, 773, 774, 775, 776, 777, 778, 779, 780, 781, 782, 783, 784, 785, 786, 787, 788, 789, 790, 791, 792, 793, 794, 795, 796, 797, 798, 799, 800, 801, 802, 803, 804, 805, 806, 807, 808, 809, 810, 811, 812, 813, 814, 815, 816, 817, 818, 819, 820, 821, 822, 823, 824, 825, 826, 827, 828, 829, 830, 831, 832, 833, 834, 835, 836, 837, 838, 839, 840, 841, 842, 843, 844, 845, 846, 847, 848, 849, 850, 851, 852, 853, 854, 855, 856, 857, 858, 859, 860, 861, 862, 863, 864, 865, 866, 867, 868, 869, 870, 871, 872, 873, 874, 875, 876, 877, 878, 879, 880, 881, 882, 883, 884, 885, 886, 887, 888, 889, 890, 891, 892, 893, 894, 895, 896, 897, 898, 899, 900, 901, 902, 903, 904, 905, 906, 907, 908, 909, 910, 911, 912, 913, 914, 915, 916, 917, 918, 919, 920, 921, 922, 923, 924, 925, 926, 927, 928, 929, 930, 931, 932, 933, 934, 935, 936, 937, 938, 939, 940, 941, 942, 943, 944, 945, 946, 947, 948, 949, 950, 951, 952, 953, 954, 955, 956, 957, 958, 959, 960, 961, 962, 963, 964, 965, 966, 967, 968, 969, 970, 971, 972, 973, 974, 975, 976, 977, 978, 979, 980, 981, 982, 983, 984, 985, 986, 987, 988, 989, 990, 991, 992, 993, 994, 995, 996, 997, 998, 999, 1000, 1001, 1002, 1003, 1004, 1005, 1006, 1007, 1008, 1009, 1010, 1011, 1012, 1013, 1014, 1015, 1016, 1017, 1018, 1019, 1020, 1021, 1022, 1023]
node= 4 | level=2 | parent=   1 | left=None | right=None | size=128 | indici originali=[256, 257, 258, 259, 260, 261, 262, 263, 264, 265, 266, 267, 268, 269, 270, 271, 272, 273, 274, 275, 276, 277, 278, 279, 280, 281, 282, 283, 284, 285, 286, 287, 288, 289, 290, 291, 292, 293, 294, 295, 296, 297, 298, 299, 300, 301, 302, 303, 304, 305, 306, 307, 308, 309, 310, 311, 312, 313, 314, 315, 316, 317, 318, 319, 320, 321, 322, 323, 324, 325, 326, 327, 328, 329, 330, 331, 332, 333, 334, 335, 336, 337, 338, 339, 340, 341, 342, 343, 344, 345, 346, 347, 348, 349, 350, 351, 352, 353, 354, 355, 356, 357, 358, 359, 360, 361, 362, 363, 364, 365, 366, 367, 368, 369, 370, 371, 372, 373, 374, 375, 376, 377, 378, 379, 380, 381, 382, 383]
node= 5 | level=3 | parent=   3 | left=   7 | right=   8 | size=640 | indici originali=[128, 129, 130, 131, 132, 133, 134, 135, 136, 137, 138, 139, 140, 141, 142, 143, 144, 145, 146, 147, 148, 149, 150, 151, 152, 153, 154, 155, 156, 157, 158, 159, 160, 161, 162, 163, 164, 165, 166, 167, 168, 169, 170, 171, 172, 173, 174, 175, 176, 177, 178, 179, 180, 181, 182, 183, 184, 185, 186, 187, 188, 189, 190, 191, 192, 193, 194, 195, 196, 197, 198, 199, 200, 201, 202, 203, 204, 205, 206, 207, 208, 209, 210, 211, 212, 213, 214, 215, 216, 217, 218, 219, 220, 221, 222, 223, 224, 225, 226, 227, 228, 229, 230, 231, 232, 233, 234, 235, 236, 237, 238, 239, 240, 241, 242, 243, 244, 245, 246, 247, 248, 249, 250, 251, 252, 253, 254, 255, 384, 385, 386, 387, 388, 389, 390, 391, 392, 393, 394, 395, 396, 397, 398, 399, 400, 401, 402, 403, 404, 405, 406, 407, 408, 409, 410, 411, 412, 413, 414, 415, 416, 417, 418, 419, 420, 421, 422, 423, 424, 425, 426, 427, 428, 429, 430, 431, 432, 433, 434, 435, 436, 437, 438, 439, 440, 441, 442, 443, 444, 445, 446, 447, 448, 449, 450, 451, 452, 453, 454, 455, 456, 457, 458, 459, 460, 461, 462, 463, 464, 465, 466, 467, 468, 469, 470, 471, 472, 473, 474, 475, 476, 477, 478, 479, 480, 481, 482, 483, 484, 485, 486, 487, 488, 489, 490, 491, 492, 493, 494, 495, 496, 497, 498, 499, 500, 501, 502, 503, 504, 505, 506, 507, 508, 509, 510, 511, 512, 513, 514, 515, 516, 517, 518, 519, 520, 521, 522, 523, 524, 525, 526, 527, 528, 529, 530, 531, 532, 533, 534, 535, 536, 537, 538, 539, 540, 541, 542, 543, 544, 545, 546, 547, 548, 549, 550, 551, 552, 553, 554, 555, 556, 557, 558, 559, 560, 561, 562, 563, 564, 565, 566, 567, 568, 569, 570, 571, 572, 573, 574, 575, 576, 577, 578, 579, 580, 581, 582, 583, 584, 585, 586, 587, 588, 589, 590, 591, 592, 593, 594, 595, 596, 597, 598, 599, 600, 601, 602, 603, 604, 605, 606, 607, 608, 609, 610, 611, 612, 613, 614, 615, 616, 617, 618, 619, 620, 621, 622, 623, 624, 625, 626, 627, 628, 629, 630, 631, 632, 633, 634, 635, 636, 637, 638, 639, 768, 769, 770, 771, 772, 773, 774, 775, 776, 777, 778, 779, 780, 781, 782, 783, 784, 785, 786, 787, 788, 789, 790, 791, 792, 793, 794, 795, 796, 797, 798, 799, 800, 801, 802, 803, 804, 805, 806, 807, 808, 809, 810, 811, 812, 813, 814, 815, 816, 817, 818, 819, 820, 821, 822, 823, 824, 825, 826, 827, 828, 829, 830, 831, 832, 833, 834, 835, 836, 837, 838, 839, 840, 841, 842, 843, 844, 845, 846, 847, 848, 849, 850, 851, 852, 853, 854, 855, 856, 857, 858, 859, 860, 861, 862, 863, 864, 865, 866, 867, 868, 869, 870, 871, 872, 873, 874, 875, 876, 877, 878, 879, 880, 881, 882, 883, 884, 885, 886, 887, 888, 889, 890, 891, 892, 893, 894, 895, 896, 897, 898, 899, 900, 901, 902, 903, 904, 905, 906, 907, 908, 909, 910, 911, 912, 913, 914, 915, 916, 917, 918, 919, 920, 921, 922, 923, 924, 925, 926, 927, 928, 929, 930, 931, 932, 933, 934, 935, 936, 937, 938, 939, 940, 941, 942, 943, 944, 945, 946, 947, 948, 949, 950, 951, 952, 953, 954, 955, 956, 957, 958, 959, 960, 961, 962, 963, 964, 965, 966, 967, 968, 969, 970, 971, 972, 973, 974, 975, 976, 977, 978, 979, 980, 981, 982, 983, 984, 985, 986, 987, 988, 989, 990, 991, 992, 993, 994, 995, 996, 997, 998, 999, 1000, 1001, 1002, 1003, 1004, 1005, 1006, 1007, 1008, 1009, 1010, 1011, 1012, 1013, 1014, 1015, 1016, 1017, 1018, 1019, 1020, 1021, 1022, 1023]
node= 6 | level=3 | parent=   3 | left=None | right=None | size=128 | indici originali=[640, 641, 642, 643, 644, 645, 646, 647, 648, 649, 650, 651, 652, 653, 654, 655, 656, 657, 658, 659, 660, 661, 662, 663, 664, 665, 666, 667, 668, 669, 670, 671, 672, 673, 674, 675, 676, 677, 678, 679, 680, 681, 682, 683, 684, 685, 686, 687, 688, 689, 690, 691, 692, 693, 694, 695, 696, 697, 698, 699, 700, 701, 702, 703, 704, 705, 706, 707, 708, 709, 710, 711, 712, 713, 714, 715, 716, 717, 718, 719, 720, 721, 722, 723, 724, 725, 726, 727, 728, 729, 730, 731, 732, 733, 734, 735, 736, 737, 738, 739, 740, 741, 742, 743, 744, 745, 746, 747, 748, 749, 750, 751, 752, 753, 754, 755, 756, 757, 758, 759, 760, 761, 762, 763, 764, 765, 766, 767]
node= 7 | level=4 | parent=   5 | left=   9 | right=  10 | size=512 | indici originali=[128, 129, 130, 131, 132, 133, 134, 135, 136, 137, 138, 139, 140, 141, 142, 143, 144, 145, 146, 147, 148, 149, 150, 151, 152, 153, 154, 155, 156, 157, 158, 159, 160, 161, 162, 163, 164, 165, 166, 167, 168, 169, 170, 171, 172, 173, 174, 175, 176, 177, 178, 179, 180, 181, 182, 183, 184, 185, 186, 187, 188, 189, 190, 191, 192, 193, 194, 195, 196, 197, 198, 199, 200, 201, 202, 203, 204, 205, 206, 207, 208, 209, 210, 211, 212, 213, 214, 215, 216, 217, 218, 219, 220, 221, 222, 223, 224, 225, 226, 227, 228, 229, 230, 231, 232, 233, 234, 235, 236, 237, 238, 239, 240, 241, 242, 243, 244, 245, 246, 247, 248, 249, 250, 251, 252, 253, 254, 255, 384, 385, 386, 387, 388, 389, 390, 391, 392, 393, 394, 395, 396, 397, 398, 399, 400, 401, 402, 403, 404, 405, 406, 407, 408, 409, 410, 411, 412, 413, 414, 415, 416, 417, 418, 419, 420, 421, 422, 423, 424, 425, 426, 427, 428, 429, 430, 431, 432, 433, 434, 435, 436, 437, 438, 439, 440, 441, 442, 443, 444, 445, 446, 447, 448, 449, 450, 451, 452, 453, 454, 455, 456, 457, 458, 459, 460, 461, 462, 463, 464, 465, 466, 467, 468, 469, 470, 471, 472, 473, 474, 475, 476, 477, 478, 479, 480, 481, 482, 483, 484, 485, 486, 487, 488, 489, 490, 491, 492, 493, 494, 495, 496, 497, 498, 499, 500, 501, 502, 503, 504, 505, 506, 507, 508, 509, 510, 511, 512, 513, 514, 515, 516, 517, 518, 519, 520, 521, 522, 523, 524, 525, 526, 527, 528, 529, 530, 531, 532, 533, 534, 535, 536, 537, 538, 539, 540, 541, 542, 543, 544, 545, 546, 547, 548, 549, 550, 551, 552, 553, 554, 555, 556, 557, 558, 559, 560, 561, 562, 563, 564, 565, 566, 567, 568, 569, 570, 571, 572, 573, 574, 575, 576, 577, 578, 579, 580, 581, 582, 583, 584, 585, 586, 587, 588, 589, 590, 591, 592, 593, 594, 595, 596, 597, 598, 599, 600, 601, 602, 603, 604, 605, 606, 607, 608, 609, 610, 611, 612, 613, 614, 615, 616, 617, 618, 619, 620, 621, 622, 623, 624, 625, 626, 627, 628, 629, 630, 631, 632, 633, 634, 635, 636, 637, 638, 639, 896, 897, 898, 899, 900, 901, 902, 903, 904, 905, 906, 907, 908, 909, 910, 911, 912, 913, 914, 915, 916, 917, 918, 919, 920, 921, 922, 923, 924, 925, 926, 927, 928, 929, 930, 931, 932, 933, 934, 935, 936, 937, 938, 939, 940, 941, 942, 943, 944, 945, 946, 947, 948, 949, 950, 951, 952, 953, 954, 955, 956, 957, 958, 959, 960, 961, 962, 963, 964, 965, 966, 967, 968, 969, 970, 971, 972, 973, 974, 975, 976, 977, 978, 979, 980, 981, 982, 983, 984, 985, 986, 987, 988, 989, 990, 991, 992, 993, 994, 995, 996, 997, 998, 999, 1000, 1001, 1002, 1003, 1004, 1005, 1006, 1007, 1008, 1009, 1010, 1011, 1012, 1013, 1014, 1015, 1016, 1017, 1018, 1019, 1020, 1021, 1022, 1023]
node= 8 | level=4 | parent=   5 | left=None | right=None | size=128 | indici originali=[768, 769, 770, 771, 772, 773, 774, 775, 776, 777, 778, 779, 780, 781, 782, 783, 784, 785, 786, 787, 788, 789, 790, 791, 792, 793, 794, 795, 796, 797, 798, 799, 800, 801, 802, 803, 804, 805, 806, 807, 808, 809, 810, 811, 812, 813, 814, 815, 816, 817, 818, 819, 820, 821, 822, 823, 824, 825, 826, 827, 828, 829, 830, 831, 832, 833, 834, 835, 836, 837, 838, 839, 840, 841, 842, 843, 844, 845, 846, 847, 848, 849, 850, 851, 852, 853, 854, 855, 856, 857, 858, 859, 860, 861, 862, 863, 864, 865, 866, 867, 868, 869, 870, 871, 872, 873, 874, 875, 876, 877, 878, 879, 880, 881, 882, 883, 884, 885, 886, 887, 888, 889, 890, 891, 892, 893, 894, 895]
node= 9 | level=5 | parent=   7 | left=  11 | right=  12 | size=384 | indici originali=[128, 129, 130, 131, 132, 133, 134, 135, 136, 137, 138, 139, 140, 141, 142, 143, 144, 145, 146, 147, 148, 149, 150, 151, 152, 153, 154, 155, 156, 157, 158, 159, 160, 161, 162, 163, 164, 165, 166, 167, 168, 169, 170, 171, 172, 173, 174, 175, 176, 177, 178, 179, 180, 181, 182, 183, 184, 185, 186, 187, 188, 189, 190, 191, 192, 193, 194, 195, 196, 197, 198, 199, 200, 201, 202, 203, 204, 205, 206, 207, 208, 209, 210, 211, 212, 213, 214, 215, 216, 217, 218, 219, 220, 221, 222, 223, 224, 225, 226, 227, 228, 229, 230, 231, 232, 233, 234, 235, 236, 237, 238, 239, 240, 241, 242, 243, 244, 245, 246, 247, 248, 249, 250, 251, 252, 253, 254, 255, 512, 513, 514, 515, 516, 517, 518, 519, 520, 521, 522, 523, 524, 525, 526, 527, 528, 529, 530, 531, 532, 533, 534, 535, 536, 537, 538, 539, 540, 541, 542, 543, 544, 545, 546, 547, 548, 549, 550, 551, 552, 553, 554, 555, 556, 557, 558, 559, 560, 561, 562, 563, 564, 565, 566, 567, 568, 569, 570, 571, 572, 573, 574, 575, 576, 577, 578, 579, 580, 581, 582, 583, 584, 585, 586, 587, 588, 589, 590, 591, 592, 593, 594, 595, 596, 597, 598, 599, 600, 601, 602, 603, 604, 605, 606, 607, 608, 609, 610, 611, 612, 613, 614, 615, 616, 617, 618, 619, 620, 621, 622, 623, 624, 625, 626, 627, 628, 629, 630, 631, 632, 633, 634, 635, 636, 637, 638, 639, 896, 897, 898, 899, 900, 901, 902, 903, 904, 905, 906, 907, 908, 909, 910, 911, 912, 913, 914, 915, 916, 917, 918, 919, 920, 921, 922, 923, 924, 925, 926, 927, 928, 929, 930, 931, 932, 933, 934, 935, 936, 937, 938, 939, 940, 941, 942, 943, 944, 945, 946, 947, 948, 949, 950, 951, 952, 953, 954, 955, 956, 957, 958, 959, 960, 961, 962, 963, 964, 965, 966, 967, 968, 969, 970, 971, 972, 973, 974, 975, 976, 977, 978, 979, 980, 981, 982, 983, 984, 985, 986, 987, 988, 989, 990, 991, 992, 993, 994, 995, 996, 997, 998, 999, 1000, 1001, 1002, 1003, 1004, 1005, 1006, 1007, 1008, 1009, 1010, 1011, 1012, 1013, 1014, 1015, 1016, 1017, 1018, 1019, 1020, 1021, 1022, 1023]
node=10 | level=5 | parent=   7 | left=None | right=None | size=128 | indici originali=[384, 385, 386, 387, 388, 389, 390, 391, 392, 393, 394, 395, 396, 397, 398, 399, 400, 401, 402, 403, 404, 405, 406, 407, 408, 409, 410, 411, 412, 413, 414, 415, 416, 417, 418, 419, 420, 421, 422, 423, 424, 425, 426, 427, 428, 429, 430, 431, 432, 433, 434, 435, 436, 437, 438, 439, 440, 441, 442, 443, 444, 445, 446, 447, 448, 449, 450, 451, 452, 453, 454, 455, 456, 457, 458, 459, 460, 461, 462, 463, 464, 465, 466, 467, 468, 469, 470, 471, 472, 473, 474, 475, 476, 477, 478, 479, 480, 481, 482, 483, 484, 485, 486, 487, 488, 489, 490, 491, 492, 493, 494, 495, 496, 497, 498, 499, 500, 501, 502, 503, 504, 505, 506, 507, 508, 509, 510, 511]
node=11 | level=6 | parent=   9 | left=  13 | right=  14 | size=256 | indici originali=[512, 513, 514, 515, 516, 517, 518, 519, 520, 521, 522, 523, 524, 525, 526, 527, 528, 529, 530, 531, 532, 533, 534, 535, 536, 537, 538, 539, 540, 541, 542, 543, 544, 545, 546, 547, 548, 549, 550, 551, 552, 553, 554, 555, 556, 557, 558, 559, 560, 561, 562, 563, 564, 565, 566, 567, 568, 569, 570, 571, 572, 573, 574, 575, 576, 577, 578, 579, 580, 581, 582, 583, 584, 585, 586, 587, 588, 589, 590, 591, 592, 593, 594, 595, 596, 597, 598, 599, 600, 601, 602, 603, 604, 605, 606, 607, 608, 609, 610, 611, 612, 613, 614, 615, 616, 617, 618, 619, 620, 621, 622, 623, 624, 625, 626, 627, 628, 629, 630, 631, 632, 633, 634, 635, 636, 637, 638, 639, 896, 897, 898, 899, 900, 901, 902, 903, 904, 905, 906, 907, 908, 909, 910, 911, 912, 913, 914, 915, 916, 917, 918, 919, 920, 921, 922, 923, 924, 925, 926, 927, 928, 929, 930, 931, 932, 933, 934, 935, 936, 937, 938, 939, 940, 941, 942, 943, 944, 945, 946, 947, 948, 949, 950, 951, 952, 953, 954, 955, 956, 957, 958, 959, 960, 961, 962, 963, 964, 965, 966, 967, 968, 969, 970, 971, 972, 973, 974, 975, 976, 977, 978, 979, 980, 981, 982, 983, 984, 985, 986, 987, 988, 989, 990, 991, 992, 993, 994, 995, 996, 997, 998, 999, 1000, 1001, 1002, 1003, 1004, 1005, 1006, 1007, 1008, 1009, 1010, 1011, 1012, 1013, 1014, 1015, 1016, 1017, 1018, 1019, 1020, 1021, 1022, 1023]
node=12 | level=6 | parent=   9 | left=None | right=None | size=128 | indici originali=[128, 129, 130, 131, 132, 133, 134, 135, 136, 137, 138, 139, 140, 141, 142, 143, 144, 145, 146, 147, 148, 149, 150, 151, 152, 153, 154, 155, 156, 157, 158, 159, 160, 161, 162, 163, 164, 165, 166, 167, 168, 169, 170, 171, 172, 173, 174, 175, 176, 177, 178, 179, 180, 181, 182, 183, 184, 185, 186, 187, 188, 189, 190, 191, 192, 193, 194, 195, 196, 197, 198, 199, 200, 201, 202, 203, 204, 205, 206, 207, 208, 209, 210, 211, 212, 213, 214, 215, 216, 217, 218, 219, 220, 221, 222, 223, 224, 225, 226, 227, 228, 229, 230, 231, 232, 233, 234, 235, 236, 237, 238, 239, 240, 241, 242, 243, 244, 245, 246, 247, 248, 249, 250, 251, 252, 253, 254, 255]
node=13 | level=7 | parent=  11 | left=None | right=None | size=128 | indici originali=[512, 513, 514, 515, 516, 517, 518, 519, 520, 521, 522, 523, 524, 525, 526, 527, 528, 529, 530, 531, 532, 533, 534, 535, 536, 537, 538, 539, 540, 541, 542, 543, 544, 545, 546, 547, 548, 549, 550, 551, 552, 553, 554, 555, 556, 557, 558, 559, 560, 561, 562, 563, 564, 565, 566, 567, 568, 569, 570, 571, 572, 573, 574, 575, 576, 577, 578, 579, 580, 581, 582, 583, 584, 585, 586, 587, 588, 589, 590, 591, 592, 593, 594, 595, 596, 597, 598, 599, 600, 601, 602, 603, 604, 605, 606, 607, 608, 609, 610, 611, 612, 613, 614, 615, 616, 617, 618, 619, 620, 621, 622, 623, 624, 625, 626, 627, 628, 629, 630, 631, 632, 633, 634, 635, 636, 637, 638, 639]
node=14 | level=7 | parent=  11 | left=None | right=None | size=128 | indici originali=[896, 897, 898, 899, 900, 901, 902, 903, 904, 905, 906, 907, 908, 909, 910, 911, 912, 913, 914, 915, 916, 917, 918, 919, 920, 921, 922, 923, 924, 925, 926, 927, 928, 929, 930, 931, 932, 933, 934, 935, 936, 937, 938, 939, 940, 941, 942, 943, 944, 945, 946, 947, 948, 949, 950, 951, 952, 953, 954, 955, 956, 957, 958, 959, 960, 961, 962, 963, 964, 965, 966, 967, 968, 969, 970, 971, 972, 973, 974, 975, 976, 977, 978, 979, 980, 981, 982, 983, 984, 985, 986, 987, 988, 989, 990, 991, 992, 993, 994, 995, 996, 997, 998, 999, 1000, 1001, 1002, 1003, 1004, 1005, 1006, 1007, 1008, 1009, 1010, 1011, 1012, 1013, 1014, 1015, 1016, 1017, 1018, 1019, 1020, 1021, 1022, 1023]
End: Tue Aug 11 20:31:29 CEST 2026
