Job ID: 78506
Node: acnode03.e4red
Start: Tue Aug 11 20:23:32 CEST 2026
density: 100.0

========================================================================
ORIGINAL QUBO MATRIX
========================================================================
Shape                 : (1024, 1024)
Number of variables   : 1024
Number of clusters     : 8
Dimension of blocks: 128
Symmetric matrix    : True
Optimal clusters      : [array([   3,    8,   11,   13,   20,   52,   55,   59,   65,   68,   69,   72,   90,   95,   97,  101,  112,  113,  114,  123,  151,  152,
        154,  155,  157,  175,  191,  219,  220,  230,  247,  249,  258,  264,  265,  267,  275,  278,  290,  295,  298,  318,  340,  347,
        355,  364,  369,  375,  388,  398,  402,  417,  419,  421,  426,  434,  446,  452,  453,  461,  488,  489,  493,  494,  499,  501,
        510,  511,  514,  525,  533,  543,  545,  551,  558,  563,  564,  567,  572,  587,  590,  598,  605,  617,  618,  624,  636,  641,
        643,  653,  659,  681,  684,  691,  692,  700,  702,  734,  744,  778,  823,  828,  837,  853,  862,  868,  869,  874,  887,  895,
        897,  899,  906,  931,  934,  939,  941,  948,  955,  983,  989, 1007, 1009, 1014, 1016, 1018, 1019, 1023]), array([  36,   39,   47,   56,   61,   64,   85,   91,  117,  129,  133,  138,  141,  145,  146,  159,  163,  173,  205,  223,  226,  228,
        231,  241,  243,  245,  253,  260,  292,  296,  302,  304,  308,  312,  319,  336,  339,  341,  349,  363,  371,  377,  381,  385,
        387,  390,  394,  396,  397,  405,  406,  408,  409,  412,  416,  462,  466,  474,  481,  482,  515,  529,  530,  541,  550,  554,
        556,  574,  586,  593,  606,  607,  612,  620,  623,  627,  638,  640,  652,  658,  667,  675,  677,  682,  693,  696,  705,  716,
        724,  725,  733,  737,  739,  745,  746,  748,  755,  762,  780,  787,  803,  824,  826,  830,  839,  846,  852,  872,  873,  876,
        886,  890,  898,  902,  904,  914,  922,  923,  940,  954,  960,  969,  976,  988,  992,  995, 1004, 1012]), array([   1,   10,   16,   22,   23,   26,   27,   33,   35,   49,   54,   57,   70,   80,   83,   87,   93,   99,  104,  108,  130,  134,
        135,  166,  172,  181,  184,  185,  186,  194,  197,  203,  206,  214,  216,  221,  225,  232,  236,  251,  255,  259,  261,  263,
        266,  274,  282,  283,  286,  293,  303,  306,  326,  342,  344,  351,  356,  372,  373,  376,  378,  380,  433,  435,  439,  451,
        455,  456,  457,  458,  460,  463,  486,  502,  523,  524,  527,  534,  537,  547,  555,  570,  571,  573,  579,  582,  583,  591,
        597,  613,  619,  628,  649,  657,  661,  706,  712,  714,  730,  732,  741,  742,  774,  784,  790,  795,  796,  800,  801,  807,
        879,  880,  901,  908,  912,  921,  947,  949,  952,  956,  959,  990,  993, 1000, 1002, 1008, 1011, 1020]), array([   2,    6,   17,   18,   34,   38,   44,   45,   62,   71,   88,   89,   98,  127,  131,  139,  158,  164,  165,  176,  177,  183,
        189,  192,  199,  207,  212,  235,  270,  276,  277,  284,  285,  294,  310,  323,  330,  335,  343,  346,  353,  362,  365,  379,
        382,  386,  400,  404,  414,  423,  443,  471,  478,  480,  487,  492,  495,  496,  497,  498,  512,  516,  518,  538,  549,  553,
        557,  565,  580,  594,  595,  602,  642,  648,  655,  662,  670,  685,  686,  694,  703,  715,  722,  731,  743,  747,  749,  757,
        771,  773,  776,  777,  792,  802,  806,  808,  843,  847,  849,  866,  867,  877,  881,  883,  885,  888,  900,  916,  917,  926,
        928,  933,  944,  945,  946,  958,  965,  967,  980,  982,  984,  991,  996,  998,  999, 1010, 1013, 1022]), array([   0,    4,    5,   14,   24,   30,   37,   40,   43,   48,   73,   74,   84,   92,   94,  105,  119,  126,  150,  162,  168,  179,
        180,  187,  188,  193,  200,  202,  211,  215,  218,  227,  250,  262,  271,  272,  273,  279,  280,  289,  297,  301,  307,  313,
        315,  316,  322,  325,  327,  329,  331,  332,  345,  383,  389,  395,  420,  422,  424,  427,  428,  429,  430,  436,  440,  444,
        449,  464,  467,  470,  472,  473,  477,  479,  490,  491,  507,  509,  513,  522,  532,  539,  544,  560,  561,  584,  603,  615,
        625,  626,  634,  646,  673,  688,  708,  709,  713,  720,  736,  740,  756,  768,  782,  798,  799,  809,  814,  819,  821,  827,
        829,  838,  841,  844,  857,  859,  865,  884,  892,  924,  932,  937,  951,  957,  970,  972,  985, 1015]), array([   7,    9,   12,   15,   19,   25,   31,   51,   53,   58,   66,   67,   75,   78,   86,  109,  111,  118,  121,  122,  125,  132,
        136,  140,  143,  160,  167,  182,  204,  209,  210,  213,  224,  229,  239,  244,  254,  305,  317,  338,  352,  359,  384,  393,
        399,  401,  410,  411,  418,  431,  438,  441,  454,  468,  469,  475,  476,  483,  500,  508,  535,  546,  562,  566,  577,  578,
        581,  604,  609,  616,  630,  631,  633,  639,  647,  650,  651,  665,  666,  679,  683,  690,  697,  704,  707,  711,  718,  723,
        728,  729,  760,  763,  779,  783,  789,  791,  794,  797,  817,  825,  831,  836,  840,  842,  850,  855,  858,  860,  861,  864,
        882,  889,  903,  909,  910,  911,  913,  915,  925,  927,  963,  974,  979,  981,  987, 1003, 1005, 1017]), array([  28,   42,   63,   77,   79,   81,  100,  102,  115,  116,  120,  147,  153,  156,  169,  170,  174,  198,  208,  217,  222,  233,
        234,  237,  248,  281,  287,  288,  320,  324,  348,  354,  360,  366,  407,  415,  425,  445,  447,  450,  459,  465,  506,  517,
        536,  540,  542,  548,  552,  559,  568,  576,  588,  589,  596,  599,  600,  601,  608,  611,  614,  621,  629,  645,  654,  664,
        668,  669,  672,  678,  680,  687,  689,  699,  701,  710,  717,  721,  726,  735,  750,  751,  753,  758,  759,  765,  766,  769,
        770,  775,  781,  786,  788,  805,  811,  815,  816,  818,  822,  833,  834,  848,  851,  854,  863,  870,  871,  878,  893,  896,
        905,  907,  919,  920,  929,  930,  943,  953,  961,  964,  968,  971,  977,  986,  997, 1001, 1006, 1021]), array([ 21,  29,  32,  41,  46,  50,  60,  76,  82,  96, 103, 106, 107, 110, 124, 128, 137, 142, 144, 148, 149, 161, 171, 178, 190, 195,
       196, 201, 238, 240, 242, 246, 252, 256, 257, 268, 269, 291, 299, 300, 309, 311, 314, 321, 328, 333, 334, 337, 350, 357, 358, 361,
       367, 368, 370, 374, 391, 392, 403, 413, 432, 437, 442, 448, 484, 485, 503, 504, 505, 519, 520, 521, 526, 528, 531, 569, 575, 585,
       592, 610, 622, 632, 635, 637, 644, 656, 660, 663, 671, 674, 676, 695, 698, 719, 727, 738, 752, 754, 761, 764, 767, 772, 785, 793,
       804, 810, 812, 813, 820, 832, 835, 845, 856, 875, 891, 894, 918, 935, 936, 938, 942, 950, 962, 966, 973, 975, 978, 994])]
[GMC-CPU] iter=1 components=1 consecutive=0lambda=2eigenvalues=[-1.055646522517712e-15, 0.232311709279582, 0.24736946459714065, 0.25836303162625107, 0.2655823807701362, 0.2871948109330542, 0.31425605792759737, 0.32432948496701075]
[GMC-CPU] iter=2 components=1 consecutive=1lambda=4eigenvalues=[-8.558457705562089e-16, 0.1326399511357124, 0.1588296346882874, 0.1595213933148009, 0.16374816579455617, 0.22336147229929845, 0.23213726121606484, 0.2447285250858888]
[GMC-CPU] iter=3 components=1 consecutive=2lambda=8eigenvalues=[-1.654954006044105e-16, 0.006934879177696347, 0.008567995291672844, 0.026639696994377012, 0.0947991211100668, 0.12222606036772013, 0.14822595741669106, 0.22932612095510926]
[GMC-CPU] iter=4 components=4 consecutive=0lambda=16eigenvalues=[-8.763934997670742e-16, 1.0936620526546916e-15, 1.0936620526546916e-15, 1.0936620526546916e-15, 0.04112819367311306, 0.054791295906542234, 0.0767043436951486, 0.21174325579684894]
[GMC-CPU] iter=5 components=5 consecutive=0lambda=32eigenvalues=[5.413691187139914e-17, 5.413691187139914e-17, 5.413691187139914e-17, 5.413691187139914e-17, 5.413691187139914e-17, 0.02184879196785486, 0.03631783338149394, 0.15276945961673305]
[GMC-CPU] iter=6 components=7 consecutive=0lambda=64eigenvalues=[3.3995171454839825e-16, 3.3995171454839825e-16, 3.3995171454839825e-16, 3.3995171454839825e-16, 3.3995171454839825e-16, 3.3995171454839825e-16, 3.3995171454839825e-16, 0.006755848024527215]
[GMC-CPU] iter=7 components=8 consecutive=0lambda=64eigenvalues=[7.364450197304784e-16, 7.364450197304784e-16, 7.364450197304784e-16, 7.364450197304784e-16, 7.364450197304784e-16, 7.364450197304784e-16, 7.364450197304784e-16, 7.364450197304784e-16]
Ending Direct GMC.
[GMC-CPU] iter=1 components=1 consecutive=0lambda=2eigenvalues=[-7.979069380647384e-16, 0.24111025038409326]
[GMC-CPU] iter=2 components=1 consecutive=1lambda=4eigenvalues=[-4.686499292468122e-16, 0.23638996419829486]
[GMC-CPU] iter=3 components=1 consecutive=2lambda=8eigenvalues=[-9.609818970420936e-17, 0.22737778456527435]
[GMC-CPU] iter=4 components=1 consecutive=3lambda=16eigenvalues=[-5.67210494583418e-16, 0.21055045240156448]
[GMC-CPU] iter=5 components=1 consecutive=4lambda=32eigenvalues=[6.721474055889483e-16, 0.18102886933202333]
[GMC-CPU] iter=6 components=1 consecutive=5lambda=64eigenvalues=[1.4654074302050196e-15, 0.13427656036995045]
[GMC-CPU] iter=7 components=1 consecutive=6lambda=128eigenvalues=[-9.077256373129724e-16, 0.07261344176040921]
[GMC-CPU] iter=8 components=1 consecutive=7lambda=256eigenvalues=[4.697144351494262e-16, 0.01662395430660709]
[GMC-CPU] iter=9 components=1 consecutive=8lambda=512eigenvalues=[3.721140865990812e-16, 0.0021264483700625986]
[GMC-CPU] iter=10 components=1 consecutive=9lambda=1024eigenvalues=[-9.77374519236441e-16, 0.0005542340945808379]
[GMC-CPU] iter=11 components=2 consecutive=0lambda=1024eigenvalues=[2.645424382192542e-16, 2.645424382192542e-16]
[Hierarchy-CPU] node=0 components=2 leaves=2 target=8
[GMC-CPU] iter=1 components=1 consecutive=0lambda=2eigenvalues=[8.982154540187478e-16, 0.29598009564443845]
[GMC-CPU] iter=2 components=1 consecutive=1lambda=4eigenvalues=[-2.050447861216917e-15, 0.22581797794438954]
[GMC-CPU] iter=3 components=1 consecutive=2lambda=8eigenvalues=[-1.0102594288820175e-15, 0.13728686006551624]
[GMC-CPU] iter=4 components=1 consecutive=3lambda=16eigenvalues=[-2.97621834292188e-16, 0.06522730416863426]
[GMC-CPU] iter=5 components=1 consecutive=4lambda=32eigenvalues=[-5.880285030888848e-16, 0.0365983400381465]
[GMC-CPU] iter=6 components=1 consecutive=5lambda=64eigenvalues=[1.0444907772551522e-15, 0.010671162074546166]
[GMC-CPU] iter=7 components=2 consecutive=0lambda=64eigenvalues=[-1.1414991784194346e-15, 5.405109006365044e-16]
[Hierarchy-CPU] node=2 components=2 leaves=3 target=8
[GMC-CPU] iter=1 components=1 consecutive=0lambda=2eigenvalues=[3.707305344844675e-17, 0.23053833446064392]
[GMC-CPU] iter=2 components=1 consecutive=1lambda=4eigenvalues=[6.078031710099427e-18, 0.15227514527033909]
[GMC-CPU] iter=3 components=1 consecutive=2lambda=8eigenvalues=[-4.955250715682238e-16, 0.050360055737492325]
[GMC-CPU] iter=4 components=2 consecutive=0lambda=8eigenvalues=[-1.4362851273027822e-15, 7.960506513214797e-16]
[Hierarchy-CPU] node=1 components=2 leaves=4 target=8
[GMC-CPU] iter=1 components=1 consecutive=0lambda=2eigenvalues=[-1.1959673202035015e-15, 0.2740960094252235]
[GMC-CPU] iter=2 components=1 consecutive=1lambda=4eigenvalues=[-1.4391481129866407e-15, 0.11722199557396282]
[GMC-CPU] iter=3 components=1 consecutive=2lambda=8eigenvalues=[-1.1009574565839695e-15, 0.0012295549143939437]
[GMC-CPU] iter=4 components=2 consecutive=0lambda=8eigenvalues=[6.416061834958301e-17, 6.416061834958301e-17]
[Hierarchy-CPU] node=5 components=2 leaves=5 target=8
[GMC-CPU] iter=1 components=1 consecutive=0lambda=2eigenvalues=[-6.597131841306769e-16, 0.3041367772637237]
[GMC-CPU] iter=2 components=1 consecutive=1lambda=4eigenvalues=[-3.9388831943650234e-16, 0.22672015251559724]
[GMC-CPU] iter=3 components=1 consecutive=2lambda=8eigenvalues=[2.5076722922261686e-16, 0.1306330333089839]
[GMC-CPU] iter=4 components=1 consecutive=3lambda=16eigenvalues=[-4.289070857385058e-17, 0.04919545798934513]
[GMC-CPU] iter=5 components=1 consecutive=4lambda=32eigenvalues=[-5.643739344232701e-16, 0.0057685161060002125]
[GMC-CPU] iter=6 components=2 consecutive=0lambda=32eigenvalues=[1.2068558473958144e-16, 1.2068558473958144e-16]
[Hierarchy-CPU] node=7 components=2 leaves=6 target=8
[GMC-CPU] iter=1 components=1 consecutive=0lambda=2eigenvalues=[3.6772043702686964e-16, 0.33285414614806186]
[GMC-CPU] iter=2 components=1 consecutive=1lambda=4eigenvalues=[1.1229423877201695e-15, 0.3093362792787585]
[GMC-CPU] iter=3 components=1 consecutive=2lambda=8eigenvalues=[2.1709747904288222e-15, 0.2522584838017159]
[GMC-CPU] iter=4 components=1 consecutive=3lambda=16eigenvalues=[-7.201681168193259e-16, 0.11702962731804073]
[GMC-CPU] iter=5 components=1 consecutive=4lambda=32eigenvalues=[-4.2115407439969303e-16, 0.02002857046687867]
[GMC-CPU] iter=6 components=2 consecutive=0lambda=32eigenvalues=[-2.7242643855808357e-16, -2.7242643855808357e-16]
[Hierarchy-CPU] node=3 components=2 leaves=7 target=8
[GMC-CPU] iter=1 components=1 consecutive=0lambda=2eigenvalues=[2.0470979477937687e-16, 0.29073888368657164]
[GMC-CPU] iter=2 components=1 consecutive=1lambda=4eigenvalues=[9.57501634852763e-16, 0.19570813623278183]
[GMC-CPU] iter=3 components=1 consecutive=2lambda=8eigenvalues=[-1.1161986261687768e-17, 0.10581081533357863]
[GMC-CPU] iter=4 components=1 consecutive=3lambda=16eigenvalues=[8.293450839198749e-16, 0.055397099228623736]
[GMC-CPU] iter=5 components=2 consecutive=0lambda=16eigenvalues=[5.721581247069849e-17, 5.721581247069849e-17]
[Hierarchy-CPU] node=9 components=2 leaves=8 target=8
GPU available.

Execution of GPU GMC in parallel mode.
[Hierarchy-GPU] level=0 nodes=1 workers=1 sizes=[1024]
[GMC-GPU] iter=1 components=1 consecutive=0 lambda=2eigenvalues=[8.89700162772678e-17, 0.24111025038611472]
[GMC-GPU] iter=2 components=1 consecutive=1 lambda=4eigenvalues=[-8.888090475239592e-17, 0.23638996419905892]
[GMC-GPU] iter=3 components=1 consecutive=2 lambda=8eigenvalues=[-2.368868436153326e-16, 0.22737778456567062]
[GMC-GPU] iter=4 components=1 consecutive=3 lambda=16eigenvalues=[-1.613532783828352e-16, 0.21055045240190248]
[GMC-GPU] iter=5 components=1 consecutive=4 lambda=32eigenvalues=[-1.6353050150030455e-16, 0.18102886933229792]
[GMC-GPU] iter=6 components=1 consecutive=5 lambda=64eigenvalues=[4.59400788288402e-17, 0.13427656036972416]
[GMC-GPU] iter=7 components=1 consecutive=6 lambda=128eigenvalues=[-6.332144919238247e-17, 0.0726134417597932]
[GMC-GPU] iter=8 components=1 consecutive=7 lambda=256eigenvalues=[-5.826023773525617e-17, 0.01662395430638177]
[GMC-GPU] iter=9 components=1 consecutive=8 lambda=512eigenvalues=[-4.6445039864124787e-17, 0.0021264483700763437]
[GMC-GPU] iter=10 components=1 consecutive=9 lambda=1024eigenvalues=[1.450204303467422e-16, 0.0005542340946176074]
[GMC-GPU] iter=11 components=2 consecutive=0 lambda=1024eigenvalues=[-1.4241152119500121e-15, 7.554054367605528e-16]
[Hierarchy-GPU] level=0 completed leaves=2/8 time=0.599972s
[Hierarchy-GPU] level=1 nodes=2 workers=1 sizes=[514, 510]
[GMC-GPU] iter=1 components=1 consecutive=0 lambda=2eigenvalues=[-8.142158175559244e-17, 0.2959800962783168]
[GMC-GPU] iter=2 components=1 consecutive=1 lambda=4eigenvalues=[2.1850520278132313e-16, 0.22581797837815876]
[GMC-GPU] iter=3 components=1 consecutive=2 lambda=8eigenvalues=[4.2262651094443636e-17, 0.13728685969990756]
[GMC-GPU] iter=4 components=1 consecutive=3 lambda=16eigenvalues=[-5.162404791812671e-17, 0.06522730375859795]
[GMC-GPU] iter=5 components=1 consecutive=4 lambda=32eigenvalues=[3.3305125263044814e-17, 0.03659834226087205]
[GMC-GPU] iter=6 components=1 consecutive=5 lambda=64eigenvalues=[-2.8684272099675406e-17, 0.010671146063336811]
[GMC-GPU] iter=7 components=2 consecutive=0 lambda=64eigenvalues=[3.7210989398988064e-17, 9.45370913600533e-16]
[GMC-GPU] iter=1 components=1 consecutive=0 lambda=2eigenvalues=[-1.0882361083512787e-16, 0.23053833548111224]
[GMC-GPU] iter=2 components=1 consecutive=1 lambda=4eigenvalues=[2.82093192417351e-17, 0.15227514501889874]
[GMC-GPU] iter=3 components=1 consecutive=2 lambda=8eigenvalues=[-1.8620451843742109e-16, 0.05036005479482956]
[GMC-GPU] iter=4 components=2 consecutive=0 lambda=8eigenvalues=[-1.730361403839953e-16, 1.5355111259374061e-15]
[Hierarchy-GPU] level=1 completed leaves=4/8 time=0.540314s
[Hierarchy-GPU] level=2 nodes=4 workers=1 sizes=[508, 505, 9, 2]
[GMC-GPU] iter=1 components=1 consecutive=0 lambda=2eigenvalues=[-1.3356892921204608e-16, 0.2740959970258863]
[GMC-GPU] iter=2 components=1 consecutive=1 lambda=4eigenvalues=[1.2726594252093416e-16, 0.11722199270911282]
[GMC-GPU] iter=3 components=1 consecutive=2 lambda=8eigenvalues=[1.6290549100614858e-17, 0.0012295574761826324]
[GMC-GPU] iter=4 components=2 consecutive=0 lambda=8eigenvalues=[-9.649326479541738e-16, 4.3743919489152276e-16]
[GMC-GPU] iter=1 components=1 consecutive=0 lambda=2eigenvalues=[-3.2828462754947843e-16, 0.3328541459402699]
[GMC-GPU] iter=2 components=1 consecutive=1 lambda=4eigenvalues=[1.1071387628999222e-16, 0.30933628097318416]
[GMC-GPU] iter=3 components=1 consecutive=2 lambda=8eigenvalues=[1.7783334411683537e-16, 0.2522585008194972]
[GMC-GPU] iter=4 components=1 consecutive=3 lambda=16eigenvalues=[-1.361504898529355e-16, 0.11702963908504606]
[GMC-GPU] iter=5 components=1 consecutive=4 lambda=32eigenvalues=[4.5480436209502084e-17, 0.020028570121589376]
[GMC-GPU] iter=6 components=2 consecutive=0 lambda=32eigenvalues=[-1.5130776493815594e-15, 3.060082373322067e-15]
[GMC-GPU] iter=1 components=1 consecutive=0 lambda=2eigenvalues=[1.4458921654957564e-16, 0.299966622708146]
[GMC-GPU] iter=2 components=1 consecutive=1 lambda=4eigenvalues=[-2.1720475012976386e-16, 0.18740452079566539]
[GMC-GPU] iter=3 components=1 consecutive=2 lambda=8eigenvalues=[1.4003885449071183e-16, 0.09327194057864205]
[GMC-GPU] iter=4 components=1 consecutive=3 lambda=16eigenvalues=[-3.057718923197797e-16, 0.014671845611100326]
[GMC-GPU] iter=5 components=2 consecutive=0 lambda=16eigenvalues=[-4.284968270492195e-16, 6.838418215397957e-17]
[Hierarchy-GPU] level=2 completed leaves=8/8 time=1.139737s

========================================================================
EXECUTION TIMES
========================================================================
Direct GMC: 2.125326 seconds
BinaryHierarchicalGMC: 5.494050 seconds
BinaryHierarchicalGMCGPU: 2.561706 seconds

========================================================================
RESULTS COMPARISON
========================================================================
Dimension original Binary: [500, 2, 3, 3, 2, 495, 10, 9]
Dimension balanced Binary  [128, 128, 128, 128, 128, 128, 128, 128]
Dimension GPUBinary: [505, 3, 1, 1, 495, 10, 6, 3]
Dimension balanced GPU Binary: [128, 128, 128, 128, 128, 128, 128, 128]

Adjusted Rand Index
-------------------
Direct GMC             : 0.000095
Original Binary        : -0.001010
Balanced Binary       : 0.001099
Balanced GPU Binary   : -0.001096

Differences
----------
Direct - Balanced Binary      : -0.001004
Balanced Binary - Original    : +0.002110
Direct - Balanced GPU Binary  : -0.000986

OriginalCluster Binary 
------------------------
Cluster 0: [0, 3, 4, 7, 14, 15, 19, 25, 27, 28, 30, 34, 37, 38, 41, 42, 43, 44, 47, 51, 53, 55, 57, 59, 60, 62, 65, 66, 67, 70, 71, 72, 73, 75, 76, 80, 81, 83, 84, 87, 88, 89, 90, 91, 93, 98, 100, 106, 107, 108, 109, 111, 114, 116, 118, 119, 120, 122, 123, 125, 127, 130, 133, 134, 136, 137, 142, 143, 146, 148, 149, 152, 154, 155, 156, 158, 159, 160, 161, 163, 165, 170, 171, 173, 174, 176, 178, 182, 186, 187, 189, 193, 194, 195, 196, 197, 199, 201, 202, 206, 207, 208, 209, 215, 222, 223, 224, 225, 227, 228, 231, 232, 234, 235, 237, 239, 241, 242, 243, 247, 248, 253, 256, 257, 259, 260, 261, 262, 265, 266, 268, 269, 270, 271, 272, 273, 280, 281, 283, 284, 285, 288, 289, 290, 294, 295, 297, 298, 300, 301, 302, 303, 305, 310, 314, 315, 316, 317, 319, 325, 334, 336, 337, 338, 340, 342, 346, 353, 355, 357, 359, 360, 361, 362, 364, 365, 366, 368, 369, 371, 373, 374, 376, 379, 380, 381, 382, 383, 385, 390, 391, 392, 393, 396, 397, 398, 400, 402, 403, 404, 405, 406, 412, 414, 415, 419, 420, 424, 428, 431, 433, 434, 435, 436, 439, 441, 442, 443, 444, 446, 447, 449, 451, 453, 458, 460, 463, 465, 471, 475, 476, 481, 482, 485, 486, 487, 490, 491, 492, 494, 495, 500, 504, 505, 506, 507, 510, 513, 515, 516, 517, 519, 520, 521, 522, 523, 525, 529, 531, 532, 533, 536, 538, 540, 541, 543, 545, 549, 551, 554, 555, 556, 557, 559, 560, 561, 565, 568, 572, 574, 578, 579, 583, 587, 588, 589, 590, 592, 594, 596, 597, 598, 599, 600, 601, 602, 603, 605, 609, 610, 611, 612, 613, 615, 617, 620, 624, 626, 628, 633, 636, 637, 639, 641, 643, 644, 647, 648, 649, 650, 652, 654, 655, 660, 661, 662, 663, 665, 666, 669, 672, 674, 675, 676, 678, 679, 680, 684, 686, 688, 690, 691, 692, 698, 701, 702, 703, 706, 714, 715, 717, 721, 723, 727, 729, 731, 733, 735, 737, 739, 741, 742, 746, 747, 751, 753, 756, 758, 759, 760, 763, 764, 765, 766, 767, 769, 772, 775, 776, 778, 779, 781, 783, 785, 787, 790, 791, 793, 796, 797, 800, 802, 803, 804, 805, 806, 809, 812, 813, 816, 817, 818, 819, 820, 824, 825, 826, 828, 829, 831, 832, 835, 836, 837, 838, 839, 842, 847, 849, 851, 858, 859, 860, 862, 863, 864, 868, 870, 872, 873, 875, 876, 878, 881, 882, 883, 888, 889, 890, 893, 894, 895, 897, 900, 903, 904, 907, 908, 909, 910, 911, 912, 914, 916, 917, 918, 919, 920, 921, 922, 925, 927, 931, 932, 934, 936, 937, 939, 940, 952, 953, 961, 965, 966, 967, 970, 971, 973, 975, 979, 982, 983, 984, 986, 987, 988, 991, 992, 999, 1000, 1002, 1004, 1007, 1009, 1013, 1014, 1017, 1018, 1020, 1022], size=500
Cluster 1: [524, 606], size=2
Cluster 2: [131, 947, 996], size=3
Cluster 3: [103, 580, 898], size=3
Cluster 4: [179, 788], size=2
Cluster 5: [1, 2, 5, 6, 8, 9, 10, 11, 12, 13, 16, 17, 20, 21, 22, 23, 24, 26, 29, 31, 32, 33, 35, 39, 40, 45, 46, 48, 49, 50, 52, 54, 56, 58, 63, 64, 68, 69, 74, 77, 78, 79, 82, 85, 86, 92, 94, 95, 96, 97, 99, 101, 102, 104, 105, 110, 112, 113, 115, 117, 121, 124, 126, 128, 129, 132, 135, 138, 139, 140, 141, 144, 145, 147, 150, 151, 153, 157, 162, 164, 166, 167, 168, 169, 172, 175, 177, 180, 181, 183, 184, 185, 188, 190, 191, 192, 198, 200, 203, 204, 205, 210, 211, 212, 213, 214, 216, 217, 218, 219, 220, 221, 226, 229, 230, 233, 236, 238, 240, 244, 246, 249, 250, 251, 252, 254, 255, 258, 263, 264, 267, 274, 275, 276, 277, 278, 279, 282, 286, 287, 291, 292, 293, 296, 299, 304, 306, 307, 308, 309, 311, 312, 313, 318, 320, 321, 322, 323, 324, 326, 327, 328, 329, 330, 331, 332, 333, 335, 339, 341, 343, 344, 345, 347, 349, 350, 351, 352, 354, 356, 358, 363, 367, 370, 372, 375, 377, 378, 384, 386, 387, 388, 389, 394, 395, 399, 401, 407, 408, 409, 410, 411, 413, 416, 417, 418, 421, 422, 423, 426, 427, 429, 430, 432, 437, 438, 445, 448, 452, 454, 455, 456, 457, 459, 461, 462, 464, 466, 467, 468, 469, 470, 472, 473, 477, 478, 479, 480, 483, 484, 488, 489, 493, 496, 497, 498, 499, 501, 502, 503, 508, 509, 511, 512, 514, 518, 526, 527, 528, 530, 534, 535, 537, 539, 542, 544, 546, 547, 548, 550, 552, 553, 558, 562, 563, 564, 566, 567, 569, 570, 571, 573, 575, 576, 577, 581, 582, 584, 585, 586, 591, 593, 595, 604, 607, 608, 614, 616, 618, 619, 621, 622, 623, 625, 627, 629, 630, 631, 632, 634, 635, 638, 640, 642, 645, 646, 651, 653, 659, 664, 667, 668, 670, 671, 673, 682, 683, 685, 687, 689, 693, 694, 695, 696, 697, 699, 700, 704, 705, 707, 708, 709, 710, 711, 712, 713, 716, 718, 724, 725, 726, 728, 730, 732, 734, 736, 738, 740, 743, 744, 745, 748, 750, 752, 754, 755, 757, 761, 762, 768, 770, 771, 773, 774, 777, 780, 782, 784, 786, 789, 792, 794, 795, 798, 799, 801, 807, 808, 810, 811, 814, 815, 821, 822, 823, 827, 830, 833, 834, 840, 841, 843, 844, 845, 846, 848, 850, 852, 853, 854, 855, 856, 857, 861, 865, 866, 867, 869, 871, 874, 877, 879, 880, 884, 885, 886, 887, 891, 892, 896, 899, 901, 902, 905, 906, 913, 915, 923, 924, 926, 928, 929, 930, 933, 935, 938, 941, 942, 943, 944, 945, 946, 948, 949, 950, 951, 954, 955, 956, 957, 958, 959, 960, 962, 963, 964, 968, 969, 972, 974, 976, 977, 978, 980, 981, 985, 989, 990, 993, 994, 997, 998, 1001, 1003, 1005, 1006, 1008, 1010, 1011, 1012, 1015, 1016, 1019, 1021, 1023], size=495
Cluster 6: [18, 36, 61, 245, 425, 440, 450, 474, 656, 720], size=10
Cluster 7: [348, 657, 658, 677, 681, 719, 722, 749, 995], size=9

Balanced Cluster Binary 
-------------------------
Cluster 0: [3, 25, 30, 44, 55, 59, 60, 65, 66, 67, 70, 72, 76, 84, 88, 100, 107, 109, 120, 136, 137, 158, 165, 174, 178, 199, 208, 209, 215, 231, 235, 237, 247, 256, 259, 260, 261, 265, 280, 289, 290, 294, 298, 305, 314, 319, 334, 342, 357, 359, 362, 365, 371, 380, 382, 398, 404, 424, 439, 444, 447, 451, 453, 482, 485, 486, 490, 494, 495, 500, 506, 523, 525, 541, 543, 549, 554, 568, 587, 590, 594, 603, 611, 613, 617, 626, 643, 652, 655, 660, 662, 679, 680, 688, 706, 714, 715, 739, 759, 765, 767, 781, 787, 790, 793, 819, 820, 824, 829, 851, 868, 881, 890, 894, 900, 903, 912, 918, 921, 936, 961, 983, 987, 999, 1002, 1009, 1018, 1022], size=128
Cluster 1: [0, 7, 15, 28, 41, 42, 43, 51, 73, 81, 83, 89, 90, 108, 114, 118, 125, 133, 148, 155, 163, 173, 176, 182, 193, 196, 222, 223, 227, 228, 234, 239, 248, 257, 266, 272, 281, 285, 300, 302, 310, 316, 336, 338, 346, 355, 360, 361, 368, 381, 383, 390, 393, 396, 405, 412, 420, 428, 433, 436, 442, 449, 465, 481, 507, 513, 516, 519, 522, 529, 531, 532, 533, 536, 538, 545, 551, 557, 559, 578, 583, 588, 589, 596, 597, 598, 599, 601, 602, 605, 620, 628, 636, 644, 649, 666, 669, 675, 731, 746, 758, 760, 785, 796, 813, 816, 817, 835, 836, 842, 895, 904, 911, 914, 919, 922, 937, 940, 953, 967, 970, 971, 973, 979, 984, 1013, 1014, 1017], size=128
Cluster 2: [19, 37, 38, 53, 57, 75, 93, 111, 116, 119, 122, 123, 127, 142, 143, 146, 149, 152, 154, 171, 186, 194, 195, 197, 202, 207, 225, 232, 253, 262, 268, 271, 283, 284, 297, 301, 303, 325, 340, 353, 364, 369, 373, 374, 400, 402, 403, 414, 415, 419, 431, 434, 441, 443, 446, 463, 487, 515, 517, 521, 572, 579, 609, 610, 615, 624, 633, 637, 641, 650, 665, 672, 678, 684, 691, 692, 703, 717, 721, 723, 735, 737, 741, 751, 753, 756, 764, 778, 783, 800, 802, 806, 809, 825, 826, 828, 832, 837, 847, 849, 858, 859, 863, 864, 870, 872, 873, 882, 883, 888, 889, 893, 907, 908, 910, 920, 925, 927, 932, 934, 939, 952, 966, 982, 988, 991, 992, 1007], size=128
Cluster 3: [4, 14, 27, 31, 34, 47, 62, 71, 80, 87, 91, 98, 103, 106, 130, 131, 134, 156, 159, 160, 161, 170, 179, 187, 189, 201, 206, 224, 241, 242, 243, 269, 270, 273, 288, 295, 315, 317, 337, 366, 376, 379, 385, 391, 392, 397, 406, 435, 458, 460, 471, 475, 476, 491, 492, 504, 505, 510, 520, 524, 540, 555, 556, 560, 561, 565, 574, 580, 592, 600, 606, 612, 618, 639, 647, 648, 654, 661, 663, 674, 676, 686, 690, 698, 701, 702, 727, 729, 733, 742, 747, 763, 766, 769, 772, 775, 776, 779, 788, 791, 797, 803, 804, 805, 812, 818, 831, 838, 839, 860, 862, 875, 876, 878, 897, 898, 909, 916, 917, 931, 947, 965, 975, 986, 996, 1000, 1004, 1020], size=128
Cluster 4: [2, 10, 23, 29, 33, 39, 49, 54, 63, 78, 86, 96, 101, 110, 139, 141, 168, 184, 192, 198, 210, 213, 218, 221, 244, 249, 254, 275, 277, 286, 292, 299, 307, 309, 312, 318, 323, 327, 328, 329, 331, 332, 333, 350, 351, 352, 370, 377, 388, 394, 408, 411, 423, 429, 432, 462, 464, 477, 483, 499, 514, 518, 528, 530, 535, 542, 548, 552, 558, 570, 575, 584, 591, 595, 621, 630, 631, 638, 653, 664, 667, 668, 685, 687, 694, 695, 696, 707, 712, 718, 732, 734, 740, 745, 752, 755, 784, 789, 792, 801, 811, 830, 843, 845, 846, 884, 886, 891, 896, 902, 905, 915, 923, 929, 930, 943, 945, 956, 959, 962, 964, 969, 977, 997, 1001, 1010, 1015, 1019], size=128
Cluster 5: [5, 6, 9, 11, 12, 24, 56, 69, 74, 77, 79, 82, 92, 94, 97, 104, 113, 132, 135, 140, 144, 145, 164, 167, 169, 172, 177, 181, 185, 204, 211, 212, 220, 238, 250, 264, 274, 278, 291, 296, 306, 311, 321, 326, 335, 344, 354, 363, 367, 375, 395, 409, 416, 417, 422, 426, 430, 445, 448, 456, 457, 467, 468, 478, 479, 493, 497, 501, 526, 527, 534, 539, 544, 547, 576, 581, 582, 585, 593, 604, 622, 625, 629, 634, 635, 670, 673, 682, 689, 693, 697, 704, 711, 713, 716, 728, 750, 774, 799, 807, 810, 834, 844, 879, 885, 887, 892, 901, 913, 926, 933, 935, 941, 944, 946, 951, 954, 960, 963, 968, 974, 980, 985, 994, 998, 1003, 1012, 1021], size=128
Cluster 6: [8, 16, 17, 22, 26, 45, 46, 48, 50, 68, 112, 115, 117, 124, 126, 129, 147, 150, 151, 153, 157, 162, 175, 180, 183, 188, 190, 203, 219, 226, 229, 233, 236, 246, 255, 258, 263, 267, 279, 287, 293, 304, 320, 322, 324, 341, 349, 356, 358, 386, 399, 407, 410, 421, 437, 438, 452, 469, 470, 473, 480, 488, 496, 503, 509, 511, 512, 537, 550, 567, 569, 571, 586, 607, 608, 616, 623, 627, 632, 640, 651, 659, 671, 705, 708, 709, 710, 730, 736, 743, 744, 754, 757, 761, 762, 770, 773, 777, 780, 786, 798, 808, 814, 823, 827, 841, 848, 850, 852, 853, 854, 855, 857, 861, 869, 877, 880, 906, 928, 938, 948, 972, 989, 990, 993, 1005, 1008, 1023], size=128
Cluster 7: [1, 13, 18, 20, 21, 32, 35, 36, 40, 52, 58, 61, 64, 85, 95, 99, 102, 105, 121, 128, 138, 166, 191, 200, 205, 214, 216, 217, 230, 240, 245, 251, 252, 276, 282, 308, 313, 330, 339, 343, 345, 347, 348, 372, 378, 384, 387, 389, 401, 413, 418, 425, 427, 440, 450, 454, 455, 459, 461, 466, 472, 474, 484, 489, 498, 502, 508, 546, 553, 562, 563, 564, 566, 573, 577, 614, 619, 642, 645, 646, 656, 657, 658, 677, 681, 683, 699, 700, 719, 720, 722, 724, 725, 726, 738, 748, 749, 768, 771, 782, 794, 795, 815, 821, 822, 833, 840, 856, 865, 866, 867, 871, 874, 899, 924, 942, 949, 950, 955, 957, 958, 976, 978, 981, 995, 1006, 1011, 1016], size=128

 Cluster GPU Binary 
------------------------
Cluster 0: [3, 25, 30, 44, 55, 59, 60, 65, 66, 67, 70, 72, 76, 84, 88, 100, 107, 109, 120, 136, 137, 158, 165, 174, 178, 199, 208, 209, 215, 231, 235, 237, 247, 256, 259, 260, 261, 265, 280, 289, 290, 294, 298, 305, 314, 319, 334, 342, 357, 359, 362, 365, 371, 380, 382, 398, 404, 424, 439, 444, 447, 451, 453, 482, 485, 486, 490, 494, 495, 500, 506, 523, 525, 541, 543, 549, 554, 568, 587, 590, 594, 603, 611, 613, 617, 626, 643, 652, 655, 660, 662, 679, 680, 688, 706, 714, 715, 739, 759, 765, 767, 781, 787, 790, 793, 819, 820, 824, 829, 851, 868, 881, 890, 894, 900, 903, 912, 918, 921, 936, 961, 983, 987, 999, 1002, 1009, 1018, 1022], size=128
Cluster 1: [0, 7, 15, 28, 41, 42, 43, 51, 73, 81, 83, 89, 90, 108, 114, 118, 125, 131, 133, 148, 155, 163, 173, 176, 182, 193, 196, 223, 227, 228, 234, 239, 248, 257, 266, 272, 281, 285, 300, 302, 310, 316, 336, 338, 346, 355, 360, 361, 368, 381, 383, 390, 393, 396, 405, 412, 420, 428, 433, 436, 442, 449, 465, 481, 507, 513, 516, 519, 522, 529, 531, 532, 533, 536, 538, 545, 551, 557, 559, 578, 583, 588, 589, 596, 597, 598, 599, 601, 602, 605, 620, 628, 636, 644, 649, 666, 669, 675, 731, 746, 758, 760, 785, 796, 813, 816, 817, 835, 836, 842, 895, 904, 911, 914, 919, 922, 937, 940, 947, 967, 970, 971, 973, 979, 984, 1013, 1014, 1017], size=128
Cluster 2: [19, 37, 38, 53, 57, 75, 93, 111, 116, 119, 122, 123, 127, 142, 143, 146, 149, 152, 154, 171, 186, 194, 195, 197, 202, 207, 222, 225, 253, 262, 268, 271, 283, 284, 297, 301, 303, 325, 340, 353, 364, 369, 374, 400, 402, 403, 414, 415, 419, 431, 434, 441, 443, 446, 463, 487, 515, 517, 521, 572, 579, 606, 609, 610, 615, 624, 633, 637, 641, 650, 665, 672, 678, 684, 692, 703, 717, 721, 723, 735, 737, 741, 751, 753, 756, 764, 778, 783, 800, 802, 806, 809, 825, 826, 828, 832, 837, 847, 849, 858, 859, 863, 864, 870, 872, 873, 882, 883, 889, 893, 907, 908, 910, 920, 925, 927, 932, 934, 939, 952, 953, 966, 982, 988, 991, 992, 996, 1007], size=128
Cluster 3: [4, 14, 27, 31, 34, 47, 62, 71, 80, 87, 91, 98, 103, 106, 130, 134, 156, 159, 160, 161, 170, 179, 187, 189, 201, 206, 224, 232, 241, 242, 243, 269, 270, 273, 288, 295, 315, 317, 337, 366, 373, 376, 379, 385, 391, 392, 397, 406, 435, 458, 460, 471, 475, 476, 491, 492, 504, 505, 510, 520, 524, 540, 555, 556, 560, 561, 565, 574, 580, 592, 600, 612, 618, 639, 647, 648, 654, 661, 663, 674, 676, 686, 690, 691, 698, 701, 702, 727, 729, 733, 742, 747, 763, 766, 769, 772, 775, 776, 779, 788, 791, 797, 803, 804, 805, 812, 818, 831, 838, 839, 860, 862, 875, 876, 878, 888, 897, 898, 909, 916, 917, 931, 965, 975, 986, 1000, 1004, 1020], size=128
Cluster 4: [2, 10, 23, 29, 33, 39, 49, 54, 63, 78, 86, 96, 101, 110, 139, 141, 168, 184, 192, 198, 210, 213, 218, 221, 244, 249, 254, 275, 277, 286, 292, 299, 307, 309, 312, 318, 323, 327, 328, 329, 331, 332, 333, 350, 351, 352, 370, 377, 388, 394, 408, 411, 423, 429, 432, 462, 464, 477, 483, 499, 514, 518, 528, 530, 535, 542, 548, 552, 558, 570, 575, 584, 591, 595, 621, 630, 631, 638, 653, 664, 667, 668, 685, 687, 694, 695, 696, 707, 712, 718, 732, 734, 740, 745, 752, 755, 784, 789, 792, 801, 811, 830, 843, 845, 846, 884, 886, 891, 896, 902, 905, 915, 923, 929, 930, 943, 945, 956, 959, 962, 964, 969, 977, 997, 1001, 1010, 1015, 1019], size=128
Cluster 5: [5, 6, 9, 11, 12, 24, 56, 69, 74, 77, 79, 82, 92, 94, 97, 104, 113, 132, 135, 140, 144, 145, 164, 167, 169, 172, 177, 181, 185, 204, 211, 212, 220, 238, 250, 264, 274, 278, 291, 296, 306, 311, 321, 326, 335, 344, 354, 363, 367, 375, 395, 409, 416, 417, 422, 426, 430, 445, 448, 456, 457, 467, 468, 478, 479, 493, 497, 501, 526, 527, 534, 539, 544, 547, 576, 581, 582, 585, 593, 604, 622, 625, 629, 634, 635, 670, 673, 682, 689, 693, 697, 704, 711, 713, 716, 728, 750, 774, 799, 807, 810, 834, 844, 879, 885, 887, 892, 901, 913, 926, 933, 935, 941, 944, 946, 951, 954, 960, 963, 968, 974, 980, 985, 994, 998, 1003, 1012, 1021], size=128
Cluster 6: [8, 16, 17, 22, 26, 45, 46, 48, 50, 68, 112, 115, 117, 124, 126, 129, 147, 150, 151, 153, 157, 162, 175, 180, 183, 188, 190, 203, 219, 226, 229, 233, 236, 246, 255, 258, 263, 267, 279, 287, 293, 304, 320, 322, 324, 341, 349, 356, 358, 386, 399, 407, 410, 421, 437, 438, 452, 469, 470, 473, 480, 488, 496, 503, 509, 511, 512, 537, 550, 567, 569, 571, 586, 607, 608, 616, 623, 627, 632, 640, 651, 659, 671, 705, 708, 709, 710, 730, 736, 743, 744, 754, 757, 761, 762, 770, 773, 777, 780, 786, 798, 808, 814, 823, 827, 841, 848, 850, 852, 853, 854, 855, 857, 861, 869, 877, 880, 906, 928, 938, 948, 972, 989, 990, 993, 1005, 1008, 1023], size=128
Cluster 7: [1, 13, 18, 20, 21, 32, 35, 36, 40, 52, 58, 61, 64, 85, 95, 99, 102, 105, 121, 128, 138, 166, 191, 200, 205, 214, 216, 217, 230, 240, 245, 251, 252, 276, 282, 308, 313, 330, 339, 343, 345, 347, 348, 372, 378, 384, 387, 389, 401, 413, 418, 425, 427, 440, 450, 454, 455, 459, 461, 466, 472, 474, 484, 489, 498, 502, 508, 546, 553, 562, 563, 564, 566, 573, 577, 614, 619, 642, 645, 646, 656, 657, 658, 677, 681, 683, 699, 700, 719, 720, 722, 724, 725, 726, 738, 748, 749, 768, 771, 782, 794, 795, 815, 821, 822, 833, 840, 856, 865, 866, 867, 871, 874, 899, 924, 942, 949, 950, 955, 957, 958, 976, 978, 981, 995, 1006, 1011, 1016], size=128

BalancedCluster Binary GPU 
------------------------------
Cluster 0: [3, 25, 30, 44, 55, 59, 60, 65, 66, 67, 70, 72, 76, 84, 88, 100, 107, 109, 120, 136, 137, 158, 165, 174, 178, 199, 208, 209, 215, 231, 235, 237, 247, 256, 259, 260, 261, 265, 280, 289, 290, 294, 298, 305, 314, 319, 334, 342, 357, 359, 362, 365, 371, 380, 382, 398, 404, 424, 439, 444, 447, 451, 453, 482, 485, 486, 490, 494, 495, 500, 506, 523, 525, 541, 543, 549, 554, 568, 587, 590, 594, 603, 611, 613, 617, 626, 643, 652, 655, 660, 662, 679, 680, 688, 706, 714, 715, 739, 759, 765, 767, 781, 787, 790, 793, 819, 820, 824, 829, 851, 868, 881, 890, 894, 900, 903, 912, 918, 921, 936, 961, 983, 987, 999, 1002, 1009, 1018, 1022], size=128
Cluster 1: [0, 7, 15, 28, 41, 42, 43, 51, 73, 81, 83, 89, 90, 108, 114, 118, 125, 131, 133, 148, 155, 163, 173, 176, 182, 193, 196, 223, 227, 228, 234, 239, 248, 257, 266, 272, 281, 285, 300, 302, 310, 316, 336, 338, 346, 355, 360, 361, 368, 381, 383, 390, 393, 396, 405, 412, 420, 428, 433, 436, 442, 449, 465, 481, 507, 513, 516, 519, 522, 529, 531, 532, 533, 536, 538, 545, 551, 557, 559, 578, 583, 588, 589, 596, 597, 598, 599, 601, 602, 605, 620, 628, 636, 644, 649, 666, 669, 675, 731, 746, 758, 760, 785, 796, 813, 816, 817, 835, 836, 842, 895, 904, 911, 914, 919, 922, 937, 940, 947, 967, 970, 971, 973, 979, 984, 1013, 1014, 1017], size=128
Cluster 2: [19, 37, 38, 53, 57, 75, 93, 111, 116, 119, 122, 123, 127, 142, 143, 146, 149, 152, 154, 171, 186, 194, 195, 197, 202, 207, 222, 225, 253, 262, 268, 271, 283, 284, 297, 301, 303, 325, 340, 353, 364, 369, 374, 400, 402, 403, 414, 415, 419, 431, 434, 441, 443, 446, 463, 487, 515, 517, 521, 572, 579, 606, 609, 610, 615, 624, 633, 637, 641, 650, 665, 672, 678, 684, 692, 703, 717, 721, 723, 735, 737, 741, 751, 753, 756, 764, 778, 783, 800, 802, 806, 809, 825, 826, 828, 832, 837, 847, 849, 858, 859, 863, 864, 870, 872, 873, 882, 883, 889, 893, 907, 908, 910, 920, 925, 927, 932, 934, 939, 952, 953, 966, 982, 988, 991, 992, 996, 1007], size=128
Cluster 3: [4, 14, 27, 31, 34, 47, 62, 71, 80, 87, 91, 98, 103, 106, 130, 134, 156, 159, 160, 161, 170, 179, 187, 189, 201, 206, 224, 232, 241, 242, 243, 269, 270, 273, 288, 295, 315, 317, 337, 366, 373, 376, 379, 385, 391, 392, 397, 406, 435, 458, 460, 471, 475, 476, 491, 492, 504, 505, 510, 520, 524, 540, 555, 556, 560, 561, 565, 574, 580, 592, 600, 612, 618, 639, 647, 648, 654, 661, 663, 674, 676, 686, 690, 691, 698, 701, 702, 727, 729, 733, 742, 747, 763, 766, 769, 772, 775, 776, 779, 788, 791, 797, 803, 804, 805, 812, 818, 831, 838, 839, 860, 862, 875, 876, 878, 888, 897, 898, 909, 916, 917, 931, 965, 975, 986, 1000, 1004, 1020], size=128
Cluster 4: [2, 10, 23, 29, 33, 39, 49, 54, 63, 78, 86, 96, 101, 110, 139, 141, 168, 184, 192, 198, 210, 213, 218, 221, 244, 249, 254, 275, 277, 286, 292, 299, 307, 309, 312, 318, 323, 327, 328, 329, 331, 332, 333, 350, 351, 352, 370, 377, 388, 394, 408, 411, 423, 429, 432, 462, 464, 477, 483, 499, 514, 518, 528, 530, 535, 542, 548, 552, 558, 570, 575, 584, 591, 595, 621, 630, 631, 638, 653, 664, 667, 668, 685, 687, 694, 695, 696, 707, 712, 718, 732, 734, 740, 745, 752, 755, 784, 789, 792, 801, 811, 830, 843, 845, 846, 884, 886, 891, 896, 902, 905, 915, 923, 929, 930, 943, 945, 956, 959, 962, 964, 969, 977, 997, 1001, 1010, 1015, 1019], size=128
Cluster 5: [5, 6, 9, 11, 12, 24, 56, 69, 74, 77, 79, 82, 92, 94, 97, 104, 113, 132, 135, 140, 144, 145, 164, 167, 169, 172, 177, 181, 185, 204, 211, 212, 220, 238, 250, 264, 274, 278, 291, 296, 306, 311, 321, 326, 335, 344, 354, 363, 367, 375, 395, 409, 416, 417, 422, 426, 430, 445, 448, 456, 457, 467, 468, 478, 479, 493, 497, 501, 526, 527, 534, 539, 544, 547, 576, 581, 582, 585, 593, 604, 622, 625, 629, 634, 635, 670, 673, 682, 689, 693, 697, 704, 711, 713, 716, 728, 750, 774, 799, 807, 810, 834, 844, 879, 885, 887, 892, 901, 913, 926, 933, 935, 941, 944, 946, 951, 954, 960, 963, 968, 974, 980, 985, 994, 998, 1003, 1012, 1021], size=128
Cluster 6: [8, 16, 17, 22, 26, 45, 46, 48, 50, 68, 112, 115, 117, 124, 126, 129, 147, 150, 151, 153, 157, 162, 175, 180, 183, 188, 190, 203, 219, 226, 229, 233, 236, 246, 255, 258, 263, 267, 279, 287, 293, 304, 320, 322, 324, 341, 349, 356, 358, 386, 399, 407, 410, 421, 437, 438, 452, 469, 470, 473, 480, 488, 496, 503, 509, 511, 512, 537, 550, 567, 569, 571, 586, 607, 608, 616, 623, 627, 632, 640, 651, 659, 671, 705, 708, 709, 710, 730, 736, 743, 744, 754, 757, 761, 762, 770, 773, 777, 780, 786, 798, 808, 814, 823, 827, 841, 848, 850, 852, 853, 854, 855, 857, 861, 869, 877, 880, 906, 928, 938, 948, 972, 989, 990, 993, 1005, 1008, 1023], size=128
Cluster 7: [1, 13, 18, 20, 21, 32, 35, 36, 40, 52, 58, 61, 64, 85, 95, 99, 102, 105, 121, 128, 138, 166, 191, 200, 205, 214, 216, 217, 230, 240, 245, 251, 252, 276, 282, 308, 313, 330, 339, 343, 345, 347, 348, 372, 378, 384, 387, 389, 401, 413, 418, 425, 427, 440, 450, 454, 455, 459, 461, 466, 472, 474, 484, 489, 498, 502, 508, 546, 553, 562, 563, 564, 566, 573, 577, 614, 619, 642, 645, 646, 656, 657, 658, 677, 681, 683, 699, 700, 719, 720, 722, 724, 725, 726, 738, 748, 749, 768, 771, 782, 794, 795, 815, 821, 822, 833, 840, 856, 865, 866, 867, 871, 874, 899, 924, 942, 949, 950, 955, 957, 958, 976, 978, 981, 995, 1006, 1011, 1016], size=128

========================================================================
PERMUTED LABELS
========================================================================
Ground truth:
[4 2 3 ... 6 3 0]

Direct GMC:
[0 0 0 ... 0 0 0]

Original Binary:
[0 0 0 ... 0 0 5]

Balanced Binary:
[0 0 0 ... 3 3 7]

========================================================================
TREE STRUCTURE CPU
========================================================================
node= 0 | level=0 | parent=None | left=   1 | right=   2 | size=1024 | indici originali=[0, 1, 2, 3, 4, 5, 6, 7, 8, 9, 10, 11, 12, 13, 14, 15, 16, 17, 18, 19, 20, 21, 22, 23, 24, 25, 26, 27, 28, 29, 30, 31, 32, 33, 34, 35, 36, 37, 38, 39, 40, 41, 42, 43, 44, 45, 46, 47, 48, 49, 50, 51, 52, 53, 54, 55, 56, 57, 58, 59, 60, 61, 62, 63, 64, 65, 66, 67, 68, 69, 70, 71, 72, 73, 74, 75, 76, 77, 78, 79, 80, 81, 82, 83, 84, 85, 86, 87, 88, 89, 90, 91, 92, 93, 94, 95, 96, 97, 98, 99, 100, 101, 102, 103, 104, 105, 106, 107, 108, 109, 110, 111, 112, 113, 114, 115, 116, 117, 118, 119, 120, 121, 122, 123, 124, 125, 126, 127, 128, 129, 130, 131, 132, 133, 134, 135, 136, 137, 138, 139, 140, 141, 142, 143, 144, 145, 146, 147, 148, 149, 150, 151, 152, 153, 154, 155, 156, 157, 158, 159, 160, 161, 162, 163, 164, 165, 166, 167, 168, 169, 170, 171, 172, 173, 174, 175, 176, 177, 178, 179, 180, 181, 182, 183, 184, 185, 186, 187, 188, 189, 190, 191, 192, 193, 194, 195, 196, 197, 198, 199, 200, 201, 202, 203, 204, 205, 206, 207, 208, 209, 210, 211, 212, 213, 214, 215, 216, 217, 218, 219, 220, 221, 222, 223, 224, 225, 226, 227, 228, 229, 230, 231, 232, 233, 234, 235, 236, 237, 238, 239, 240, 241, 242, 243, 244, 245, 246, 247, 248, 249, 250, 251, 252, 253, 254, 255, 256, 257, 258, 259, 260, 261, 262, 263, 264, 265, 266, 267, 268, 269, 270, 271, 272, 273, 274, 275, 276, 277, 278, 279, 280, 281, 282, 283, 284, 285, 286, 287, 288, 289, 290, 291, 292, 293, 294, 295, 296, 297, 298, 299, 300, 301, 302, 303, 304, 305, 306, 307, 308, 309, 310, 311, 312, 313, 314, 315, 316, 317, 318, 319, 320, 321, 322, 323, 324, 325, 326, 327, 328, 329, 330, 331, 332, 333, 334, 335, 336, 337, 338, 339, 340, 341, 342, 343, 344, 345, 346, 347, 348, 349, 350, 351, 352, 353, 354, 355, 356, 357, 358, 359, 360, 361, 362, 363, 364, 365, 366, 367, 368, 369, 370, 371, 372, 373, 374, 375, 376, 377, 378, 379, 380, 381, 382, 383, 384, 385, 386, 387, 388, 389, 390, 391, 392, 393, 394, 395, 396, 397, 398, 399, 400, 401, 402, 403, 404, 405, 406, 407, 408, 409, 410, 411, 412, 413, 414, 415, 416, 417, 418, 419, 420, 421, 422, 423, 424, 425, 426, 427, 428, 429, 430, 431, 432, 433, 434, 435, 436, 437, 438, 439, 440, 441, 442, 443, 444, 445, 446, 447, 448, 449, 450, 451, 452, 453, 454, 455, 456, 457, 458, 459, 460, 461, 462, 463, 464, 465, 466, 467, 468, 469, 470, 471, 472, 473, 474, 475, 476, 477, 478, 479, 480, 481, 482, 483, 484, 485, 486, 487, 488, 489, 490, 491, 492, 493, 494, 495, 496, 497, 498, 499, 500, 501, 502, 503, 504, 505, 506, 507, 508, 509, 510, 511, 512, 513, 514, 515, 516, 517, 518, 519, 520, 521, 522, 523, 524, 525, 526, 527, 528, 529, 530, 531, 532, 533, 534, 535, 536, 537, 538, 539, 540, 541, 542, 543, 544, 545, 546, 547, 548, 549, 550, 551, 552, 553, 554, 555, 556, 557, 558, 559, 560, 561, 562, 563, 564, 565, 566, 567, 568, 569, 570, 571, 572, 573, 574, 575, 576, 577, 578, 579, 580, 581, 582, 583, 584, 585, 586, 587, 588, 589, 590, 591, 592, 593, 594, 595, 596, 597, 598, 599, 600, 601, 602, 603, 604, 605, 606, 607, 608, 609, 610, 611, 612, 613, 614, 615, 616, 617, 618, 619, 620, 621, 622, 623, 624, 625, 626, 627, 628, 629, 630, 631, 632, 633, 634, 635, 636, 637, 638, 639, 640, 641, 642, 643, 644, 645, 646, 647, 648, 649, 650, 651, 652, 653, 654, 655, 656, 657, 658, 659, 660, 661, 662, 663, 664, 665, 666, 667, 668, 669, 670, 671, 672, 673, 674, 675, 676, 677, 678, 679, 680, 681, 682, 683, 684, 685, 686, 687, 688, 689, 690, 691, 692, 693, 694, 695, 696, 697, 698, 699, 700, 701, 702, 703, 704, 705, 706, 707, 708, 709, 710, 711, 712, 713, 714, 715, 716, 717, 718, 719, 720, 721, 722, 723, 724, 725, 726, 727, 728, 729, 730, 731, 732, 733, 734, 735, 736, 737, 738, 739, 740, 741, 742, 743, 744, 745, 746, 747, 748, 749, 750, 751, 752, 753, 754, 755, 756, 757, 758, 759, 760, 761, 762, 763, 764, 765, 766, 767, 768, 769, 770, 771, 772, 773, 774, 775, 776, 777, 778, 779, 780, 781, 782, 783, 784, 785, 786, 787, 788, 789, 790, 791, 792, 793, 794, 795, 796, 797, 798, 799, 800, 801, 802, 803, 804, 805, 806, 807, 808, 809, 810, 811, 812, 813, 814, 815, 816, 817, 818, 819, 820, 821, 822, 823, 824, 825, 826, 827, 828, 829, 830, 831, 832, 833, 834, 835, 836, 837, 838, 839, 840, 841, 842, 843, 844, 845, 846, 847, 848, 849, 850, 851, 852, 853, 854, 855, 856, 857, 858, 859, 860, 861, 862, 863, 864, 865, 866, 867, 868, 869, 870, 871, 872, 873, 874, 875, 876, 877, 878, 879, 880, 881, 882, 883, 884, 885, 886, 887, 888, 889, 890, 891, 892, 893, 894, 895, 896, 897, 898, 899, 900, 901, 902, 903, 904, 905, 906, 907, 908, 909, 910, 911, 912, 913, 914, 915, 916, 917, 918, 919, 920, 921, 922, 923, 924, 925, 926, 927, 928, 929, 930, 931, 932, 933, 934, 935, 936, 937, 938, 939, 940, 941, 942, 943, 944, 945, 946, 947, 948, 949, 950, 951, 952, 953, 954, 955, 956, 957, 958, 959, 960, 961, 962, 963, 964, 965, 966, 967, 968, 969, 970, 971, 972, 973, 974, 975, 976, 977, 978, 979, 980, 981, 982, 983, 984, 985, 986, 987, 988, 989, 990, 991, 992, 993, 994, 995, 996, 997, 998, 999, 1000, 1001, 1002, 1003, 1004, 1005, 1006, 1007, 1008, 1009, 1010, 1011, 1012, 1013, 1014, 1015, 1016, 1017, 1018, 1019, 1020, 1021, 1022, 1023]
node= 1 | level=1 | parent=   0 | left=   5 | right=   6 | size=510 | indici originali=[0, 3, 4, 7, 14, 15, 19, 25, 27, 28, 30, 34, 37, 38, 41, 42, 43, 44, 47, 51, 53, 55, 57, 59, 60, 62, 65, 66, 67, 70, 71, 72, 73, 75, 76, 80, 81, 83, 84, 87, 88, 89, 90, 91, 93, 98, 100, 103, 106, 107, 108, 109, 111, 114, 116, 118, 119, 120, 122, 123, 125, 127, 130, 131, 133, 134, 136, 137, 142, 143, 146, 148, 149, 152, 154, 155, 156, 158, 159, 160, 161, 163, 165, 170, 171, 173, 174, 176, 178, 179, 182, 186, 187, 189, 193, 194, 195, 196, 197, 199, 201, 202, 206, 207, 208, 209, 215, 222, 223, 224, 225, 227, 228, 231, 232, 234, 235, 237, 239, 241, 242, 243, 247, 248, 253, 256, 257, 259, 260, 261, 262, 265, 266, 268, 269, 270, 271, 272, 273, 280, 281, 283, 284, 285, 288, 289, 290, 294, 295, 297, 298, 300, 301, 302, 303, 305, 310, 314, 315, 316, 317, 319, 325, 334, 336, 337, 338, 340, 342, 346, 353, 355, 357, 359, 360, 361, 362, 364, 365, 366, 368, 369, 371, 373, 374, 376, 379, 380, 381, 382, 383, 385, 390, 391, 392, 393, 396, 397, 398, 400, 402, 403, 404, 405, 406, 412, 414, 415, 419, 420, 424, 428, 431, 433, 434, 435, 436, 439, 441, 442, 443, 444, 446, 447, 449, 451, 453, 458, 460, 463, 465, 471, 475, 476, 481, 482, 485, 486, 487, 490, 491, 492, 494, 495, 500, 504, 505, 506, 507, 510, 513, 515, 516, 517, 519, 520, 521, 522, 523, 524, 525, 529, 531, 532, 533, 536, 538, 540, 541, 543, 545, 549, 551, 554, 555, 556, 557, 559, 560, 561, 565, 568, 572, 574, 578, 579, 580, 583, 587, 588, 589, 590, 592, 594, 596, 597, 598, 599, 600, 601, 602, 603, 605, 606, 609, 610, 611, 612, 613, 615, 617, 620, 624, 626, 628, 633, 636, 637, 639, 641, 643, 644, 647, 648, 649, 650, 652, 654, 655, 660, 661, 662, 663, 665, 666, 669, 672, 674, 675, 676, 678, 679, 680, 684, 686, 688, 690, 691, 692, 698, 701, 702, 703, 706, 714, 715, 717, 721, 723, 727, 729, 731, 733, 735, 737, 739, 741, 742, 746, 747, 751, 753, 756, 758, 759, 760, 763, 764, 765, 766, 767, 769, 772, 775, 776, 778, 779, 781, 783, 785, 787, 788, 790, 791, 793, 796, 797, 800, 802, 803, 804, 805, 806, 809, 812, 813, 816, 817, 818, 819, 820, 824, 825, 826, 828, 829, 831, 832, 835, 836, 837, 838, 839, 842, 847, 849, 851, 858, 859, 860, 862, 863, 864, 868, 870, 872, 873, 875, 876, 878, 881, 882, 883, 888, 889, 890, 893, 894, 895, 897, 898, 900, 903, 904, 907, 908, 909, 910, 911, 912, 914, 916, 917, 918, 919, 920, 921, 922, 925, 927, 931, 932, 934, 936, 937, 939, 940, 947, 952, 953, 961, 965, 966, 967, 970, 971, 973, 975, 979, 982, 983, 984, 986, 987, 988, 991, 992, 996, 999, 1000, 1002, 1004, 1007, 1009, 1013, 1014, 1017, 1018, 1020, 1022]
node= 2 | level=1 | parent=   0 | left=   3 | right=   4 | size=514 | indici originali=[1, 2, 5, 6, 8, 9, 10, 11, 12, 13, 16, 17, 18, 20, 21, 22, 23, 24, 26, 29, 31, 32, 33, 35, 36, 39, 40, 45, 46, 48, 49, 50, 52, 54, 56, 58, 61, 63, 64, 68, 69, 74, 77, 78, 79, 82, 85, 86, 92, 94, 95, 96, 97, 99, 101, 102, 104, 105, 110, 112, 113, 115, 117, 121, 124, 126, 128, 129, 132, 135, 138, 139, 140, 141, 144, 145, 147, 150, 151, 153, 157, 162, 164, 166, 167, 168, 169, 172, 175, 177, 180, 181, 183, 184, 185, 188, 190, 191, 192, 198, 200, 203, 204, 205, 210, 211, 212, 213, 214, 216, 217, 218, 219, 220, 221, 226, 229, 230, 233, 236, 238, 240, 244, 245, 246, 249, 250, 251, 252, 254, 255, 258, 263, 264, 267, 274, 275, 276, 277, 278, 279, 282, 286, 287, 291, 292, 293, 296, 299, 304, 306, 307, 308, 309, 311, 312, 313, 318, 320, 321, 322, 323, 324, 326, 327, 328, 329, 330, 331, 332, 333, 335, 339, 341, 343, 344, 345, 347, 348, 349, 350, 351, 352, 354, 356, 358, 363, 367, 370, 372, 375, 377, 378, 384, 386, 387, 388, 389, 394, 395, 399, 401, 407, 408, 409, 410, 411, 413, 416, 417, 418, 421, 422, 423, 425, 426, 427, 429, 430, 432, 437, 438, 440, 445, 448, 450, 452, 454, 455, 456, 457, 459, 461, 462, 464, 466, 467, 468, 469, 470, 472, 473, 474, 477, 478, 479, 480, 483, 484, 488, 489, 493, 496, 497, 498, 499, 501, 502, 503, 508, 509, 511, 512, 514, 518, 526, 527, 528, 530, 534, 535, 537, 539, 542, 544, 546, 547, 548, 550, 552, 553, 558, 562, 563, 564, 566, 567, 569, 570, 571, 573, 575, 576, 577, 581, 582, 584, 585, 586, 591, 593, 595, 604, 607, 608, 614, 616, 618, 619, 621, 622, 623, 625, 627, 629, 630, 631, 632, 634, 635, 638, 640, 642, 645, 646, 651, 653, 656, 657, 658, 659, 664, 667, 668, 670, 671, 673, 677, 681, 682, 683, 685, 687, 689, 693, 694, 695, 696, 697, 699, 700, 704, 705, 707, 708, 709, 710, 711, 712, 713, 716, 718, 719, 720, 722, 724, 725, 726, 728, 730, 732, 734, 736, 738, 740, 743, 744, 745, 748, 749, 750, 752, 754, 755, 757, 761, 762, 768, 770, 771, 773, 774, 777, 780, 782, 784, 786, 789, 792, 794, 795, 798, 799, 801, 807, 808, 810, 811, 814, 815, 821, 822, 823, 827, 830, 833, 834, 840, 841, 843, 844, 845, 846, 848, 850, 852, 853, 854, 855, 856, 857, 861, 865, 866, 867, 869, 871, 874, 877, 879, 880, 884, 885, 886, 887, 891, 892, 896, 899, 901, 902, 905, 906, 913, 915, 923, 924, 926, 928, 929, 930, 933, 935, 938, 941, 942, 943, 944, 945, 946, 948, 949, 950, 951, 954, 955, 956, 957, 958, 959, 960, 962, 963, 964, 968, 969, 972, 974, 976, 977, 978, 980, 981, 985, 989, 990, 993, 994, 995, 997, 998, 1001, 1003, 1005, 1006, 1008, 1010, 1011, 1012, 1015, 1016, 1019, 1021, 1023]
node= 3 | level=2 | parent=   2 | left=  11 | right=  12 | size=505 | indici originali=[1, 2, 5, 6, 8, 9, 10, 11, 12, 13, 16, 17, 18, 20, 21, 22, 23, 24, 26, 29, 31, 32, 33, 35, 36, 39, 40, 45, 46, 48, 49, 50, 52, 54, 56, 58, 61, 63, 64, 68, 69, 74, 77, 78, 79, 82, 85, 86, 92, 94, 95, 96, 97, 99, 101, 102, 104, 105, 110, 112, 113, 115, 117, 121, 124, 126, 128, 129, 132, 135, 138, 139, 140, 141, 144, 145, 147, 150, 151, 153, 157, 162, 164, 166, 167, 168, 169, 172, 175, 177, 180, 181, 183, 184, 185, 188, 190, 191, 192, 198, 200, 203, 204, 205, 210, 211, 212, 213, 214, 216, 217, 218, 219, 220, 221, 226, 229, 230, 233, 236, 238, 240, 244, 245, 246, 249, 250, 251, 252, 254, 255, 258, 263, 264, 267, 274, 275, 276, 277, 278, 279, 282, 286, 287, 291, 292, 293, 296, 299, 304, 306, 307, 308, 309, 311, 312, 313, 318, 320, 321, 322, 323, 324, 326, 327, 328, 329, 330, 331, 332, 333, 335, 339, 341, 343, 344, 345, 347, 349, 350, 351, 352, 354, 356, 358, 363, 367, 370, 372, 375, 377, 378, 384, 386, 387, 388, 389, 394, 395, 399, 401, 407, 408, 409, 410, 411, 413, 416, 417, 418, 421, 422, 423, 425, 426, 427, 429, 430, 432, 437, 438, 440, 445, 448, 450, 452, 454, 455, 456, 457, 459, 461, 462, 464, 466, 467, 468, 469, 470, 472, 473, 474, 477, 478, 479, 480, 483, 484, 488, 489, 493, 496, 497, 498, 499, 501, 502, 503, 508, 509, 511, 512, 514, 518, 526, 527, 528, 530, 534, 535, 537, 539, 542, 544, 546, 547, 548, 550, 552, 553, 558, 562, 563, 564, 566, 567, 569, 570, 571, 573, 575, 576, 577, 581, 582, 584, 585, 586, 591, 593, 595, 604, 607, 608, 614, 616, 618, 619, 621, 622, 623, 625, 627, 629, 630, 631, 632, 634, 635, 638, 640, 642, 645, 646, 651, 653, 656, 659, 664, 667, 668, 670, 671, 673, 682, 683, 685, 687, 689, 693, 694, 695, 696, 697, 699, 700, 704, 705, 707, 708, 709, 710, 711, 712, 713, 716, 718, 720, 724, 725, 726, 728, 730, 732, 734, 736, 738, 740, 743, 744, 745, 748, 750, 752, 754, 755, 757, 761, 762, 768, 770, 771, 773, 774, 777, 780, 782, 784, 786, 789, 792, 794, 795, 798, 799, 801, 807, 808, 810, 811, 814, 815, 821, 822, 823, 827, 830, 833, 834, 840, 841, 843, 844, 845, 846, 848, 850, 852, 853, 854, 855, 856, 857, 861, 865, 866, 867, 869, 871, 874, 877, 879, 880, 884, 885, 886, 887, 891, 892, 896, 899, 901, 902, 905, 906, 913, 915, 923, 924, 926, 928, 929, 930, 933, 935, 938, 941, 942, 943, 944, 945, 946, 948, 949, 950, 951, 954, 955, 956, 957, 958, 959, 960, 962, 963, 964, 968, 969, 972, 974, 976, 977, 978, 980, 981, 985, 989, 990, 993, 994, 997, 998, 1001, 1003, 1005, 1006, 1008, 1010, 1011, 1012, 1015, 1016, 1019, 1021, 1023]
node= 4 | level=2 | parent=   2 | left=None | right=None | size= 9 | indici originali=[348, 657, 658, 677, 681, 719, 722, 749, 995]
node= 5 | level=2 | parent=   1 | left=   7 | right=   8 | size=508 | indici originali=[0, 3, 4, 7, 14, 15, 19, 25, 27, 28, 30, 34, 37, 38, 41, 42, 43, 44, 47, 51, 53, 55, 57, 59, 60, 62, 65, 66, 67, 70, 71, 72, 73, 75, 76, 80, 81, 83, 84, 87, 88, 89, 90, 91, 93, 98, 100, 103, 106, 107, 108, 109, 111, 114, 116, 118, 119, 120, 122, 123, 125, 127, 130, 131, 133, 134, 136, 137, 142, 143, 146, 148, 149, 152, 154, 155, 156, 158, 159, 160, 161, 163, 165, 170, 171, 173, 174, 176, 178, 182, 186, 187, 189, 193, 194, 195, 196, 197, 199, 201, 202, 206, 207, 208, 209, 215, 222, 223, 224, 225, 227, 228, 231, 232, 234, 235, 237, 239, 241, 242, 243, 247, 248, 253, 256, 257, 259, 260, 261, 262, 265, 266, 268, 269, 270, 271, 272, 273, 280, 281, 283, 284, 285, 288, 289, 290, 294, 295, 297, 298, 300, 301, 302, 303, 305, 310, 314, 315, 316, 317, 319, 325, 334, 336, 337, 338, 340, 342, 346, 353, 355, 357, 359, 360, 361, 362, 364, 365, 366, 368, 369, 371, 373, 374, 376, 379, 380, 381, 382, 383, 385, 390, 391, 392, 393, 396, 397, 398, 400, 402, 403, 404, 405, 406, 412, 414, 415, 419, 420, 424, 428, 431, 433, 434, 435, 436, 439, 441, 442, 443, 444, 446, 447, 449, 451, 453, 458, 460, 463, 465, 471, 475, 476, 481, 482, 485, 486, 487, 490, 491, 492, 494, 495, 500, 504, 505, 506, 507, 510, 513, 515, 516, 517, 519, 520, 521, 522, 523, 524, 525, 529, 531, 532, 533, 536, 538, 540, 541, 543, 545, 549, 551, 554, 555, 556, 557, 559, 560, 561, 565, 568, 572, 574, 578, 579, 580, 583, 587, 588, 589, 590, 592, 594, 596, 597, 598, 599, 600, 601, 602, 603, 605, 606, 609, 610, 611, 612, 613, 615, 617, 620, 624, 626, 628, 633, 636, 637, 639, 641, 643, 644, 647, 648, 649, 650, 652, 654, 655, 660, 661, 662, 663, 665, 666, 669, 672, 674, 675, 676, 678, 679, 680, 684, 686, 688, 690, 691, 692, 698, 701, 702, 703, 706, 714, 715, 717, 721, 723, 727, 729, 731, 733, 735, 737, 739, 741, 742, 746, 747, 751, 753, 756, 758, 759, 760, 763, 764, 765, 766, 767, 769, 772, 775, 776, 778, 779, 781, 783, 785, 787, 790, 791, 793, 796, 797, 800, 802, 803, 804, 805, 806, 809, 812, 813, 816, 817, 818, 819, 820, 824, 825, 826, 828, 829, 831, 832, 835, 836, 837, 838, 839, 842, 847, 849, 851, 858, 859, 860, 862, 863, 864, 868, 870, 872, 873, 875, 876, 878, 881, 882, 883, 888, 889, 890, 893, 894, 895, 897, 898, 900, 903, 904, 907, 908, 909, 910, 911, 912, 914, 916, 917, 918, 919, 920, 921, 922, 925, 927, 931, 932, 934, 936, 937, 939, 940, 947, 952, 953, 961, 965, 966, 967, 970, 971, 973, 975, 979, 982, 983, 984, 986, 987, 988, 991, 992, 996, 999, 1000, 1002, 1004, 1007, 1009, 1013, 1014, 1017, 1018, 1020, 1022]
node= 6 | level=2 | parent=   1 | left=None | right=None | size= 2 | indici originali=[179, 788]
node= 7 | level=3 | parent=   5 | left=   9 | right=  10 | size=505 | indici originali=[0, 3, 4, 7, 14, 15, 19, 25, 27, 28, 30, 34, 37, 38, 41, 42, 43, 44, 47, 51, 53, 55, 57, 59, 60, 62, 65, 66, 67, 70, 71, 72, 73, 75, 76, 80, 81, 83, 84, 87, 88, 89, 90, 91, 93, 98, 100, 106, 107, 108, 109, 111, 114, 116, 118, 119, 120, 122, 123, 125, 127, 130, 131, 133, 134, 136, 137, 142, 143, 146, 148, 149, 152, 154, 155, 156, 158, 159, 160, 161, 163, 165, 170, 171, 173, 174, 176, 178, 182, 186, 187, 189, 193, 194, 195, 196, 197, 199, 201, 202, 206, 207, 208, 209, 215, 222, 223, 224, 225, 227, 228, 231, 232, 234, 235, 237, 239, 241, 242, 243, 247, 248, 253, 256, 257, 259, 260, 261, 262, 265, 266, 268, 269, 270, 271, 272, 273, 280, 281, 283, 284, 285, 288, 289, 290, 294, 295, 297, 298, 300, 301, 302, 303, 305, 310, 314, 315, 316, 317, 319, 325, 334, 336, 337, 338, 340, 342, 346, 353, 355, 357, 359, 360, 361, 362, 364, 365, 366, 368, 369, 371, 373, 374, 376, 379, 380, 381, 382, 383, 385, 390, 391, 392, 393, 396, 397, 398, 400, 402, 403, 404, 405, 406, 412, 414, 415, 419, 420, 424, 428, 431, 433, 434, 435, 436, 439, 441, 442, 443, 444, 446, 447, 449, 451, 453, 458, 460, 463, 465, 471, 475, 476, 481, 482, 485, 486, 487, 490, 491, 492, 494, 495, 500, 504, 505, 506, 507, 510, 513, 515, 516, 517, 519, 520, 521, 522, 523, 524, 525, 529, 531, 532, 533, 536, 538, 540, 541, 543, 545, 549, 551, 554, 555, 556, 557, 559, 560, 561, 565, 568, 572, 574, 578, 579, 583, 587, 588, 589, 590, 592, 594, 596, 597, 598, 599, 600, 601, 602, 603, 605, 606, 609, 610, 611, 612, 613, 615, 617, 620, 624, 626, 628, 633, 636, 637, 639, 641, 643, 644, 647, 648, 649, 650, 652, 654, 655, 660, 661, 662, 663, 665, 666, 669, 672, 674, 675, 676, 678, 679, 680, 684, 686, 688, 690, 691, 692, 698, 701, 702, 703, 706, 714, 715, 717, 721, 723, 727, 729, 731, 733, 735, 737, 739, 741, 742, 746, 747, 751, 753, 756, 758, 759, 760, 763, 764, 765, 766, 767, 769, 772, 775, 776, 778, 779, 781, 783, 785, 787, 790, 791, 793, 796, 797, 800, 802, 803, 804, 805, 806, 809, 812, 813, 816, 817, 818, 819, 820, 824, 825, 826, 828, 829, 831, 832, 835, 836, 837, 838, 839, 842, 847, 849, 851, 858, 859, 860, 862, 863, 864, 868, 870, 872, 873, 875, 876, 878, 881, 882, 883, 888, 889, 890, 893, 894, 895, 897, 900, 903, 904, 907, 908, 909, 910, 911, 912, 914, 916, 917, 918, 919, 920, 921, 922, 925, 927, 931, 932, 934, 936, 937, 939, 940, 947, 952, 953, 961, 965, 966, 967, 970, 971, 973, 975, 979, 982, 983, 984, 986, 987, 988, 991, 992, 996, 999, 1000, 1002, 1004, 1007, 1009, 1013, 1014, 1017, 1018, 1020, 1022]
node= 8 | level=3 | parent=   5 | left=None | right=None | size= 3 | indici originali=[103, 580, 898]
node= 9 | level=4 | parent=   7 | left=  13 | right=  14 | size=502 | indici originali=[0, 3, 4, 7, 14, 15, 19, 25, 27, 28, 30, 34, 37, 38, 41, 42, 43, 44, 47, 51, 53, 55, 57, 59, 60, 62, 65, 66, 67, 70, 71, 72, 73, 75, 76, 80, 81, 83, 84, 87, 88, 89, 90, 91, 93, 98, 100, 106, 107, 108, 109, 111, 114, 116, 118, 119, 120, 122, 123, 125, 127, 130, 133, 134, 136, 137, 142, 143, 146, 148, 149, 152, 154, 155, 156, 158, 159, 160, 161, 163, 165, 170, 171, 173, 174, 176, 178, 182, 186, 187, 189, 193, 194, 195, 196, 197, 199, 201, 202, 206, 207, 208, 209, 215, 222, 223, 224, 225, 227, 228, 231, 232, 234, 235, 237, 239, 241, 242, 243, 247, 248, 253, 256, 257, 259, 260, 261, 262, 265, 266, 268, 269, 270, 271, 272, 273, 280, 281, 283, 284, 285, 288, 289, 290, 294, 295, 297, 298, 300, 301, 302, 303, 305, 310, 314, 315, 316, 317, 319, 325, 334, 336, 337, 338, 340, 342, 346, 353, 355, 357, 359, 360, 361, 362, 364, 365, 366, 368, 369, 371, 373, 374, 376, 379, 380, 381, 382, 383, 385, 390, 391, 392, 393, 396, 397, 398, 400, 402, 403, 404, 405, 406, 412, 414, 415, 419, 420, 424, 428, 431, 433, 434, 435, 436, 439, 441, 442, 443, 444, 446, 447, 449, 451, 453, 458, 460, 463, 465, 471, 475, 476, 481, 482, 485, 486, 487, 490, 491, 492, 494, 495, 500, 504, 505, 506, 507, 510, 513, 515, 516, 517, 519, 520, 521, 522, 523, 524, 525, 529, 531, 532, 533, 536, 538, 540, 541, 543, 545, 549, 551, 554, 555, 556, 557, 559, 560, 561, 565, 568, 572, 574, 578, 579, 583, 587, 588, 589, 590, 592, 594, 596, 597, 598, 599, 600, 601, 602, 603, 605, 606, 609, 610, 611, 612, 613, 615, 617, 620, 624, 626, 628, 633, 636, 637, 639, 641, 643, 644, 647, 648, 649, 650, 652, 654, 655, 660, 661, 662, 663, 665, 666, 669, 672, 674, 675, 676, 678, 679, 680, 684, 686, 688, 690, 691, 692, 698, 701, 702, 703, 706, 714, 715, 717, 721, 723, 727, 729, 731, 733, 735, 737, 739, 741, 742, 746, 747, 751, 753, 756, 758, 759, 760, 763, 764, 765, 766, 767, 769, 772, 775, 776, 778, 779, 781, 783, 785, 787, 790, 791, 793, 796, 797, 800, 802, 803, 804, 805, 806, 809, 812, 813, 816, 817, 818, 819, 820, 824, 825, 826, 828, 829, 831, 832, 835, 836, 837, 838, 839, 842, 847, 849, 851, 858, 859, 860, 862, 863, 864, 868, 870, 872, 873, 875, 876, 878, 881, 882, 883, 888, 889, 890, 893, 894, 895, 897, 900, 903, 904, 907, 908, 909, 910, 911, 912, 914, 916, 917, 918, 919, 920, 921, 922, 925, 927, 931, 932, 934, 936, 937, 939, 940, 952, 953, 961, 965, 966, 967, 970, 971, 973, 975, 979, 982, 983, 984, 986, 987, 988, 991, 992, 999, 1000, 1002, 1004, 1007, 1009, 1013, 1014, 1017, 1018, 1020, 1022]
node=10 | level=4 | parent=   7 | left=None | right=None | size= 3 | indici originali=[131, 947, 996]
node=11 | level=3 | parent=   3 | left=None | right=None | size=495 | indici originali=[1, 2, 5, 6, 8, 9, 10, 11, 12, 13, 16, 17, 20, 21, 22, 23, 24, 26, 29, 31, 32, 33, 35, 39, 40, 45, 46, 48, 49, 50, 52, 54, 56, 58, 63, 64, 68, 69, 74, 77, 78, 79, 82, 85, 86, 92, 94, 95, 96, 97, 99, 101, 102, 104, 105, 110, 112, 113, 115, 117, 121, 124, 126, 128, 129, 132, 135, 138, 139, 140, 141, 144, 145, 147, 150, 151, 153, 157, 162, 164, 166, 167, 168, 169, 172, 175, 177, 180, 181, 183, 184, 185, 188, 190, 191, 192, 198, 200, 203, 204, 205, 210, 211, 212, 213, 214, 216, 217, 218, 219, 220, 221, 226, 229, 230, 233, 236, 238, 240, 244, 246, 249, 250, 251, 252, 254, 255, 258, 263, 264, 267, 274, 275, 276, 277, 278, 279, 282, 286, 287, 291, 292, 293, 296, 299, 304, 306, 307, 308, 309, 311, 312, 313, 318, 320, 321, 322, 323, 324, 326, 327, 328, 329, 330, 331, 332, 333, 335, 339, 341, 343, 344, 345, 347, 349, 350, 351, 352, 354, 356, 358, 363, 367, 370, 372, 375, 377, 378, 384, 386, 387, 388, 389, 394, 395, 399, 401, 407, 408, 409, 410, 411, 413, 416, 417, 418, 421, 422, 423, 426, 427, 429, 430, 432, 437, 438, 445, 448, 452, 454, 455, 456, 457, 459, 461, 462, 464, 466, 467, 468, 469, 470, 472, 473, 477, 478, 479, 480, 483, 484, 488, 489, 493, 496, 497, 498, 499, 501, 502, 503, 508, 509, 511, 512, 514, 518, 526, 527, 528, 530, 534, 535, 537, 539, 542, 544, 546, 547, 548, 550, 552, 553, 558, 562, 563, 564, 566, 567, 569, 570, 571, 573, 575, 576, 577, 581, 582, 584, 585, 586, 591, 593, 595, 604, 607, 608, 614, 616, 618, 619, 621, 622, 623, 625, 627, 629, 630, 631, 632, 634, 635, 638, 640, 642, 645, 646, 651, 653, 659, 664, 667, 668, 670, 671, 673, 682, 683, 685, 687, 689, 693, 694, 695, 696, 697, 699, 700, 704, 705, 707, 708, 709, 710, 711, 712, 713, 716, 718, 724, 725, 726, 728, 730, 732, 734, 736, 738, 740, 743, 744, 745, 748, 750, 752, 754, 755, 757, 761, 762, 768, 770, 771, 773, 774, 777, 780, 782, 784, 786, 789, 792, 794, 795, 798, 799, 801, 807, 808, 810, 811, 814, 815, 821, 822, 823, 827, 830, 833, 834, 840, 841, 843, 844, 845, 846, 848, 850, 852, 853, 854, 855, 856, 857, 861, 865, 866, 867, 869, 871, 874, 877, 879, 880, 884, 885, 886, 887, 891, 892, 896, 899, 901, 902, 905, 906, 913, 915, 923, 924, 926, 928, 929, 930, 933, 935, 938, 941, 942, 943, 944, 945, 946, 948, 949, 950, 951, 954, 955, 956, 957, 958, 959, 960, 962, 963, 964, 968, 969, 972, 974, 976, 977, 978, 980, 981, 985, 989, 990, 993, 994, 997, 998, 1001, 1003, 1005, 1006, 1008, 1010, 1011, 1012, 1015, 1016, 1019, 1021, 1023]
node=12 | level=3 | parent=   3 | left=None | right=None | size=10 | indici originali=[18, 36, 61, 245, 425, 440, 450, 474, 656, 720]
node=13 | level=5 | parent=   9 | left=None | right=None | size=500 | indici originali=[0, 3, 4, 7, 14, 15, 19, 25, 27, 28, 30, 34, 37, 38, 41, 42, 43, 44, 47, 51, 53, 55, 57, 59, 60, 62, 65, 66, 67, 70, 71, 72, 73, 75, 76, 80, 81, 83, 84, 87, 88, 89, 90, 91, 93, 98, 100, 106, 107, 108, 109, 111, 114, 116, 118, 119, 120, 122, 123, 125, 127, 130, 133, 134, 136, 137, 142, 143, 146, 148, 149, 152, 154, 155, 156, 158, 159, 160, 161, 163, 165, 170, 171, 173, 174, 176, 178, 182, 186, 187, 189, 193, 194, 195, 196, 197, 199, 201, 202, 206, 207, 208, 209, 215, 222, 223, 224, 225, 227, 228, 231, 232, 234, 235, 237, 239, 241, 242, 243, 247, 248, 253, 256, 257, 259, 260, 261, 262, 265, 266, 268, 269, 270, 271, 272, 273, 280, 281, 283, 284, 285, 288, 289, 290, 294, 295, 297, 298, 300, 301, 302, 303, 305, 310, 314, 315, 316, 317, 319, 325, 334, 336, 337, 338, 340, 342, 346, 353, 355, 357, 359, 360, 361, 362, 364, 365, 366, 368, 369, 371, 373, 374, 376, 379, 380, 381, 382, 383, 385, 390, 391, 392, 393, 396, 397, 398, 400, 402, 403, 404, 405, 406, 412, 414, 415, 419, 420, 424, 428, 431, 433, 434, 435, 436, 439, 441, 442, 443, 444, 446, 447, 449, 451, 453, 458, 460, 463, 465, 471, 475, 476, 481, 482, 485, 486, 487, 490, 491, 492, 494, 495, 500, 504, 505, 506, 507, 510, 513, 515, 516, 517, 519, 520, 521, 522, 523, 525, 529, 531, 532, 533, 536, 538, 540, 541, 543, 545, 549, 551, 554, 555, 556, 557, 559, 560, 561, 565, 568, 572, 574, 578, 579, 583, 587, 588, 589, 590, 592, 594, 596, 597, 598, 599, 600, 601, 602, 603, 605, 609, 610, 611, 612, 613, 615, 617, 620, 624, 626, 628, 633, 636, 637, 639, 641, 643, 644, 647, 648, 649, 650, 652, 654, 655, 660, 661, 662, 663, 665, 666, 669, 672, 674, 675, 676, 678, 679, 680, 684, 686, 688, 690, 691, 692, 698, 701, 702, 703, 706, 714, 715, 717, 721, 723, 727, 729, 731, 733, 735, 737, 739, 741, 742, 746, 747, 751, 753, 756, 758, 759, 760, 763, 764, 765, 766, 767, 769, 772, 775, 776, 778, 779, 781, 783, 785, 787, 790, 791, 793, 796, 797, 800, 802, 803, 804, 805, 806, 809, 812, 813, 816, 817, 818, 819, 820, 824, 825, 826, 828, 829, 831, 832, 835, 836, 837, 838, 839, 842, 847, 849, 851, 858, 859, 860, 862, 863, 864, 868, 870, 872, 873, 875, 876, 878, 881, 882, 883, 888, 889, 890, 893, 894, 895, 897, 900, 903, 904, 907, 908, 909, 910, 911, 912, 914, 916, 917, 918, 919, 920, 921, 922, 925, 927, 931, 932, 934, 936, 937, 939, 940, 952, 953, 961, 965, 966, 967, 970, 971, 973, 975, 979, 982, 983, 984, 986, 987, 988, 991, 992, 999, 1000, 1002, 1004, 1007, 1009, 1013, 1014, 1017, 1018, 1020, 1022]
node=14 | level=5 | parent=   9 | left=None | right=None | size= 2 | indici originali=[524, 606]
End: Tue Aug 11 20:23:44 CEST 2026
