Job ID: 78534
Node: acnode03.e4red
Start: Tue Aug 11 21:12:42 CEST 2026
density: 100.0

========================================================================
ORIGINAL QUBO MATRIX
========================================================================
Shape                 : (1024, 1024)
Number of variables   : 1024
Number of clusters     : 8
Dimension of blocks: 128
Symmetric matrix    : True
Optimal clusters      : [array([   3,    8,   11,   13,   20,   52,   55,   59,   65,   68,   69,   72,   90,   95,   97,  101,  112,  113,  114,  123,  151,  152,
        154,  155,  157,  175,  191,  219,  220,  230,  247,  249,  258,  264,  265,  267,  275,  278,  290,  295,  298,  318,  340,  347,
        355,  364,  369,  375,  388,  398,  402,  417,  419,  421,  426,  434,  446,  452,  453,  461,  488,  489,  493,  494,  499,  501,
        510,  511,  514,  525,  533,  543,  545,  551,  558,  563,  564,  567,  572,  587,  590,  598,  605,  617,  618,  624,  636,  641,
        643,  653,  659,  681,  684,  691,  692,  700,  702,  734,  744,  778,  823,  828,  837,  853,  862,  868,  869,  874,  887,  895,
        897,  899,  906,  931,  934,  939,  941,  948,  955,  983,  989, 1007, 1009, 1014, 1016, 1018, 1019, 1023]), array([  36,   39,   47,   56,   61,   64,   85,   91,  117,  129,  133,  138,  141,  145,  146,  159,  163,  173,  205,  223,  226,  228,
        231,  241,  243,  245,  253,  260,  292,  296,  302,  304,  308,  312,  319,  336,  339,  341,  349,  363,  371,  377,  381,  385,
        387,  390,  394,  396,  397,  405,  406,  408,  409,  412,  416,  462,  466,  474,  481,  482,  515,  529,  530,  541,  550,  554,
        556,  574,  586,  593,  606,  607,  612,  620,  623,  627,  638,  640,  652,  658,  667,  675,  677,  682,  693,  696,  705,  716,
        724,  725,  733,  737,  739,  745,  746,  748,  755,  762,  780,  787,  803,  824,  826,  830,  839,  846,  852,  872,  873,  876,
        886,  890,  898,  902,  904,  914,  922,  923,  940,  954,  960,  969,  976,  988,  992,  995, 1004, 1012]), array([   1,   10,   16,   22,   23,   26,   27,   33,   35,   49,   54,   57,   70,   80,   83,   87,   93,   99,  104,  108,  130,  134,
        135,  166,  172,  181,  184,  185,  186,  194,  197,  203,  206,  214,  216,  221,  225,  232,  236,  251,  255,  259,  261,  263,
        266,  274,  282,  283,  286,  293,  303,  306,  326,  342,  344,  351,  356,  372,  373,  376,  378,  380,  433,  435,  439,  451,
        455,  456,  457,  458,  460,  463,  486,  502,  523,  524,  527,  534,  537,  547,  555,  570,  571,  573,  579,  582,  583,  591,
        597,  613,  619,  628,  649,  657,  661,  706,  712,  714,  730,  732,  741,  742,  774,  784,  790,  795,  796,  800,  801,  807,
        879,  880,  901,  908,  912,  921,  947,  949,  952,  956,  959,  990,  993, 1000, 1002, 1008, 1011, 1020]), array([   2,    6,   17,   18,   34,   38,   44,   45,   62,   71,   88,   89,   98,  127,  131,  139,  158,  164,  165,  176,  177,  183,
        189,  192,  199,  207,  212,  235,  270,  276,  277,  284,  285,  294,  310,  323,  330,  335,  343,  346,  353,  362,  365,  379,
        382,  386,  400,  404,  414,  423,  443,  471,  478,  480,  487,  492,  495,  496,  497,  498,  512,  516,  518,  538,  549,  553,
        557,  565,  580,  594,  595,  602,  642,  648,  655,  662,  670,  685,  686,  694,  703,  715,  722,  731,  743,  747,  749,  757,
        771,  773,  776,  777,  792,  802,  806,  808,  843,  847,  849,  866,  867,  877,  881,  883,  885,  888,  900,  916,  917,  926,
        928,  933,  944,  945,  946,  958,  965,  967,  980,  982,  984,  991,  996,  998,  999, 1010, 1013, 1022]), array([   0,    4,    5,   14,   24,   30,   37,   40,   43,   48,   73,   74,   84,   92,   94,  105,  119,  126,  150,  162,  168,  179,
        180,  187,  188,  193,  200,  202,  211,  215,  218,  227,  250,  262,  271,  272,  273,  279,  280,  289,  297,  301,  307,  313,
        315,  316,  322,  325,  327,  329,  331,  332,  345,  383,  389,  395,  420,  422,  424,  427,  428,  429,  430,  436,  440,  444,
        449,  464,  467,  470,  472,  473,  477,  479,  490,  491,  507,  509,  513,  522,  532,  539,  544,  560,  561,  584,  603,  615,
        625,  626,  634,  646,  673,  688,  708,  709,  713,  720,  736,  740,  756,  768,  782,  798,  799,  809,  814,  819,  821,  827,
        829,  838,  841,  844,  857,  859,  865,  884,  892,  924,  932,  937,  951,  957,  970,  972,  985, 1015]), array([   7,    9,   12,   15,   19,   25,   31,   51,   53,   58,   66,   67,   75,   78,   86,  109,  111,  118,  121,  122,  125,  132,
        136,  140,  143,  160,  167,  182,  204,  209,  210,  213,  224,  229,  239,  244,  254,  305,  317,  338,  352,  359,  384,  393,
        399,  401,  410,  411,  418,  431,  438,  441,  454,  468,  469,  475,  476,  483,  500,  508,  535,  546,  562,  566,  577,  578,
        581,  604,  609,  616,  630,  631,  633,  639,  647,  650,  651,  665,  666,  679,  683,  690,  697,  704,  707,  711,  718,  723,
        728,  729,  760,  763,  779,  783,  789,  791,  794,  797,  817,  825,  831,  836,  840,  842,  850,  855,  858,  860,  861,  864,
        882,  889,  903,  909,  910,  911,  913,  915,  925,  927,  963,  974,  979,  981,  987, 1003, 1005, 1017]), array([  28,   42,   63,   77,   79,   81,  100,  102,  115,  116,  120,  147,  153,  156,  169,  170,  174,  198,  208,  217,  222,  233,
        234,  237,  248,  281,  287,  288,  320,  324,  348,  354,  360,  366,  407,  415,  425,  445,  447,  450,  459,  465,  506,  517,
        536,  540,  542,  548,  552,  559,  568,  576,  588,  589,  596,  599,  600,  601,  608,  611,  614,  621,  629,  645,  654,  664,
        668,  669,  672,  678,  680,  687,  689,  699,  701,  710,  717,  721,  726,  735,  750,  751,  753,  758,  759,  765,  766,  769,
        770,  775,  781,  786,  788,  805,  811,  815,  816,  818,  822,  833,  834,  848,  851,  854,  863,  870,  871,  878,  893,  896,
        905,  907,  919,  920,  929,  930,  943,  953,  961,  964,  968,  971,  977,  986,  997, 1001, 1006, 1021]), array([ 21,  29,  32,  41,  46,  50,  60,  76,  82,  96, 103, 106, 107, 110, 124, 128, 137, 142, 144, 148, 149, 161, 171, 178, 190, 195,
       196, 201, 238, 240, 242, 246, 252, 256, 257, 268, 269, 291, 299, 300, 309, 311, 314, 321, 328, 333, 334, 337, 350, 357, 358, 361,
       367, 368, 370, 374, 391, 392, 403, 413, 432, 437, 442, 448, 484, 485, 503, 504, 505, 519, 520, 521, 526, 528, 531, 569, 575, 585,
       592, 610, 622, 632, 635, 637, 644, 656, 660, 663, 671, 674, 676, 695, 698, 719, 727, 738, 752, 754, 761, 764, 767, 772, 785, 793,
       804, 810, 812, 813, 820, 832, 835, 845, 856, 875, 891, 894, 918, 935, 936, 938, 942, 950, 962, 966, 973, 975, 978, 994])]
[GMC-CPU] iter=1 components=1 consecutive=0lambda=2eigenvalues=[6.305961579088123e-17, 0.003197683975455043, 0.0036561237212524656, 0.005425997422396788, 0.005919424824847401, 0.0070849376302953996, 0.008540516147232849, 0.009631862994337343]
[GMC-CPU] iter=2 components=1 consecutive=1lambda=4eigenvalues=[7.069856137638224e-16, 0.0026082528681662946, 0.003111518079342008, 0.004759277992132408, 0.005161823012518973, 0.006286905807160192, 0.007655958625851441, 0.008730452392499036]
[GMC-CPU] iter=3 components=1 consecutive=2lambda=8eigenvalues=[-1.005372495961721e-16, 0.0017603981427683612, 0.0022770389249688406, 0.003517762552217473, 0.0038870694696452623, 0.004748968747058824, 0.006050434764013518, 0.007256704917490472]
[GMC-CPU] iter=4 components=1 consecutive=3lambda=16eigenvalues=[-4.536087213742772e-16, 0.0005080604328287937, 0.0011409805883741432, 0.0014784252444148941, 0.0018748280664622752, 0.00245745753803549, 0.003479672392678014, 0.005134381187988262]
[GMC-CPU] iter=5 components=2 consecutive=0lambda=32eigenvalues=[-5.337840195370318e-16, -5.337840195370318e-16, 8.632842801806293e-05, 0.00016204263358361086, 0.00026264539657312876, 0.0007420885480683836, 0.0008489341294527974, 0.002596431227925119]
[GMC-CPU] iter=6 components=7 consecutive=0lambda=64eigenvalues=[1.7544380143940487e-16, 1.7544380143940487e-16, 1.7544380143940487e-16, 1.7544380143940487e-16, 1.7544380143940487e-16, 1.7544380143940487e-16, 1.7544380143940487e-16, 0.0011850903754126807]
[GMC-CPU] iter=7 components=8 consecutive=0lambda=64eigenvalues=[-3.798955953806907e-16, -3.798955953806907e-16, -3.798955953806907e-16, -3.798955953806907e-16, -3.798955953806907e-16, -3.798955953806907e-16, -3.798955953806907e-16, -3.798955953806907e-16]
Ending Direct GMC.
[GMC-CPU] iter=1 components=1 consecutive=0lambda=2eigenvalues=[4.500502230605957e-16, 0.0036515570376186345]
[GMC-CPU] iter=2 components=1 consecutive=1lambda=4eigenvalues=[-5.73561890524783e-16, 0.0033973707116800476]
[GMC-CPU] iter=3 components=1 consecutive=2lambda=8eigenvalues=[1.0094416590263117e-16, 0.0028553161270939774]
[GMC-CPU] iter=4 components=1 consecutive=3lambda=16eigenvalues=[-3.264501463206349e-16, 0.0019846700683877503]
[GMC-CPU] iter=5 components=1 consecutive=4lambda=32eigenvalues=[-4.046600290119561e-16, 0.0006970007268779649]
[GMC-CPU] iter=6 components=2 consecutive=0lambda=32eigenvalues=[-6.566209228000779e-16, -6.566209228000779e-16]
[Hierarchy-CPU] node=0 components=2 leaves=2 size=1024  target=8 
[GMC-CPU] iter=1 components=1 consecutive=0lambda=2eigenvalues=[-3.7436972539868395e-16, 0.0036646622709169963]
[GMC-CPU] iter=2 components=1 consecutive=1lambda=4eigenvalues=[6.819997023170961e-16, 0.0034478769582312494]
[GMC-CPU] iter=3 components=1 consecutive=2lambda=8eigenvalues=[-6.495968510077667e-16, 0.0030872294576317514]
[GMC-CPU] iter=4 components=1 consecutive=3lambda=16eigenvalues=[6.295765227946415e-16, 0.002793305179365509]
[GMC-CPU] iter=5 components=1 consecutive=4lambda=32eigenvalues=[-6.641792782063032e-16, 0.0022739517257376633]
[GMC-CPU] iter=6 components=1 consecutive=5lambda=64eigenvalues=[-1.2835246618131748e-16, 0.001228767989187141]
[GMC-CPU] iter=7 components=2 consecutive=0lambda=64eigenvalues=[1.9415735821797068e-16, 1.9415735821797068e-16]
[Hierarchy-CPU] node=1 components=2 leaves=3 size=896  target=8 
[GMC-CPU] iter=1 components=1 consecutive=0lambda=2eigenvalues=[-4.1086001522205195e-16, 0.004113840379761331]
[GMC-CPU] iter=2 components=1 consecutive=1lambda=4eigenvalues=[9.715524676899677e-16, 0.003968082451567866]
[GMC-CPU] iter=3 components=1 consecutive=2lambda=8eigenvalues=[3.627034646377539e-16, 0.003705207343268217]
[GMC-CPU] iter=4 components=1 consecutive=3lambda=16eigenvalues=[-9.762703589115507e-17, 0.003137370276081941]
[GMC-CPU] iter=5 components=1 consecutive=4lambda=32eigenvalues=[-4.539428953673165e-16, 0.0020195053373794243]
[GMC-CPU] iter=6 components=1 consecutive=5lambda=64eigenvalues=[8.718777239840344e-17, 0.0010877138545529262]
[GMC-CPU] iter=7 components=2 consecutive=0lambda=64eigenvalues=[5.991816758727861e-17, 5.991816758727861e-17]
[Hierarchy-CPU] node=3 components=2 leaves=4 size=768  target=8 
[GMC-CPU] iter=1 components=1 consecutive=0lambda=2eigenvalues=[1.7102706539811323e-16, 0.00400526457048605]
[GMC-CPU] iter=2 components=1 consecutive=1lambda=4eigenvalues=[-6.943758897418044e-16, 0.003799582429120106]
[GMC-CPU] iter=3 components=1 consecutive=2lambda=8eigenvalues=[-3.02615675074321e-16, 0.00344958411935034]
[GMC-CPU] iter=4 components=1 consecutive=3lambda=16eigenvalues=[-4.4406525989899415e-16, 0.002848974761499626]
[GMC-CPU] iter=5 components=1 consecutive=4lambda=32eigenvalues=[4.405991577985266e-16, 0.0019373085579423828]
[GMC-CPU] iter=6 components=1 consecutive=5lambda=64eigenvalues=[-1.5612322048481673e-16, 0.001030518120694822]
[GMC-CPU] iter=7 components=1 consecutive=6lambda=128eigenvalues=[9.408064556010921e-16, 0.0005771857267254817]
[GMC-CPU] iter=8 components=1 consecutive=7lambda=256eigenvalues=[-7.694415464064975e-16, 2.227119447504299e-06]
[GMC-CPU] iter=9 components=2 consecutive=0lambda=256eigenvalues=[8.629041923187597e-17, 8.629041923187597e-17]
[Hierarchy-CPU] node=5 components=2 leaves=5 size=640  target=8 
[GMC-CPU] iter=1 components=1 consecutive=0lambda=2eigenvalues=[4.213626736436655e-16, 0.0029836231180501906]
[GMC-CPU] iter=2 components=1 consecutive=1lambda=4eigenvalues=[-2.2576158831159652e-17, 0.0027644120196749795]
[GMC-CPU] iter=3 components=1 consecutive=2lambda=8eigenvalues=[-8.172716812418662e-16, 0.002314575526393378]
[GMC-CPU] iter=4 components=1 consecutive=3lambda=16eigenvalues=[1.2073065713170448e-17, 0.0019185639306252293]
[GMC-CPU] iter=5 components=1 consecutive=4lambda=32eigenvalues=[-6.731079851963225e-16, 0.001599422680221672]
[GMC-CPU] iter=6 components=1 consecutive=5lambda=64eigenvalues=[-2.2813373761430224e-16, 0.0008079807432743662]
[GMC-CPU] iter=7 components=2 consecutive=0lambda=64eigenvalues=[7.438324136022688e-16, 7.438324136022688e-16]
[Hierarchy-CPU] node=7 components=2 leaves=6 size=384  target=8 
[GMC-CPU] iter=1 components=1 consecutive=0lambda=2eigenvalues=[2.9451659145026997e-16, 0.0047902012976813865]
[GMC-CPU] iter=2 components=1 consecutive=1lambda=4eigenvalues=[1.0911116187880788e-16, 0.0045192077937574035]
[GMC-CPU] iter=3 components=1 consecutive=2lambda=8eigenvalues=[1.0198843404118226e-17, 0.004035186283668534]
[GMC-CPU] iter=4 components=1 consecutive=3lambda=16eigenvalues=[2.4759720200548394e-17, 0.0032893039240624007]
[GMC-CPU] iter=5 components=1 consecutive=4lambda=32eigenvalues=[4.600780700498296e-17, 0.0021283860944584644]
[GMC-CPU] iter=6 components=1 consecutive=5lambda=64eigenvalues=[5.742527060553943e-17, 0.0011843379940621825]
[GMC-CPU] iter=7 components=2 consecutive=0lambda=64eigenvalues=[-1.0325950895214485e-15, -3.7599002059668105e-16]
[Hierarchy-CPU] node=9 components=2 leaves=7 size=256  target=8 
[GMC-CPU] iter=1 components=1 consecutive=0lambda=2eigenvalues=[3.062031736058315e-16, 0.0035475308379554903]
[GMC-CPU] iter=2 components=1 consecutive=1lambda=4eigenvalues=[1.162658980917369e-16, 0.0032347194948454776]
[GMC-CPU] iter=3 components=1 consecutive=2lambda=8eigenvalues=[1.1392012779078474e-16, 0.0025767995606963447]
[GMC-CPU] iter=4 components=1 consecutive=3lambda=16eigenvalues=[-5.683933289143786e-16, 0.001504977770550819]
[GMC-CPU] iter=5 components=1 consecutive=4lambda=32eigenvalues=[-2.173378081174085e-17, 8.201292478860882e-05]
[GMC-CPU] iter=6 components=2 consecutive=0lambda=32eigenvalues=[-5.53189247266609e-16, 8.53550163386514e-16]
[Hierarchy-CPU] node=8 components=2 leaves=8 size=256  target=8 
GPU available.

Execution of GPU GMC in parallel mode.
[Hierarchy-GPU] level=0 nodes=1 workers=1 sizes=[1024]
[GMC-GPU] iter=1 components=1 consecutive=0 lambda=2eigenvalues=[3.167863738024573e-17, 0.003651556839216948]
[GMC-GPU] iter=2 components=1 consecutive=1 lambda=4eigenvalues=[6.174976013356841e-17, 0.0033973704840400513]
[GMC-GPU] iter=3 components=1 consecutive=2 lambda=8eigenvalues=[5.222876562960284e-17, 0.002855315962282688]
[GMC-GPU] iter=4 components=1 consecutive=3 lambda=16eigenvalues=[-3.179464245502535e-17, 0.001984669982469497]
[GMC-GPU] iter=5 components=1 consecutive=4 lambda=32eigenvalues=[-1.9424786409589203e-16, 0.0006970006747652838]
[GMC-GPU] iter=6 components=2 consecutive=0 lambda=32eigenvalues=[-9.262455617961076e-17, 4.9097539427898915e-17]
[Hierarchy-GPU] level=0 completed leaves=2/8 time=0.495772s
[Hierarchy-GPU] level=1 nodes=2 workers=1 sizes=[896, 128]
[GMC-GPU] iter=1 components=1 consecutive=0 lambda=2eigenvalues=[1.2998469598253645e-16, 0.003664662278595473]
[GMC-GPU] iter=2 components=1 consecutive=1 lambda=4eigenvalues=[1.042176019641436e-16, 0.0034478769594534562]
[GMC-GPU] iter=3 components=1 consecutive=2 lambda=8eigenvalues=[-1.9797866924586104e-16, 0.003087229457868554]
[GMC-GPU] iter=4 components=1 consecutive=3 lambda=16eigenvalues=[-2.706833392642435e-16, 0.002793305179637556]
[GMC-GPU] iter=5 components=1 consecutive=4 lambda=32eigenvalues=[-7.63727624449478e-17, 0.0022739517261405186]
[GMC-GPU] iter=6 components=1 consecutive=5 lambda=64eigenvalues=[2.185871342643787e-17, 0.001228767989879289]
[GMC-GPU] iter=7 components=1 consecutive=6 lambda=128eigenvalues=[1.236432368606474e-16, 0.0033154792942870315]
[GMC-GPU] iter=8 components=1 consecutive=7 lambda=256eigenvalues=[1.3648084054410483e-16, 0.002045986616822731]
[GMC-GPU] iter=9 components=1 consecutive=8 lambda=512eigenvalues=[2.4424364520891943e-17, 0.0007941268240397856]
[GMC-GPU] iter=10 components=2 consecutive=0 lambda=512eigenvalues=[-1.3379942467519163e-16, 7.708845669123552e-16]
[GMC-GPU] iter=1 components=1 consecutive=0 lambda=2eigenvalues=[-1.948363975742458e-17, 0.21882247795434484]
[GMC-GPU] iter=2 components=1 consecutive=1 lambda=4eigenvalues=[-1.5558929103303745e-16, 0.1880080741863935]
[GMC-GPU] iter=3 components=1 consecutive=2 lambda=8eigenvalues=[-5.478653292693927e-17, 0.14067931029485123]
[GMC-GPU] iter=4 components=1 consecutive=3 lambda=16eigenvalues=[3.64289604216832e-17, 0.08160936134541161]
[GMC-GPU] iter=5 components=1 consecutive=4 lambda=32eigenvalues=[-1.9550064242016329e-16, 0.0150214314143941]
[GMC-GPU] iter=6 components=2 consecutive=0 lambda=32eigenvalues=[-4.50737327698729e-16, 2.823755725463098e-16]
[Hierarchy-GPU] level=1 completed leaves=5/8 time=0.831228s
[Hierarchy-GPU] level=2 nodes=3 workers=1 sizes=[384, 256, 256]
[GMC-GPU] iter=1 components=1 consecutive=0 lambda=2eigenvalues=[1.0057284345187534e-16, 0.003503593337754139]
[GMC-GPU] iter=2 components=1 consecutive=1 lambda=4eigenvalues=[9.006563674869766e-17, 0.0032894136783089846]
[GMC-GPU] iter=3 components=1 consecutive=2 lambda=8eigenvalues=[-2.3239570344478067e-16, 0.0028526291320967972]
[GMC-GPU] iter=4 components=1 consecutive=3 lambda=16eigenvalues=[2.7340546201705493e-17, 0.0019968756689492623]
[GMC-GPU] iter=5 components=1 consecutive=4 lambda=32eigenvalues=[9.908187407286184e-17, 0.00046739613057045405]
[GMC-GPU] iter=6 components=2 consecutive=0 lambda=32eigenvalues=[-6.999588119079298e-16, 2.757395507069134e-16]
[GMC-GPU] iter=1 components=1 consecutive=0 lambda=2eigenvalues=[2.0899524543176157e-17, 0.004790201297684055]
[GMC-GPU] iter=2 components=1 consecutive=1 lambda=4eigenvalues=[9.324426153041357e-17, 0.004519207793758827]
[GMC-GPU] iter=3 components=1 consecutive=2 lambda=8eigenvalues=[1.911887775808989e-16, 0.004035186283673773]
[GMC-GPU] iter=4 components=1 consecutive=3 lambda=16eigenvalues=[-4.18820483828282e-17, 0.0032893039240665515]
[GMC-GPU] iter=5 components=1 consecutive=4 lambda=32eigenvalues=[3.760572095994224e-17, 0.002128386094457391]
[GMC-GPU] iter=6 components=1 consecutive=5 lambda=64eigenvalues=[2.130944666336321e-16, 0.0011843379940683861]
[GMC-GPU] iter=7 components=2 consecutive=0 lambda=64eigenvalues=[-6.434218921395893e-17, -5.154635152676237e-17]
[GMC-GPU] iter=1 components=1 consecutive=0 lambda=2eigenvalues=[-3.7363622486426064e-17, 0.0004716005847873276]
[GMC-GPU] iter=2 components=1 consecutive=1 lambda=4eigenvalues=[-1.666438846853377e-16, 0.0002391255556064897]
[GMC-GPU] iter=3 components=2 consecutive=0 lambda=4eigenvalues=[-2.388291843257171e-16, 3.988814916303558e-17]
[Hierarchy-GPU] level=2 completed leaves=8/8 time=0.287736s

========================================================================
EXECUTION TIMES
========================================================================
Direct GMC: 2.157455 seconds
BinaryHierarchicalGMC: 5.782225 seconds
BinaryHierarchicalGMCGPU: 1.906194 seconds

========================================================================
RESULTS COMPARISON
========================================================================
Dimension original Binary: [128, 128, 128, 128, 128, 128, 128, 128]
Dimension balanced Binary  [128, 128, 128, 128, 128, 128, 128, 128]
Dimension GPU Binary: [128, 128, 128, 128, 256, 128, 70, 58]
Dimension balanced GPU Binary: [128, 128, 128, 128, 128, 128, 128, 128]

Adjusted Rand Index
-------------------
Direct GMC             : 1.000000
Original Binary        : 1.000000
Balanced Binary       : 1.000000
Balanced GPU Binary   : 0.834014

Differences
----------
Direct - Balanced Binary      : +0.000000
Balanced Binary - Original    : +0.000000
Direct - Balanced GPU Binary  : +0.143280

Original Cluster Binary 
------------------------
Cluster 0: [512, 513, 514, 515, 516, 517, 518, 519, 520, 521, 522, 523, 524, 525, 526, 527, 528, 529, 530, 531, 532, 533, 534, 535, 536, 537, 538, 539, 540, 541, 542, 543, 544, 545, 546, 547, 548, 549, 550, 551, 552, 553, 554, 555, 556, 557, 558, 559, 560, 561, 562, 563, 564, 565, 566, 567, 568, 569, 570, 571, 572, 573, 574, 575, 576, 577, 578, 579, 580, 581, 582, 583, 584, 585, 586, 587, 588, 589, 590, 591, 592, 593, 594, 595, 596, 597, 598, 599, 600, 601, 602, 603, 604, 605, 606, 607, 608, 609, 610, 611, 612, 613, 614, 615, 616, 617, 618, 619, 620, 621, 622, 623, 624, 625, 626, 627, 628, 629, 630, 631, 632, 633, 634, 635, 636, 637, 638, 639], size=128
Cluster 1: [896, 897, 898, 899, 900, 901, 902, 903, 904, 905, 906, 907, 908, 909, 910, 911, 912, 913, 914, 915, 916, 917, 918, 919, 920, 921, 922, 923, 924, 925, 926, 927, 928, 929, 930, 931, 932, 933, 934, 935, 936, 937, 938, 939, 940, 941, 942, 943, 944, 945, 946, 947, 948, 949, 950, 951, 952, 953, 954, 955, 956, 957, 958, 959, 960, 961, 962, 963, 964, 965, 966, 967, 968, 969, 970, 971, 972, 973, 974, 975, 976, 977, 978, 979, 980, 981, 982, 983, 984, 985, 986, 987, 988, 989, 990, 991, 992, 993, 994, 995, 996, 997, 998, 999, 1000, 1001, 1002, 1003, 1004, 1005, 1006, 1007, 1008, 1009, 1010, 1011, 1012, 1013, 1014, 1015, 1016, 1017, 1018, 1019, 1020, 1021, 1022, 1023], size=128
Cluster 2: [128, 129, 130, 131, 132, 133, 134, 135, 136, 137, 138, 139, 140, 141, 142, 143, 144, 145, 146, 147, 148, 149, 150, 151, 152, 153, 154, 155, 156, 157, 158, 159, 160, 161, 162, 163, 164, 165, 166, 167, 168, 169, 170, 171, 172, 173, 174, 175, 176, 177, 178, 179, 180, 181, 182, 183, 184, 185, 186, 187, 188, 189, 190, 191, 192, 193, 194, 195, 196, 197, 198, 199, 200, 201, 202, 203, 204, 205, 206, 207, 208, 209, 210, 211, 212, 213, 214, 215, 216, 217, 218, 219, 220, 221, 222, 223, 224, 225, 226, 227, 228, 229, 230, 231, 232, 233, 234, 235, 236, 237, 238, 239, 240, 241, 242, 243, 244, 245, 246, 247, 248, 249, 250, 251, 252, 253, 254, 255], size=128
Cluster 3: [640, 641, 642, 643, 644, 645, 646, 647, 648, 649, 650, 651, 652, 653, 654, 655, 656, 657, 658, 659, 660, 661, 662, 663, 664, 665, 666, 667, 668, 669, 670, 671, 672, 673, 674, 675, 676, 677, 678, 679, 680, 681, 682, 683, 684, 685, 686, 687, 688, 689, 690, 691, 692, 693, 694, 695, 696, 697, 698, 699, 700, 701, 702, 703, 704, 705, 706, 707, 708, 709, 710, 711, 712, 713, 714, 715, 716, 717, 718, 719, 720, 721, 722, 723, 724, 725, 726, 727, 728, 729, 730, 731, 732, 733, 734, 735, 736, 737, 738, 739, 740, 741, 742, 743, 744, 745, 746, 747, 748, 749, 750, 751, 752, 753, 754, 755, 756, 757, 758, 759, 760, 761, 762, 763, 764, 765, 766, 767], size=128
Cluster 4: [768, 769, 770, 771, 772, 773, 774, 775, 776, 777, 778, 779, 780, 781, 782, 783, 784, 785, 786, 787, 788, 789, 790, 791, 792, 793, 794, 795, 796, 797, 798, 799, 800, 801, 802, 803, 804, 805, 806, 807, 808, 809, 810, 811, 812, 813, 814, 815, 816, 817, 818, 819, 820, 821, 822, 823, 824, 825, 826, 827, 828, 829, 830, 831, 832, 833, 834, 835, 836, 837, 838, 839, 840, 841, 842, 843, 844, 845, 846, 847, 848, 849, 850, 851, 852, 853, 854, 855, 856, 857, 858, 859, 860, 861, 862, 863, 864, 865, 866, 867, 868, 869, 870, 871, 872, 873, 874, 875, 876, 877, 878, 879, 880, 881, 882, 883, 884, 885, 886, 887, 888, 889, 890, 891, 892, 893, 894, 895], size=128
Cluster 5: [0, 1, 2, 3, 4, 5, 6, 7, 8, 9, 10, 11, 12, 13, 14, 15, 16, 17, 18, 19, 20, 21, 22, 23, 24, 25, 26, 27, 28, 29, 30, 31, 32, 33, 34, 35, 36, 37, 38, 39, 40, 41, 42, 43, 44, 45, 46, 47, 48, 49, 50, 51, 52, 53, 54, 55, 56, 57, 58, 59, 60, 61, 62, 63, 64, 65, 66, 67, 68, 69, 70, 71, 72, 73, 74, 75, 76, 77, 78, 79, 80, 81, 82, 83, 84, 85, 86, 87, 88, 89, 90, 91, 92, 93, 94, 95, 96, 97, 98, 99, 100, 101, 102, 103, 104, 105, 106, 107, 108, 109, 110, 111, 112, 113, 114, 115, 116, 117, 118, 119, 120, 121, 122, 123, 124, 125, 126, 127], size=128
Cluster 6: [256, 257, 258, 259, 260, 261, 262, 263, 264, 265, 266, 267, 268, 269, 270, 271, 272, 273, 274, 275, 276, 277, 278, 279, 280, 281, 282, 283, 284, 285, 286, 287, 288, 289, 290, 291, 292, 293, 294, 295, 296, 297, 298, 299, 300, 301, 302, 303, 304, 305, 306, 307, 308, 309, 310, 311, 312, 313, 314, 315, 316, 317, 318, 319, 320, 321, 322, 323, 324, 325, 326, 327, 328, 329, 330, 331, 332, 333, 334, 335, 336, 337, 338, 339, 340, 341, 342, 343, 344, 345, 346, 347, 348, 349, 350, 351, 352, 353, 354, 355, 356, 357, 358, 359, 360, 361, 362, 363, 364, 365, 366, 367, 368, 369, 370, 371, 372, 373, 374, 375, 376, 377, 378, 379, 380, 381, 382, 383], size=128
Cluster 7: [384, 385, 386, 387, 388, 389, 390, 391, 392, 393, 394, 395, 396, 397, 398, 399, 400, 401, 402, 403, 404, 405, 406, 407, 408, 409, 410, 411, 412, 413, 414, 415, 416, 417, 418, 419, 420, 421, 422, 423, 424, 425, 426, 427, 428, 429, 430, 431, 432, 433, 434, 435, 436, 437, 438, 439, 440, 441, 442, 443, 444, 445, 446, 447, 448, 449, 450, 451, 452, 453, 454, 455, 456, 457, 458, 459, 460, 461, 462, 463, 464, 465, 466, 467, 468, 469, 470, 471, 472, 473, 474, 475, 476, 477, 478, 479, 480, 481, 482, 483, 484, 485, 486, 487, 488, 489, 490, 491, 492, 493, 494, 495, 496, 497, 498, 499, 500, 501, 502, 503, 504, 505, 506, 507, 508, 509, 510, 511], size=128

Balanced Cluster Binary 
-------------------------
Cluster 0: [512, 513, 514, 515, 516, 517, 518, 519, 520, 521, 522, 523, 524, 525, 526, 527, 528, 529, 530, 531, 532, 533, 534, 535, 536, 537, 538, 539, 540, 541, 542, 543, 544, 545, 546, 547, 548, 549, 550, 551, 552, 553, 554, 555, 556, 557, 558, 559, 560, 561, 562, 563, 564, 565, 566, 567, 568, 569, 570, 571, 572, 573, 574, 575, 576, 577, 578, 579, 580, 581, 582, 583, 584, 585, 586, 587, 588, 589, 590, 591, 592, 593, 594, 595, 596, 597, 598, 599, 600, 601, 602, 603, 604, 605, 606, 607, 608, 609, 610, 611, 612, 613, 614, 615, 616, 617, 618, 619, 620, 621, 622, 623, 624, 625, 626, 627, 628, 629, 630, 631, 632, 633, 634, 635, 636, 637, 638, 639], size=128
Cluster 1: [896, 897, 898, 899, 900, 901, 902, 903, 904, 905, 906, 907, 908, 909, 910, 911, 912, 913, 914, 915, 916, 917, 918, 919, 920, 921, 922, 923, 924, 925, 926, 927, 928, 929, 930, 931, 932, 933, 934, 935, 936, 937, 938, 939, 940, 941, 942, 943, 944, 945, 946, 947, 948, 949, 950, 951, 952, 953, 954, 955, 956, 957, 958, 959, 960, 961, 962, 963, 964, 965, 966, 967, 968, 969, 970, 971, 972, 973, 974, 975, 976, 977, 978, 979, 980, 981, 982, 983, 984, 985, 986, 987, 988, 989, 990, 991, 992, 993, 994, 995, 996, 997, 998, 999, 1000, 1001, 1002, 1003, 1004, 1005, 1006, 1007, 1008, 1009, 1010, 1011, 1012, 1013, 1014, 1015, 1016, 1017, 1018, 1019, 1020, 1021, 1022, 1023], size=128
Cluster 2: [128, 129, 130, 131, 132, 133, 134, 135, 136, 137, 138, 139, 140, 141, 142, 143, 144, 145, 146, 147, 148, 149, 150, 151, 152, 153, 154, 155, 156, 157, 158, 159, 160, 161, 162, 163, 164, 165, 166, 167, 168, 169, 170, 171, 172, 173, 174, 175, 176, 177, 178, 179, 180, 181, 182, 183, 184, 185, 186, 187, 188, 189, 190, 191, 192, 193, 194, 195, 196, 197, 198, 199, 200, 201, 202, 203, 204, 205, 206, 207, 208, 209, 210, 211, 212, 213, 214, 215, 216, 217, 218, 219, 220, 221, 222, 223, 224, 225, 226, 227, 228, 229, 230, 231, 232, 233, 234, 235, 236, 237, 238, 239, 240, 241, 242, 243, 244, 245, 246, 247, 248, 249, 250, 251, 252, 253, 254, 255], size=128
Cluster 3: [640, 641, 642, 643, 644, 645, 646, 647, 648, 649, 650, 651, 652, 653, 654, 655, 656, 657, 658, 659, 660, 661, 662, 663, 664, 665, 666, 667, 668, 669, 670, 671, 672, 673, 674, 675, 676, 677, 678, 679, 680, 681, 682, 683, 684, 685, 686, 687, 688, 689, 690, 691, 692, 693, 694, 695, 696, 697, 698, 699, 700, 701, 702, 703, 704, 705, 706, 707, 708, 709, 710, 711, 712, 713, 714, 715, 716, 717, 718, 719, 720, 721, 722, 723, 724, 725, 726, 727, 728, 729, 730, 731, 732, 733, 734, 735, 736, 737, 738, 739, 740, 741, 742, 743, 744, 745, 746, 747, 748, 749, 750, 751, 752, 753, 754, 755, 756, 757, 758, 759, 760, 761, 762, 763, 764, 765, 766, 767], size=128
Cluster 4: [768, 769, 770, 771, 772, 773, 774, 775, 776, 777, 778, 779, 780, 781, 782, 783, 784, 785, 786, 787, 788, 789, 790, 791, 792, 793, 794, 795, 796, 797, 798, 799, 800, 801, 802, 803, 804, 805, 806, 807, 808, 809, 810, 811, 812, 813, 814, 815, 816, 817, 818, 819, 820, 821, 822, 823, 824, 825, 826, 827, 828, 829, 830, 831, 832, 833, 834, 835, 836, 837, 838, 839, 840, 841, 842, 843, 844, 845, 846, 847, 848, 849, 850, 851, 852, 853, 854, 855, 856, 857, 858, 859, 860, 861, 862, 863, 864, 865, 866, 867, 868, 869, 870, 871, 872, 873, 874, 875, 876, 877, 878, 879, 880, 881, 882, 883, 884, 885, 886, 887, 888, 889, 890, 891, 892, 893, 894, 895], size=128
Cluster 5: [0, 1, 2, 3, 4, 5, 6, 7, 8, 9, 10, 11, 12, 13, 14, 15, 16, 17, 18, 19, 20, 21, 22, 23, 24, 25, 26, 27, 28, 29, 30, 31, 32, 33, 34, 35, 36, 37, 38, 39, 40, 41, 42, 43, 44, 45, 46, 47, 48, 49, 50, 51, 52, 53, 54, 55, 56, 57, 58, 59, 60, 61, 62, 63, 64, 65, 66, 67, 68, 69, 70, 71, 72, 73, 74, 75, 76, 77, 78, 79, 80, 81, 82, 83, 84, 85, 86, 87, 88, 89, 90, 91, 92, 93, 94, 95, 96, 97, 98, 99, 100, 101, 102, 103, 104, 105, 106, 107, 108, 109, 110, 111, 112, 113, 114, 115, 116, 117, 118, 119, 120, 121, 122, 123, 124, 125, 126, 127], size=128
Cluster 6: [256, 257, 258, 259, 260, 261, 262, 263, 264, 265, 266, 267, 268, 269, 270, 271, 272, 273, 274, 275, 276, 277, 278, 279, 280, 281, 282, 283, 284, 285, 286, 287, 288, 289, 290, 291, 292, 293, 294, 295, 296, 297, 298, 299, 300, 301, 302, 303, 304, 305, 306, 307, 308, 309, 310, 311, 312, 313, 314, 315, 316, 317, 318, 319, 320, 321, 322, 323, 324, 325, 326, 327, 328, 329, 330, 331, 332, 333, 334, 335, 336, 337, 338, 339, 340, 341, 342, 343, 344, 345, 346, 347, 348, 349, 350, 351, 352, 353, 354, 355, 356, 357, 358, 359, 360, 361, 362, 363, 364, 365, 366, 367, 368, 369, 370, 371, 372, 373, 374, 375, 376, 377, 378, 379, 380, 381, 382, 383], size=128
Cluster 7: [384, 385, 386, 387, 388, 389, 390, 391, 392, 393, 394, 395, 396, 397, 398, 399, 400, 401, 402, 403, 404, 405, 406, 407, 408, 409, 410, 411, 412, 413, 414, 415, 416, 417, 418, 419, 420, 421, 422, 423, 424, 425, 426, 427, 428, 429, 430, 431, 432, 433, 434, 435, 436, 437, 438, 439, 440, 441, 442, 443, 444, 445, 446, 447, 448, 449, 450, 451, 452, 453, 454, 455, 456, 457, 458, 459, 460, 461, 462, 463, 464, 465, 466, 467, 468, 469, 470, 471, 472, 473, 474, 475, 476, 477, 478, 479, 480, 481, 482, 483, 484, 485, 486, 487, 488, 489, 490, 491, 492, 493, 494, 495, 496, 497, 498, 499, 500, 501, 502, 503, 504, 505, 506, 507, 508, 509, 510, 511], size=128

 Cluster GPU Binary 
------------------------
Cluster 0: [512, 513, 514, 515, 516, 517, 518, 519, 520, 521, 522, 523, 524, 525, 526, 527, 528, 529, 530, 531, 532, 533, 534, 535, 536, 537, 538, 539, 540, 541, 542, 543, 544, 545, 546, 547, 548, 549, 550, 551, 552, 553, 554, 555, 556, 557, 558, 559, 560, 561, 562, 563, 564, 565, 566, 567, 568, 569, 570, 571, 572, 573, 574, 575, 576, 577, 578, 579, 580, 581, 582, 583, 584, 585, 586, 587, 588, 589, 590, 591, 592, 593, 594, 595, 596, 597, 598, 599, 600, 601, 602, 603, 604, 605, 606, 607, 608, 609, 610, 611, 612, 613, 614, 615, 616, 617, 618, 619, 620, 621, 622, 623, 624, 625, 626, 627, 628, 629, 630, 631, 632, 633, 634, 635, 636, 637, 638, 639], size=128
Cluster 1: [896, 897, 898, 899, 900, 901, 902, 903, 904, 905, 906, 907, 908, 909, 910, 911, 912, 913, 914, 915, 916, 917, 918, 919, 920, 921, 922, 923, 924, 925, 926, 927, 928, 929, 930, 931, 932, 933, 934, 935, 936, 937, 938, 939, 940, 941, 942, 943, 944, 945, 946, 947, 948, 949, 950, 951, 952, 953, 954, 955, 956, 957, 958, 959, 960, 961, 962, 963, 964, 965, 966, 967, 968, 969, 970, 971, 972, 973, 974, 975, 976, 977, 978, 979, 980, 981, 982, 983, 984, 985, 986, 987, 988, 989, 990, 991, 992, 993, 994, 995, 996, 997, 998, 999, 1000, 1001, 1002, 1003, 1004, 1005, 1006, 1007, 1008, 1009, 1010, 1011, 1012, 1013, 1014, 1015, 1016, 1017, 1018, 1019, 1020, 1021, 1022, 1023], size=128
Cluster 2: [256, 257, 258, 259, 260, 261, 262, 263, 264, 265, 266, 267, 268, 269, 270, 271, 272, 273, 274, 275, 276, 277, 278, 279, 280, 281, 282, 283, 284, 285, 286, 287, 288, 289, 290, 291, 292, 293, 294, 295, 296, 297, 298, 299, 300, 301, 302, 303, 304, 305, 306, 307, 308, 309, 310, 311, 312, 313, 314, 315, 316, 317, 318, 319, 320, 321, 322, 323, 324, 325, 326, 327, 328, 329, 330, 331, 332, 333, 334, 335, 336, 337, 338, 339, 340, 341, 342, 343, 344, 345, 346, 347, 348, 349, 350, 351, 352, 353, 354, 355, 356, 357, 358, 359, 360, 361, 362, 363, 364, 365, 366, 367, 368, 369, 370, 371, 372, 373, 374, 375, 376, 377, 378, 379, 380, 381, 382, 383], size=128
Cluster 3: [768, 769, 770, 771, 772, 773, 774, 775, 776, 777, 778, 779, 780, 781, 782, 783, 784, 785, 786, 787, 788, 789, 790, 791, 792, 793, 794, 795, 796, 797, 798, 799, 800, 801, 802, 803, 804, 805, 806, 807, 808, 809, 810, 811, 812, 813, 814, 815, 816, 817, 818, 819, 820, 821, 822, 823, 824, 825, 826, 827, 828, 829, 830, 831, 832, 833, 834, 835, 836, 837, 838, 839, 840, 841, 842, 843, 844, 845, 846, 847, 848, 849, 850, 851, 852, 853, 854, 855, 856, 857, 858, 859, 860, 861, 862, 863, 864, 865, 866, 867, 868, 869, 870, 871, 872, 873, 874, 875, 876, 877, 878, 879, 880, 881, 882, 883, 884, 885, 886, 887, 888, 889, 890, 891, 892, 893, 894, 895], size=128
Cluster 4: [0, 1, 2, 3, 4, 5, 6, 7, 8, 9, 10, 11, 12, 13, 14, 15, 16, 17, 18, 19, 20, 21, 22, 23, 24, 25, 26, 27, 28, 29, 30, 31, 32, 33, 34, 35, 36, 37, 38, 39, 40, 41, 42, 43, 44, 45, 46, 47, 48, 49, 50, 51, 52, 53, 54, 55, 56, 57, 58, 59, 60, 61, 62, 63, 64, 65, 66, 67, 68, 69, 70, 71, 72, 73, 74, 75, 76, 77, 78, 79, 80, 81, 82, 83, 84, 85, 86, 87, 88, 89, 90, 91, 92, 93, 94, 95, 96, 97, 98, 99, 100, 101, 102, 103, 104, 105, 106, 107, 108, 109, 110, 111, 112, 113, 114, 115, 116, 117, 118, 119, 120, 121, 122, 123, 124, 125, 126, 127, 640, 641, 642, 643, 644, 645, 646, 647, 648, 649, 650, 651, 652, 653, 654, 655, 656, 657, 658, 659, 660, 661, 662, 663, 664, 665, 666, 667, 668, 669, 670, 671, 672, 673, 674, 675, 676, 677, 678, 679, 680, 681, 682, 683, 684, 685, 686, 687, 688, 689, 690, 691, 692, 693, 694, 695, 696, 697, 698, 699, 700, 701, 702, 703, 704, 705, 706, 707, 708, 709, 710, 711, 712, 713, 714, 715, 716, 717, 718, 719, 720, 721, 722, 723, 724, 725, 726, 727, 728, 729, 730, 731, 732, 733, 734, 735, 736, 737, 738, 739, 740, 741, 742, 743, 744, 745, 746, 747, 748, 749, 750, 751, 752, 753, 754, 755, 756, 757, 758, 759, 760, 761, 762, 763, 764, 765, 766, 767], size=256
Cluster 5: [128, 129, 130, 131, 132, 133, 134, 135, 136, 137, 138, 139, 140, 141, 142, 143, 144, 145, 146, 147, 148, 149, 150, 151, 152, 153, 154, 155, 156, 157, 158, 159, 160, 161, 162, 163, 164, 165, 166, 167, 168, 169, 170, 171, 172, 173, 174, 175, 176, 177, 178, 179, 180, 181, 182, 183, 184, 185, 186, 187, 188, 189, 190, 191, 192, 193, 194, 195, 196, 197, 198, 199, 200, 201, 202, 203, 204, 205, 206, 207, 208, 209, 210, 211, 212, 213, 214, 215, 216, 217, 218, 219, 220, 221, 222, 223, 224, 225, 226, 227, 228, 229, 230, 231, 232, 233, 234, 235, 236, 237, 238, 239, 240, 241, 242, 243, 244, 245, 246, 247, 248, 249, 250, 251, 252, 253, 254, 255], size=128
Cluster 6: [384, 385, 387, 388, 390, 391, 394, 395, 396, 397, 398, 400, 401, 403, 404, 405, 406, 407, 409, 410, 413, 418, 419, 420, 421, 423, 425, 427, 428, 429, 430, 434, 440, 441, 442, 443, 444, 446, 447, 448, 450, 451, 453, 454, 460, 461, 464, 466, 467, 471, 472, 473, 474, 475, 478, 479, 480, 483, 484, 486, 490, 495, 498, 499, 500, 501, 504, 506, 507, 509], size=70
Cluster 7: [386, 389, 392, 393, 399, 402, 408, 411, 412, 414, 415, 416, 417, 422, 424, 426, 431, 432, 433, 435, 436, 437, 438, 439, 445, 449, 452, 455, 456, 457, 458, 459, 462, 463, 465, 468, 469, 470, 476, 477, 481, 482, 485, 487, 488, 489, 491, 492, 493, 494, 496, 497, 502, 503, 505, 508, 510, 511], size=58

Balanced Cluster Binary GPU 
------------------------------
Cluster 0: [512, 513, 514, 515, 516, 517, 518, 519, 520, 521, 522, 523, 524, 525, 526, 527, 528, 529, 530, 531, 532, 533, 534, 535, 536, 537, 538, 539, 540, 541, 542, 543, 544, 545, 546, 547, 548, 549, 550, 551, 552, 553, 554, 555, 556, 557, 558, 559, 560, 561, 562, 563, 564, 565, 566, 567, 568, 569, 570, 571, 572, 573, 574, 575, 576, 577, 578, 579, 580, 581, 582, 583, 584, 585, 586, 587, 588, 589, 590, 591, 592, 593, 594, 595, 596, 597, 598, 599, 600, 601, 602, 603, 604, 605, 606, 607, 608, 609, 610, 611, 612, 613, 614, 615, 616, 617, 618, 619, 620, 621, 622, 623, 624, 625, 626, 627, 628, 629, 630, 631, 632, 633, 634, 635, 636, 637, 638, 639], size=128
Cluster 1: [896, 897, 898, 899, 900, 901, 902, 903, 904, 905, 906, 907, 908, 909, 910, 911, 912, 913, 914, 915, 916, 917, 918, 919, 920, 921, 922, 923, 924, 925, 926, 927, 928, 929, 930, 931, 932, 933, 934, 935, 936, 937, 938, 939, 940, 941, 942, 943, 944, 945, 946, 947, 948, 949, 950, 951, 952, 953, 954, 955, 956, 957, 958, 959, 960, 961, 962, 963, 964, 965, 966, 967, 968, 969, 970, 971, 972, 973, 974, 975, 976, 977, 978, 979, 980, 981, 982, 983, 984, 985, 986, 987, 988, 989, 990, 991, 992, 993, 994, 995, 996, 997, 998, 999, 1000, 1001, 1002, 1003, 1004, 1005, 1006, 1007, 1008, 1009, 1010, 1011, 1012, 1013, 1014, 1015, 1016, 1017, 1018, 1019, 1020, 1021, 1022, 1023], size=128
Cluster 2: [256, 257, 258, 259, 260, 261, 262, 263, 264, 265, 266, 267, 268, 269, 270, 271, 272, 273, 274, 275, 276, 277, 278, 279, 280, 281, 282, 283, 284, 285, 286, 287, 288, 289, 290, 291, 292, 293, 294, 295, 296, 297, 298, 299, 300, 301, 302, 303, 304, 305, 306, 307, 308, 309, 310, 311, 312, 313, 314, 315, 316, 317, 318, 319, 320, 321, 322, 323, 324, 325, 326, 327, 328, 329, 330, 331, 332, 333, 334, 335, 336, 337, 338, 339, 340, 341, 342, 343, 344, 345, 346, 347, 348, 349, 350, 351, 352, 353, 354, 355, 356, 357, 358, 359, 360, 361, 362, 363, 364, 365, 366, 367, 368, 369, 370, 371, 372, 373, 374, 375, 376, 377, 378, 379, 380, 381, 382, 383], size=128
Cluster 3: [768, 769, 770, 771, 772, 773, 774, 775, 776, 777, 778, 779, 780, 781, 782, 783, 784, 785, 786, 787, 788, 789, 790, 791, 792, 793, 794, 795, 796, 797, 798, 799, 800, 801, 802, 803, 804, 805, 806, 807, 808, 809, 810, 811, 812, 813, 814, 815, 816, 817, 818, 819, 820, 821, 822, 823, 824, 825, 826, 827, 828, 829, 830, 831, 832, 833, 834, 835, 836, 837, 838, 839, 840, 841, 842, 843, 844, 845, 846, 847, 848, 849, 850, 851, 852, 853, 854, 855, 856, 857, 858, 859, 860, 861, 862, 863, 864, 865, 866, 867, 868, 869, 870, 871, 872, 873, 874, 875, 876, 877, 878, 879, 880, 881, 882, 883, 884, 885, 886, 887, 888, 889, 890, 891, 892, 893, 894, 895], size=128
Cluster 4: [0, 2, 3, 5, 6, 7, 9, 10, 11, 12, 18, 23, 24, 25, 28, 29, 30, 31, 33, 39, 41, 43, 44, 49, 51, 54, 55, 56, 59, 60, 61, 63, 65, 66, 67, 69, 70, 72, 73, 74, 76, 77, 78, 79, 81, 82, 83, 84, 86, 88, 89, 90, 92, 94, 96, 97, 100, 101, 104, 107, 108, 109, 110, 113, 114, 118, 120, 125, 643, 644, 649, 652, 653, 655, 656, 657, 660, 662, 664, 666, 667, 668, 669, 670, 673, 675, 677, 679, 680, 682, 685, 687, 688, 689, 693, 694, 695, 696, 697, 704, 706, 707, 711, 712, 713, 714, 715, 716, 718, 720, 722, 728, 731, 732, 734, 739, 740, 745, 746, 749, 750, 752, 755, 758, 759, 760, 765, 767], size=128
Cluster 5: [1, 4, 8, 13, 14, 15, 16, 17, 19, 20, 21, 22, 26, 27, 32, 34, 35, 36, 37, 38, 40, 42, 45, 46, 47, 48, 50, 52, 53, 57, 58, 62, 64, 68, 71, 75, 80, 85, 87, 91, 93, 95, 98, 99, 102, 103, 105, 106, 111, 112, 115, 116, 117, 119, 121, 122, 123, 124, 126, 127, 640, 641, 642, 645, 646, 647, 648, 650, 651, 654, 658, 659, 661, 663, 665, 671, 672, 674, 676, 678, 681, 683, 684, 686, 690, 691, 692, 698, 699, 700, 701, 702, 703, 705, 708, 709, 710, 717, 719, 721, 723, 724, 725, 726, 727, 729, 730, 733, 735, 736, 737, 738, 741, 742, 743, 744, 747, 748, 751, 753, 754, 756, 757, 761, 762, 763, 764, 766], size=128
Cluster 6: [128, 129, 130, 131, 132, 133, 134, 135, 136, 137, 138, 139, 140, 141, 142, 143, 144, 145, 146, 147, 148, 149, 150, 151, 152, 153, 154, 155, 156, 157, 158, 159, 160, 161, 162, 163, 164, 165, 166, 167, 168, 169, 170, 171, 172, 173, 174, 175, 176, 177, 178, 179, 180, 181, 182, 183, 184, 185, 186, 187, 188, 189, 190, 191, 192, 193, 194, 195, 196, 197, 198, 199, 200, 201, 202, 203, 204, 205, 206, 207, 208, 209, 210, 211, 212, 213, 214, 215, 216, 217, 218, 219, 220, 221, 222, 223, 224, 225, 226, 227, 228, 229, 230, 231, 232, 233, 234, 235, 236, 237, 238, 239, 240, 241, 242, 243, 244, 245, 246, 247, 248, 249, 250, 251, 252, 253, 254, 255], size=128
Cluster 7: [384, 385, 386, 387, 388, 389, 390, 391, 392, 393, 394, 395, 396, 397, 398, 399, 400, 401, 402, 403, 404, 405, 406, 407, 408, 409, 410, 411, 412, 413, 414, 415, 416, 417, 418, 419, 420, 421, 422, 423, 424, 425, 426, 427, 428, 429, 430, 431, 432, 433, 434, 435, 436, 437, 438, 439, 440, 441, 442, 443, 444, 445, 446, 447, 448, 449, 450, 451, 452, 453, 454, 455, 456, 457, 458, 459, 460, 461, 462, 463, 464, 465, 466, 467, 468, 469, 470, 471, 472, 473, 474, 475, 476, 477, 478, 479, 480, 481, 482, 483, 484, 485, 486, 487, 488, 489, 490, 491, 492, 493, 494, 495, 496, 497, 498, 499, 500, 501, 502, 503, 504, 505, 506, 507, 508, 509, 510, 511], size=128

========================================================================
PERMUTED LABELS
========================================================================
Ground truth:
[4 2 3 ... 6 3 0]

Direct GMC:
[0 1 2 ... 6 2 3]

Original Binary:
[0 6 7 ... 4 7 5]

Balanced Binary:
[0 6 7 ... 4 7 5]

========================================================================
TREE STRUCTURE CPU
========================================================================
node= 0 | level=0 | parent=None | left=   1 | right=   2 | size=1024 | indici originali=[0, 1, 2, 3, 4, 5, 6, 7, 8, 9, 10, 11, 12, 13, 14, 15, 16, 17, 18, 19, 20, 21, 22, 23, 24, 25, 26, 27, 28, 29, 30, 31, 32, 33, 34, 35, 36, 37, 38, 39, 40, 41, 42, 43, 44, 45, 46, 47, 48, 49, 50, 51, 52, 53, 54, 55, 56, 57, 58, 59, 60, 61, 62, 63, 64, 65, 66, 67, 68, 69, 70, 71, 72, 73, 74, 75, 76, 77, 78, 79, 80, 81, 82, 83, 84, 85, 86, 87, 88, 89, 90, 91, 92, 93, 94, 95, 96, 97, 98, 99, 100, 101, 102, 103, 104, 105, 106, 107, 108, 109, 110, 111, 112, 113, 114, 115, 116, 117, 118, 119, 120, 121, 122, 123, 124, 125, 126, 127, 128, 129, 130, 131, 132, 133, 134, 135, 136, 137, 138, 139, 140, 141, 142, 143, 144, 145, 146, 147, 148, 149, 150, 151, 152, 153, 154, 155, 156, 157, 158, 159, 160, 161, 162, 163, 164, 165, 166, 167, 168, 169, 170, 171, 172, 173, 174, 175, 176, 177, 178, 179, 180, 181, 182, 183, 184, 185, 186, 187, 188, 189, 190, 191, 192, 193, 194, 195, 196, 197, 198, 199, 200, 201, 202, 203, 204, 205, 206, 207, 208, 209, 210, 211, 212, 213, 214, 215, 216, 217, 218, 219, 220, 221, 222, 223, 224, 225, 226, 227, 228, 229, 230, 231, 232, 233, 234, 235, 236, 237, 238, 239, 240, 241, 242, 243, 244, 245, 246, 247, 248, 249, 250, 251, 252, 253, 254, 255, 256, 257, 258, 259, 260, 261, 262, 263, 264, 265, 266, 267, 268, 269, 270, 271, 272, 273, 274, 275, 276, 277, 278, 279, 280, 281, 282, 283, 284, 285, 286, 287, 288, 289, 290, 291, 292, 293, 294, 295, 296, 297, 298, 299, 300, 301, 302, 303, 304, 305, 306, 307, 308, 309, 310, 311, 312, 313, 314, 315, 316, 317, 318, 319, 320, 321, 322, 323, 324, 325, 326, 327, 328, 329, 330, 331, 332, 333, 334, 335, 336, 337, 338, 339, 340, 341, 342, 343, 344, 345, 346, 347, 348, 349, 350, 351, 352, 353, 354, 355, 356, 357, 358, 359, 360, 361, 362, 363, 364, 365, 366, 367, 368, 369, 370, 371, 372, 373, 374, 375, 376, 377, 378, 379, 380, 381, 382, 383, 384, 385, 386, 387, 388, 389, 390, 391, 392, 393, 394, 395, 396, 397, 398, 399, 400, 401, 402, 403, 404, 405, 406, 407, 408, 409, 410, 411, 412, 413, 414, 415, 416, 417, 418, 419, 420, 421, 422, 423, 424, 425, 426, 427, 428, 429, 430, 431, 432, 433, 434, 435, 436, 437, 438, 439, 440, 441, 442, 443, 444, 445, 446, 447, 448, 449, 450, 451, 452, 453, 454, 455, 456, 457, 458, 459, 460, 461, 462, 463, 464, 465, 466, 467, 468, 469, 470, 471, 472, 473, 474, 475, 476, 477, 478, 479, 480, 481, 482, 483, 484, 485, 486, 487, 488, 489, 490, 491, 492, 493, 494, 495, 496, 497, 498, 499, 500, 501, 502, 503, 504, 505, 506, 507, 508, 509, 510, 511, 512, 513, 514, 515, 516, 517, 518, 519, 520, 521, 522, 523, 524, 525, 526, 527, 528, 529, 530, 531, 532, 533, 534, 535, 536, 537, 538, 539, 540, 541, 542, 543, 544, 545, 546, 547, 548, 549, 550, 551, 552, 553, 554, 555, 556, 557, 558, 559, 560, 561, 562, 563, 564, 565, 566, 567, 568, 569, 570, 571, 572, 573, 574, 575, 576, 577, 578, 579, 580, 581, 582, 583, 584, 585, 586, 587, 588, 589, 590, 591, 592, 593, 594, 595, 596, 597, 598, 599, 600, 601, 602, 603, 604, 605, 606, 607, 608, 609, 610, 611, 612, 613, 614, 615, 616, 617, 618, 619, 620, 621, 622, 623, 624, 625, 626, 627, 628, 629, 630, 631, 632, 633, 634, 635, 636, 637, 638, 639, 640, 641, 642, 643, 644, 645, 646, 647, 648, 649, 650, 651, 652, 653, 654, 655, 656, 657, 658, 659, 660, 661, 662, 663, 664, 665, 666, 667, 668, 669, 670, 671, 672, 673, 674, 675, 676, 677, 678, 679, 680, 681, 682, 683, 684, 685, 686, 687, 688, 689, 690, 691, 692, 693, 694, 695, 696, 697, 698, 699, 700, 701, 702, 703, 704, 705, 706, 707, 708, 709, 710, 711, 712, 713, 714, 715, 716, 717, 718, 719, 720, 721, 722, 723, 724, 725, 726, 727, 728, 729, 730, 731, 732, 733, 734, 735, 736, 737, 738, 739, 740, 741, 742, 743, 744, 745, 746, 747, 748, 749, 750, 751, 752, 753, 754, 755, 756, 757, 758, 759, 760, 761, 762, 763, 764, 765, 766, 767, 768, 769, 770, 771, 772, 773, 774, 775, 776, 777, 778, 779, 780, 781, 782, 783, 784, 785, 786, 787, 788, 789, 790, 791, 792, 793, 794, 795, 796, 797, 798, 799, 800, 801, 802, 803, 804, 805, 806, 807, 808, 809, 810, 811, 812, 813, 814, 815, 816, 817, 818, 819, 820, 821, 822, 823, 824, 825, 826, 827, 828, 829, 830, 831, 832, 833, 834, 835, 836, 837, 838, 839, 840, 841, 842, 843, 844, 845, 846, 847, 848, 849, 850, 851, 852, 853, 854, 855, 856, 857, 858, 859, 860, 861, 862, 863, 864, 865, 866, 867, 868, 869, 870, 871, 872, 873, 874, 875, 876, 877, 878, 879, 880, 881, 882, 883, 884, 885, 886, 887, 888, 889, 890, 891, 892, 893, 894, 895, 896, 897, 898, 899, 900, 901, 902, 903, 904, 905, 906, 907, 908, 909, 910, 911, 912, 913, 914, 915, 916, 917, 918, 919, 920, 921, 922, 923, 924, 925, 926, 927, 928, 929, 930, 931, 932, 933, 934, 935, 936, 937, 938, 939, 940, 941, 942, 943, 944, 945, 946, 947, 948, 949, 950, 951, 952, 953, 954, 955, 956, 957, 958, 959, 960, 961, 962, 963, 964, 965, 966, 967, 968, 969, 970, 971, 972, 973, 974, 975, 976, 977, 978, 979, 980, 981, 982, 983, 984, 985, 986, 987, 988, 989, 990, 991, 992, 993, 994, 995, 996, 997, 998, 999, 1000, 1001, 1002, 1003, 1004, 1005, 1006, 1007, 1008, 1009, 1010, 1011, 1012, 1013, 1014, 1015, 1016, 1017, 1018, 1019, 1020, 1021, 1022, 1023]
node= 1 | level=1 | parent=   0 | left=   3 | right=   4 | size=896 | indici originali=[0, 1, 2, 3, 4, 5, 6, 7, 8, 9, 10, 11, 12, 13, 14, 15, 16, 17, 18, 19, 20, 21, 22, 23, 24, 25, 26, 27, 28, 29, 30, 31, 32, 33, 34, 35, 36, 37, 38, 39, 40, 41, 42, 43, 44, 45, 46, 47, 48, 49, 50, 51, 52, 53, 54, 55, 56, 57, 58, 59, 60, 61, 62, 63, 64, 65, 66, 67, 68, 69, 70, 71, 72, 73, 74, 75, 76, 77, 78, 79, 80, 81, 82, 83, 84, 85, 86, 87, 88, 89, 90, 91, 92, 93, 94, 95, 96, 97, 98, 99, 100, 101, 102, 103, 104, 105, 106, 107, 108, 109, 110, 111, 112, 113, 114, 115, 116, 117, 118, 119, 120, 121, 122, 123, 124, 125, 126, 127, 128, 129, 130, 131, 132, 133, 134, 135, 136, 137, 138, 139, 140, 141, 142, 143, 144, 145, 146, 147, 148, 149, 150, 151, 152, 153, 154, 155, 156, 157, 158, 159, 160, 161, 162, 163, 164, 165, 166, 167, 168, 169, 170, 171, 172, 173, 174, 175, 176, 177, 178, 179, 180, 181, 182, 183, 184, 185, 186, 187, 188, 189, 190, 191, 192, 193, 194, 195, 196, 197, 198, 199, 200, 201, 202, 203, 204, 205, 206, 207, 208, 209, 210, 211, 212, 213, 214, 215, 216, 217, 218, 219, 220, 221, 222, 223, 224, 225, 226, 227, 228, 229, 230, 231, 232, 233, 234, 235, 236, 237, 238, 239, 240, 241, 242, 243, 244, 245, 246, 247, 248, 249, 250, 251, 252, 253, 254, 255, 256, 257, 258, 259, 260, 261, 262, 263, 264, 265, 266, 267, 268, 269, 270, 271, 272, 273, 274, 275, 276, 277, 278, 279, 280, 281, 282, 283, 284, 285, 286, 287, 288, 289, 290, 291, 292, 293, 294, 295, 296, 297, 298, 299, 300, 301, 302, 303, 304, 305, 306, 307, 308, 309, 310, 311, 312, 313, 314, 315, 316, 317, 318, 319, 320, 321, 322, 323, 324, 325, 326, 327, 328, 329, 330, 331, 332, 333, 334, 335, 336, 337, 338, 339, 340, 341, 342, 343, 344, 345, 346, 347, 348, 349, 350, 351, 352, 353, 354, 355, 356, 357, 358, 359, 360, 361, 362, 363, 364, 365, 366, 367, 368, 369, 370, 371, 372, 373, 374, 375, 376, 377, 378, 379, 380, 381, 382, 383, 512, 513, 514, 515, 516, 517, 518, 519, 520, 521, 522, 523, 524, 525, 526, 527, 528, 529, 530, 531, 532, 533, 534, 535, 536, 537, 538, 539, 540, 541, 542, 543, 544, 545, 546, 547, 548, 549, 550, 551, 552, 553, 554, 555, 556, 557, 558, 559, 560, 561, 562, 563, 564, 565, 566, 567, 568, 569, 570, 571, 572, 573, 574, 575, 576, 577, 578, 579, 580, 581, 582, 583, 584, 585, 586, 587, 588, 589, 590, 591, 592, 593, 594, 595, 596, 597, 598, 599, 600, 601, 602, 603, 604, 605, 606, 607, 608, 609, 610, 611, 612, 613, 614, 615, 616, 617, 618, 619, 620, 621, 622, 623, 624, 625, 626, 627, 628, 629, 630, 631, 632, 633, 634, 635, 636, 637, 638, 639, 640, 641, 642, 643, 644, 645, 646, 647, 648, 649, 650, 651, 652, 653, 654, 655, 656, 657, 658, 659, 660, 661, 662, 663, 664, 665, 666, 667, 668, 669, 670, 671, 672, 673, 674, 675, 676, 677, 678, 679, 680, 681, 682, 683, 684, 685, 686, 687, 688, 689, 690, 691, 692, 693, 694, 695, 696, 697, 698, 699, 700, 701, 702, 703, 704, 705, 706, 707, 708, 709, 710, 711, 712, 713, 714, 715, 716, 717, 718, 719, 720, 721, 722, 723, 724, 725, 726, 727, 728, 729, 730, 731, 732, 733, 734, 735, 736, 737, 738, 739, 740, 741, 742, 743, 744, 745, 746, 747, 748, 749, 750, 751, 752, 753, 754, 755, 756, 757, 758, 759, 760, 761, 762, 763, 764, 765, 766, 767, 768, 769, 770, 771, 772, 773, 774, 775, 776, 777, 778, 779, 780, 781, 782, 783, 784, 785, 786, 787, 788, 789, 790, 791, 792, 793, 794, 795, 796, 797, 798, 799, 800, 801, 802, 803, 804, 805, 806, 807, 808, 809, 810, 811, 812, 813, 814, 815, 816, 817, 818, 819, 820, 821, 822, 823, 824, 825, 826, 827, 828, 829, 830, 831, 832, 833, 834, 835, 836, 837, 838, 839, 840, 841, 842, 843, 844, 845, 846, 847, 848, 849, 850, 851, 852, 853, 854, 855, 856, 857, 858, 859, 860, 861, 862, 863, 864, 865, 866, 867, 868, 869, 870, 871, 872, 873, 874, 875, 876, 877, 878, 879, 880, 881, 882, 883, 884, 885, 886, 887, 888, 889, 890, 891, 892, 893, 894, 895, 896, 897, 898, 899, 900, 901, 902, 903, 904, 905, 906, 907, 908, 909, 910, 911, 912, 913, 914, 915, 916, 917, 918, 919, 920, 921, 922, 923, 924, 925, 926, 927, 928, 929, 930, 931, 932, 933, 934, 935, 936, 937, 938, 939, 940, 941, 942, 943, 944, 945, 946, 947, 948, 949, 950, 951, 952, 953, 954, 955, 956, 957, 958, 959, 960, 961, 962, 963, 964, 965, 966, 967, 968, 969, 970, 971, 972, 973, 974, 975, 976, 977, 978, 979, 980, 981, 982, 983, 984, 985, 986, 987, 988, 989, 990, 991, 992, 993, 994, 995, 996, 997, 998, 999, 1000, 1001, 1002, 1003, 1004, 1005, 1006, 1007, 1008, 1009, 1010, 1011, 1012, 1013, 1014, 1015, 1016, 1017, 1018, 1019, 1020, 1021, 1022, 1023]
node= 2 | level=1 | parent=   0 | left=None | right=None | size=128 | indici originali=[384, 385, 386, 387, 388, 389, 390, 391, 392, 393, 394, 395, 396, 397, 398, 399, 400, 401, 402, 403, 404, 405, 406, 407, 408, 409, 410, 411, 412, 413, 414, 415, 416, 417, 418, 419, 420, 421, 422, 423, 424, 425, 426, 427, 428, 429, 430, 431, 432, 433, 434, 435, 436, 437, 438, 439, 440, 441, 442, 443, 444, 445, 446, 447, 448, 449, 450, 451, 452, 453, 454, 455, 456, 457, 458, 459, 460, 461, 462, 463, 464, 465, 466, 467, 468, 469, 470, 471, 472, 473, 474, 475, 476, 477, 478, 479, 480, 481, 482, 483, 484, 485, 486, 487, 488, 489, 490, 491, 492, 493, 494, 495, 496, 497, 498, 499, 500, 501, 502, 503, 504, 505, 506, 507, 508, 509, 510, 511]
node= 3 | level=2 | parent=   1 | left=   5 | right=   6 | size=768 | indici originali=[0, 1, 2, 3, 4, 5, 6, 7, 8, 9, 10, 11, 12, 13, 14, 15, 16, 17, 18, 19, 20, 21, 22, 23, 24, 25, 26, 27, 28, 29, 30, 31, 32, 33, 34, 35, 36, 37, 38, 39, 40, 41, 42, 43, 44, 45, 46, 47, 48, 49, 50, 51, 52, 53, 54, 55, 56, 57, 58, 59, 60, 61, 62, 63, 64, 65, 66, 67, 68, 69, 70, 71, 72, 73, 74, 75, 76, 77, 78, 79, 80, 81, 82, 83, 84, 85, 86, 87, 88, 89, 90, 91, 92, 93, 94, 95, 96, 97, 98, 99, 100, 101, 102, 103, 104, 105, 106, 107, 108, 109, 110, 111, 112, 113, 114, 115, 116, 117, 118, 119, 120, 121, 122, 123, 124, 125, 126, 127, 128, 129, 130, 131, 132, 133, 134, 135, 136, 137, 138, 139, 140, 141, 142, 143, 144, 145, 146, 147, 148, 149, 150, 151, 152, 153, 154, 155, 156, 157, 158, 159, 160, 161, 162, 163, 164, 165, 166, 167, 168, 169, 170, 171, 172, 173, 174, 175, 176, 177, 178, 179, 180, 181, 182, 183, 184, 185, 186, 187, 188, 189, 190, 191, 192, 193, 194, 195, 196, 197, 198, 199, 200, 201, 202, 203, 204, 205, 206, 207, 208, 209, 210, 211, 212, 213, 214, 215, 216, 217, 218, 219, 220, 221, 222, 223, 224, 225, 226, 227, 228, 229, 230, 231, 232, 233, 234, 235, 236, 237, 238, 239, 240, 241, 242, 243, 244, 245, 246, 247, 248, 249, 250, 251, 252, 253, 254, 255, 512, 513, 514, 515, 516, 517, 518, 519, 520, 521, 522, 523, 524, 525, 526, 527, 528, 529, 530, 531, 532, 533, 534, 535, 536, 537, 538, 539, 540, 541, 542, 543, 544, 545, 546, 547, 548, 549, 550, 551, 552, 553, 554, 555, 556, 557, 558, 559, 560, 561, 562, 563, 564, 565, 566, 567, 568, 569, 570, 571, 572, 573, 574, 575, 576, 577, 578, 579, 580, 581, 582, 583, 584, 585, 586, 587, 588, 589, 590, 591, 592, 593, 594, 595, 596, 597, 598, 599, 600, 601, 602, 603, 604, 605, 606, 607, 608, 609, 610, 611, 612, 613, 614, 615, 616, 617, 618, 619, 620, 621, 622, 623, 624, 625, 626, 627, 628, 629, 630, 631, 632, 633, 634, 635, 636, 637, 638, 639, 640, 641, 642, 643, 644, 645, 646, 647, 648, 649, 650, 651, 652, 653, 654, 655, 656, 657, 658, 659, 660, 661, 662, 663, 664, 665, 666, 667, 668, 669, 670, 671, 672, 673, 674, 675, 676, 677, 678, 679, 680, 681, 682, 683, 684, 685, 686, 687, 688, 689, 690, 691, 692, 693, 694, 695, 696, 697, 698, 699, 700, 701, 702, 703, 704, 705, 706, 707, 708, 709, 710, 711, 712, 713, 714, 715, 716, 717, 718, 719, 720, 721, 722, 723, 724, 725, 726, 727, 728, 729, 730, 731, 732, 733, 734, 735, 736, 737, 738, 739, 740, 741, 742, 743, 744, 745, 746, 747, 748, 749, 750, 751, 752, 753, 754, 755, 756, 757, 758, 759, 760, 761, 762, 763, 764, 765, 766, 767, 768, 769, 770, 771, 772, 773, 774, 775, 776, 777, 778, 779, 780, 781, 782, 783, 784, 785, 786, 787, 788, 789, 790, 791, 792, 793, 794, 795, 796, 797, 798, 799, 800, 801, 802, 803, 804, 805, 806, 807, 808, 809, 810, 811, 812, 813, 814, 815, 816, 817, 818, 819, 820, 821, 822, 823, 824, 825, 826, 827, 828, 829, 830, 831, 832, 833, 834, 835, 836, 837, 838, 839, 840, 841, 842, 843, 844, 845, 846, 847, 848, 849, 850, 851, 852, 853, 854, 855, 856, 857, 858, 859, 860, 861, 862, 863, 864, 865, 866, 867, 868, 869, 870, 871, 872, 873, 874, 875, 876, 877, 878, 879, 880, 881, 882, 883, 884, 885, 886, 887, 888, 889, 890, 891, 892, 893, 894, 895, 896, 897, 898, 899, 900, 901, 902, 903, 904, 905, 906, 907, 908, 909, 910, 911, 912, 913, 914, 915, 916, 917, 918, 919, 920, 921, 922, 923, 924, 925, 926, 927, 928, 929, 930, 931, 932, 933, 934, 935, 936, 937, 938, 939, 940, 941, 942, 943, 944, 945, 946, 947, 948, 949, 950, 951, 952, 953, 954, 955, 956, 957, 958, 959, 960, 961, 962, 963, 964, 965, 966, 967, 968, 969, 970, 971, 972, 973, 974, 975, 976, 977, 978, 979, 980, 981, 982, 983, 984, 985, 986, 987, 988, 989, 990, 991, 992, 993, 994, 995, 996, 997, 998, 999, 1000, 1001, 1002, 1003, 1004, 1005, 1006, 1007, 1008, 1009, 1010, 1011, 1012, 1013, 1014, 1015, 1016, 1017, 1018, 1019, 1020, 1021, 1022, 1023]
node= 4 | level=2 | parent=   1 | left=None | right=None | size=128 | indici originali=[256, 257, 258, 259, 260, 261, 262, 263, 264, 265, 266, 267, 268, 269, 270, 271, 272, 273, 274, 275, 276, 277, 278, 279, 280, 281, 282, 283, 284, 285, 286, 287, 288, 289, 290, 291, 292, 293, 294, 295, 296, 297, 298, 299, 300, 301, 302, 303, 304, 305, 306, 307, 308, 309, 310, 311, 312, 313, 314, 315, 316, 317, 318, 319, 320, 321, 322, 323, 324, 325, 326, 327, 328, 329, 330, 331, 332, 333, 334, 335, 336, 337, 338, 339, 340, 341, 342, 343, 344, 345, 346, 347, 348, 349, 350, 351, 352, 353, 354, 355, 356, 357, 358, 359, 360, 361, 362, 363, 364, 365, 366, 367, 368, 369, 370, 371, 372, 373, 374, 375, 376, 377, 378, 379, 380, 381, 382, 383]
node= 5 | level=3 | parent=   3 | left=   7 | right=   8 | size=640 | indici originali=[128, 129, 130, 131, 132, 133, 134, 135, 136, 137, 138, 139, 140, 141, 142, 143, 144, 145, 146, 147, 148, 149, 150, 151, 152, 153, 154, 155, 156, 157, 158, 159, 160, 161, 162, 163, 164, 165, 166, 167, 168, 169, 170, 171, 172, 173, 174, 175, 176, 177, 178, 179, 180, 181, 182, 183, 184, 185, 186, 187, 188, 189, 190, 191, 192, 193, 194, 195, 196, 197, 198, 199, 200, 201, 202, 203, 204, 205, 206, 207, 208, 209, 210, 211, 212, 213, 214, 215, 216, 217, 218, 219, 220, 221, 222, 223, 224, 225, 226, 227, 228, 229, 230, 231, 232, 233, 234, 235, 236, 237, 238, 239, 240, 241, 242, 243, 244, 245, 246, 247, 248, 249, 250, 251, 252, 253, 254, 255, 512, 513, 514, 515, 516, 517, 518, 519, 520, 521, 522, 523, 524, 525, 526, 527, 528, 529, 530, 531, 532, 533, 534, 535, 536, 537, 538, 539, 540, 541, 542, 543, 544, 545, 546, 547, 548, 549, 550, 551, 552, 553, 554, 555, 556, 557, 558, 559, 560, 561, 562, 563, 564, 565, 566, 567, 568, 569, 570, 571, 572, 573, 574, 575, 576, 577, 578, 579, 580, 581, 582, 583, 584, 585, 586, 587, 588, 589, 590, 591, 592, 593, 594, 595, 596, 597, 598, 599, 600, 601, 602, 603, 604, 605, 606, 607, 608, 609, 610, 611, 612, 613, 614, 615, 616, 617, 618, 619, 620, 621, 622, 623, 624, 625, 626, 627, 628, 629, 630, 631, 632, 633, 634, 635, 636, 637, 638, 639, 640, 641, 642, 643, 644, 645, 646, 647, 648, 649, 650, 651, 652, 653, 654, 655, 656, 657, 658, 659, 660, 661, 662, 663, 664, 665, 666, 667, 668, 669, 670, 671, 672, 673, 674, 675, 676, 677, 678, 679, 680, 681, 682, 683, 684, 685, 686, 687, 688, 689, 690, 691, 692, 693, 694, 695, 696, 697, 698, 699, 700, 701, 702, 703, 704, 705, 706, 707, 708, 709, 710, 711, 712, 713, 714, 715, 716, 717, 718, 719, 720, 721, 722, 723, 724, 725, 726, 727, 728, 729, 730, 731, 732, 733, 734, 735, 736, 737, 738, 739, 740, 741, 742, 743, 744, 745, 746, 747, 748, 749, 750, 751, 752, 753, 754, 755, 756, 757, 758, 759, 760, 761, 762, 763, 764, 765, 766, 767, 768, 769, 770, 771, 772, 773, 774, 775, 776, 777, 778, 779, 780, 781, 782, 783, 784, 785, 786, 787, 788, 789, 790, 791, 792, 793, 794, 795, 796, 797, 798, 799, 800, 801, 802, 803, 804, 805, 806, 807, 808, 809, 810, 811, 812, 813, 814, 815, 816, 817, 818, 819, 820, 821, 822, 823, 824, 825, 826, 827, 828, 829, 830, 831, 832, 833, 834, 835, 836, 837, 838, 839, 840, 841, 842, 843, 844, 845, 846, 847, 848, 849, 850, 851, 852, 853, 854, 855, 856, 857, 858, 859, 860, 861, 862, 863, 864, 865, 866, 867, 868, 869, 870, 871, 872, 873, 874, 875, 876, 877, 878, 879, 880, 881, 882, 883, 884, 885, 886, 887, 888, 889, 890, 891, 892, 893, 894, 895, 896, 897, 898, 899, 900, 901, 902, 903, 904, 905, 906, 907, 908, 909, 910, 911, 912, 913, 914, 915, 916, 917, 918, 919, 920, 921, 922, 923, 924, 925, 926, 927, 928, 929, 930, 931, 932, 933, 934, 935, 936, 937, 938, 939, 940, 941, 942, 943, 944, 945, 946, 947, 948, 949, 950, 951, 952, 953, 954, 955, 956, 957, 958, 959, 960, 961, 962, 963, 964, 965, 966, 967, 968, 969, 970, 971, 972, 973, 974, 975, 976, 977, 978, 979, 980, 981, 982, 983, 984, 985, 986, 987, 988, 989, 990, 991, 992, 993, 994, 995, 996, 997, 998, 999, 1000, 1001, 1002, 1003, 1004, 1005, 1006, 1007, 1008, 1009, 1010, 1011, 1012, 1013, 1014, 1015, 1016, 1017, 1018, 1019, 1020, 1021, 1022, 1023]
node= 6 | level=3 | parent=   3 | left=None | right=None | size=128 | indici originali=[0, 1, 2, 3, 4, 5, 6, 7, 8, 9, 10, 11, 12, 13, 14, 15, 16, 17, 18, 19, 20, 21, 22, 23, 24, 25, 26, 27, 28, 29, 30, 31, 32, 33, 34, 35, 36, 37, 38, 39, 40, 41, 42, 43, 44, 45, 46, 47, 48, 49, 50, 51, 52, 53, 54, 55, 56, 57, 58, 59, 60, 61, 62, 63, 64, 65, 66, 67, 68, 69, 70, 71, 72, 73, 74, 75, 76, 77, 78, 79, 80, 81, 82, 83, 84, 85, 86, 87, 88, 89, 90, 91, 92, 93, 94, 95, 96, 97, 98, 99, 100, 101, 102, 103, 104, 105, 106, 107, 108, 109, 110, 111, 112, 113, 114, 115, 116, 117, 118, 119, 120, 121, 122, 123, 124, 125, 126, 127]
node= 7 | level=4 | parent=   5 | left=   9 | right=  10 | size=384 | indici originali=[128, 129, 130, 131, 132, 133, 134, 135, 136, 137, 138, 139, 140, 141, 142, 143, 144, 145, 146, 147, 148, 149, 150, 151, 152, 153, 154, 155, 156, 157, 158, 159, 160, 161, 162, 163, 164, 165, 166, 167, 168, 169, 170, 171, 172, 173, 174, 175, 176, 177, 178, 179, 180, 181, 182, 183, 184, 185, 186, 187, 188, 189, 190, 191, 192, 193, 194, 195, 196, 197, 198, 199, 200, 201, 202, 203, 204, 205, 206, 207, 208, 209, 210, 211, 212, 213, 214, 215, 216, 217, 218, 219, 220, 221, 222, 223, 224, 225, 226, 227, 228, 229, 230, 231, 232, 233, 234, 235, 236, 237, 238, 239, 240, 241, 242, 243, 244, 245, 246, 247, 248, 249, 250, 251, 252, 253, 254, 255, 512, 513, 514, 515, 516, 517, 518, 519, 520, 521, 522, 523, 524, 525, 526, 527, 528, 529, 530, 531, 532, 533, 534, 535, 536, 537, 538, 539, 540, 541, 542, 543, 544, 545, 546, 547, 548, 549, 550, 551, 552, 553, 554, 555, 556, 557, 558, 559, 560, 561, 562, 563, 564, 565, 566, 567, 568, 569, 570, 571, 572, 573, 574, 575, 576, 577, 578, 579, 580, 581, 582, 583, 584, 585, 586, 587, 588, 589, 590, 591, 592, 593, 594, 595, 596, 597, 598, 599, 600, 601, 602, 603, 604, 605, 606, 607, 608, 609, 610, 611, 612, 613, 614, 615, 616, 617, 618, 619, 620, 621, 622, 623, 624, 625, 626, 627, 628, 629, 630, 631, 632, 633, 634, 635, 636, 637, 638, 639, 896, 897, 898, 899, 900, 901, 902, 903, 904, 905, 906, 907, 908, 909, 910, 911, 912, 913, 914, 915, 916, 917, 918, 919, 920, 921, 922, 923, 924, 925, 926, 927, 928, 929, 930, 931, 932, 933, 934, 935, 936, 937, 938, 939, 940, 941, 942, 943, 944, 945, 946, 947, 948, 949, 950, 951, 952, 953, 954, 955, 956, 957, 958, 959, 960, 961, 962, 963, 964, 965, 966, 967, 968, 969, 970, 971, 972, 973, 974, 975, 976, 977, 978, 979, 980, 981, 982, 983, 984, 985, 986, 987, 988, 989, 990, 991, 992, 993, 994, 995, 996, 997, 998, 999, 1000, 1001, 1002, 1003, 1004, 1005, 1006, 1007, 1008, 1009, 1010, 1011, 1012, 1013, 1014, 1015, 1016, 1017, 1018, 1019, 1020, 1021, 1022, 1023]
node= 8 | level=4 | parent=   5 | left=  13 | right=  14 | size=256 | indici originali=[640, 641, 642, 643, 644, 645, 646, 647, 648, 649, 650, 651, 652, 653, 654, 655, 656, 657, 658, 659, 660, 661, 662, 663, 664, 665, 666, 667, 668, 669, 670, 671, 672, 673, 674, 675, 676, 677, 678, 679, 680, 681, 682, 683, 684, 685, 686, 687, 688, 689, 690, 691, 692, 693, 694, 695, 696, 697, 698, 699, 700, 701, 702, 703, 704, 705, 706, 707, 708, 709, 710, 711, 712, 713, 714, 715, 716, 717, 718, 719, 720, 721, 722, 723, 724, 725, 726, 727, 728, 729, 730, 731, 732, 733, 734, 735, 736, 737, 738, 739, 740, 741, 742, 743, 744, 745, 746, 747, 748, 749, 750, 751, 752, 753, 754, 755, 756, 757, 758, 759, 760, 761, 762, 763, 764, 765, 766, 767, 768, 769, 770, 771, 772, 773, 774, 775, 776, 777, 778, 779, 780, 781, 782, 783, 784, 785, 786, 787, 788, 789, 790, 791, 792, 793, 794, 795, 796, 797, 798, 799, 800, 801, 802, 803, 804, 805, 806, 807, 808, 809, 810, 811, 812, 813, 814, 815, 816, 817, 818, 819, 820, 821, 822, 823, 824, 825, 826, 827, 828, 829, 830, 831, 832, 833, 834, 835, 836, 837, 838, 839, 840, 841, 842, 843, 844, 845, 846, 847, 848, 849, 850, 851, 852, 853, 854, 855, 856, 857, 858, 859, 860, 861, 862, 863, 864, 865, 866, 867, 868, 869, 870, 871, 872, 873, 874, 875, 876, 877, 878, 879, 880, 881, 882, 883, 884, 885, 886, 887, 888, 889, 890, 891, 892, 893, 894, 895]
node= 9 | level=5 | parent=   7 | left=  11 | right=  12 | size=256 | indici originali=[512, 513, 514, 515, 516, 517, 518, 519, 520, 521, 522, 523, 524, 525, 526, 527, 528, 529, 530, 531, 532, 533, 534, 535, 536, 537, 538, 539, 540, 541, 542, 543, 544, 545, 546, 547, 548, 549, 550, 551, 552, 553, 554, 555, 556, 557, 558, 559, 560, 561, 562, 563, 564, 565, 566, 567, 568, 569, 570, 571, 572, 573, 574, 575, 576, 577, 578, 579, 580, 581, 582, 583, 584, 585, 586, 587, 588, 589, 590, 591, 592, 593, 594, 595, 596, 597, 598, 599, 600, 601, 602, 603, 604, 605, 606, 607, 608, 609, 610, 611, 612, 613, 614, 615, 616, 617, 618, 619, 620, 621, 622, 623, 624, 625, 626, 627, 628, 629, 630, 631, 632, 633, 634, 635, 636, 637, 638, 639, 896, 897, 898, 899, 900, 901, 902, 903, 904, 905, 906, 907, 908, 909, 910, 911, 912, 913, 914, 915, 916, 917, 918, 919, 920, 921, 922, 923, 924, 925, 926, 927, 928, 929, 930, 931, 932, 933, 934, 935, 936, 937, 938, 939, 940, 941, 942, 943, 944, 945, 946, 947, 948, 949, 950, 951, 952, 953, 954, 955, 956, 957, 958, 959, 960, 961, 962, 963, 964, 965, 966, 967, 968, 969, 970, 971, 972, 973, 974, 975, 976, 977, 978, 979, 980, 981, 982, 983, 984, 985, 986, 987, 988, 989, 990, 991, 992, 993, 994, 995, 996, 997, 998, 999, 1000, 1001, 1002, 1003, 1004, 1005, 1006, 1007, 1008, 1009, 1010, 1011, 1012, 1013, 1014, 1015, 1016, 1017, 1018, 1019, 1020, 1021, 1022, 1023]
node=10 | level=5 | parent=   7 | left=None | right=None | size=128 | indici originali=[128, 129, 130, 131, 132, 133, 134, 135, 136, 137, 138, 139, 140, 141, 142, 143, 144, 145, 146, 147, 148, 149, 150, 151, 152, 153, 154, 155, 156, 157, 158, 159, 160, 161, 162, 163, 164, 165, 166, 167, 168, 169, 170, 171, 172, 173, 174, 175, 176, 177, 178, 179, 180, 181, 182, 183, 184, 185, 186, 187, 188, 189, 190, 191, 192, 193, 194, 195, 196, 197, 198, 199, 200, 201, 202, 203, 204, 205, 206, 207, 208, 209, 210, 211, 212, 213, 214, 215, 216, 217, 218, 219, 220, 221, 222, 223, 224, 225, 226, 227, 228, 229, 230, 231, 232, 233, 234, 235, 236, 237, 238, 239, 240, 241, 242, 243, 244, 245, 246, 247, 248, 249, 250, 251, 252, 253, 254, 255]
node=11 | level=6 | parent=   9 | left=None | right=None | size=128 | indici originali=[512, 513, 514, 515, 516, 517, 518, 519, 520, 521, 522, 523, 524, 525, 526, 527, 528, 529, 530, 531, 532, 533, 534, 535, 536, 537, 538, 539, 540, 541, 542, 543, 544, 545, 546, 547, 548, 549, 550, 551, 552, 553, 554, 555, 556, 557, 558, 559, 560, 561, 562, 563, 564, 565, 566, 567, 568, 569, 570, 571, 572, 573, 574, 575, 576, 577, 578, 579, 580, 581, 582, 583, 584, 585, 586, 587, 588, 589, 590, 591, 592, 593, 594, 595, 596, 597, 598, 599, 600, 601, 602, 603, 604, 605, 606, 607, 608, 609, 610, 611, 612, 613, 614, 615, 616, 617, 618, 619, 620, 621, 622, 623, 624, 625, 626, 627, 628, 629, 630, 631, 632, 633, 634, 635, 636, 637, 638, 639]
node=12 | level=6 | parent=   9 | left=None | right=None | size=128 | indici originali=[896, 897, 898, 899, 900, 901, 902, 903, 904, 905, 906, 907, 908, 909, 910, 911, 912, 913, 914, 915, 916, 917, 918, 919, 920, 921, 922, 923, 924, 925, 926, 927, 928, 929, 930, 931, 932, 933, 934, 935, 936, 937, 938, 939, 940, 941, 942, 943, 944, 945, 946, 947, 948, 949, 950, 951, 952, 953, 954, 955, 956, 957, 958, 959, 960, 961, 962, 963, 964, 965, 966, 967, 968, 969, 970, 971, 972, 973, 974, 975, 976, 977, 978, 979, 980, 981, 982, 983, 984, 985, 986, 987, 988, 989, 990, 991, 992, 993, 994, 995, 996, 997, 998, 999, 1000, 1001, 1002, 1003, 1004, 1005, 1006, 1007, 1008, 1009, 1010, 1011, 1012, 1013, 1014, 1015, 1016, 1017, 1018, 1019, 1020, 1021, 1022, 1023]
node=13 | level=5 | parent=   8 | left=None | right=None | size=128 | indici originali=[640, 641, 642, 643, 644, 645, 646, 647, 648, 649, 650, 651, 652, 653, 654, 655, 656, 657, 658, 659, 660, 661, 662, 663, 664, 665, 666, 667, 668, 669, 670, 671, 672, 673, 674, 675, 676, 677, 678, 679, 680, 681, 682, 683, 684, 685, 686, 687, 688, 689, 690, 691, 692, 693, 694, 695, 696, 697, 698, 699, 700, 701, 702, 703, 704, 705, 706, 707, 708, 709, 710, 711, 712, 713, 714, 715, 716, 717, 718, 719, 720, 721, 722, 723, 724, 725, 726, 727, 728, 729, 730, 731, 732, 733, 734, 735, 736, 737, 738, 739, 740, 741, 742, 743, 744, 745, 746, 747, 748, 749, 750, 751, 752, 753, 754, 755, 756, 757, 758, 759, 760, 761, 762, 763, 764, 765, 766, 767]
node=14 | level=5 | parent=   8 | left=None | right=None | size=128 | indici originali=[768, 769, 770, 771, 772, 773, 774, 775, 776, 777, 778, 779, 780, 781, 782, 783, 784, 785, 786, 787, 788, 789, 790, 791, 792, 793, 794, 795, 796, 797, 798, 799, 800, 801, 802, 803, 804, 805, 806, 807, 808, 809, 810, 811, 812, 813, 814, 815, 816, 817, 818, 819, 820, 821, 822, 823, 824, 825, 826, 827, 828, 829, 830, 831, 832, 833, 834, 835, 836, 837, 838, 839, 840, 841, 842, 843, 844, 845, 846, 847, 848, 849, 850, 851, 852, 853, 854, 855, 856, 857, 858, 859, 860, 861, 862, 863, 864, 865, 866, 867, 868, 869, 870, 871, 872, 873, 874, 875, 876, 877, 878, 879, 880, 881, 882, 883, 884, 885, 886, 887, 888, 889, 890, 891, 892, 893, 894, 895]
End: Tue Aug 11 21:12:54 CEST 2026
