Job ID: 78253
Node: acnode03.e4red
CUDA_VISIBLE_DEVICES=0
Start: Fri Aug  7 15:09:49 CEST 2026
density: 100.0

========================================================================
MATRICE QUBO ORIGINALE
========================================================================
Shape                 : (256, 256)
Numero di variabili   : 256
Numero di cluster     : 16
Dimensione dei blocchi: 16
Matrice simmetrica    : True
Cluster ottimali      : [array([  1,   8,  17,  28,  83,  94, 121, 122, 135, 140, 173, 185, 194, 195, 233, 252]), array([  9,  19,  21,  35,  37,  46,  79,  93,  96,  99, 115, 138, 160, 199, 222, 248]), array([ 24,  44,  51,  95,  97, 110, 124, 131, 142, 154, 157, 164, 166, 170, 183, 230]), array([ 54,  59,  84, 104, 132, 146, 175, 180, 196, 206, 207, 209, 218, 220, 223, 234]), array([  2,  15,  38,  45,  47,  68,  71,  88, 109, 113, 123, 151, 153, 201, 243, 250]), array([ 36,  53,  78,  81,  90, 101, 106, 163, 167, 182, 189, 190, 193, 221, 241, 253]), array([ 18,  31,  56,  60,  66,  73,  82, 125, 130, 174, 188, 208, 238, 239, 251, 255]), array([  4,  22,  25,  58,  63,  69,  74,  76,  98, 100, 111, 118, 141, 158, 240, 246]), array([ 14,  39,  52,  57,  72,  85, 120, 134, 145, 147, 148, 176, 198, 203, 229, 236]), array([ 23,  32,  65,  70,  86, 107, 112, 114, 127, 143, 156, 159, 171, 231, 235, 237]), array([  7,  29,  61,  80,  87, 102, 117, 155, 169, 172, 181, 186, 200, 211, 217, 225]), array([  5,  10,  30,  33,  41,  43,  50,  67,  89, 128, 144, 213, 227, 228, 249, 254]), array([  3,  16,  40,  49, 108, 119, 126, 133, 150, 152, 161, 168, 178, 215, 224, 242]), array([ 11,  13,  27,  34,  48,  55,  91, 184, 187, 197, 204, 210, 212, 219, 244, 245]), array([  0,  12,  20,  42,  64,  92, 137, 139, 149, 177, 179, 191, 192, 202, 205, 216]), array([  6,  26,  62,  75,  77, 103, 105, 116, 129, 136, 162, 165, 214, 226, 232, 247])]
[GMC-CPU] iter=1 components=1 consecutive=0lambda=2eigenvalues=[-1.1740303432924068e-16, 0.15304665746400054, 0.20829379113310997, 0.21923280677893325, 0.24461731339983556, 0.24959189334889825, 0.2600796062344058, 0.26621613544864065, 0.2710134250139834, 0.27735717951095656, 0.286071368701658, 0.29795192055254827, 0.3091605876688456, 0.3221925155976359, 0.332098039067603, 0.354638237396235]
[GMC-CPU] iter=2 components=1 consecutive=1lambda=4eigenvalues=[1.991371641695039e-16, 0.0513492695337295, 0.10568661140289909, 0.12880899029569903, 0.1349900735331574, 0.13885482905126034, 0.14198347450393994, 0.15450727598588349, 0.1600210409962936, 0.17083456054445095, 0.17559583901878112, 0.18270517706187595, 0.1978419361464986, 0.23834538191262405, 0.26109716076083006, 0.2869773530973639]
[GMC-CPU] iter=3 components=2 consecutive=0lambda=8eigenvalues=[-2.1531550738376952e-16, -2.1531550738376952e-16, 0.0103513296868614, 0.025798256546817055, 0.04400470960785881, 0.0498424973120937, 0.05384899649627316, 0.06333139082835201, 0.06944678409216612, 0.07273300760904011, 0.09565988486359686, 0.10067434389738855, 0.11925629698269921, 0.1304437198762614, 0.1714077645705837, 0.19292106960683214]
[GMC-CPU] iter=4 components=6 consecutive=0lambda=16eigenvalues=[-4.7586977464973e-16, 1.558524463086431e-16, 1.558524463086431e-16, 1.558524463086431e-16, 1.558524463086431e-16, 1.558524463086431e-16, 0.0035924481662664223, 0.003938837103837259, 0.00460833352472022, 0.0074527557274144535, 0.012962239516766741, 0.018834645713474815, 0.043197842733406044, 0.06808951397145022, 0.07454001365392937, 0.12107144958432148]
[GMC-CPU] iter=5 components=13 consecutive=0lambda=32eigenvalues=[-7.815760387114621e-16, -4.458415495022342e-16, -4.458415495022342e-16, -1.1010706029300642e-16, -1.1010706029300642e-16, -1.1010706029300642e-16, 2.2562742891622137e-16, 2.2562742891622137e-16, 2.2562742891622137e-16, 2.2562742891622137e-16, 2.2562742891622137e-16, 5.613619181254491e-16, 5.613619181254491e-16, 0.01914105694340653, 0.026716393488438156, 0.062423233155671526]
[GMC-CPU] iter=6 components=14 consecutive=0lambda=64eigenvalues=[-9.13550644808667e-16, -5.7095393864499e-16, -5.7095393864499e-16, -2.283572324813131e-16, -2.283572324813131e-16, -2.283572324813131e-16, -2.283572324813131e-16, 1.1423947368236388e-16, 1.1423947368236388e-16, 1.1423947368236388e-16, 1.1423947368236388e-16, 1.1423947368236388e-16, 4.568361798460408e-16, 7.994328860097177e-16, 0.015271058470271565, 0.02267243981621324]
[GMC-CPU] iter=7 components=15 consecutive=0lambda=128eigenvalues=[-1.256187717208284e-15, -6.445486403537595e-16, -6.445486403537595e-16, -6.445486403537595e-16, -3.290956349923493e-17, -3.290956349923493e-17, -3.290956349923493e-17, -3.290956349923493e-17, -3.290956349923493e-17, -3.290956349923493e-17, -3.290956349923493e-17, 5.787295133552896e-16, 5.787295133552896e-16, 5.787295133552896e-16, 5.787295133552896e-16, 0.003902322726597814]
[GMC-CPU] iter=8 components=15 consecutive=1lambda=256eigenvalues=[-2.086029263995771e-16, -2.086029263995771e-16, -2.086029263995771e-16, -2.086029263995771e-16, -2.086029263995771e-16, -2.086029263995771e-16, -2.086029263995771e-16, -2.086029263995771e-16, 4.623520506694131e-16, 4.623520506694131e-16, 4.623520506694131e-16, 4.623520506694131e-16, 4.623520506694131e-16, 4.623520506694131e-16, 4.623520506694131e-16, 0.0007006398480068361]
[GMC-CPU] iter=9 components=16 consecutive=0lambda=256eigenvalues=[-9.454193739705677e-16, -5.823501722133414e-16, -5.823501722133414e-16, -2.1928097045611512e-16, -2.1928097045611512e-16, -2.1928097045611512e-16, -2.1928097045611512e-16, 1.437882313011112e-16, 1.437882313011112e-16, 1.437882313011112e-16, 1.437882313011112e-16, 1.437882313011112e-16, 5.068574330583376e-16, 5.068574330583376e-16, 5.068574330583376e-16, 5.068574330583376e-16]
Fine GMC diretto.
[GMC-CPU] iter=1 components=1 consecutive=0lambda=2eigenvalues=[4.324040652611175e-16, 0.22759311203172372]
[GMC-CPU] iter=2 components=1 consecutive=1lambda=4eigenvalues=[-1.9032073327223844e-16, 0.21029536878139032]
[GMC-CPU] iter=3 components=1 consecutive=1lambda=8eigenvalues=[-4.032913699682243e-16, 0.17885647455135104]
[GMC-CPU] iter=4 components=1 consecutive=1lambda=16eigenvalues=[-2.493007749424497e-16, 0.11376214677527538]
[GMC-CPU] iter=5 components=1 consecutive=1lambda=32eigenvalues=[-2.2904071313871606e-16, 0.009246951769605653]
[GMC-CPU] iter=6 components=2 consecutive=0lambda=32eigenvalues=[-2.8318554330854184e-17, 4.347057746078795e-16]
[Hierarchy-CPU] node=0 components=2 leaves=2 target=16
[GMC-CPU] iter=1 components=1 consecutive=0lambda=2eigenvalues=[-1.0692032535374038e-16, 0.2326253504248003]
[GMC-CPU] iter=2 components=1 consecutive=1lambda=4eigenvalues=[1.0232208098431167e-16, 0.21411800987283997]
[GMC-CPU] iter=3 components=1 consecutive=1lambda=8eigenvalues=[-9.162292783499399e-17, 0.1821955200333574]
[GMC-CPU] iter=4 components=1 consecutive=1lambda=16eigenvalues=[-2.462833169296539e-18, 0.13352743672378856]
[GMC-CPU] iter=5 components=1 consecutive=1lambda=32eigenvalues=[5.322262064311385e-17, 0.07363909845342367]
[GMC-CPU] iter=6 components=1 consecutive=1lambda=64eigenvalues=[2.8096728815316687e-16, 0.02291342805680765]
[GMC-CPU] iter=7 components=1 consecutive=1lambda=128eigenvalues=[1.5502170702640542e-16, 0.005752468396040426]
[GMC-CPU] iter=8 components=1 consecutive=1lambda=256eigenvalues=[-5.972940364980422e-16, 0.001775401912261455]
[GMC-CPU] iter=9 components=2 consecutive=0lambda=256eigenvalues=[-4.503255097266899e-16, 2.1737595016381454e-16]
[Hierarchy-CPU] node=1 components=2 leaves=3 target=16
[GMC-CPU] iter=1 components=1 consecutive=0lambda=2eigenvalues=[-1.8779655644342958e-16, 0.2574682304342337]
[GMC-CPU] iter=2 components=1 consecutive=1lambda=4eigenvalues=[3.6515846540124013e-16, 0.20088742319389954]
[GMC-CPU] iter=3 components=1 consecutive=1lambda=8eigenvalues=[2.2140506336933935e-16, 0.10522297263217986]
[GMC-CPU] iter=4 components=1 consecutive=1lambda=16eigenvalues=[3.270471279402435e-16, 0.037941048975774924]
[GMC-CPU] iter=5 components=1 consecutive=1lambda=32eigenvalues=[2.254523246983353e-16, 0.008523923184785344]
[GMC-CPU] iter=6 components=2 consecutive=0lambda=32eigenvalues=[-4.1595611742836504e-16, 9.61751280394618e-17]
[Hierarchy-CPU] node=4 components=2 leaves=4 target=16
[GMC-CPU] iter=1 components=1 consecutive=0lambda=2eigenvalues=[-3.589127795091373e-16, 0.21391397605565043]
[GMC-CPU] iter=2 components=1 consecutive=1lambda=4eigenvalues=[-2.1128325866648508e-16, 0.12233643566154856]
[GMC-CPU] iter=3 components=1 consecutive=1lambda=8eigenvalues=[1.3403118715542286e-16, 0.04943889108914063]
[GMC-CPU] iter=4 components=2 consecutive=0lambda=8eigenvalues=[-3.4225803952351043e-16, 1.7849999158935208e-16]
[Hierarchy-CPU] node=3 components=2 leaves=5 target=16
[GMC-CPU] iter=1 components=1 consecutive=0lambda=2eigenvalues=[2.1677148347382103e-16, 0.2725586501961661]
[GMC-CPU] iter=2 components=1 consecutive=1lambda=4eigenvalues=[-1.5814833685697026e-16, 0.2102894901720782]
[GMC-CPU] iter=3 components=1 consecutive=1lambda=8eigenvalues=[1.1200916997445503e-16, 0.11978718697775831]
[GMC-CPU] iter=4 components=1 consecutive=1lambda=16eigenvalues=[-1.0213465515088478e-16, 0.06215110808831659]
[GMC-CPU] iter=5 components=1 consecutive=1lambda=32eigenvalues=[1.3754686144849322e-16, 0.03453897697468469]
[GMC-CPU] iter=6 components=1 consecutive=1lambda=64eigenvalues=[-3.2395803394075007e-16, 0.010875583111446433]
[GMC-CPU] iter=7 components=2 consecutive=0lambda=64eigenvalues=[3.948988281098808e-16, 3.948988281098808e-16]
[Hierarchy-CPU] node=7 components=2 leaves=6 target=16
[GMC-CPU] iter=1 components=1 consecutive=0lambda=2eigenvalues=[6.727478417064606e-17, 0.2733691628727357]
[GMC-CPU] iter=2 components=1 consecutive=1lambda=4eigenvalues=[-1.0650443431895518e-16, 0.2168209508420784]
[GMC-CPU] iter=3 components=1 consecutive=1lambda=8eigenvalues=[-9.483027466961086e-17, 0.12698622081095334]
[GMC-CPU] iter=4 components=1 consecutive=1lambda=16eigenvalues=[2.279412465504919e-16, 0.060606538720359836]
[GMC-CPU] iter=5 components=1 consecutive=1lambda=32eigenvalues=[-4.032041750445936e-17, 0.03482979971728857]
[GMC-CPU] iter=6 components=1 consecutive=1lambda=64eigenvalues=[1.4924760110123185e-16, 0.012150737672314785]
[GMC-CPU] iter=7 components=2 consecutive=0lambda=64eigenvalues=[-3.7053310111091087e-16, 2.3816391772999466e-18]
[Hierarchy-CPU] node=5 components=2 leaves=7 target=16
[GMC-CPU] iter=1 components=1 consecutive=0lambda=2eigenvalues=[2.9664534448602547e-16, 0.28630841651325395]
[GMC-CPU] iter=2 components=1 consecutive=1lambda=4eigenvalues=[3.1258206703482097e-16, 0.24408227619805084]
[GMC-CPU] iter=3 components=1 consecutive=1lambda=8eigenvalues=[-1.4756478021445672e-16, 0.1896529465385811]
[GMC-CPU] iter=4 components=1 consecutive=1lambda=16eigenvalues=[1.1486954339956507e-16, 0.1265363490026919]
[GMC-CPU] iter=5 components=1 consecutive=1lambda=32eigenvalues=[3.285140350065823e-16, 0.05965647271345599]
[GMC-CPU] iter=6 components=1 consecutive=1lambda=64eigenvalues=[3.0963559962497616e-17, 0.021026423414553796]
[GMC-CPU] iter=7 components=2 consecutive=0lambda=64eigenvalues=[-1.127857517027679e-16, 2.8506663456058607e-16]
[Hierarchy-CPU] node=9 components=2 leaves=8 target=16
[GMC-CPU] iter=1 components=1 consecutive=0lambda=2eigenvalues=[-5.474787105911515e-16, 0.2650407560386413]
[GMC-CPU] iter=2 components=1 consecutive=1lambda=4eigenvalues=[-7.819413093052609e-16, 0.211059347971706]
[GMC-CPU] iter=3 components=1 consecutive=1lambda=8eigenvalues=[-1.2255734087602136e-16, 0.15363327579860253]
[GMC-CPU] iter=4 components=1 consecutive=1lambda=16eigenvalues=[6.286758447161532e-16, 0.07599406090850791]
[GMC-CPU] iter=5 components=1 consecutive=1lambda=32eigenvalues=[-4.647480048284335e-16, 0.020827578680478576]
[GMC-CPU] iter=6 components=1 consecutive=1lambda=64eigenvalues=[3.371264653805398e-16, 0.011128703031432957]
[GMC-CPU] iter=7 components=1 consecutive=1lambda=128eigenvalues=[1.4437341991926037e-16, 0.00845130411098273]
[GMC-CPU] iter=8 components=1 consecutive=1lambda=256eigenvalues=[3.6404665120550916e-16, 0.0029517238032522766]
[GMC-CPU] iter=9 components=2 consecutive=0lambda=256eigenvalues=[-3.673819604723027e-16, 2.0104198270364957e-16]
[Hierarchy-CPU] node=11 components=2 leaves=9 target=16
[GMC-CPU] iter=1 components=1 consecutive=0lambda=2eigenvalues=[-2.7791784518429687e-16, 0.28629860624011433]
[GMC-CPU] iter=2 components=1 consecutive=1lambda=4eigenvalues=[-2.597759797245389e-16, 0.2360930967312077]
[GMC-CPU] iter=3 components=1 consecutive=1lambda=8eigenvalues=[-1.602545669450185e-16, 0.14975413544319371]
[GMC-CPU] iter=4 components=1 consecutive=1lambda=16eigenvalues=[1.436700591688085e-16, 0.04844734574847781]
[GMC-CPU] iter=5 components=1 consecutive=1lambda=32eigenvalues=[1.2630133518481971e-16, 0.026138863989139977]
[GMC-CPU] iter=6 components=2 consecutive=0lambda=32eigenvalues=[-1.8502157718977301e-16, -1.8502157718977301e-16]
[Hierarchy-CPU] node=13 components=2 leaves=10 target=16
[GMC-CPU] iter=1 components=1 consecutive=0lambda=2eigenvalues=[-2.4503220226615314e-16, 0.2451633608488077]
[GMC-CPU] iter=2 components=1 consecutive=1lambda=4eigenvalues=[-3.520273939415793e-16, 0.1343130856958189]
[GMC-CPU] iter=3 components=1 consecutive=1lambda=8eigenvalues=[6.010386664137685e-16, 0.02096832935941886]
[GMC-CPU] iter=4 components=2 consecutive=0lambda=8eigenvalues=[-1.6988112443343542e-16, 3.9285273027612115e-16]
[Hierarchy-CPU] node=17 components=2 leaves=11 target=16
[GMC-CPU] iter=1 components=1 consecutive=0lambda=2eigenvalues=[8.625261199519725e-18, 0.2929002177508058]
[GMC-CPU] iter=2 components=1 consecutive=1lambda=4eigenvalues=[2.903256810816033e-16, 0.222401443971755]
[GMC-CPU] iter=3 components=1 consecutive=1lambda=8eigenvalues=[-8.372256544916501e-19, 0.11764528304946252]
[GMC-CPU] iter=4 components=2 consecutive=0lambda=8eigenvalues=[-1.0350451188033722e-16, -1.0350451188033722e-16]
[Hierarchy-CPU] node=19 components=2 leaves=12 target=16
[GMC-CPU] iter=1 components=1 consecutive=0lambda=2eigenvalues=[-4.696451590846642e-17, 0.29885927062001866]
[GMC-CPU] iter=2 components=1 consecutive=1lambda=4eigenvalues=[-2.6571230941820804e-16, 0.25168665428314835]
[GMC-CPU] iter=3 components=1 consecutive=1lambda=8eigenvalues=[-2.62710888949546e-16, 0.19201676031287945]
[GMC-CPU] iter=4 components=1 consecutive=1lambda=16eigenvalues=[-2.593683414228567e-16, 0.13391169294184482]
[GMC-CPU] iter=5 components=1 consecutive=1lambda=32eigenvalues=[8.481051185487095e-17, 0.0769722169525145]
[GMC-CPU] iter=6 components=1 consecutive=1lambda=64eigenvalues=[7.989348285190884e-17, 0.02823722038620777]
[GMC-CPU] iter=7 components=1 consecutive=1lambda=128eigenvalues=[1.3157957311962508e-16, 0.007248801554191597]
[GMC-CPU] iter=8 components=2 consecutive=0lambda=128eigenvalues=[-1.7988802567928883e-16, 3.459720253371762e-16]
[Hierarchy-CPU] node=21 components=2 leaves=13 target=16
[GMC-CPU] iter=1 components=1 consecutive=0lambda=2eigenvalues=[-2.1955324358340707e-17, 0.2516266116394649]
[GMC-CPU] iter=2 components=1 consecutive=1lambda=4eigenvalues=[-2.544593207791493e-16, 0.15813085509180347]
[GMC-CPU] iter=3 components=1 consecutive=1lambda=8eigenvalues=[-1.504930676916151e-16, 0.07914462246573208]
[GMC-CPU] iter=4 components=1 consecutive=1lambda=16eigenvalues=[2.5771677844687957e-16, 0.017300235717672065]
[GMC-CPU] iter=5 components=2 consecutive=0lambda=16eigenvalues=[-4.936094664548593e-16, 5.908842470192859e-17]
[Hierarchy-CPU] node=15 components=2 leaves=14 target=16
[GMC-CPU] iter=1 components=1 consecutive=0lambda=2eigenvalues=[-1.1465230859583457e-17, 0.2724010452772566]
[GMC-CPU] iter=2 components=1 consecutive=1lambda=4eigenvalues=[4.349575764123749e-16, 0.2263052250736843]
[GMC-CPU] iter=3 components=1 consecutive=1lambda=8eigenvalues=[8.597896553435267e-16, 0.1600246899344656]
[GMC-CPU] iter=4 components=1 consecutive=1lambda=16eigenvalues=[-2.1125796189634256e-16, 0.06414609368139229]
[GMC-CPU] iter=5 components=1 consecutive=1lambda=32eigenvalues=[-8.162485903052833e-17, 0.015840289232744373]
[GMC-CPU] iter=6 components=1 consecutive=1lambda=64eigenvalues=[-3.188883553093849e-17, 8.410606974916391e-05]
[GMC-CPU] iter=7 components=2 consecutive=0lambda=64eigenvalues=[1.3229614281677432e-16, 1.3229614281677432e-16]
[Hierarchy-CPU] node=25 components=2 leaves=15 target=16
[GMC-CPU] iter=1 components=1 consecutive=0lambda=2eigenvalues=[-5.085115866186256e-16, 0.2872486154769617]
[GMC-CPU] iter=2 components=1 consecutive=1lambda=4eigenvalues=[-6.670436101795699e-17, 0.23674325349384823]
[GMC-CPU] iter=3 components=1 consecutive=1lambda=8eigenvalues=[7.184161398905622e-18, 0.16333382532568902]
[GMC-CPU] iter=4 components=1 consecutive=1lambda=16eigenvalues=[-1.4628992287376385e-17, 0.07954523989344203]
[GMC-CPU] iter=5 components=1 consecutive=1lambda=32eigenvalues=[1.5922677868628032e-16, 0.02687649019336187]
[GMC-CPU] iter=6 components=1 consecutive=1lambda=64eigenvalues=[-3.9015940224176177e-16, 0.008936197392823746]
[GMC-CPU] iter=7 components=2 consecutive=0lambda=64eigenvalues=[-9.9599837506923e-17, -9.9599837506923e-17]
[Hierarchy-CPU] node=23 components=2 leaves=16 target=16
GPU disponibile.

Esecuzione del GMC GPU in modalità parallela.
[Hierarchy-GPU] level=0 nodes=1 workers=1 sizes=[256]
[GMC-GPU] iter=1 components=1 consecutive=0 lambda=2eigenvalues=[2.78886619872781e-19, 0.2275931120316286]
[GMC-GPU] iter=2 components=1 consecutive=1 lambda=4eigenvalues=[7.482744628908762e-17, 0.21029536878147198]
[GMC-GPU] iter=3 components=1 consecutive=2 lambda=8eigenvalues=[3.0000288319356454e-17, 0.1788564745520438]
[GMC-GPU] iter=4 components=1 consecutive=3 lambda=16eigenvalues=[-1.2855021204054372e-16, 0.11376214678361964]
[GMC-GPU] iter=5 components=1 consecutive=4 lambda=32eigenvalues=[-3.6373320118946444e-17, 0.00924695174194362]
[GMC-GPU] iter=6 components=2 consecutive=0 lambda=32eigenvalues=[-1.1433598880443124e-16, 3.9300822772141573e-16]
[Hierarchy-GPU] level=0 completed leaves=2/16 time=0.286561s
[Hierarchy-GPU] level=1 nodes=2 workers=1 sizes=[254, 2]
[GMC-GPU] iter=1 components=1 consecutive=0 lambda=2eigenvalues=[-8.098824651446734e-18, 0.2326253504249389]
[GMC-GPU] iter=2 components=1 consecutive=1 lambda=4eigenvalues=[-1.9814479038590547e-17, 0.21411800987291407]
[GMC-GPU] iter=3 components=1 consecutive=2 lambda=8eigenvalues=[-1.57581000573758e-17, 0.18219552003340803]
[GMC-GPU] iter=4 components=1 consecutive=3 lambda=16eigenvalues=[-1.765977786603315e-16, 0.13352743672369546]
[GMC-GPU] iter=5 components=1 consecutive=4 lambda=32eigenvalues=[1.1175600461090525e-16, 0.07363909845336732]
[GMC-GPU] iter=6 components=1 consecutive=5 lambda=64eigenvalues=[-1.5011830741134837e-16, 0.022913428056800262]
[GMC-GPU] iter=7 components=1 consecutive=6 lambda=128eigenvalues=[-8.767776159870956e-18, 0.0057524683960556685]
[GMC-GPU] iter=8 components=1 consecutive=7 lambda=256eigenvalues=[-5.393297605272544e-17, 0.0017754019124168086]
[GMC-GPU] iter=9 components=2 consecutive=0 lambda=256eigenvalues=[-1.4682895299220535e-16, 1.4118424875210484e-15]
[Hierarchy-GPU] level=1 completed leaves=4/16 time=0.173905s
[Hierarchy-GPU] level=2 nodes=2 workers=1 sizes=[128, 126]
[GMC-GPU] iter=1 components=1 consecutive=0 lambda=2eigenvalues=[2.417144671139387e-16, 0.2574682303976475]
[GMC-GPU] iter=2 components=1 consecutive=1 lambda=4eigenvalues=[-8.892654432931208e-17, 0.2008874230510036]
[GMC-GPU] iter=3 components=1 consecutive=2 lambda=8eigenvalues=[9.72939201433337e-17, 0.10522297240061924]
[GMC-GPU] iter=4 components=1 consecutive=3 lambda=16eigenvalues=[-1.9431031669810667e-17, 0.03794104881521656]
[GMC-GPU] iter=5 components=1 consecutive=4 lambda=32eigenvalues=[-1.467551873132546e-16, 0.008523922445854627]
[GMC-GPU] iter=6 components=2 consecutive=0 lambda=32eigenvalues=[-4.04852504402855e-16, 3.6804406974639687e-16]
[GMC-GPU] iter=1 components=1 consecutive=0 lambda=2eigenvalues=[-3.067625563606499e-18, 0.21391397605551354]
[GMC-GPU] iter=2 components=1 consecutive=1 lambda=4eigenvalues=[-3.7419057035347414e-17, 0.1223364356610189]
[GMC-GPU] iter=3 components=1 consecutive=2 lambda=8eigenvalues=[5.590560293187764e-17, 0.04943889108898481]
[GMC-GPU] iter=4 components=2 consecutive=0 lambda=8eigenvalues=[-5.960058577411114e-16, 8.626783540411397e-16]
[Hierarchy-GPU] level=2 completed leaves=6/16 time=0.217303s
[Hierarchy-GPU] level=3 nodes=4 workers=1 sizes=[123, 122, 6, 3]
[GMC-GPU] iter=1 components=1 consecutive=0 lambda=2eigenvalues=[-2.780707474089568e-16, 0.27255865371340243]
[GMC-GPU] iter=2 components=1 consecutive=1 lambda=4eigenvalues=[-3.6600028859061235e-18, 0.21028941336123375]
[GMC-GPU] iter=3 components=1 consecutive=2 lambda=8eigenvalues=[2.8067659248802644e-17, 0.11978715784574503]
[GMC-GPU] iter=4 components=1 consecutive=3 lambda=16eigenvalues=[2.8976450019874416e-17, 0.062151010739382576]
[GMC-GPU] iter=5 components=1 consecutive=4 lambda=32eigenvalues=[-8.285050820787551e-17, 0.03453861796346845]
[GMC-GPU] iter=6 components=1 consecutive=5 lambda=64eigenvalues=[-1.405047448808492e-16, 0.010872605147810806]
[GMC-GPU] iter=7 components=2 consecutive=0 lambda=64eigenvalues=[5.284426033957718e-18, 6.270629379576879e-16]
[GMC-GPU] iter=1 components=1 consecutive=0 lambda=2eigenvalues=[-3.4528310599612804e-17, 0.2733691722326805]
[GMC-GPU] iter=2 components=1 consecutive=1 lambda=4eigenvalues=[-8.99961221085659e-17, 0.2168209943174056]
[GMC-GPU] iter=3 components=1 consecutive=2 lambda=8eigenvalues=[-2.044727562389044e-16, 0.12698626461330825]
[GMC-GPU] iter=4 components=1 consecutive=3 lambda=16eigenvalues=[-1.0539416904867794e-16, 0.06060655452410235]
[GMC-GPU] iter=5 components=1 consecutive=4 lambda=32eigenvalues=[3.6783039692357785e-17, 0.03482979773850159]
[GMC-GPU] iter=6 components=1 consecutive=5 lambda=64eigenvalues=[-6.847495601328546e-17, 0.012150726723132691]
[GMC-GPU] iter=7 components=2 consecutive=0 lambda=64eigenvalues=[6.76683663983611e-17, 2.5349712856998776e-16]
[GMC-GPU] iter=1 components=1 consecutive=0 lambda=2eigenvalues=[2.22519964978015e-16, 0.38462062200242264]
[GMC-GPU] iter=2 components=1 consecutive=1 lambda=4eigenvalues=[2.933153625051744e-17, 0.21891468360712893]
[GMC-GPU] iter=3 components=1 consecutive=2 lambda=8eigenvalues=[2.142613790836731e-16, 0.15440963637553182]
[GMC-GPU] iter=4 components=1 consecutive=3 lambda=16eigenvalues=[1.9715169043825774e-16, 0.09200123300543182]
[GMC-GPU] iter=5 components=2 consecutive=0 lambda=16eigenvalues=[-8.673421151066775e-17, 1.2794066647297515e-15]
[GMC-GPU] iter=1 components=1 consecutive=0 lambda=2eigenvalues=[3.5753945647925295e-18, 0.7362373841740265]
[GMC-GPU] iter=2 components=1 consecutive=1 lambda=4eigenvalues=[1.152522320231774e-16, 0.6909473979679323]
[GMC-GPU] iter=3 components=1 consecutive=2 lambda=8eigenvalues=[2.5305278705811673e-16, 0.6339745962155616]
[GMC-GPU] iter=4 components=1 consecutive=3 lambda=16eigenvalues=[2.54679090316845e-16, 0.6339745962155614]
[GMC-GPU] iter=5 components=1 consecutive=4 lambda=32eigenvalues=[2.54679090316845e-16, 0.6339745962155614]
[GMC-GPU] iter=6 components=1 consecutive=5 lambda=64eigenvalues=[-6.194182536681249e-17, 0.6339745962155613]
[GMC-GPU] iter=7 components=1 consecutive=6 lambda=128eigenvalues=[2.54679090316845e-16, 0.6339745962155614]
[GMC-GPU] iter=8 components=1 consecutive=7 lambda=256eigenvalues=[2.54679090316845e-16, 0.6339745962155614]
[GMC-GPU] iter=9 components=1 consecutive=8 lambda=512eigenvalues=[2.54679090316845e-16, 0.6339745962155614]
[GMC-GPU] iter=10 components=1 consecutive=9 lambda=1024eigenvalues=[2.54679090316845e-16, 0.6339745962155614]
[GMC-GPU] iter=11 components=1 consecutive=10 lambda=2048eigenvalues=[2.54679090316845e-16, 0.6339745962155614]
[GMC-GPU] iter=12 components=1 consecutive=11 lambda=4096eigenvalues=[2.54679090316845e-16, 0.6339745962155614]
[GMC-GPU] iter=13 components=1 consecutive=12 lambda=8192eigenvalues=[2.54679090316845e-16, 0.6339745962155614]
[GMC-GPU] iter=14 components=1 consecutive=13 lambda=16384eigenvalues=[2.54679090316845e-16, 0.6339745962155614]
[GMC-GPU] iter=15 components=1 consecutive=14 lambda=32768eigenvalues=[2.54679090316845e-16, 0.6339745962155614]
[GMC-GPU] iter=16 components=1 consecutive=15 lambda=65536eigenvalues=[2.54679090316845e-16, 0.6339745962155614]
[GMC-GPU] iter=17 components=1 consecutive=16 lambda=131072eigenvalues=[2.54679090316845e-16, 0.6339745962155614]
[GMC-GPU] iter=18 components=1 consecutive=17 lambda=262144eigenvalues=[2.54679090316845e-16, 0.6339745962155614]
[GMC-GPU] iter=19 components=1 consecutive=18 lambda=524288eigenvalues=[2.54679090316845e-16, 0.6339745962155614]
[GMC-GPU] iter=20 components=1 consecutive=19 lambda=1.04858e+06eigenvalues=[2.54679090316845e-16, 0.6339745962155614]
[GMC-GPU] iter=21 components=1 consecutive=20 lambda=2.09715e+06eigenvalues=[2.54679090316845e-16, 0.6339745962155614]
[GMC-GPU] iter=22 components=1 consecutive=21 lambda=4.1943e+06eigenvalues=[2.54679090316845e-16, 0.6339745962155614]
[GMC-GPU] iter=23 components=1 consecutive=22 lambda=8.38861e+06eigenvalues=[2.54679090316845e-16, 0.6339745962155614]
[GMC-GPU] iter=24 components=1 consecutive=23 lambda=1.67772e+07eigenvalues=[2.54679090316845e-16, 0.6339745962155614]
[GMC-GPU] iter=25 components=1 consecutive=24 lambda=3.35544e+07eigenvalues=[2.54679090316845e-16, 0.6339745962155614]
[GMC-GPU] iter=26 components=1 consecutive=25 lambda=6.71089e+07eigenvalues=[2.54679090316845e-16, 0.6339745962155614]
[GMC-GPU] iter=27 components=1 consecutive=26 lambda=1.34218e+08eigenvalues=[2.54679090316845e-16, 0.6339745962155614]
[GMC-GPU] iter=28 components=1 consecutive=27 lambda=2.68435e+08eigenvalues=[2.54679090316845e-16, 0.6339745962155614]
[GMC-GPU] iter=29 components=1 consecutive=28 lambda=5.36871e+08eigenvalues=[2.54679090316845e-16, 0.6339745962155614]
[GMC-GPU] iter=30 components=1 consecutive=29 lambda=1.07374e+09eigenvalues=[2.54679090316845e-16, 0.6339745962155614]
[GMC-GPU] iter=31 components=1 consecutive=30 lambda=2.14748e+09eigenvalues=[2.54679090316845e-16, 0.6339745962155614]
[GMC-GPU] iter=32 components=1 consecutive=31 lambda=4.29497e+09eigenvalues=[2.54679090316845e-16, 0.6339745962155614]
[GMC-GPU] iter=33 components=1 consecutive=32 lambda=8.58993e+09eigenvalues=[2.54679090316845e-16, 0.6339745962155614]
[GMC-GPU] iter=34 components=1 consecutive=33 lambda=1.71799e+10eigenvalues=[2.54679090316845e-16, 0.6339745962155614]
[GMC-GPU] iter=35 components=1 consecutive=34 lambda=3.43597e+10eigenvalues=[2.54679090316845e-16, 0.6339745962155614]
[GMC-GPU] iter=36 components=1 consecutive=35 lambda=6.87195e+10eigenvalues=[2.54679090316845e-16, 0.6339745962155614]
[GMC-GPU] iter=37 components=1 consecutive=36 lambda=1.37439e+11eigenvalues=[2.54679090316845e-16, 0.6339745962155614]
[GMC-GPU] iter=38 components=1 consecutive=37 lambda=2.74878e+11eigenvalues=[2.54679090316845e-16, 0.6339745962155614]
[GMC-GPU] iter=39 components=1 consecutive=38 lambda=5.49756e+11eigenvalues=[2.54679090316845e-16, 0.6339745962155614]
[GMC-GPU] iter=40 components=1 consecutive=39 lambda=1.09951e+12eigenvalues=[2.54679090316845e-16, 0.6339745962155614]
[GMC-GPU] iter=41 components=1 consecutive=40 lambda=2.19902e+12eigenvalues=[2.54679090316845e-16, 0.6339745962155614]
[GMC-GPU] iter=42 components=1 consecutive=41 lambda=4.39805e+12eigenvalues=[2.54679090316845e-16, 0.6339745962155614]
[GMC-GPU] iter=43 components=1 consecutive=42 lambda=8.79609e+12eigenvalues=[2.54679090316845e-16, 0.6339745962155614]
[GMC-GPU] iter=44 components=1 consecutive=43 lambda=1.75922e+13eigenvalues=[2.54679090316845e-16, 0.6339745962155614]
[GMC-GPU] iter=45 components=1 consecutive=44 lambda=3.51844e+13eigenvalues=[2.54679090316845e-16, 0.6339745962155614]
[GMC-GPU] iter=46 components=1 consecutive=45 lambda=7.03687e+13eigenvalues=[2.54679090316845e-16, 0.6339745962155614]
[GMC-GPU] iter=47 components=1 consecutive=46 lambda=1.40737e+14eigenvalues=[2.54679090316845e-16, 0.6339745962155614]
[GMC-GPU] iter=48 components=1 consecutive=47 lambda=2.81475e+14eigenvalues=[2.54679090316845e-16, 0.6339745962155614]
[GMC-GPU] iter=49 components=1 consecutive=48 lambda=5.6295e+14eigenvalues=[2.54679090316845e-16, 0.6339745962155614]
[GMC-GPU] iter=50 components=1 consecutive=49 lambda=1.1259e+15eigenvalues=[2.54679090316845e-16, 0.6339745962155614]
[Hierarchy-GPU] level=3 completed leaves=10/16 time=0.965463s
[Hierarchy-GPU] level=4 nodes=6 workers=1 sizes=[117, 113, 9, 6, 3, 3]
[GMC-GPU] iter=1 components=1 consecutive=0 lambda=2eigenvalues=[2.576355322227765e-16, 0.2863084172017662]
[GMC-GPU] iter=2 components=1 consecutive=1 lambda=4eigenvalues=[-2.403525464756577e-16, 0.24408227750448527]
[GMC-GPU] iter=3 components=1 consecutive=2 lambda=8eigenvalues=[2.3405890461087925e-17, 0.18965294690934942]
[GMC-GPU] iter=4 components=1 consecutive=3 lambda=16eigenvalues=[7.286962145255744e-17, 0.1265363560651671]
[GMC-GPU] iter=5 components=1 consecutive=4 lambda=32eigenvalues=[-1.7010952423415444e-16, 0.05965648436432847]
[GMC-GPU] iter=6 components=1 consecutive=5 lambda=64eigenvalues=[-1.9435833668373724e-17, 0.02102645155815423]
[GMC-GPU] iter=7 components=2 consecutive=0 lambda=64eigenvalues=[-6.565968286945325e-16, 1.279930486383287e-16]
[GMC-GPU] iter=1 components=1 consecutive=0 lambda=2eigenvalues=[4.215345583173911e-17, 0.26504075601438765]
[GMC-GPU] iter=2 components=1 consecutive=1 lambda=4eigenvalues=[1.9588564875119662e-17, 0.2110593479043347]
[GMC-GPU] iter=3 components=1 consecutive=2 lambda=8eigenvalues=[2.1940786965723408e-16, 0.1536332756742649]
[GMC-GPU] iter=4 components=1 consecutive=3 lambda=16eigenvalues=[6.63859841981226e-17, 0.07599406079762715]
[GMC-GPU] iter=5 components=1 consecutive=4 lambda=32eigenvalues=[4.298608500933588e-17, 0.02082757869445865]
[GMC-GPU] iter=6 components=1 consecutive=5 lambda=64eigenvalues=[-3.9079745550748327e-17, 0.011128703047526457]
[GMC-GPU] iter=7 components=1 consecutive=6 lambda=128eigenvalues=[1.7818272835424716e-17, 0.00845130414341334]
[GMC-GPU] iter=8 components=1 consecutive=7 lambda=256eigenvalues=[6.80996804566851e-17, 0.0029517250531126437]
[GMC-GPU] iter=9 components=2 consecutive=0 lambda=256eigenvalues=[-4.596121483175355e-16, -4.178971775910945e-16]
[GMC-GPU] iter=1 components=1 consecutive=0 lambda=2eigenvalues=[1.4553334872352983e-16, 0.29606868662505326]
[GMC-GPU] iter=2 components=1 consecutive=1 lambda=4eigenvalues=[1.1667159835214063e-16, 0.16429552087413637]
[GMC-GPU] iter=3 components=1 consecutive=2 lambda=8eigenvalues=[-8.90395539402336e-18, 0.03644018329773097]
[GMC-GPU] iter=4 components=2 consecutive=0 lambda=8eigenvalues=[-6.424640186146478e-17, 3.0168150638642194e-16]
[GMC-GPU] iter=1 components=1 consecutive=0 lambda=2eigenvalues=[-6.334147795952296e-17, 0.4359614038189222]
[GMC-GPU] iter=2 components=1 consecutive=1 lambda=4eigenvalues=[1.6787277231352015e-17, 0.26318332014179513]
[GMC-GPU] iter=3 components=1 consecutive=2 lambda=8eigenvalues=[8.039943039341401e-17, 0.06908549445886414]
[GMC-GPU] iter=4 components=2 consecutive=0 lambda=8eigenvalues=[-1.4678780968805187e-16, 4.503388875016028e-16]
[GMC-GPU] iter=1 components=1 consecutive=0 lambda=2eigenvalues=[-5.711577044653637e-16, 0.7195280016511942]
[GMC-GPU] iter=2 components=1 consecutive=1 lambda=4eigenvalues=[-9.497611030973019e-17, 0.6695651058394168]
[GMC-GPU] iter=3 components=1 consecutive=2 lambda=8eigenvalues=[-4.220256956399826e-17, 0.6339745962155614]
[GMC-GPU] iter=4 components=1 consecutive=3 lambda=16eigenvalues=[-4.220256956399826e-17, 0.6339745962155614]
[GMC-GPU] iter=5 components=1 consecutive=4 lambda=32eigenvalues=[-4.220256956399826e-17, 0.6339745962155614]
[GMC-GPU] iter=6 components=1 consecutive=5 lambda=64eigenvalues=[-4.220256956399826e-17, 0.6339745962155614]
[GMC-GPU] iter=7 components=1 consecutive=6 lambda=128eigenvalues=[-1.8844789010513676e-16, 0.6339745962155614]
[GMC-GPU] iter=8 components=1 consecutive=7 lambda=256eigenvalues=[-4.220256956399826e-17, 0.6339745962155614]
[GMC-GPU] iter=9 components=1 consecutive=8 lambda=512eigenvalues=[-4.220256956399826e-17, 0.6339745962155614]
[GMC-GPU] iter=10 components=1 consecutive=9 lambda=1024eigenvalues=[-4.220256956399826e-17, 0.6339745962155614]
[GMC-GPU] iter=11 components=1 consecutive=10 lambda=2048eigenvalues=[-4.220256956399826e-17, 0.6339745962155614]
[GMC-GPU] iter=12 components=1 consecutive=11 lambda=4096eigenvalues=[-4.220256956399826e-17, 0.6339745962155614]
[GMC-GPU] iter=13 components=1 consecutive=12 lambda=8192eigenvalues=[-4.220256956399826e-17, 0.6339745962155614]
[GMC-GPU] iter=14 components=1 consecutive=13 lambda=16384eigenvalues=[-4.220256956399826e-17, 0.6339745962155614]
[GMC-GPU] iter=15 components=1 consecutive=14 lambda=32768eigenvalues=[-4.220256956399826e-17, 0.6339745962155614]
[GMC-GPU] iter=16 components=1 consecutive=15 lambda=65536eigenvalues=[-4.220256956399826e-17, 0.6339745962155614]
[GMC-GPU] iter=17 components=1 consecutive=16 lambda=131072eigenvalues=[-4.220256956399826e-17, 0.6339745962155614]
[GMC-GPU] iter=18 components=1 consecutive=17 lambda=262144eigenvalues=[-4.220256956399826e-17, 0.6339745962155614]
[GMC-GPU] iter=19 components=1 consecutive=18 lambda=524288eigenvalues=[-4.220256956399826e-17, 0.6339745962155614]
[GMC-GPU] iter=20 components=1 consecutive=19 lambda=1.04858e+06eigenvalues=[-4.220256956399826e-17, 0.6339745962155614]
[GMC-GPU] iter=21 components=1 consecutive=20 lambda=2.09715e+06eigenvalues=[-4.220256956399826e-17, 0.6339745962155614]
[GMC-GPU] iter=22 components=1 consecutive=21 lambda=4.1943e+06eigenvalues=[-4.220256956399826e-17, 0.6339745962155614]
[GMC-GPU] iter=23 components=1 consecutive=22 lambda=8.38861e+06eigenvalues=[-4.220256956399826e-17, 0.6339745962155614]
[GMC-GPU] iter=24 components=1 consecutive=23 lambda=1.67772e+07eigenvalues=[-4.220256956399826e-17, 0.6339745962155614]
[GMC-GPU] iter=25 components=1 consecutive=24 lambda=3.35544e+07eigenvalues=[-4.220256956399826e-17, 0.6339745962155614]
[GMC-GPU] iter=26 components=1 consecutive=25 lambda=6.71089e+07eigenvalues=[-4.220256956399826e-17, 0.6339745962155614]
[GMC-GPU] iter=27 components=1 consecutive=26 lambda=1.34218e+08eigenvalues=[-4.220256956399826e-17, 0.6339745962155614]
[GMC-GPU] iter=28 components=1 consecutive=27 lambda=2.68435e+08eigenvalues=[-4.220256956399826e-17, 0.6339745962155614]
[GMC-GPU] iter=29 components=1 consecutive=28 lambda=5.36871e+08eigenvalues=[-4.220256956399826e-17, 0.6339745962155614]
[GMC-GPU] iter=30 components=1 consecutive=29 lambda=1.07374e+09eigenvalues=[-4.220256956399826e-17, 0.6339745962155614]
[GMC-GPU] iter=31 components=1 consecutive=30 lambda=2.14748e+09eigenvalues=[-4.220256956399826e-17, 0.6339745962155614]
[GMC-GPU] iter=32 components=1 consecutive=31 lambda=4.29497e+09eigenvalues=[-4.220256956399826e-17, 0.6339745962155614]
[GMC-GPU] iter=33 components=1 consecutive=32 lambda=8.58993e+09eigenvalues=[-4.220256956399826e-17, 0.6339745962155614]
[GMC-GPU] iter=34 components=1 consecutive=33 lambda=1.71799e+10eigenvalues=[-4.220256956399826e-17, 0.6339745962155614]
[GMC-GPU] iter=35 components=1 consecutive=34 lambda=3.43597e+10eigenvalues=[-4.220256956399826e-17, 0.6339745962155614]
[GMC-GPU] iter=36 components=1 consecutive=35 lambda=6.87195e+10eigenvalues=[-4.220256956399826e-17, 0.6339745962155614]
[GMC-GPU] iter=37 components=1 consecutive=36 lambda=1.37439e+11eigenvalues=[-4.220256956399826e-17, 0.6339745962155614]
[GMC-GPU] iter=38 components=1 consecutive=37 lambda=2.74878e+11eigenvalues=[-4.220256956399826e-17, 0.6339745962155614]
[GMC-GPU] iter=39 components=1 consecutive=38 lambda=5.49756e+11eigenvalues=[-4.220256956399826e-17, 0.6339745962155614]
[GMC-GPU] iter=40 components=1 consecutive=39 lambda=1.09951e+12eigenvalues=[-4.220256956399826e-17, 0.6339745962155614]
[GMC-GPU] iter=41 components=1 consecutive=40 lambda=2.19902e+12eigenvalues=[-4.220256956399826e-17, 0.6339745962155614]
[GMC-GPU] iter=42 components=1 consecutive=41 lambda=4.39805e+12eigenvalues=[-4.220256956399826e-17, 0.6339745962155614]
[GMC-GPU] iter=43 components=1 consecutive=42 lambda=8.79609e+12eigenvalues=[-4.220256956399826e-17, 0.6339745962155614]
[GMC-GPU] iter=44 components=1 consecutive=43 lambda=1.75922e+13eigenvalues=[-4.220256956399826e-17, 0.6339745962155614]
[GMC-GPU] iter=45 components=1 consecutive=44 lambda=3.51844e+13eigenvalues=[-4.220256956399826e-17, 0.6339745962155614]
[GMC-GPU] iter=46 components=1 consecutive=45 lambda=7.03687e+13eigenvalues=[-4.220256956399826e-17, 0.6339745962155614]
[GMC-GPU] iter=47 components=1 consecutive=46 lambda=1.40737e+14eigenvalues=[-4.220256956399826e-17, 0.6339745962155614]
[GMC-GPU] iter=48 components=1 consecutive=47 lambda=2.81475e+14eigenvalues=[-4.220256956399826e-17, 0.6339745962155614]
[GMC-GPU] iter=49 components=1 consecutive=48 lambda=5.6295e+14eigenvalues=[-4.220256956399826e-17, 0.6339745962155614]
[GMC-GPU] iter=50 components=1 consecutive=49 lambda=1.1259e+15eigenvalues=[-4.220256956399826e-17, 0.6339745962155614]
[GMC-GPU] iter=1 components=1 consecutive=0 lambda=2eigenvalues=[4.343656153592595e-17, 0.7269452868383804]
[GMC-GPU] iter=2 components=1 consecutive=1 lambda=4eigenvalues=[-2.2536497407826817e-16, 0.6339745962155612]
[GMC-GPU] iter=3 components=1 consecutive=2 lambda=8eigenvalues=[-4.049901690048041e-16, 0.6339745962155612]
[GMC-GPU] iter=4 components=1 consecutive=3 lambda=16eigenvalues=[-4.049901690048041e-16, 0.6339745962155612]
[GMC-GPU] iter=5 components=1 consecutive=4 lambda=32eigenvalues=[-4.049901690048041e-16, 0.6339745962155612]
[GMC-GPU] iter=6 components=1 consecutive=5 lambda=64eigenvalues=[-4.049901690048041e-16, 0.6339745962155612]
[GMC-GPU] iter=7 components=1 consecutive=6 lambda=128eigenvalues=[-4.049901690048041e-16, 0.6339745962155612]
[GMC-GPU] iter=8 components=1 consecutive=7 lambda=256eigenvalues=[-4.049901690048041e-16, 0.6339745962155612]
[GMC-GPU] iter=9 components=1 consecutive=8 lambda=512eigenvalues=[-4.049901690048041e-16, 0.6339745962155612]
[GMC-GPU] iter=10 components=1 consecutive=9 lambda=1024eigenvalues=[-4.049901690048041e-16, 0.6339745962155612]
[GMC-GPU] iter=11 components=1 consecutive=10 lambda=2048eigenvalues=[-4.049901690048041e-16, 0.6339745962155612]
[GMC-GPU] iter=12 components=1 consecutive=11 lambda=4096eigenvalues=[-4.049901690048041e-16, 0.6339745962155612]
[GMC-GPU] iter=13 components=1 consecutive=12 lambda=8192eigenvalues=[-4.049901690048041e-16, 0.6339745962155612]
[GMC-GPU] iter=14 components=1 consecutive=13 lambda=16384eigenvalues=[-4.049901690048041e-16, 0.6339745962155612]
[GMC-GPU] iter=15 components=1 consecutive=14 lambda=32768eigenvalues=[-4.049901690048041e-16, 0.6339745962155612]
[GMC-GPU] iter=16 components=1 consecutive=15 lambda=65536eigenvalues=[-4.049901690048041e-16, 0.6339745962155612]
[GMC-GPU] iter=17 components=1 consecutive=16 lambda=131072eigenvalues=[-4.049901690048041e-16, 0.6339745962155612]
[GMC-GPU] iter=18 components=1 consecutive=17 lambda=262144eigenvalues=[-4.049901690048041e-16, 0.6339745962155612]
[GMC-GPU] iter=19 components=1 consecutive=18 lambda=524288eigenvalues=[-4.049901690048041e-16, 0.6339745962155612]
[GMC-GPU] iter=20 components=1 consecutive=19 lambda=1.04858e+06eigenvalues=[-4.049901690048041e-16, 0.6339745962155612]
[GMC-GPU] iter=21 components=1 consecutive=20 lambda=2.09715e+06eigenvalues=[-4.049901690048041e-16, 0.6339745962155612]
[GMC-GPU] iter=22 components=1 consecutive=21 lambda=4.1943e+06eigenvalues=[-4.049901690048041e-16, 0.6339745962155612]
[GMC-GPU] iter=23 components=1 consecutive=22 lambda=8.38861e+06eigenvalues=[-4.049901690048041e-16, 0.6339745962155612]
[GMC-GPU] iter=24 components=1 consecutive=23 lambda=1.67772e+07eigenvalues=[-4.049901690048041e-16, 0.6339745962155612]
[GMC-GPU] iter=25 components=1 consecutive=24 lambda=3.35544e+07eigenvalues=[-4.049901690048041e-16, 0.6339745962155612]
[GMC-GPU] iter=26 components=1 consecutive=25 lambda=6.71089e+07eigenvalues=[-4.049901690048041e-16, 0.6339745962155612]
[GMC-GPU] iter=27 components=1 consecutive=26 lambda=1.34218e+08eigenvalues=[-4.049901690048041e-16, 0.6339745962155612]
[GMC-GPU] iter=28 components=1 consecutive=27 lambda=2.68435e+08eigenvalues=[-4.049901690048041e-16, 0.6339745962155612]
[GMC-GPU] iter=29 components=1 consecutive=28 lambda=5.36871e+08eigenvalues=[-4.049901690048041e-16, 0.6339745962155612]
[GMC-GPU] iter=30 components=1 consecutive=29 lambda=1.07374e+09eigenvalues=[-4.049901690048041e-16, 0.6339745962155612]
[GMC-GPU] iter=31 components=1 consecutive=30 lambda=2.14748e+09eigenvalues=[-4.049901690048041e-16, 0.6339745962155612]
[GMC-GPU] iter=32 components=1 consecutive=31 lambda=4.29497e+09eigenvalues=[-4.049901690048041e-16, 0.6339745962155612]
[GMC-GPU] iter=33 components=1 consecutive=32 lambda=8.58993e+09eigenvalues=[-4.049901690048041e-16, 0.6339745962155612]
[GMC-GPU] iter=34 components=1 consecutive=33 lambda=1.71799e+10eigenvalues=[-4.049901690048041e-16, 0.6339745962155612]
[GMC-GPU] iter=35 components=1 consecutive=34 lambda=3.43597e+10eigenvalues=[-4.049901690048041e-16, 0.6339745962155612]
[GMC-GPU] iter=36 components=1 consecutive=35 lambda=6.87195e+10eigenvalues=[-4.049901690048041e-16, 0.6339745962155612]
[GMC-GPU] iter=37 components=1 consecutive=36 lambda=1.37439e+11eigenvalues=[-4.049901690048041e-16, 0.6339745962155612]
[GMC-GPU] iter=38 components=1 consecutive=37 lambda=2.74878e+11eigenvalues=[-4.049901690048041e-16, 0.6339745962155612]
[GMC-GPU] iter=39 components=1 consecutive=38 lambda=5.49756e+11eigenvalues=[-4.049901690048041e-16, 0.6339745962155612]
[GMC-GPU] iter=40 components=1 consecutive=39 lambda=1.09951e+12eigenvalues=[-4.049901690048041e-16, 0.6339745962155612]
[GMC-GPU] iter=41 components=1 consecutive=40 lambda=2.19902e+12eigenvalues=[-4.049901690048041e-16, 0.6339745962155612]
[GMC-GPU] iter=42 components=1 consecutive=41 lambda=4.39805e+12eigenvalues=[-4.049901690048041e-16, 0.6339745962155612]
[GMC-GPU] iter=43 components=1 consecutive=42 lambda=8.79609e+12eigenvalues=[-4.049901690048041e-16, 0.6339745962155612]
[GMC-GPU] iter=44 components=1 consecutive=43 lambda=1.75922e+13eigenvalues=[-4.049901690048041e-16, 0.6339745962155612]
[GMC-GPU] iter=45 components=1 consecutive=44 lambda=3.51844e+13eigenvalues=[-4.049901690048041e-16, 0.6339745962155612]
[GMC-GPU] iter=46 components=1 consecutive=45 lambda=7.03687e+13eigenvalues=[-4.049901690048041e-16, 0.6339745962155612]
[GMC-GPU] iter=47 components=1 consecutive=46 lambda=1.40737e+14eigenvalues=[-4.049901690048041e-16, 0.6339745962155612]
[GMC-GPU] iter=48 components=1 consecutive=47 lambda=2.81475e+14eigenvalues=[-4.049901690048041e-16, 0.6339745962155612]
[GMC-GPU] iter=49 components=1 consecutive=48 lambda=5.6295e+14eigenvalues=[-4.049901690048041e-16, 0.6339745962155612]
[GMC-GPU] iter=50 components=1 consecutive=49 lambda=1.1259e+15eigenvalues=[-4.049901690048041e-16, 0.6339745962155612]
[Hierarchy-GPU] level=4 completed leaves=16/16 time=1.082228s

========================================================================
TEMPI DI ESECUZIONE
========================================================================
GMC diretto: 0.152336 secondi
BinaryHierarchicalGMC: 0.430264 secondi
BinaryHierarchicalGMCGPU: 3.014533 secondi

========================================================================
CONFRONTO DEI RISULTATI
========================================================================
Dimensioni Binary originale : [69, 13, 19, 3, 3, 4, 6, 6, 3, 77, 19, 3, 14, 9, 6, 2]
Dimensioni Binary bilanciato: [16, 16, 16, 16, 16, 16, 16, 16, 16, 16, 16, 16, 16, 16, 16, 16]
Dimensioni Binary GPU: [111, 6, 3, 3, 1, 2, 99, 14, 2, 7, 2, 1, 2, 1, 1, 1]
Dimensioni Binary GPU bilanciato: [16, 16, 16, 16, 16, 16, 16, 16, 16, 16, 16, 16, 16, 16, 16, 16]

Adjusted Rand Index
-------------------
GMC diretto             : 0.005771
Binary originale        : 0.001671
Binary bilanciato       : 0.008887
Binary GPU bilanciato   : 0.004351

Differenze
----------
Diretto - Binary bilanciato      : -0.003116
Binary bilanciato - originale    : +0.007216
Diretto - Binary GPU bilanciato  : -0.000349

Cluster Binary originali
------------------------
Cluster 0: [0, 4, 6, 7, 8, 10, 16, 18, 19, 24, 31, 38, 39, 42, 44, 45, 48, 50, 56, 60, 68, 69, 78, 91, 94, 112, 119, 121, 123, 128, 132, 136, 140, 143, 145, 151, 156, 158, 159, 165, 168, 174, 179, 190, 192, 195, 196, 198, 199, 202, 204, 212, 215, 217, 218, 219, 220, 222, 223, 225, 227, 228, 230, 234, 240, 242, 243, 244, 253], size=69
Cluster 1: [12, 32, 49, 82, 96, 106, 116, 149, 150, 169, 171, 216, 221], size=13
Cluster 2: [27, 28, 37, 57, 84, 103, 107, 113, 118, 130, 147, 155, 164, 181, 189, 209, 235, 241, 247], size=19
Cluster 3: [43, 122, 224], size=3
Cluster 4: [36, 197, 238], size=3
Cluster 5: [1, 21, 34, 239], size=4
Cluster 6: [2, 9, 163, 185, 229, 252], size=6
Cluster 7: [15, 65, 115, 144, 176, 187], size=6
Cluster 8: [117, 178, 249], size=3
Cluster 9: [3, 13, 14, 17, 22, 25, 33, 35, 46, 47, 53, 54, 55, 58, 59, 61, 63, 64, 66, 67, 70, 71, 72, 73, 75, 76, 79, 80, 85, 90, 92, 93, 98, 100, 101, 102, 105, 109, 111, 114, 120, 127, 129, 131, 139, 141, 142, 148, 154, 160, 161, 162, 170, 173, 175, 177, 180, 182, 183, 184, 188, 191, 193, 194, 200, 206, 208, 210, 211, 214, 226, 232, 233, 248, 250, 254, 255], size=77
Cluster 10: [5, 40, 51, 74, 81, 87, 99, 104, 110, 125, 134, 137, 153, 157, 172, 186, 213, 236, 237], size=19
Cluster 11: [97, 124, 205], size=3
Cluster 12: [11, 20, 26, 29, 62, 77, 83, 95, 108, 126, 203, 207, 231, 251], size=14
Cluster 13: [23, 52, 86, 89, 133, 146, 152, 245, 246], size=9
Cluster 14: [41, 88, 138, 166, 167, 201], size=6
Cluster 15: [30, 135], size=2

Cluster Binary bilanciati
-------------------------
Cluster 0: [6, 10, 18, 19, 24, 68, 136, 190, 199, 217, 222, 223, 228, 230, 242, 253], size=16
Cluster 1: [16, 31, 38, 45, 56, 60, 69, 132, 143, 158, 196, 215, 219, 220, 225, 243], size=16
Cluster 2: [0, 4, 42, 44, 78, 112, 119, 123, 128, 140, 156, 159, 165, 168, 204, 240], size=16
Cluster 3: [7, 8, 39, 50, 91, 94, 145, 174, 192, 195, 198, 212, 218, 227, 234, 244], size=16
Cluster 4: [12, 32, 48, 49, 82, 96, 121, 149, 150, 151, 169, 171, 179, 202, 216, 221], size=16
Cluster 5: [27, 28, 84, 106, 107, 113, 116, 118, 147, 155, 164, 181, 189, 209, 235, 247], size=16
Cluster 6: [1, 21, 34, 36, 37, 43, 57, 103, 122, 130, 185, 197, 224, 238, 239, 241], size=16
Cluster 7: [2, 9, 15, 65, 79, 115, 117, 144, 163, 176, 178, 187, 206, 229, 249, 252], size=16
Cluster 8: [25, 33, 55, 66, 67, 73, 75, 101, 120, 127, 139, 148, 177, 180, 184, 208], size=16
Cluster 9: [22, 35, 46, 76, 85, 90, 93, 109, 111, 114, 141, 154, 162, 170, 173, 193], size=16
Cluster 10: [47, 61, 64, 70, 98, 100, 142, 161, 175, 182, 183, 194, 200, 232, 250, 254], size=16
Cluster 11: [3, 13, 17, 53, 54, 58, 59, 63, 72, 80, 105, 131, 160, 211, 226, 233], size=16
Cluster 12: [5, 14, 71, 92, 102, 104, 129, 137, 172, 186, 188, 191, 210, 214, 248, 255], size=16
Cluster 13: [40, 51, 74, 81, 87, 97, 99, 110, 124, 125, 134, 153, 157, 213, 236, 237], size=16
Cluster 14: [11, 20, 26, 29, 62, 77, 83, 95, 108, 126, 152, 203, 205, 207, 231, 251], size=16
Cluster 15: [23, 30, 41, 52, 86, 88, 89, 133, 135, 138, 146, 166, 167, 201, 245, 246], size=16

Cluster Binary GPU originali
------------------------
Cluster 0: [6, 10, 19, 24, 68, 96, 136, 164, 199, 217, 222, 228, 230, 235, 242, 253], size=16
Cluster 1: [16, 18, 38, 45, 60, 84, 143, 158, 181, 190, 196, 215, 220, 223, 225, 239], size=16
Cluster 2: [12, 28, 31, 42, 56, 69, 82, 112, 113, 119, 132, 155, 204, 219, 240, 243], size=16
Cluster 3: [0, 4, 27, 32, 36, 78, 118, 122, 128, 140, 147, 150, 159, 168, 224, 247], size=16
Cluster 4: [34, 39, 43, 44, 49, 94, 123, 145, 156, 165, 192, 195, 197, 198, 238, 244], size=16
Cluster 5: [7, 8, 50, 91, 107, 169, 171, 174, 189, 209, 212, 216, 218, 221, 227, 234], size=16
Cluster 6: [1, 21, 37, 48, 57, 103, 106, 116, 121, 130, 149, 151, 179, 185, 202, 241], size=16
Cluster 7: [2, 9, 15, 65, 79, 115, 117, 144, 163, 176, 178, 187, 206, 229, 249, 252], size=16
Cluster 8: [25, 33, 55, 66, 67, 75, 97, 104, 120, 124, 137, 148, 177, 180, 184, 208], size=16
Cluster 9: [5, 73, 85, 90, 101, 109, 111, 114, 127, 139, 141, 154, 162, 170, 172, 186], size=16
Cluster 10: [22, 35, 46, 51, 61, 76, 93, 98, 100, 125, 173, 183, 193, 205, 237, 254], size=16
Cluster 11: [3, 40, 47, 64, 70, 81, 105, 142, 153, 161, 175, 182, 194, 200, 232, 250], size=16
Cluster 12: [13, 17, 53, 54, 59, 63, 72, 80, 110, 131, 134, 211, 213, 226, 233, 236], size=16
Cluster 13: [14, 58, 71, 74, 87, 92, 99, 129, 157, 160, 188, 191, 210, 214, 248, 255], size=16
Cluster 14: [11, 20, 26, 29, 62, 77, 83, 95, 102, 108, 126, 152, 203, 207, 231, 251], size=16
Cluster 15: [23, 30, 41, 52, 86, 88, 89, 133, 135, 138, 146, 166, 167, 201, 245, 246], size=16

Cluster Binary GPU bilanciati
------------------------------
Cluster 0: [6, 10, 19, 24, 68, 96, 136, 164, 199, 217, 222, 228, 230, 235, 242, 253], size=16
Cluster 1: [16, 18, 38, 45, 60, 84, 143, 158, 181, 190, 196, 215, 220, 223, 225, 239], size=16
Cluster 2: [12, 28, 31, 42, 56, 69, 82, 112, 113, 119, 132, 155, 204, 219, 240, 243], size=16
Cluster 3: [0, 4, 27, 32, 36, 78, 118, 122, 128, 140, 147, 150, 159, 168, 224, 247], size=16
Cluster 4: [34, 39, 43, 44, 49, 94, 123, 145, 156, 165, 192, 195, 197, 198, 238, 244], size=16
Cluster 5: [7, 8, 50, 91, 107, 169, 171, 174, 189, 209, 212, 216, 218, 221, 227, 234], size=16
Cluster 6: [1, 21, 37, 48, 57, 103, 106, 116, 121, 130, 149, 151, 179, 185, 202, 241], size=16
Cluster 7: [2, 9, 15, 65, 79, 115, 117, 144, 163, 176, 178, 187, 206, 229, 249, 252], size=16
Cluster 8: [25, 33, 55, 66, 67, 75, 97, 104, 120, 124, 137, 148, 177, 180, 184, 208], size=16
Cluster 9: [5, 73, 85, 90, 101, 109, 111, 114, 127, 139, 141, 154, 162, 170, 172, 186], size=16
Cluster 10: [22, 35, 46, 51, 61, 76, 93, 98, 100, 125, 173, 183, 193, 205, 237, 254], size=16
Cluster 11: [3, 40, 47, 64, 70, 81, 105, 142, 153, 161, 175, 182, 194, 200, 232, 250], size=16
Cluster 12: [13, 17, 53, 54, 59, 63, 72, 80, 110, 131, 134, 211, 213, 226, 233, 236], size=16
Cluster 13: [14, 58, 71, 74, 87, 92, 99, 129, 157, 160, 188, 191, 210, 214, 248, 255], size=16
Cluster 14: [11, 20, 26, 29, 62, 77, 83, 95, 102, 108, 126, 152, 203, 207, 231, 251], size=16
Cluster 15: [23, 30, 41, 52, 86, 88, 89, 133, 135, 138, 146, 166, 167, 201, 245, 246], size=16

========================================================================
LABEL NELL'ORDINE PERMUTATO
========================================================================
Ground truth:
[14  0  4 12  7 11 15 10  0  1 11 13 14 13  8  4 12  0  6  1 14  1  7  9  2  7 15 13  0 10 11  6  9 11 13  1  5  1  4  8 12 11 14 11  2  4
  1  4 13 12 11  2  8  5  3 13  6  8  7  3  6 10 15  7 14  9  6 11  4  7  9  4  8  6  7 15  7 15  5  1 10  5  6  0  3  8  9 10  4 11  5 13
 14  1  0  2  1  2  7  1  7  5 10 15  3 15  5  9 12  4  2  7  9  4  9  1 15 10  7 12  8  0  0  4  2  6 12  9 11 15  6  2  3 12  8  0 15 14
  1 14  0  7  2  9 11  8  3  8  8 14 12  4 12  4  2 10  9  2  7  9  1 12 15  5  2 15  2  5 12 10  2  9 10  0  6  3  8 14 12 14  3 10  5  2
 13  0 10 13  6  5  5 14 14  5  0  0  3 13  8  1 10  4 14  8 13 14  3  3  6  3 13 10 13 11 15 12 14 10  3 13  3  5  1  3 12 10 15 11 11  8
  2  9 15  0  3  9  8  9  6  6  7  5 12  4 13 13  7 15  1 11  4  6  0  5 11  6]

GMC diretto:
[ 0  0  1  1  2  0  0  3  0  4  1  0  0  0  0  0  0  5  0  0  0  0  1  1  1  6  5  1  0  0  1  6  1  0  0  1  7  0  1  1  0  8  9  0  0  1
  0  1  0 10  1  0  0  0  1  0  1  1  1  0  1  1  1 11  0  5  9  2  1  1  0  0  1  1  8  7  0  0  1  0  1  0  7 12  0  0  1  1  8  1  1  0
  1  0  0  1  0  0  0  1  1  1  1  9  1  0 10  7  0  1  3  0  0  0  0 11  0  0  0  1  0  0  0  1  1  1  6  0  1  1  1 13  1  1  1  9  1  0
  0  1  0  0  0  0  1  0  1  4  0  1  1  1 13  1  0  0  0  1  0  1 14  0  2  1  0  0  1  0  0  1  0  0  1 11  1  1 14  1  0 13 15  0  1  0
  0  0 15  0  1  0 11  0  0  7  0  1  1  0  1  1 10  1  1  1  0  1  1  1  0  0  0  0  1  0  0 11  0  0  1  0  0 10  9  0 11  1  1  0  1  1
  0 12  0  0  7 15  0  0  0  1  0  1  0  1  1  1  0  1 11 11  1  0  1  1  0  1]

Binary originale:
[ 0  0  9  9  8  6  0 14  6 15  9  0  0  0  0  0  0  7  1  0  2  0  9 13  9 11  0  9  0  2  9 11  9  0  0  9 13  0  9 10  0  7  5  2  0  9
  0  9  0 14  9  0  0  2  9  0 10  9  9  0  9 10 13 12  0  7 12  8  9  9  0  0  9  9  7 13  2  0  9 12  9  1  9 10  0  0  9  9  7 10  9  0
 10  0  1  9  2  0  0  9 10  9  9 12 10  0 12 13  0  9 14  0  2  0  1 12  2  0  2  9  0  0  6 12  9  9 11  0  9  9  9  4  9  9  9 12  9  3
  2 12  0  3  1  2  9 14 12 15  0  9  9  9  4  9  0  0  0 10  0 10 13  0  8 10  0  0  9  0  0  9  3  0  9  9  9  9 13  9  0  4  1  6  9  5
  9  0  1  1 10  0 12  6  0 13  0  9  9  1  9  9 14  9  9 10  2 10  9  9  2  0  0  0 10  2  6 12  0  1  9  0  0 14  5  2 12  9  9  7  9  9
  2 10  2  5 13  1  2  0  2 10  1 10  0 10  9  9  0  9 12  9  9  1  9  9  0  9]

Binary bilanciato:
[ 0  0  7  7  7  6  0 15  7 15  8  0  0  0  0  0  0  7  4  0  5  0  8 14  8 13  0  8  0  5  8 13  8  0  0  8 15  0  8 12  1  7  6  5  1  8
  1  8  1 15  8  1  1  5  8  1 12  8  8  1  8 12 15 14  1  7 14  7  8  9  1  1  9  9  7 15  5  1  9 14  9  4  9 12  1  1  9  9  7 12  9  1
 13  1  4  9  5  2  2  9 13  9  9 14 13  2 14 15  2  9 15  2  5  2  4 14  5  2  5  9  2  2  7 14  9 10 14  2 10 10 10  6 10 10 10 14 10  6
  5 14  2  6  4  5 10 15 14 15  2 10 10 10  6 10  2  2  2 13  2 13 15  3  7 13  3  3 10  3  3 10  6  3 10 11 11 11 15 11  3  6  4  7 11  6
 11  3  4  4 13  3 14  7  3 15  3 11 11  4 11 11 15 11 11 13  5 13 11 11  5  3  3  3 13  5  7 14  3  4 11  3  4 15  6  6 14 11 12  7 12 12
  6 13  6  6 15  4  6  4  6 13  5 13  4 13 12 12  4 12 14 12 12  5 12 12  4 12]

========================================================================
STRUTTURA DELL'ALBERO BINARY
========================================================================
node= 0 | level=0 | parent=None | left=   1 | right=   2 | size=256 | indici originali=[0, 1, 2, 3, 4, 5, 6, 7, 8, 9, 10, 11, 12, 13, 14, 15, 16, 17, 18, 19, 20, 21, 22, 23, 24, 25, 26, 27, 28, 29, 30, 31, 32, 33, 34, 35, 36, 37, 38, 39, 40, 41, 42, 43, 44, 45, 46, 47, 48, 49, 50, 51, 52, 53, 54, 55, 56, 57, 58, 59, 60, 61, 62, 63, 64, 65, 66, 67, 68, 69, 70, 71, 72, 73, 74, 75, 76, 77, 78, 79, 80, 81, 82, 83, 84, 85, 86, 87, 88, 89, 90, 91, 92, 93, 94, 95, 96, 97, 98, 99, 100, 101, 102, 103, 104, 105, 106, 107, 108, 109, 110, 111, 112, 113, 114, 115, 116, 117, 118, 119, 120, 121, 122, 123, 124, 125, 126, 127, 128, 129, 130, 131, 132, 133, 134, 135, 136, 137, 138, 139, 140, 141, 142, 143, 144, 145, 146, 147, 148, 149, 150, 151, 152, 153, 154, 155, 156, 157, 158, 159, 160, 161, 162, 163, 164, 165, 166, 167, 168, 169, 170, 171, 172, 173, 174, 175, 176, 177, 178, 179, 180, 181, 182, 183, 184, 185, 186, 187, 188, 189, 190, 191, 192, 193, 194, 195, 196, 197, 198, 199, 200, 201, 202, 203, 204, 205, 206, 207, 208, 209, 210, 211, 212, 213, 214, 215, 216, 217, 218, 219, 220, 221, 222, 223, 224, 225, 226, 227, 228, 229, 230, 231, 232, 233, 234, 235, 236, 237, 238, 239, 240, 241, 242, 243, 244, 245, 246, 247, 248, 249, 250, 251, 252, 253, 254, 255]
node= 1 | level=1 | parent=   0 | left=   3 | right=   4 | size=254 | indici originali=[0, 1, 2, 3, 4, 5, 6, 7, 8, 9, 10, 11, 12, 13, 14, 15, 16, 17, 18, 19, 20, 21, 22, 23, 24, 25, 26, 27, 28, 29, 31, 32, 33, 34, 35, 36, 37, 38, 39, 40, 41, 42, 43, 44, 45, 46, 47, 48, 49, 50, 51, 52, 53, 54, 55, 56, 57, 58, 59, 60, 61, 62, 63, 64, 65, 66, 67, 68, 69, 70, 71, 72, 73, 74, 75, 76, 77, 78, 79, 80, 81, 82, 83, 84, 85, 86, 87, 88, 89, 90, 91, 92, 93, 94, 95, 96, 97, 98, 99, 100, 101, 102, 103, 104, 105, 106, 107, 108, 109, 110, 111, 112, 113, 114, 115, 116, 117, 118, 119, 120, 121, 122, 123, 124, 125, 126, 127, 128, 129, 130, 131, 132, 133, 134, 136, 137, 138, 139, 140, 141, 142, 143, 144, 145, 146, 147, 148, 149, 150, 151, 152, 153, 154, 155, 156, 157, 158, 159, 160, 161, 162, 163, 164, 165, 166, 167, 168, 169, 170, 171, 172, 173, 174, 175, 176, 177, 178, 179, 180, 181, 182, 183, 184, 185, 186, 187, 188, 189, 190, 191, 192, 193, 194, 195, 196, 197, 198, 199, 200, 201, 202, 203, 204, 205, 206, 207, 208, 209, 210, 211, 212, 213, 214, 215, 216, 217, 218, 219, 220, 221, 222, 223, 224, 225, 226, 227, 228, 229, 230, 231, 232, 233, 234, 235, 236, 237, 238, 239, 240, 241, 242, 243, 244, 245, 246, 247, 248, 249, 250, 251, 252, 253, 254, 255]
node= 2 | level=1 | parent=   0 | left=None | right=None | size= 2 | indici originali=[30, 135]
node= 3 | level=2 | parent=   1 | left=   7 | right=   8 | size=126 | indici originali=[0, 1, 2, 4, 6, 7, 8, 9, 10, 12, 15, 16, 18, 19, 21, 24, 27, 28, 31, 32, 34, 36, 37, 38, 39, 42, 43, 44, 45, 48, 49, 50, 56, 57, 60, 65, 68, 69, 78, 82, 84, 91, 94, 96, 103, 106, 107, 112, 113, 115, 116, 117, 118, 119, 121, 122, 123, 128, 130, 132, 136, 140, 143, 144, 145, 147, 149, 150, 151, 155, 156, 158, 159, 163, 164, 165, 168, 169, 171, 174, 176, 178, 179, 181, 185, 187, 189, 190, 192, 195, 196, 197, 198, 199, 202, 204, 209, 212, 215, 216, 217, 218, 219, 220, 221, 222, 223, 224, 225, 227, 228, 229, 230, 234, 235, 238, 239, 240, 241, 242, 243, 244, 247, 249, 252, 253]
node= 4 | level=2 | parent=   1 | left=   5 | right=   6 | size=128 | indici originali=[3, 5, 11, 13, 14, 17, 20, 22, 23, 25, 26, 29, 33, 35, 40, 41, 46, 47, 51, 52, 53, 54, 55, 58, 59, 61, 62, 63, 64, 66, 67, 70, 71, 72, 73, 74, 75, 76, 77, 79, 80, 81, 83, 85, 86, 87, 88, 89, 90, 92, 93, 95, 97, 98, 99, 100, 101, 102, 104, 105, 108, 109, 110, 111, 114, 120, 124, 125, 126, 127, 129, 131, 133, 134, 137, 138, 139, 141, 142, 146, 148, 152, 153, 154, 157, 160, 161, 162, 166, 167, 170, 172, 173, 175, 177, 180, 182, 183, 184, 186, 188, 191, 193, 194, 200, 201, 203, 205, 206, 207, 208, 210, 211, 213, 214, 226, 231, 232, 233, 236, 237, 245, 246, 248, 250, 251, 254, 255]
node= 5 | level=3 | parent=   4 | left=  11 | right=  12 | size=122 | indici originali=[3, 5, 11, 13, 14, 17, 20, 22, 23, 25, 26, 29, 33, 35, 40, 46, 47, 51, 52, 53, 54, 55, 58, 59, 61, 62, 63, 64, 66, 67, 70, 71, 72, 73, 74, 75, 76, 77, 79, 80, 81, 83, 85, 86, 87, 89, 90, 92, 93, 95, 97, 98, 99, 100, 101, 102, 104, 105, 108, 109, 110, 111, 114, 120, 124, 125, 126, 127, 129, 131, 133, 134, 137, 139, 141, 142, 146, 148, 152, 153, 154, 157, 160, 161, 162, 170, 172, 173, 175, 177, 180, 182, 183, 184, 186, 188, 191, 193, 194, 200, 203, 205, 206, 207, 208, 210, 211, 213, 214, 226, 231, 232, 233, 236, 237, 245, 246, 248, 250, 251, 254, 255]
node= 6 | level=3 | parent=   4 | left=None | right=None | size= 6 | indici originali=[41, 88, 138, 166, 167, 201]
node= 7 | level=3 | parent=   3 | left=   9 | right=  10 | size=123 | indici originali=[0, 1, 2, 4, 6, 7, 8, 9, 10, 12, 15, 16, 18, 19, 21, 24, 27, 28, 31, 32, 34, 36, 37, 38, 39, 42, 43, 44, 45, 48, 49, 50, 56, 57, 60, 65, 68, 69, 78, 82, 84, 91, 94, 96, 103, 106, 107, 112, 113, 115, 116, 118, 119, 121, 122, 123, 128, 130, 132, 136, 140, 143, 144, 145, 147, 149, 150, 151, 155, 156, 158, 159, 163, 164, 165, 168, 169, 171, 174, 176, 179, 181, 185, 187, 189, 190, 192, 195, 196, 197, 198, 199, 202, 204, 209, 212, 215, 216, 217, 218, 219, 220, 221, 222, 223, 224, 225, 227, 228, 229, 230, 234, 235, 238, 239, 240, 241, 242, 243, 244, 247, 252, 253]
node= 8 | level=3 | parent=   3 | left=None | right=None | size= 3 | indici originali=[117, 178, 249]
node= 9 | level=4 | parent=   7 | left=  13 | right=  14 | size=117 | indici originali=[0, 1, 2, 4, 6, 7, 8, 9, 10, 12, 16, 18, 19, 21, 24, 27, 28, 31, 32, 34, 36, 37, 38, 39, 42, 43, 44, 45, 48, 49, 50, 56, 57, 60, 68, 69, 78, 82, 84, 91, 94, 96, 103, 106, 107, 112, 113, 116, 118, 119, 121, 122, 123, 128, 130, 132, 136, 140, 143, 145, 147, 149, 150, 151, 155, 156, 158, 159, 163, 164, 165, 168, 169, 171, 174, 179, 181, 185, 189, 190, 192, 195, 196, 197, 198, 199, 202, 204, 209, 212, 215, 216, 217, 218, 219, 220, 221, 222, 223, 224, 225, 227, 228, 229, 230, 234, 235, 238, 239, 240, 241, 242, 243, 244, 247, 252, 253]
node=10 | level=4 | parent=   7 | left=None | right=None | size= 6 | indici originali=[15, 65, 115, 144, 176, 187]
node=11 | level=4 | parent=   5 | left=  15 | right=  16 | size=113 | indici originali=[3, 5, 11, 13, 14, 17, 20, 22, 25, 26, 29, 33, 35, 40, 46, 47, 51, 53, 54, 55, 58, 59, 61, 62, 63, 64, 66, 67, 70, 71, 72, 73, 74, 75, 76, 77, 79, 80, 81, 83, 85, 87, 90, 92, 93, 95, 97, 98, 99, 100, 101, 102, 104, 105, 108, 109, 110, 111, 114, 120, 124, 125, 126, 127, 129, 131, 134, 137, 139, 141, 142, 148, 153, 154, 157, 160, 161, 162, 170, 172, 173, 175, 177, 180, 182, 183, 184, 186, 188, 191, 193, 194, 200, 203, 205, 206, 207, 208, 210, 211, 213, 214, 226, 231, 232, 233, 236, 237, 248, 250, 251, 254, 255]
node=12 | level=4 | parent=   5 | left=None | right=None | size= 9 | indici originali=[23, 52, 86, 89, 133, 146, 152, 245, 246]
node=13 | level=5 | parent=   9 | left=  17 | right=  18 | size=111 | indici originali=[0, 1, 4, 6, 7, 8, 10, 12, 16, 18, 19, 21, 24, 27, 28, 31, 32, 34, 36, 37, 38, 39, 42, 43, 44, 45, 48, 49, 50, 56, 57, 60, 68, 69, 78, 82, 84, 91, 94, 96, 103, 106, 107, 112, 113, 116, 118, 119, 121, 122, 123, 128, 130, 132, 136, 140, 143, 145, 147, 149, 150, 151, 155, 156, 158, 159, 164, 165, 168, 169, 171, 174, 179, 181, 189, 190, 192, 195, 196, 197, 198, 199, 202, 204, 209, 212, 215, 216, 217, 218, 219, 220, 221, 222, 223, 224, 225, 227, 228, 230, 234, 235, 238, 239, 240, 241, 242, 243, 244, 247, 253]
node=14 | level=5 | parent=   9 | left=None | right=None | size= 6 | indici originali=[2, 9, 163, 185, 229, 252]
node=15 | level=5 | parent=  11 | left=  25 | right=  26 | size=99 | indici originali=[3, 5, 13, 14, 17, 22, 25, 33, 35, 40, 46, 47, 51, 53, 54, 55, 58, 59, 61, 63, 64, 66, 67, 70, 71, 72, 73, 74, 75, 76, 79, 80, 81, 85, 87, 90, 92, 93, 97, 98, 99, 100, 101, 102, 104, 105, 109, 110, 111, 114, 120, 124, 125, 127, 129, 131, 134, 137, 139, 141, 142, 148, 153, 154, 157, 160, 161, 162, 170, 172, 173, 175, 177, 180, 182, 183, 184, 186, 188, 191, 193, 194, 200, 205, 206, 208, 210, 211, 213, 214, 226, 232, 233, 236, 237, 248, 250, 254, 255]
node=16 | level=5 | parent=  11 | left=None | right=None | size=14 | indici originali=[11, 20, 26, 29, 62, 77, 83, 95, 108, 126, 203, 207, 231, 251]
node=17 | level=6 | parent=  13 | left=  19 | right=  20 | size=107 | indici originali=[0, 4, 6, 7, 8, 10, 12, 16, 18, 19, 24, 27, 28, 31, 32, 36, 37, 38, 39, 42, 43, 44, 45, 48, 49, 50, 56, 57, 60, 68, 69, 78, 82, 84, 91, 94, 96, 103, 106, 107, 112, 113, 116, 118, 119, 121, 122, 123, 128, 130, 132, 136, 140, 143, 145, 147, 149, 150, 151, 155, 156, 158, 159, 164, 165, 168, 169, 171, 174, 179, 181, 189, 190, 192, 195, 196, 197, 198, 199, 202, 204, 209, 212, 215, 216, 217, 218, 219, 220, 221, 222, 223, 224, 225, 227, 228, 230, 234, 235, 238, 240, 241, 242, 243, 244, 247, 253]
node=18 | level=6 | parent=  13 | left=None | right=None | size= 4 | indici originali=[1, 21, 34, 239]
node=19 | level=7 | parent=  17 | left=  21 | right=  22 | size=104 | indici originali=[0, 4, 6, 7, 8, 10, 12, 16, 18, 19, 24, 27, 28, 31, 32, 37, 38, 39, 42, 43, 44, 45, 48, 49, 50, 56, 57, 60, 68, 69, 78, 82, 84, 91, 94, 96, 103, 106, 107, 112, 113, 116, 118, 119, 121, 122, 123, 128, 130, 132, 136, 140, 143, 145, 147, 149, 150, 151, 155, 156, 158, 159, 164, 165, 168, 169, 171, 174, 179, 181, 189, 190, 192, 195, 196, 198, 199, 202, 204, 209, 212, 215, 216, 217, 218, 219, 220, 221, 222, 223, 224, 225, 227, 228, 230, 234, 235, 240, 241, 242, 243, 244, 247, 253]
node=20 | level=7 | parent=  17 | left=None | right=None | size= 3 | indici originali=[36, 197, 238]
node=21 | level=8 | parent=  19 | left=  23 | right=  24 | size=101 | indici originali=[0, 4, 6, 7, 8, 10, 12, 16, 18, 19, 24, 27, 28, 31, 32, 37, 38, 39, 42, 44, 45, 48, 49, 50, 56, 57, 60, 68, 69, 78, 82, 84, 91, 94, 96, 103, 106, 107, 112, 113, 116, 118, 119, 121, 123, 128, 130, 132, 136, 140, 143, 145, 147, 149, 150, 151, 155, 156, 158, 159, 164, 165, 168, 169, 171, 174, 179, 181, 189, 190, 192, 195, 196, 198, 199, 202, 204, 209, 212, 215, 216, 217, 218, 219, 220, 221, 222, 223, 225, 227, 228, 230, 234, 235, 240, 241, 242, 243, 244, 247, 253]
node=22 | level=8 | parent=  19 | left=None | right=None | size= 3 | indici originali=[43, 122, 224]
node=23 | level=9 | parent=  21 | left=  29 | right=  30 | size=82 | indici originali=[0, 4, 6, 7, 8, 10, 12, 16, 18, 19, 24, 31, 32, 38, 39, 42, 44, 45, 48, 49, 50, 56, 60, 68, 69, 78, 82, 91, 94, 96, 106, 112, 116, 119, 121, 123, 128, 132, 136, 140, 143, 145, 149, 150, 151, 156, 158, 159, 165, 168, 169, 171, 174, 179, 190, 192, 195, 196, 198, 199, 202, 204, 212, 215, 216, 217, 218, 219, 220, 221, 222, 223, 225, 227, 228, 230, 234, 240, 242, 243, 244, 253]
node=24 | level=9 | parent=  21 | left=None | right=None | size=19 | indici originali=[27, 28, 37, 57, 84, 103, 107, 113, 118, 130, 147, 155, 164, 181, 189, 209, 235, 241, 247]
node=25 | level=6 | parent=  15 | left=  27 | right=  28 | size=96 | indici originali=[3, 5, 13, 14, 17, 22, 25, 33, 35, 40, 46, 47, 51, 53, 54, 55, 58, 59, 61, 63, 64, 66, 67, 70, 71, 72, 73, 74, 75, 76, 79, 80, 81, 85, 87, 90, 92, 93, 98, 99, 100, 101, 102, 104, 105, 109, 110, 111, 114, 120, 125, 127, 129, 131, 134, 137, 139, 141, 142, 148, 153, 154, 157, 160, 161, 162, 170, 172, 173, 175, 177, 180, 182, 183, 184, 186, 188, 191, 193, 194, 200, 206, 208, 210, 211, 213, 214, 226, 232, 233, 236, 237, 248, 250, 254, 255]
node=26 | level=6 | parent=  15 | left=None | right=None | size= 3 | indici originali=[97, 124, 205]
node=27 | level=7 | parent=  25 | left=None | right=None | size=77 | indici originali=[3, 13, 14, 17, 22, 25, 33, 35, 46, 47, 53, 54, 55, 58, 59, 61, 63, 64, 66, 67, 70, 71, 72, 73, 75, 76, 79, 80, 85, 90, 92, 93, 98, 100, 101, 102, 105, 109, 111, 114, 120, 127, 129, 131, 139, 141, 142, 148, 154, 160, 161, 162, 170, 173, 175, 177, 180, 182, 183, 184, 188, 191, 193, 194, 200, 206, 208, 210, 211, 214, 226, 232, 233, 248, 250, 254, 255]
node=28 | level=7 | parent=  25 | left=None | right=None | size=19 | indici originali=[5, 40, 51, 74, 81, 87, 99, 104, 110, 125, 134, 137, 153, 157, 172, 186, 213, 236, 237]
node=29 | level=10 | parent=  23 | left=None | right=None | size=69 | indici originali=[0, 4, 6, 7, 8, 10, 16, 18, 19, 24, 31, 38, 39, 42, 44, 45, 48, 50, 56, 60, 68, 69, 78, 91, 94, 112, 119, 121, 123, 128, 132, 136, 140, 143, 145, 151, 156, 158, 159, 165, 168, 174, 179, 190, 192, 195, 196, 198, 199, 202, 204, 212, 215, 217, 218, 219, 220, 222, 223, 225, 227, 228, 230, 234, 240, 242, 243, 244, 253]
node=30 | level=10 | parent=  23 | left=None | right=None | size=13 | indici originali=[12, 32, 49, 82, 96, 106, 116, 149, 150, 169, 171, 216, 221]
End: Fri Aug  7 15:09:54 CEST 2026
