Job ID: 78215
Node: acnode03.e4red
CUDA_VISIBLE_DEVICES=0
Start: Thu Aug  6 10:27:24 CEST 2026
density: 100.0

========================================================================
MATRICE QUBO ORIGINALE
========================================================================
Shape                 : (32, 32)
Numero di variabili   : 32
Numero di cluster     : 4
Dimensione dei blocchi: 8
Matrice simmetrica    : True
Cluster ottimali      : [array([ 9, 10, 12, 16, 17, 19, 26, 31]), array([ 1,  4,  5,  8, 13, 14, 27, 28]), array([ 3, 11, 15, 20, 22, 23, 25, 30]), array([ 0,  2,  6,  7, 18, 21, 24, 29])]
[GMC-CPU] iter=1 components=1 lambda=2
[GMC-CPU] iter=2 components=1 lambda=4
[GMC-CPU] iter=3 components=2 lambda=8
[GMC-CPU] iter=4 components=4 lambda=8
[GMC-CPU] iter=1 components=1 lambda=2
[GMC-CPU] iter=2 components=2 lambda=2
[Hierarchy-CPU] node=0 components=2 leaves=2 target=4
[GMC-CPU] iter=1 components=1 lambda=2
[GMC-CPU] iter=2 components=1 lambda=4
[GMC-CPU] iter=3 components=1 lambda=8
[GMC-CPU] iter=4 components=2 lambda=8
[Hierarchy-CPU] node=2 components=2 leaves=3 target=4
[GMC-CPU] iter=1 components=1 lambda=2
[GMC-CPU] iter=2 components=1 lambda=4
[GMC-CPU] iter=3 components=1 lambda=8
[GMC-CPU] iter=4 components=2 lambda=8
[Hierarchy-CPU] node=3 components=2 leaves=4 target=4
GPU disponibile.

Esecuzione del GMC GPU in modalità parallela.
[Hierarchy-GPU] level=0 nodes=1 workers=1 sizes=[32]
[Hierarchy-GPU] level=0 completed leaves=2/4 time=0.207076s
[Hierarchy-GPU] level=1 nodes=2 workers=2 sizes=[25, 7]
[Hierarchy-GPU] level=1 completed leaves=4/4 time=0.082934s

========================================================================
TEMPI DI ESECUZIONE
========================================================================
GMC diretto: 0.002554 secondi
BinaryHierarchicalGMC: 0.005347 secondi
BinaryHierarchicalGMCGPU: 0.592603 secondi

========================================================================
CONFRONTO DEI RISULTATI
========================================================================
Dimensioni Binary originale : [7, 12, 8, 5]
Dimensioni Binary bilanciato: [8, 8, 8, 8]
Dimensioni Binary GPU: [2, 5, 20, 5]
Dimensioni Binary GPU bilanciato: [8, 8, 8, 8]

Adjusted Rand Index
-------------------
GMC diretto             : 0.712284
Binary originale        : 0.340897
Binary bilanciato       : 0.261905
Binary GPU bilanciato   : 0.284176

Differenze
----------
Diretto - Binary bilanciato      : +0.450379
Binary bilanciato - originale    : -0.078992
Diretto - Binary GPU bilanciato  : +0.381183

Cluster Binary originali
------------------------
Cluster 0: [24, 25, 26, 27, 28, 29, 31], size=7
Cluster 1: [0, 3, 4, 5, 6, 12, 14, 15, 18, 20, 21, 22], size=12
Cluster 2: [1, 2, 7, 16, 17, 19, 23, 30], size=8
Cluster 3: [8, 9, 10, 11, 13], size=5

Cluster Binary bilanciati
-------------------------
Cluster 0: [15, 24, 25, 26, 27, 28, 29, 31], size=8
Cluster 1: [0, 3, 4, 5, 12, 18, 21, 22], size=8
Cluster 2: [1, 6, 14, 16, 17, 20, 23, 30], size=8
Cluster 3: [2, 7, 8, 9, 10, 11, 13, 19], size=8

Cluster Binary GPU originali
------------------------
Cluster 0: [15, 24, 25, 26, 27, 28, 29, 31], size=8
Cluster 1: [0, 4, 5, 12, 16, 17, 23, 30], size=8
Cluster 2: [1, 2, 3, 7, 18, 20, 21, 22], size=8
Cluster 3: [6, 8, 9, 10, 11, 13, 14, 19], size=8

Cluster Binary GPU bilanciati
------------------------------
Cluster 0: [15, 24, 25, 26, 27, 28, 29, 31], size=8
Cluster 1: [0, 4, 5, 12, 16, 17, 23, 30], size=8
Cluster 2: [1, 2, 3, 7, 18, 20, 21, 22], size=8
Cluster 3: [6, 8, 9, 10, 11, 13, 14, 19], size=8

========================================================================
LABEL NELL'ORDINE PERMUTATO
========================================================================
Ground truth:
[3 1 3 2 1 1 3 3 1 0 0 2 0 1 1 2 0 0 3 0 2 3 2 2 3 2 0 1 1 3 2 0]

GMC diretto:
[0 1 0 1 2 2 2 0 1 3 3 1 3 2 2 1 3 3 0 3 1 0 1 1 0 1 3 2 1 0 1 3]

Binary originale:
[0 1 0 2 3 3 2 0 1 1 1 2 1 3 3 2 2 2 0 1 1 0 1 1 0 1 2 3 1 0 2 1]

Binary bilanciato:
[0 0 0 2 3 3 2 0 1 1 1 2 1 3 3 2 2 3 0 1 1 0 1 1 0 2 3 3 2 0 3 2]

========================================================================
STRUTTURA DELL'ALBERO BINARY
========================================================================
node= 0 | level=0 | parent=None | left=   1 | right=   2 | size=32 | indici originali=[0, 1, 2, 3, 4, 5, 6, 7, 8, 9, 10, 11, 12, 13, 14, 15, 16, 17, 18, 19, 20, 21, 22, 23, 24, 25, 26, 27, 28, 29, 30, 31]
node= 1 | level=1 | parent=   0 | left=None | right=None | size= 7 | indici originali=[24, 25, 26, 27, 28, 29, 31]
node= 2 | level=1 | parent=   0 | left=   3 | right=   4 | size=25 | indici originali=[0, 1, 2, 3, 4, 5, 6, 7, 8, 9, 10, 11, 12, 13, 14, 15, 16, 17, 18, 19, 20, 21, 22, 23, 30]
node= 3 | level=2 | parent=   2 | left=   5 | right=   6 | size=20 | indici originali=[0, 1, 2, 3, 4, 5, 6, 7, 12, 14, 15, 16, 17, 18, 19, 20, 21, 22, 23, 30]
node= 4 | level=2 | parent=   2 | left=None | right=None | size= 5 | indici originali=[8, 9, 10, 11, 13]
node= 5 | level=3 | parent=   3 | left=None | right=None | size=12 | indici originali=[0, 3, 4, 5, 6, 12, 14, 15, 18, 20, 21, 22]
node= 6 | level=3 | parent=   3 | left=None | right=None | size= 8 | indici originali=[1, 2, 7, 16, 17, 19, 23, 30]
End: Thu Aug  6 10:27:27 CEST 2026
