Job ID: 78538
Node: acnode03.e4red
Start: Tue Aug 11 21:41:00 CEST 2026
density: 100.0

========================================================================
ORIGINAL QUBO MATRIX
========================================================================
Shape                 : (1024, 1024)
Number of variables   : 1024
Number of clusters     : 8
Dimension of blocks: 128
Symmetric matrix    : True
Optimal clusters      : [array([   3,    8,   11,   13,   20,   52,   55,   59,   65,   68,   69,   72,   90,   95,   97,  101,  112,  113,  114,  123,  151,  152,
        154,  155,  157,  175,  191,  219,  220,  230,  247,  249,  258,  264,  265,  267,  275,  278,  290,  295,  298,  318,  340,  347,
        355,  364,  369,  375,  388,  398,  402,  417,  419,  421,  426,  434,  446,  452,  453,  461,  488,  489,  493,  494,  499,  501,
        510,  511,  514,  525,  533,  543,  545,  551,  558,  563,  564,  567,  572,  587,  590,  598,  605,  617,  618,  624,  636,  641,
        643,  653,  659,  681,  684,  691,  692,  700,  702,  734,  744,  778,  823,  828,  837,  853,  862,  868,  869,  874,  887,  895,
        897,  899,  906,  931,  934,  939,  941,  948,  955,  983,  989, 1007, 1009, 1014, 1016, 1018, 1019, 1023]), array([  36,   39,   47,   56,   61,   64,   85,   91,  117,  129,  133,  138,  141,  145,  146,  159,  163,  173,  205,  223,  226,  228,
        231,  241,  243,  245,  253,  260,  292,  296,  302,  304,  308,  312,  319,  336,  339,  341,  349,  363,  371,  377,  381,  385,
        387,  390,  394,  396,  397,  405,  406,  408,  409,  412,  416,  462,  466,  474,  481,  482,  515,  529,  530,  541,  550,  554,
        556,  574,  586,  593,  606,  607,  612,  620,  623,  627,  638,  640,  652,  658,  667,  675,  677,  682,  693,  696,  705,  716,
        724,  725,  733,  737,  739,  745,  746,  748,  755,  762,  780,  787,  803,  824,  826,  830,  839,  846,  852,  872,  873,  876,
        886,  890,  898,  902,  904,  914,  922,  923,  940,  954,  960,  969,  976,  988,  992,  995, 1004, 1012]), array([   1,   10,   16,   22,   23,   26,   27,   33,   35,   49,   54,   57,   70,   80,   83,   87,   93,   99,  104,  108,  130,  134,
        135,  166,  172,  181,  184,  185,  186,  194,  197,  203,  206,  214,  216,  221,  225,  232,  236,  251,  255,  259,  261,  263,
        266,  274,  282,  283,  286,  293,  303,  306,  326,  342,  344,  351,  356,  372,  373,  376,  378,  380,  433,  435,  439,  451,
        455,  456,  457,  458,  460,  463,  486,  502,  523,  524,  527,  534,  537,  547,  555,  570,  571,  573,  579,  582,  583,  591,
        597,  613,  619,  628,  649,  657,  661,  706,  712,  714,  730,  732,  741,  742,  774,  784,  790,  795,  796,  800,  801,  807,
        879,  880,  901,  908,  912,  921,  947,  949,  952,  956,  959,  990,  993, 1000, 1002, 1008, 1011, 1020]), array([   2,    6,   17,   18,   34,   38,   44,   45,   62,   71,   88,   89,   98,  127,  131,  139,  158,  164,  165,  176,  177,  183,
        189,  192,  199,  207,  212,  235,  270,  276,  277,  284,  285,  294,  310,  323,  330,  335,  343,  346,  353,  362,  365,  379,
        382,  386,  400,  404,  414,  423,  443,  471,  478,  480,  487,  492,  495,  496,  497,  498,  512,  516,  518,  538,  549,  553,
        557,  565,  580,  594,  595,  602,  642,  648,  655,  662,  670,  685,  686,  694,  703,  715,  722,  731,  743,  747,  749,  757,
        771,  773,  776,  777,  792,  802,  806,  808,  843,  847,  849,  866,  867,  877,  881,  883,  885,  888,  900,  916,  917,  926,
        928,  933,  944,  945,  946,  958,  965,  967,  980,  982,  984,  991,  996,  998,  999, 1010, 1013, 1022]), array([   0,    4,    5,   14,   24,   30,   37,   40,   43,   48,   73,   74,   84,   92,   94,  105,  119,  126,  150,  162,  168,  179,
        180,  187,  188,  193,  200,  202,  211,  215,  218,  227,  250,  262,  271,  272,  273,  279,  280,  289,  297,  301,  307,  313,
        315,  316,  322,  325,  327,  329,  331,  332,  345,  383,  389,  395,  420,  422,  424,  427,  428,  429,  430,  436,  440,  444,
        449,  464,  467,  470,  472,  473,  477,  479,  490,  491,  507,  509,  513,  522,  532,  539,  544,  560,  561,  584,  603,  615,
        625,  626,  634,  646,  673,  688,  708,  709,  713,  720,  736,  740,  756,  768,  782,  798,  799,  809,  814,  819,  821,  827,
        829,  838,  841,  844,  857,  859,  865,  884,  892,  924,  932,  937,  951,  957,  970,  972,  985, 1015]), array([   7,    9,   12,   15,   19,   25,   31,   51,   53,   58,   66,   67,   75,   78,   86,  109,  111,  118,  121,  122,  125,  132,
        136,  140,  143,  160,  167,  182,  204,  209,  210,  213,  224,  229,  239,  244,  254,  305,  317,  338,  352,  359,  384,  393,
        399,  401,  410,  411,  418,  431,  438,  441,  454,  468,  469,  475,  476,  483,  500,  508,  535,  546,  562,  566,  577,  578,
        581,  604,  609,  616,  630,  631,  633,  639,  647,  650,  651,  665,  666,  679,  683,  690,  697,  704,  707,  711,  718,  723,
        728,  729,  760,  763,  779,  783,  789,  791,  794,  797,  817,  825,  831,  836,  840,  842,  850,  855,  858,  860,  861,  864,
        882,  889,  903,  909,  910,  911,  913,  915,  925,  927,  963,  974,  979,  981,  987, 1003, 1005, 1017]), array([  28,   42,   63,   77,   79,   81,  100,  102,  115,  116,  120,  147,  153,  156,  169,  170,  174,  198,  208,  217,  222,  233,
        234,  237,  248,  281,  287,  288,  320,  324,  348,  354,  360,  366,  407,  415,  425,  445,  447,  450,  459,  465,  506,  517,
        536,  540,  542,  548,  552,  559,  568,  576,  588,  589,  596,  599,  600,  601,  608,  611,  614,  621,  629,  645,  654,  664,
        668,  669,  672,  678,  680,  687,  689,  699,  701,  710,  717,  721,  726,  735,  750,  751,  753,  758,  759,  765,  766,  769,
        770,  775,  781,  786,  788,  805,  811,  815,  816,  818,  822,  833,  834,  848,  851,  854,  863,  870,  871,  878,  893,  896,
        905,  907,  919,  920,  929,  930,  943,  953,  961,  964,  968,  971,  977,  986,  997, 1001, 1006, 1021]), array([ 21,  29,  32,  41,  46,  50,  60,  76,  82,  96, 103, 106, 107, 110, 124, 128, 137, 142, 144, 148, 149, 161, 171, 178, 190, 195,
       196, 201, 238, 240, 242, 246, 252, 256, 257, 268, 269, 291, 299, 300, 309, 311, 314, 321, 328, 333, 334, 337, 350, 357, 358, 361,
       367, 368, 370, 374, 391, 392, 403, 413, 432, 437, 442, 448, 484, 485, 503, 504, 505, 519, 520, 521, 526, 528, 531, 569, 575, 585,
       592, 610, 622, 632, 635, 637, 644, 656, 660, 663, 671, 674, 676, 695, 698, 719, 727, 738, 752, 754, 761, 764, 767, 772, 785, 793,
       804, 810, 812, 813, 820, 832, 835, 845, 856, 875, 891, 894, 918, 935, 936, 938, 942, 950, 962, 966, 973, 975, 978, 994])]
[GMC-CPU] iter=1 components=1 consecutive=0lambda=2eigenvalues=[-4.498108943422472e-16, 0.0030263767686956153, 0.004442057133218916, 0.005150137466494342, 0.005840648415119344, 0.006633036434321797, 0.007410450409470526, 0.007469647345095604]
[GMC-CPU] iter=2 components=1 consecutive=1lambda=4eigenvalues=[5.465305142263647e-16, 0.0024492479813712346, 0.003729366111530419, 0.004329112478727873, 0.005028604410017044, 0.005843636433600873, 0.006464911318349257, 0.00654063891738103]
[GMC-CPU] iter=3 components=1 consecutive=2lambda=8eigenvalues=[-5.714194503017622e-17, 0.0013890927252537435, 0.002500019214401023, 0.002937012277605798, 0.0036058440286916267, 0.004445280944027508, 0.00479755127659862, 0.005026509443646807]
[GMC-CPU] iter=4 components=1 consecutive=3lambda=16eigenvalues=[7.464534025403777e-16, 0.00042473685961443713, 0.0010234760888184688, 0.0013996491633963912, 0.001810569000916677, 0.002663165978981188, 0.0028588091718373546, 0.003151828630540453]
[GMC-CPU] iter=5 components=2 consecutive=0lambda=32eigenvalues=[1.1610926837179095e-16, 1.1610926837179095e-16, 6.835831446551919e-05, 0.00019977537749869974, 0.00026031938055510014, 0.000785105133957085, 0.0010879312900511238, 0.0016463031266771633]
[GMC-CPU] iter=6 components=6 consecutive=0lambda=64eigenvalues=[3.79845136887332e-16, 3.79845136887332e-16, 3.79845136887332e-16, 3.79845136887332e-16, 3.79845136887332e-16, 3.79845136887332e-16, 0.00016795940395528634, 0.00051632086194944]
[GMC-CPU] iter=7 components=8 consecutive=0lambda=64eigenvalues=[-9.08463746844522e-16, -9.08463746844522e-16, 5.86046401762848e-16, 5.86046401762848e-16, 5.86046401762848e-16, 5.86046401762848e-16, 5.86046401762848e-16, 5.86046401762848e-16]
Ending Direct GMC.
[GMC-CPU] iter=1 components=1 consecutive=0lambda=2eigenvalues=[1.9868043285734573e-16, 0.003403728895687691]
[GMC-CPU] iter=2 components=1 consecutive=1lambda=4eigenvalues=[-8.733621020141152e-17, 0.0031451820065853072]
[GMC-CPU] iter=3 components=1 consecutive=2lambda=8eigenvalues=[1.0517430068450016e-15, 0.0026024070164267555]
[GMC-CPU] iter=4 components=1 consecutive=3lambda=16eigenvalues=[2.3221248701694026e-16, 0.0015274205150136743]
[GMC-CPU] iter=5 components=1 consecutive=4lambda=32eigenvalues=[5.648822019439462e-16, 0.0006065445421706995]
[GMC-CPU] iter=6 components=2 consecutive=0lambda=32eigenvalues=[2.8670503656061e-17, 2.8670503656061e-17]
[Hierarchy-CPU] node=0 components=2 leaves=2 size=[896, 128]  target=8 
[GMC-CPU] iter=1 components=1 consecutive=0lambda=2eigenvalues=[-1.8728767141426515e-16, 0.004182572733504428]
[GMC-CPU] iter=2 components=1 consecutive=1lambda=4eigenvalues=[8.622273654316577e-16, 0.003990179556831115]
[GMC-CPU] iter=3 components=1 consecutive=2lambda=8eigenvalues=[-8.506684723127723e-16, 0.0036710895807528657]
[GMC-CPU] iter=4 components=1 consecutive=3lambda=16eigenvalues=[5.201694485049029e-16, 0.003022485542687676]
[GMC-CPU] iter=5 components=1 consecutive=4lambda=32eigenvalues=[2.1441304814093165e-17, 0.002133496232268441]
[GMC-CPU] iter=6 components=1 consecutive=5lambda=64eigenvalues=[-4.1943233922697633e-16, 0.0009653693804506987]
[GMC-CPU] iter=7 components=2 consecutive=0lambda=64eigenvalues=[2.4620262184902583e-16, 2.4620262184902583e-16]
[Hierarchy-CPU] node=1 components=2 leaves=3 size=[128, 768]  target=8 
[GMC-CPU] iter=1 components=1 consecutive=0lambda=2eigenvalues=[7.756347378922481e-17, 0.004010191617579366]
[GMC-CPU] iter=2 components=1 consecutive=1lambda=4eigenvalues=[-3.1952265721108554e-16, 0.003818204112095421]
[GMC-CPU] iter=3 components=1 consecutive=2lambda=8eigenvalues=[-3.5511342945794314e-16, 0.0034342140130248374]
[GMC-CPU] iter=4 components=1 consecutive=3lambda=16eigenvalues=[-5.268894016276873e-16, 0.0028353941289051485]
[GMC-CPU] iter=5 components=1 consecutive=4lambda=32eigenvalues=[2.987610581228864e-16, 0.00196169415991037]
[GMC-CPU] iter=6 components=1 consecutive=5lambda=64eigenvalues=[5.080703918429377e-16, 0.0008658251670828284]
[GMC-CPU] iter=7 components=1 consecutive=6lambda=128eigenvalues=[-1.7562383291165018e-16, 0.00032781260786315795]
[GMC-CPU] iter=8 components=2 consecutive=0lambda=128eigenvalues=[-4.1667069721409067e-16, 1.0753985776740948e-15]
[Hierarchy-CPU] node=4 components=2 leaves=4 size=[512, 256]  target=8 
[GMC-CPU] iter=1 components=1 consecutive=0lambda=2eigenvalues=[6.594788185116821e-16, 0.004199475470974276]
[GMC-CPU] iter=2 components=1 consecutive=1lambda=4eigenvalues=[-6.390934488244839e-17, 0.003929883362060781]
[GMC-CPU] iter=3 components=1 consecutive=2lambda=8eigenvalues=[4.464544556748248e-16, 0.0034152241053785354]
[GMC-CPU] iter=4 components=1 consecutive=3lambda=16eigenvalues=[4.06486453894243e-16, 0.0026255745025597363]
[GMC-CPU] iter=5 components=1 consecutive=4lambda=32eigenvalues=[-5.918952312720417e-16, 0.0014389358938513334]
[GMC-CPU] iter=6 components=1 consecutive=5lambda=64eigenvalues=[3.6702646868295897e-16, 0.0006122471654824101]
[GMC-CPU] iter=7 components=2 consecutive=0lambda=64eigenvalues=[-1.1489071588857788e-15, 3.9922224788618103e-16]
[Hierarchy-CPU] node=5 components=2 leaves=5 size=[128, 384]  target=8 
[GMC-CPU] iter=1 components=1 consecutive=0lambda=2eigenvalues=[-2.2830518890546046e-17, 0.0036683898579261977]
[GMC-CPU] iter=2 components=1 consecutive=1lambda=4eigenvalues=[-2.9976997715684496e-16, 0.0034938620716997376]
[GMC-CPU] iter=3 components=1 consecutive=2lambda=8eigenvalues=[-1.7495138571696556e-16, 0.0031311137420892855]
[GMC-CPU] iter=4 components=1 consecutive=3lambda=16eigenvalues=[-3.095908682833117e-16, 0.0025356389301438164]
[GMC-CPU] iter=5 components=1 consecutive=4lambda=32eigenvalues=[-1.146778080832043e-16, 0.0015967825840803472]
[GMC-CPU] iter=6 components=1 consecutive=5lambda=64eigenvalues=[4.521522007147331e-17, 0.0006058948954509689]
[GMC-CPU] iter=7 components=2 consecutive=0lambda=64eigenvalues=[-7.088100239294113e-16, 5.14771923999669e-16]
[Hierarchy-CPU] node=8 components=2 leaves=6 size=[128, 256]  target=8 
[GMC-CPU] iter=1 components=1 consecutive=0lambda=2eigenvalues=[-4.706020406896396e-17, 0.0031073346388514186]
[GMC-CPU] iter=2 components=1 consecutive=1lambda=4eigenvalues=[2.760319168916288e-16, 0.0026674125367571787]
[GMC-CPU] iter=3 components=1 consecutive=2lambda=8eigenvalues=[3.528632097491581e-16, 0.0018928363162357405]
[GMC-CPU] iter=4 components=1 consecutive=3lambda=16eigenvalues=[9.085746756002983e-16, 0.0006570087772459516]
[GMC-CPU] iter=5 components=2 consecutive=0lambda=16eigenvalues=[-4.0889703283337936e-16, -4.0889703283337936e-16]
[Hierarchy-CPU] node=10 components=2 leaves=7 size=[128, 128]  target=8 
[GMC-CPU] iter=1 components=1 consecutive=0lambda=2eigenvalues=[-8.361803683178154e-17, 0.0017768721868156032]
[GMC-CPU] iter=2 components=1 consecutive=1lambda=4eigenvalues=[-1.1129231666136587e-16, 0.0014355298130305511]
[GMC-CPU] iter=3 components=1 consecutive=2lambda=8eigenvalues=[3.677427696817257e-16, 0.000908464480431935]
[GMC-CPU] iter=4 components=1 consecutive=3lambda=16eigenvalues=[-6.403876014943632e-17, 0.0002295940734950456]
[GMC-CPU] iter=5 components=2 consecutive=0lambda=16eigenvalues=[-3.338417694932386e-16, 3.635210816564962e-16]
[Hierarchy-CPU] node=6 components=2 leaves=8 size=[128, 128]  target=8 
GPU available.

Execution of GPU GMC in parallel mode.
[Hierarchy-GPU] level=0 nodes=1 workers=1 sizes=[1024]
[GMC-GPU] iter=1 components=1 consecutive=0 lambda=2eigenvalues=[4.796713890539255e-17, 0.0034037289463938096]
[GMC-GPU] iter=2 components=1 consecutive=1 lambda=4eigenvalues=[-6.155221635996897e-17, 0.0031451820233664163]
[GMC-GPU] iter=3 components=1 consecutive=2 lambda=8eigenvalues=[-4.8781844667799606e-17, 0.0026024070230989678]
[GMC-GPU] iter=4 components=1 consecutive=3 lambda=16eigenvalues=[-1.7624635756894708e-16, 0.0015274205185264427]
[GMC-GPU] iter=5 components=1 consecutive=4 lambda=32eigenvalues=[-6.438922003061497e-17, 0.000606544542902376]
[GMC-GPU] iter=6 components=2 consecutive=0 lambda=32eigenvalues=[1.0829181222159485e-17, 8.0911181207637885e-16]
[Hierarchy-GPU] level=0 completed leaves=2/8 time=0.504353s
[Hierarchy-GPU] level=1 nodes=2 workers=1 sizes=[896, 128]
[GMC-GPU] iter=1 components=1 consecutive=0 lambda=2eigenvalues=[1.1381696832467196e-16, 0.004182572732976627]
[GMC-GPU] iter=2 components=1 consecutive=1 lambda=4eigenvalues=[8.934379183689721e-17, 0.00399017955754299]
[GMC-GPU] iter=3 components=1 consecutive=2 lambda=8eigenvalues=[5.97369236840892e-17, 0.0036710895817117675]
[GMC-GPU] iter=4 components=1 consecutive=3 lambda=16eigenvalues=[8.617730218983091e-17, 0.0030224855460825057]
[GMC-GPU] iter=5 components=1 consecutive=4 lambda=32eigenvalues=[-6.213168490173636e-17, 0.0021334962400394943]
[GMC-GPU] iter=6 components=1 consecutive=5 lambda=64eigenvalues=[2.851220903668376e-17, 0.0009653693902265831]
[GMC-GPU] iter=7 components=1 consecutive=6 lambda=128eigenvalues=[-1.5022992367186268e-16, 0.004117586510774809]
[GMC-GPU] iter=8 components=1 consecutive=7 lambda=256eigenvalues=[-1.127413334628507e-16, 0.0014428410578695013]
[GMC-GPU] iter=9 components=1 consecutive=8 lambda=512eigenvalues=[-1.056449943431562e-16, 9.578100175529476e-05]
[GMC-GPU] iter=10 components=1 consecutive=9 lambda=1024eigenvalues=[9.522850674684198e-17, 5.5890956767076415e-05]
[GMC-GPU] iter=11 components=1 consecutive=10 lambda=2048eigenvalues=[1.1245661762551753e-16, 0.0021417755602953963]
[GMC-GPU] iter=12 components=1 consecutive=11 lambda=4096eigenvalues=[-1.3155071961720436e-16, 0.0012034403676548574]
[GMC-GPU] iter=13 components=2 consecutive=0 lambda=4096eigenvalues=[9.425101304807707e-17, 2.01764882322814e-15]
[GMC-GPU] iter=1 components=1 consecutive=0 lambda=2eigenvalues=[-9.223905719719448e-17, 0.23183679937723561]
[GMC-GPU] iter=2 components=1 consecutive=1 lambda=4eigenvalues=[-1.1253863751879764e-18, 0.20060110146095458]
[GMC-GPU] iter=3 components=1 consecutive=2 lambda=8eigenvalues=[-1.1928939323460118e-16, 0.1480770256151556]
[GMC-GPU] iter=4 components=1 consecutive=3 lambda=16eigenvalues=[-5.160587028874127e-17, 0.08017805546071655]
[GMC-GPU] iter=5 components=1 consecutive=4 lambda=32eigenvalues=[-1.9860312734079423e-16, 0.02305899444270986]
[GMC-GPU] iter=6 components=1 consecutive=5 lambda=64eigenvalues=[2.810449442338921e-17, 0.004876320206717347]
[GMC-GPU] iter=7 components=2 consecutive=0 lambda=64eigenvalues=[-1.4698106039815026e-16, 1.2405683973575348e-16]
[Hierarchy-GPU] level=1 completed leaves=5/8 time=0.590193s
[Hierarchy-GPU] level=2 nodes=3 workers=1 sizes=[384, 384, 128]
[GMC-GPU] iter=1 components=1 consecutive=0 lambda=2eigenvalues=[2.0473532627846173e-16, 0.0018311010262237939]
[GMC-GPU] iter=2 components=1 consecutive=1 lambda=4eigenvalues=[-3.6313163039661245e-17, 0.001640963399186712]
[GMC-GPU] iter=3 components=1 consecutive=2 lambda=8eigenvalues=[-8.484052871837936e-18, 0.0012720864787099135]
[GMC-GPU] iter=4 components=1 consecutive=3 lambda=16eigenvalues=[8.792283394048237e-18, 0.0007846212049539019]
[GMC-GPU] iter=5 components=1 consecutive=4 lambda=32eigenvalues=[-7.48008027617555e-17, 0.00037379056761541727]
[GMC-GPU] iter=6 components=2 consecutive=0 lambda=32eigenvalues=[7.043696245265886e-17, 1.5406476717214496e-15]
[GMC-GPU] iter=1 components=1 consecutive=0 lambda=2eigenvalues=[-3.5698761898032755e-17, 0.003668389857927709]
[GMC-GPU] iter=2 components=1 consecutive=1 lambda=4eigenvalues=[1.163797568045737e-16, 0.003493862071651634]
[GMC-GPU] iter=3 components=1 consecutive=2 lambda=8eigenvalues=[-2.9872417232182266e-17, 0.0031311137421542496]
[GMC-GPU] iter=4 components=1 consecutive=3 lambda=16eigenvalues=[1.9527422534382585e-17, 0.0025356389307099386]
[GMC-GPU] iter=5 components=1 consecutive=4 lambda=32eigenvalues=[8.645196708302911e-17, 0.001596782584300379]
[GMC-GPU] iter=6 components=1 consecutive=5 lambda=64eigenvalues=[-4.339023271793636e-17, 0.0006058948960936309]
[GMC-GPU] iter=7 components=2 consecutive=0 lambda=64eigenvalues=[-1.326276564338939e-16, 4.128851037896081e-17]
[GMC-GPU] iter=1 components=1 consecutive=0 lambda=2eigenvalues=[9.65562228921543e-17, 0.22723927633302532]
[GMC-GPU] iter=2 components=1 consecutive=1 lambda=4eigenvalues=[9.912270676283739e-17, 0.1951896961476469]
[GMC-GPU] iter=3 components=1 consecutive=2 lambda=8eigenvalues=[7.803738301543423e-17, 0.14832073213338967]
[GMC-GPU] iter=4 components=1 consecutive=3 lambda=16eigenvalues=[-6.2812733237275e-17, 0.0848449079196625]
[GMC-GPU] iter=5 components=1 consecutive=4 lambda=32eigenvalues=[-1.4140338643177975e-16, 0.028624816941554197]
[GMC-GPU] iter=6 components=1 consecutive=5 lambda=64eigenvalues=[-2.400841991784897e-17, 0.005100191182623267]
[GMC-GPU] iter=7 components=1 consecutive=6 lambda=128eigenvalues=[-1.7828154821681286e-16, 0.0013239385306961548]
[GMC-GPU] iter=8 components=2 consecutive=0 lambda=128eigenvalues=[-5.547430227668702e-17, 8.225150747788075e-17]
[Hierarchy-GPU] level=2 completed leaves=8/8 time=0.365761s

========================================================================
EXECUTION TIMES
========================================================================
Direct GMC: 2.138296 seconds
BinaryHierarchicalGMC: 5.447228 seconds
BinaryHierarchicalGMCGPU: 1.754225 seconds

========================================================================
RESULTS COMPARISON
========================================================================
Dimension original Binary: [128, 128, 128, 128, 128, 128, 128, 128]
Dimension balanced Binary  [128, 128, 128, 128, 128, 128, 128, 128]
Dimension GPU Binary: [128, 256, 128, 256, 76, 52, 63, 65]
Dimension balanced GPU Binary: [128, 128, 128, 128, 128, 128, 128, 128]

Adjusted Rand Index
-------------------
Direct GMC             : 1.000000
Original Binary        : 1.000000
Balanced Binary       : 1.000000
Balanced GPU Binary   : 0.691930

Differences
----------
Direct - Balanced Binary      : +0.000000
Balanced Binary - Original    : +0.000000
Direct - Balanced GPU Binary  : +0.283574

Original Cluster Binary 
------------------------
Cluster 0: [512, 513, 514, 515, 516, 517, 518, 519, 520, 521, 522, 523, 524, 525, 526, 527, 528, 529, 530, 531, 532, 533, 534, 535, 536, 537, 538, 539, 540, 541, 542, 543, 544, 545, 546, 547, 548, 549, 550, 551, 552, 553, 554, 555, 556, 557, 558, 559, 560, 561, 562, 563, 564, 565, 566, 567, 568, 569, 570, 571, 572, 573, 574, 575, 576, 577, 578, 579, 580, 581, 582, 583, 584, 585, 586, 587, 588, 589, 590, 591, 592, 593, 594, 595, 596, 597, 598, 599, 600, 601, 602, 603, 604, 605, 606, 607, 608, 609, 610, 611, 612, 613, 614, 615, 616, 617, 618, 619, 620, 621, 622, 623, 624, 625, 626, 627, 628, 629, 630, 631, 632, 633, 634, 635, 636, 637, 638, 639], size=128
Cluster 1: [256, 257, 258, 259, 260, 261, 262, 263, 264, 265, 266, 267, 268, 269, 270, 271, 272, 273, 274, 275, 276, 277, 278, 279, 280, 281, 282, 283, 284, 285, 286, 287, 288, 289, 290, 291, 292, 293, 294, 295, 296, 297, 298, 299, 300, 301, 302, 303, 304, 305, 306, 307, 308, 309, 310, 311, 312, 313, 314, 315, 316, 317, 318, 319, 320, 321, 322, 323, 324, 325, 326, 327, 328, 329, 330, 331, 332, 333, 334, 335, 336, 337, 338, 339, 340, 341, 342, 343, 344, 345, 346, 347, 348, 349, 350, 351, 352, 353, 354, 355, 356, 357, 358, 359, 360, 361, 362, 363, 364, 365, 366, 367, 368, 369, 370, 371, 372, 373, 374, 375, 376, 377, 378, 379, 380, 381, 382, 383], size=128
Cluster 2: [0, 1, 2, 3, 4, 5, 6, 7, 8, 9, 10, 11, 12, 13, 14, 15, 16, 17, 18, 19, 20, 21, 22, 23, 24, 25, 26, 27, 28, 29, 30, 31, 32, 33, 34, 35, 36, 37, 38, 39, 40, 41, 42, 43, 44, 45, 46, 47, 48, 49, 50, 51, 52, 53, 54, 55, 56, 57, 58, 59, 60, 61, 62, 63, 64, 65, 66, 67, 68, 69, 70, 71, 72, 73, 74, 75, 76, 77, 78, 79, 80, 81, 82, 83, 84, 85, 86, 87, 88, 89, 90, 91, 92, 93, 94, 95, 96, 97, 98, 99, 100, 101, 102, 103, 104, 105, 106, 107, 108, 109, 110, 111, 112, 113, 114, 115, 116, 117, 118, 119, 120, 121, 122, 123, 124, 125, 126, 127], size=128
Cluster 3: [768, 769, 770, 771, 772, 773, 774, 775, 776, 777, 778, 779, 780, 781, 782, 783, 784, 785, 786, 787, 788, 789, 790, 791, 792, 793, 794, 795, 796, 797, 798, 799, 800, 801, 802, 803, 804, 805, 806, 807, 808, 809, 810, 811, 812, 813, 814, 815, 816, 817, 818, 819, 820, 821, 822, 823, 824, 825, 826, 827, 828, 829, 830, 831, 832, 833, 834, 835, 836, 837, 838, 839, 840, 841, 842, 843, 844, 845, 846, 847, 848, 849, 850, 851, 852, 853, 854, 855, 856, 857, 858, 859, 860, 861, 862, 863, 864, 865, 866, 867, 868, 869, 870, 871, 872, 873, 874, 875, 876, 877, 878, 879, 880, 881, 882, 883, 884, 885, 886, 887, 888, 889, 890, 891, 892, 893, 894, 895], size=128
Cluster 4: [128, 129, 130, 131, 132, 133, 134, 135, 136, 137, 138, 139, 140, 141, 142, 143, 144, 145, 146, 147, 148, 149, 150, 151, 152, 153, 154, 155, 156, 157, 158, 159, 160, 161, 162, 163, 164, 165, 166, 167, 168, 169, 170, 171, 172, 173, 174, 175, 176, 177, 178, 179, 180, 181, 182, 183, 184, 185, 186, 187, 188, 189, 190, 191, 192, 193, 194, 195, 196, 197, 198, 199, 200, 201, 202, 203, 204, 205, 206, 207, 208, 209, 210, 211, 212, 213, 214, 215, 216, 217, 218, 219, 220, 221, 222, 223, 224, 225, 226, 227, 228, 229, 230, 231, 232, 233, 234, 235, 236, 237, 238, 239, 240, 241, 242, 243, 244, 245, 246, 247, 248, 249, 250, 251, 252, 253, 254, 255], size=128
Cluster 5: [384, 385, 386, 387, 388, 389, 390, 391, 392, 393, 394, 395, 396, 397, 398, 399, 400, 401, 402, 403, 404, 405, 406, 407, 408, 409, 410, 411, 412, 413, 414, 415, 416, 417, 418, 419, 420, 421, 422, 423, 424, 425, 426, 427, 428, 429, 430, 431, 432, 433, 434, 435, 436, 437, 438, 439, 440, 441, 442, 443, 444, 445, 446, 447, 448, 449, 450, 451, 452, 453, 454, 455, 456, 457, 458, 459, 460, 461, 462, 463, 464, 465, 466, 467, 468, 469, 470, 471, 472, 473, 474, 475, 476, 477, 478, 479, 480, 481, 482, 483, 484, 485, 486, 487, 488, 489, 490, 491, 492, 493, 494, 495, 496, 497, 498, 499, 500, 501, 502, 503, 504, 505, 506, 507, 508, 509, 510, 511], size=128
Cluster 6: [896, 897, 898, 899, 900, 901, 902, 903, 904, 905, 906, 907, 908, 909, 910, 911, 912, 913, 914, 915, 916, 917, 918, 919, 920, 921, 922, 923, 924, 925, 926, 927, 928, 929, 930, 931, 932, 933, 934, 935, 936, 937, 938, 939, 940, 941, 942, 943, 944, 945, 946, 947, 948, 949, 950, 951, 952, 953, 954, 955, 956, 957, 958, 959, 960, 961, 962, 963, 964, 965, 966, 967, 968, 969, 970, 971, 972, 973, 974, 975, 976, 977, 978, 979, 980, 981, 982, 983, 984, 985, 986, 987, 988, 989, 990, 991, 992, 993, 994, 995, 996, 997, 998, 999, 1000, 1001, 1002, 1003, 1004, 1005, 1006, 1007, 1008, 1009, 1010, 1011, 1012, 1013, 1014, 1015, 1016, 1017, 1018, 1019, 1020, 1021, 1022, 1023], size=128
Cluster 7: [640, 641, 642, 643, 644, 645, 646, 647, 648, 649, 650, 651, 652, 653, 654, 655, 656, 657, 658, 659, 660, 661, 662, 663, 664, 665, 666, 667, 668, 669, 670, 671, 672, 673, 674, 675, 676, 677, 678, 679, 680, 681, 682, 683, 684, 685, 686, 687, 688, 689, 690, 691, 692, 693, 694, 695, 696, 697, 698, 699, 700, 701, 702, 703, 704, 705, 706, 707, 708, 709, 710, 711, 712, 713, 714, 715, 716, 717, 718, 719, 720, 721, 722, 723, 724, 725, 726, 727, 728, 729, 730, 731, 732, 733, 734, 735, 736, 737, 738, 739, 740, 741, 742, 743, 744, 745, 746, 747, 748, 749, 750, 751, 752, 753, 754, 755, 756, 757, 758, 759, 760, 761, 762, 763, 764, 765, 766, 767], size=128

Balanced Cluster Binary 
-------------------------
Cluster 0: [512, 513, 514, 515, 516, 517, 518, 519, 520, 521, 522, 523, 524, 525, 526, 527, 528, 529, 530, 531, 532, 533, 534, 535, 536, 537, 538, 539, 540, 541, 542, 543, 544, 545, 546, 547, 548, 549, 550, 551, 552, 553, 554, 555, 556, 557, 558, 559, 560, 561, 562, 563, 564, 565, 566, 567, 568, 569, 570, 571, 572, 573, 574, 575, 576, 577, 578, 579, 580, 581, 582, 583, 584, 585, 586, 587, 588, 589, 590, 591, 592, 593, 594, 595, 596, 597, 598, 599, 600, 601, 602, 603, 604, 605, 606, 607, 608, 609, 610, 611, 612, 613, 614, 615, 616, 617, 618, 619, 620, 621, 622, 623, 624, 625, 626, 627, 628, 629, 630, 631, 632, 633, 634, 635, 636, 637, 638, 639], size=128
Cluster 1: [256, 257, 258, 259, 260, 261, 262, 263, 264, 265, 266, 267, 268, 269, 270, 271, 272, 273, 274, 275, 276, 277, 278, 279, 280, 281, 282, 283, 284, 285, 286, 287, 288, 289, 290, 291, 292, 293, 294, 295, 296, 297, 298, 299, 300, 301, 302, 303, 304, 305, 306, 307, 308, 309, 310, 311, 312, 313, 314, 315, 316, 317, 318, 319, 320, 321, 322, 323, 324, 325, 326, 327, 328, 329, 330, 331, 332, 333, 334, 335, 336, 337, 338, 339, 340, 341, 342, 343, 344, 345, 346, 347, 348, 349, 350, 351, 352, 353, 354, 355, 356, 357, 358, 359, 360, 361, 362, 363, 364, 365, 366, 367, 368, 369, 370, 371, 372, 373, 374, 375, 376, 377, 378, 379, 380, 381, 382, 383], size=128
Cluster 2: [0, 1, 2, 3, 4, 5, 6, 7, 8, 9, 10, 11, 12, 13, 14, 15, 16, 17, 18, 19, 20, 21, 22, 23, 24, 25, 26, 27, 28, 29, 30, 31, 32, 33, 34, 35, 36, 37, 38, 39, 40, 41, 42, 43, 44, 45, 46, 47, 48, 49, 50, 51, 52, 53, 54, 55, 56, 57, 58, 59, 60, 61, 62, 63, 64, 65, 66, 67, 68, 69, 70, 71, 72, 73, 74, 75, 76, 77, 78, 79, 80, 81, 82, 83, 84, 85, 86, 87, 88, 89, 90, 91, 92, 93, 94, 95, 96, 97, 98, 99, 100, 101, 102, 103, 104, 105, 106, 107, 108, 109, 110, 111, 112, 113, 114, 115, 116, 117, 118, 119, 120, 121, 122, 123, 124, 125, 126, 127], size=128
Cluster 3: [768, 769, 770, 771, 772, 773, 774, 775, 776, 777, 778, 779, 780, 781, 782, 783, 784, 785, 786, 787, 788, 789, 790, 791, 792, 793, 794, 795, 796, 797, 798, 799, 800, 801, 802, 803, 804, 805, 806, 807, 808, 809, 810, 811, 812, 813, 814, 815, 816, 817, 818, 819, 820, 821, 822, 823, 824, 825, 826, 827, 828, 829, 830, 831, 832, 833, 834, 835, 836, 837, 838, 839, 840, 841, 842, 843, 844, 845, 846, 847, 848, 849, 850, 851, 852, 853, 854, 855, 856, 857, 858, 859, 860, 861, 862, 863, 864, 865, 866, 867, 868, 869, 870, 871, 872, 873, 874, 875, 876, 877, 878, 879, 880, 881, 882, 883, 884, 885, 886, 887, 888, 889, 890, 891, 892, 893, 894, 895], size=128
Cluster 4: [128, 129, 130, 131, 132, 133, 134, 135, 136, 137, 138, 139, 140, 141, 142, 143, 144, 145, 146, 147, 148, 149, 150, 151, 152, 153, 154, 155, 156, 157, 158, 159, 160, 161, 162, 163, 164, 165, 166, 167, 168, 169, 170, 171, 172, 173, 174, 175, 176, 177, 178, 179, 180, 181, 182, 183, 184, 185, 186, 187, 188, 189, 190, 191, 192, 193, 194, 195, 196, 197, 198, 199, 200, 201, 202, 203, 204, 205, 206, 207, 208, 209, 210, 211, 212, 213, 214, 215, 216, 217, 218, 219, 220, 221, 222, 223, 224, 225, 226, 227, 228, 229, 230, 231, 232, 233, 234, 235, 236, 237, 238, 239, 240, 241, 242, 243, 244, 245, 246, 247, 248, 249, 250, 251, 252, 253, 254, 255], size=128
Cluster 5: [384, 385, 386, 387, 388, 389, 390, 391, 392, 393, 394, 395, 396, 397, 398, 399, 400, 401, 402, 403, 404, 405, 406, 407, 408, 409, 410, 411, 412, 413, 414, 415, 416, 417, 418, 419, 420, 421, 422, 423, 424, 425, 426, 427, 428, 429, 430, 431, 432, 433, 434, 435, 436, 437, 438, 439, 440, 441, 442, 443, 444, 445, 446, 447, 448, 449, 450, 451, 452, 453, 454, 455, 456, 457, 458, 459, 460, 461, 462, 463, 464, 465, 466, 467, 468, 469, 470, 471, 472, 473, 474, 475, 476, 477, 478, 479, 480, 481, 482, 483, 484, 485, 486, 487, 488, 489, 490, 491, 492, 493, 494, 495, 496, 497, 498, 499, 500, 501, 502, 503, 504, 505, 506, 507, 508, 509, 510, 511], size=128
Cluster 6: [896, 897, 898, 899, 900, 901, 902, 903, 904, 905, 906, 907, 908, 909, 910, 911, 912, 913, 914, 915, 916, 917, 918, 919, 920, 921, 922, 923, 924, 925, 926, 927, 928, 929, 930, 931, 932, 933, 934, 935, 936, 937, 938, 939, 940, 941, 942, 943, 944, 945, 946, 947, 948, 949, 950, 951, 952, 953, 954, 955, 956, 957, 958, 959, 960, 961, 962, 963, 964, 965, 966, 967, 968, 969, 970, 971, 972, 973, 974, 975, 976, 977, 978, 979, 980, 981, 982, 983, 984, 985, 986, 987, 988, 989, 990, 991, 992, 993, 994, 995, 996, 997, 998, 999, 1000, 1001, 1002, 1003, 1004, 1005, 1006, 1007, 1008, 1009, 1010, 1011, 1012, 1013, 1014, 1015, 1016, 1017, 1018, 1019, 1020, 1021, 1022, 1023], size=128
Cluster 7: [640, 641, 642, 643, 644, 645, 646, 647, 648, 649, 650, 651, 652, 653, 654, 655, 656, 657, 658, 659, 660, 661, 662, 663, 664, 665, 666, 667, 668, 669, 670, 671, 672, 673, 674, 675, 676, 677, 678, 679, 680, 681, 682, 683, 684, 685, 686, 687, 688, 689, 690, 691, 692, 693, 694, 695, 696, 697, 698, 699, 700, 701, 702, 703, 704, 705, 706, 707, 708, 709, 710, 711, 712, 713, 714, 715, 716, 717, 718, 719, 720, 721, 722, 723, 724, 725, 726, 727, 728, 729, 730, 731, 732, 733, 734, 735, 736, 737, 738, 739, 740, 741, 742, 743, 744, 745, 746, 747, 748, 749, 750, 751, 752, 753, 754, 755, 756, 757, 758, 759, 760, 761, 762, 763, 764, 765, 766, 767], size=128

 Cluster GPU Binary 
------------------------
Cluster 0: [512, 513, 514, 515, 516, 517, 518, 519, 520, 521, 522, 523, 524, 525, 526, 527, 528, 529, 530, 531, 532, 533, 534, 535, 536, 537, 538, 539, 540, 541, 542, 543, 544, 545, 546, 547, 548, 549, 550, 551, 552, 553, 554, 555, 556, 557, 558, 559, 560, 561, 562, 563, 564, 565, 566, 567, 568, 569, 570, 571, 572, 573, 574, 575, 576, 577, 578, 579, 580, 581, 582, 583, 584, 585, 586, 587, 588, 589, 590, 591, 592, 593, 594, 595, 596, 597, 598, 599, 600, 601, 602, 603, 604, 605, 606, 607, 608, 609, 610, 611, 612, 613, 614, 615, 616, 617, 618, 619, 620, 621, 622, 623, 624, 625, 626, 627, 628, 629, 630, 631, 632, 633, 634, 635, 636, 637, 638, 639], size=128
Cluster 1: [256, 257, 258, 259, 260, 261, 262, 263, 264, 265, 266, 267, 268, 269, 270, 271, 272, 273, 274, 275, 276, 277, 278, 279, 280, 281, 282, 283, 284, 285, 286, 287, 288, 289, 290, 291, 292, 293, 294, 295, 296, 297, 298, 299, 300, 301, 302, 303, 304, 305, 306, 307, 308, 309, 310, 311, 312, 313, 314, 315, 316, 317, 318, 319, 320, 321, 322, 323, 324, 325, 326, 327, 328, 329, 330, 331, 332, 333, 334, 335, 336, 337, 338, 339, 340, 341, 342, 343, 344, 345, 346, 347, 348, 349, 350, 351, 352, 353, 354, 355, 356, 357, 358, 359, 360, 361, 362, 363, 364, 365, 366, 367, 368, 369, 370, 371, 372, 373, 374, 375, 376, 377, 378, 379, 380, 381, 382, 383, 384, 385, 386, 387, 388, 389, 390, 391, 392, 393, 394, 395, 396, 397, 398, 399, 400, 401, 402, 403, 404, 405, 406, 407, 408, 409, 410, 411, 412, 413, 414, 415, 416, 417, 418, 419, 420, 421, 422, 423, 424, 425, 426, 427, 428, 429, 430, 431, 432, 433, 434, 435, 436, 437, 438, 439, 440, 441, 442, 443, 444, 445, 446, 447, 448, 449, 450, 451, 452, 453, 454, 455, 456, 457, 458, 459, 460, 461, 462, 463, 464, 465, 466, 467, 468, 469, 470, 471, 472, 473, 474, 475, 476, 477, 478, 479, 480, 481, 482, 483, 484, 485, 486, 487, 488, 489, 490, 491, 492, 493, 494, 495, 496, 497, 498, 499, 500, 501, 502, 503, 504, 505, 506, 507, 508, 509, 510, 511], size=256
Cluster 2: [0, 1, 2, 3, 4, 5, 6, 7, 8, 9, 10, 11, 12, 13, 14, 15, 16, 17, 18, 19, 20, 21, 22, 23, 24, 25, 26, 27, 28, 29, 30, 31, 32, 33, 34, 35, 36, 37, 38, 39, 40, 41, 42, 43, 44, 45, 46, 47, 48, 49, 50, 51, 52, 53, 54, 55, 56, 57, 58, 59, 60, 61, 62, 63, 64, 65, 66, 67, 68, 69, 70, 71, 72, 73, 74, 75, 76, 77, 78, 79, 80, 81, 82, 83, 84, 85, 86, 87, 88, 89, 90, 91, 92, 93, 94, 95, 96, 97, 98, 99, 100, 101, 102, 103, 104, 105, 106, 107, 108, 109, 110, 111, 112, 113, 114, 115, 116, 117, 118, 119, 120, 121, 122, 123, 124, 125, 126, 127], size=128
Cluster 3: [128, 129, 130, 131, 132, 133, 134, 135, 136, 137, 138, 139, 140, 141, 142, 143, 144, 145, 146, 147, 148, 149, 150, 151, 152, 153, 154, 155, 156, 157, 158, 159, 160, 161, 162, 163, 164, 165, 166, 167, 168, 169, 170, 171, 172, 173, 174, 175, 176, 177, 178, 179, 180, 181, 182, 183, 184, 185, 186, 187, 188, 189, 190, 191, 192, 193, 194, 195, 196, 197, 198, 199, 200, 201, 202, 203, 204, 205, 206, 207, 208, 209, 210, 211, 212, 213, 214, 215, 216, 217, 218, 219, 220, 221, 222, 223, 224, 225, 226, 227, 228, 229, 230, 231, 232, 233, 234, 235, 236, 237, 238, 239, 240, 241, 242, 243, 244, 245, 246, 247, 248, 249, 250, 251, 252, 253, 254, 255, 768, 769, 770, 771, 772, 773, 774, 775, 776, 777, 778, 779, 780, 781, 782, 783, 784, 785, 786, 787, 788, 789, 790, 791, 792, 793, 794, 795, 796, 797, 798, 799, 800, 801, 802, 803, 804, 805, 806, 807, 808, 809, 810, 811, 812, 813, 814, 815, 816, 817, 818, 819, 820, 821, 822, 823, 824, 825, 826, 827, 828, 829, 830, 831, 832, 833, 834, 835, 836, 837, 838, 839, 840, 841, 842, 843, 844, 845, 846, 847, 848, 849, 850, 851, 852, 853, 854, 855, 856, 857, 858, 859, 860, 861, 862, 863, 864, 865, 866, 867, 868, 869, 870, 871, 872, 873, 874, 875, 876, 877, 878, 879, 880, 881, 882, 883, 884, 885, 886, 887, 888, 889, 890, 891, 892, 893, 894, 895], size=256
Cluster 4: [898, 899, 901, 902, 905, 910, 911, 912, 914, 915, 916, 917, 918, 919, 920, 921, 922, 923, 924, 925, 926, 929, 931, 933, 934, 936, 937, 939, 940, 942, 943, 944, 945, 946, 948, 949, 950, 951, 952, 953, 955, 956, 957, 958, 960, 962, 963, 964, 965, 966, 968, 971, 972, 973, 975, 976, 978, 981, 982, 984, 986, 988, 991, 993, 994, 999, 1003, 1004, 1006, 1007, 1008, 1009, 1015, 1018, 1020, 1023], size=76
Cluster 5: [896, 897, 900, 903, 904, 906, 907, 908, 909, 913, 927, 928, 930, 932, 935, 938, 941, 947, 954, 959, 961, 967, 969, 970, 974, 977, 979, 980, 983, 985, 987, 989, 990, 992, 995, 996, 997, 998, 1000, 1001, 1002, 1005, 1010, 1011, 1012, 1013, 1014, 1016, 1017, 1019, 1021, 1022], size=52
Cluster 6: [640, 641, 642, 643, 644, 647, 649, 651, 654, 656, 658, 659, 660, 661, 662, 663, 666, 669, 670, 671, 672, 675, 683, 686, 687, 688, 689, 690, 693, 697, 701, 703, 704, 705, 711, 712, 713, 715, 716, 717, 720, 721, 724, 727, 729, 731, 732, 733, 734, 735, 737, 739, 741, 742, 743, 746, 749, 750, 754, 756, 758, 761, 766], size=63
Cluster 7: [645, 646, 648, 650, 652, 653, 655, 657, 664, 665, 667, 668, 673, 674, 676, 677, 678, 679, 680, 681, 682, 684, 685, 691, 692, 694, 695, 696, 698, 699, 700, 702, 706, 707, 708, 709, 710, 714, 718, 719, 722, 723, 725, 726, 728, 730, 736, 738, 740, 744, 745, 747, 748, 751, 752, 753, 755, 757, 759, 760, 762, 763, 764, 765, 767], size=65

Balanced Cluster Binary GPU 
------------------------------
Cluster 0: [512, 513, 514, 515, 516, 517, 518, 519, 520, 521, 522, 523, 524, 525, 526, 527, 528, 529, 530, 531, 532, 533, 534, 535, 536, 537, 538, 539, 540, 541, 542, 543, 544, 545, 546, 547, 548, 549, 550, 551, 552, 553, 554, 555, 556, 557, 558, 559, 560, 561, 562, 563, 564, 565, 566, 567, 568, 569, 570, 571, 572, 573, 574, 575, 576, 577, 578, 579, 580, 581, 582, 583, 584, 585, 586, 587, 588, 589, 590, 591, 592, 593, 594, 595, 596, 597, 598, 599, 600, 601, 602, 603, 604, 605, 606, 607, 608, 609, 610, 611, 612, 613, 614, 615, 616, 617, 618, 619, 620, 621, 622, 623, 624, 625, 626, 627, 628, 629, 630, 631, 632, 633, 634, 635, 636, 637, 638, 639], size=128
Cluster 1: [256, 259, 260, 261, 264, 265, 266, 272, 274, 275, 277, 278, 280, 281, 285, 286, 289, 290, 291, 292, 294, 296, 298, 299, 300, 302, 305, 306, 307, 309, 310, 311, 312, 314, 316, 318, 319, 321, 323, 326, 327, 328, 329, 331, 332, 333, 334, 338, 342, 344, 346, 350, 351, 352, 354, 355, 357, 359, 360, 361, 362, 363, 365, 367, 368, 370, 371, 375, 377, 380, 381, 382, 383, 388, 393, 394, 395, 398, 404, 405, 408, 411, 412, 420, 422, 423, 424, 425, 428, 429, 430, 432, 433, 436, 439, 440, 442, 444, 445, 447, 448, 449, 450, 451, 453, 456, 462, 464, 465, 467, 468, 477, 478, 479, 481, 482, 483, 485, 486, 490, 493, 494, 495, 497, 499, 500, 506, 507], size=128
Cluster 2: [257, 258, 262, 263, 267, 268, 269, 270, 271, 273, 276, 279, 282, 283, 284, 287, 288, 293, 295, 297, 301, 303, 304, 308, 313, 315, 317, 320, 322, 324, 325, 330, 335, 336, 337, 339, 340, 341, 343, 345, 347, 348, 349, 353, 356, 358, 364, 366, 369, 372, 373, 374, 376, 378, 379, 384, 385, 386, 387, 389, 390, 391, 392, 396, 397, 399, 400, 401, 402, 403, 406, 407, 409, 410, 413, 414, 415, 416, 417, 418, 419, 421, 426, 427, 431, 434, 435, 437, 438, 441, 443, 446, 452, 454, 455, 457, 458, 459, 460, 461, 463, 466, 469, 470, 471, 472, 473, 474, 475, 476, 480, 484, 487, 488, 489, 491, 492, 496, 498, 501, 502, 503, 504, 505, 508, 509, 510, 511], size=128
Cluster 3: [0, 1, 2, 3, 4, 5, 6, 7, 8, 9, 10, 11, 12, 13, 14, 15, 16, 17, 18, 19, 20, 21, 22, 23, 24, 25, 26, 27, 28, 29, 30, 31, 32, 33, 34, 35, 36, 37, 38, 39, 40, 41, 42, 43, 44, 45, 46, 47, 48, 49, 50, 51, 52, 53, 54, 55, 56, 57, 58, 59, 60, 61, 62, 63, 64, 65, 66, 67, 68, 69, 70, 71, 72, 73, 74, 75, 76, 77, 78, 79, 80, 81, 82, 83, 84, 85, 86, 87, 88, 89, 90, 91, 92, 93, 94, 95, 96, 97, 98, 99, 100, 101, 102, 103, 104, 105, 106, 107, 108, 109, 110, 111, 112, 113, 114, 115, 116, 117, 118, 119, 120, 121, 122, 123, 124, 125, 126, 127], size=128
Cluster 4: [131, 132, 133, 135, 136, 137, 139, 140, 141, 142, 144, 145, 148, 149, 153, 155, 158, 163, 164, 165, 167, 168, 169, 172, 173, 174, 176, 177, 178, 179, 181, 182, 184, 185, 188, 192, 193, 195, 196, 198, 199, 203, 204, 208, 209, 210, 211, 212, 213, 215, 218, 220, 221, 222, 223, 227, 228, 231, 234, 235, 236, 237, 238, 239, 244, 247, 248, 249, 250, 254, 774, 781, 784, 785, 787, 789, 790, 792, 793, 796, 799, 801, 807, 808, 810, 811, 813, 816, 817, 819, 820, 823, 824, 827, 828, 829, 830, 832, 834, 835, 836, 837, 841, 842, 843, 844, 845, 846, 851, 852, 853, 855, 863, 868, 870, 879, 880, 881, 884, 885, 886, 887, 889, 890, 891, 892, 894, 895], size=128
Cluster 5: [128, 129, 130, 134, 138, 143, 146, 147, 150, 151, 152, 154, 156, 157, 159, 160, 161, 162, 166, 170, 171, 175, 180, 183, 186, 187, 189, 190, 191, 194, 197, 200, 201, 202, 205, 206, 207, 214, 216, 217, 219, 224, 225, 226, 229, 230, 232, 233, 240, 241, 242, 243, 245, 246, 251, 252, 253, 255, 768, 769, 770, 771, 772, 773, 775, 776, 777, 778, 779, 780, 782, 783, 786, 788, 791, 794, 795, 797, 798, 800, 802, 803, 804, 805, 806, 809, 812, 814, 815, 818, 821, 822, 825, 826, 831, 833, 838, 839, 840, 847, 848, 849, 850, 854, 856, 857, 858, 859, 860, 861, 862, 864, 865, 866, 867, 869, 871, 872, 873, 874, 875, 876, 877, 878, 882, 883, 888, 893], size=128
Cluster 6: [896, 897, 898, 899, 900, 901, 902, 903, 904, 905, 906, 907, 908, 909, 910, 911, 912, 913, 914, 915, 916, 917, 918, 919, 920, 921, 922, 923, 924, 925, 926, 927, 928, 929, 930, 931, 932, 933, 934, 935, 936, 937, 938, 939, 940, 941, 942, 943, 944, 945, 946, 947, 948, 949, 950, 951, 952, 953, 954, 955, 956, 957, 958, 959, 960, 961, 962, 963, 964, 965, 966, 967, 968, 969, 970, 971, 972, 973, 974, 975, 976, 977, 978, 979, 980, 981, 982, 983, 984, 985, 986, 987, 988, 989, 990, 991, 992, 993, 994, 995, 996, 997, 998, 999, 1000, 1001, 1002, 1003, 1004, 1005, 1006, 1007, 1008, 1009, 1010, 1011, 1012, 1013, 1014, 1015, 1016, 1017, 1018, 1019, 1020, 1021, 1022, 1023], size=128
Cluster 7: [640, 641, 642, 643, 644, 645, 646, 647, 648, 649, 650, 651, 652, 653, 654, 655, 656, 657, 658, 659, 660, 661, 662, 663, 664, 665, 666, 667, 668, 669, 670, 671, 672, 673, 674, 675, 676, 677, 678, 679, 680, 681, 682, 683, 684, 685, 686, 687, 688, 689, 690, 691, 692, 693, 694, 695, 696, 697, 698, 699, 700, 701, 702, 703, 704, 705, 706, 707, 708, 709, 710, 711, 712, 713, 714, 715, 716, 717, 718, 719, 720, 721, 722, 723, 724, 725, 726, 727, 728, 729, 730, 731, 732, 733, 734, 735, 736, 737, 738, 739, 740, 741, 742, 743, 744, 745, 746, 747, 748, 749, 750, 751, 752, 753, 754, 755, 756, 757, 758, 759, 760, 761, 762, 763, 764, 765, 766, 767], size=128

========================================================================
PERMUTED LABELS
========================================================================
Ground truth:
[4 2 3 ... 6 3 0]

Direct GMC:
[0 1 2 ... 6 2 3]

Original Binary:
[0 1 5 ... 3 5 2]

Balanced Binary:
[0 1 5 ... 3 5 2]

========================================================================
TREE STRUCTURE CPU
========================================================================
node= 0 | level=0 | parent=None | left=   1 | right=   2 | size=1024 | indici originali=[0, 1, 2, 3, 4, 5, 6, 7, 8, 9, 10, 11, 12, 13, 14, 15, 16, 17, 18, 19, 20, 21, 22, 23, 24, 25, 26, 27, 28, 29, 30, 31, 32, 33, 34, 35, 36, 37, 38, 39, 40, 41, 42, 43, 44, 45, 46, 47, 48, 49, 50, 51, 52, 53, 54, 55, 56, 57, 58, 59, 60, 61, 62, 63, 64, 65, 66, 67, 68, 69, 70, 71, 72, 73, 74, 75, 76, 77, 78, 79, 80, 81, 82, 83, 84, 85, 86, 87, 88, 89, 90, 91, 92, 93, 94, 95, 96, 97, 98, 99, 100, 101, 102, 103, 104, 105, 106, 107, 108, 109, 110, 111, 112, 113, 114, 115, 116, 117, 118, 119, 120, 121, 122, 123, 124, 125, 126, 127, 128, 129, 130, 131, 132, 133, 134, 135, 136, 137, 138, 139, 140, 141, 142, 143, 144, 145, 146, 147, 148, 149, 150, 151, 152, 153, 154, 155, 156, 157, 158, 159, 160, 161, 162, 163, 164, 165, 166, 167, 168, 169, 170, 171, 172, 173, 174, 175, 176, 177, 178, 179, 180, 181, 182, 183, 184, 185, 186, 187, 188, 189, 190, 191, 192, 193, 194, 195, 196, 197, 198, 199, 200, 201, 202, 203, 204, 205, 206, 207, 208, 209, 210, 211, 212, 213, 214, 215, 216, 217, 218, 219, 220, 221, 222, 223, 224, 225, 226, 227, 228, 229, 230, 231, 232, 233, 234, 235, 236, 237, 238, 239, 240, 241, 242, 243, 244, 245, 246, 247, 248, 249, 250, 251, 252, 253, 254, 255, 256, 257, 258, 259, 260, 261, 262, 263, 264, 265, 266, 267, 268, 269, 270, 271, 272, 273, 274, 275, 276, 277, 278, 279, 280, 281, 282, 283, 284, 285, 286, 287, 288, 289, 290, 291, 292, 293, 294, 295, 296, 297, 298, 299, 300, 301, 302, 303, 304, 305, 306, 307, 308, 309, 310, 311, 312, 313, 314, 315, 316, 317, 318, 319, 320, 321, 322, 323, 324, 325, 326, 327, 328, 329, 330, 331, 332, 333, 334, 335, 336, 337, 338, 339, 340, 341, 342, 343, 344, 345, 346, 347, 348, 349, 350, 351, 352, 353, 354, 355, 356, 357, 358, 359, 360, 361, 362, 363, 364, 365, 366, 367, 368, 369, 370, 371, 372, 373, 374, 375, 376, 377, 378, 379, 380, 381, 382, 383, 384, 385, 386, 387, 388, 389, 390, 391, 392, 393, 394, 395, 396, 397, 398, 399, 400, 401, 402, 403, 404, 405, 406, 407, 408, 409, 410, 411, 412, 413, 414, 415, 416, 417, 418, 419, 420, 421, 422, 423, 424, 425, 426, 427, 428, 429, 430, 431, 432, 433, 434, 435, 436, 437, 438, 439, 440, 441, 442, 443, 444, 445, 446, 447, 448, 449, 450, 451, 452, 453, 454, 455, 456, 457, 458, 459, 460, 461, 462, 463, 464, 465, 466, 467, 468, 469, 470, 471, 472, 473, 474, 475, 476, 477, 478, 479, 480, 481, 482, 483, 484, 485, 486, 487, 488, 489, 490, 491, 492, 493, 494, 495, 496, 497, 498, 499, 500, 501, 502, 503, 504, 505, 506, 507, 508, 509, 510, 511, 512, 513, 514, 515, 516, 517, 518, 519, 520, 521, 522, 523, 524, 525, 526, 527, 528, 529, 530, 531, 532, 533, 534, 535, 536, 537, 538, 539, 540, 541, 542, 543, 544, 545, 546, 547, 548, 549, 550, 551, 552, 553, 554, 555, 556, 557, 558, 559, 560, 561, 562, 563, 564, 565, 566, 567, 568, 569, 570, 571, 572, 573, 574, 575, 576, 577, 578, 579, 580, 581, 582, 583, 584, 585, 586, 587, 588, 589, 590, 591, 592, 593, 594, 595, 596, 597, 598, 599, 600, 601, 602, 603, 604, 605, 606, 607, 608, 609, 610, 611, 612, 613, 614, 615, 616, 617, 618, 619, 620, 621, 622, 623, 624, 625, 626, 627, 628, 629, 630, 631, 632, 633, 634, 635, 636, 637, 638, 639, 640, 641, 642, 643, 644, 645, 646, 647, 648, 649, 650, 651, 652, 653, 654, 655, 656, 657, 658, 659, 660, 661, 662, 663, 664, 665, 666, 667, 668, 669, 670, 671, 672, 673, 674, 675, 676, 677, 678, 679, 680, 681, 682, 683, 684, 685, 686, 687, 688, 689, 690, 691, 692, 693, 694, 695, 696, 697, 698, 699, 700, 701, 702, 703, 704, 705, 706, 707, 708, 709, 710, 711, 712, 713, 714, 715, 716, 717, 718, 719, 720, 721, 722, 723, 724, 725, 726, 727, 728, 729, 730, 731, 732, 733, 734, 735, 736, 737, 738, 739, 740, 741, 742, 743, 744, 745, 746, 747, 748, 749, 750, 751, 752, 753, 754, 755, 756, 757, 758, 759, 760, 761, 762, 763, 764, 765, 766, 767, 768, 769, 770, 771, 772, 773, 774, 775, 776, 777, 778, 779, 780, 781, 782, 783, 784, 785, 786, 787, 788, 789, 790, 791, 792, 793, 794, 795, 796, 797, 798, 799, 800, 801, 802, 803, 804, 805, 806, 807, 808, 809, 810, 811, 812, 813, 814, 815, 816, 817, 818, 819, 820, 821, 822, 823, 824, 825, 826, 827, 828, 829, 830, 831, 832, 833, 834, 835, 836, 837, 838, 839, 840, 841, 842, 843, 844, 845, 846, 847, 848, 849, 850, 851, 852, 853, 854, 855, 856, 857, 858, 859, 860, 861, 862, 863, 864, 865, 866, 867, 868, 869, 870, 871, 872, 873, 874, 875, 876, 877, 878, 879, 880, 881, 882, 883, 884, 885, 886, 887, 888, 889, 890, 891, 892, 893, 894, 895, 896, 897, 898, 899, 900, 901, 902, 903, 904, 905, 906, 907, 908, 909, 910, 911, 912, 913, 914, 915, 916, 917, 918, 919, 920, 921, 922, 923, 924, 925, 926, 927, 928, 929, 930, 931, 932, 933, 934, 935, 936, 937, 938, 939, 940, 941, 942, 943, 944, 945, 946, 947, 948, 949, 950, 951, 952, 953, 954, 955, 956, 957, 958, 959, 960, 961, 962, 963, 964, 965, 966, 967, 968, 969, 970, 971, 972, 973, 974, 975, 976, 977, 978, 979, 980, 981, 982, 983, 984, 985, 986, 987, 988, 989, 990, 991, 992, 993, 994, 995, 996, 997, 998, 999, 1000, 1001, 1002, 1003, 1004, 1005, 1006, 1007, 1008, 1009, 1010, 1011, 1012, 1013, 1014, 1015, 1016, 1017, 1018, 1019, 1020, 1021, 1022, 1023]
node= 1 | level=1 | parent=   0 | left=   3 | right=   4 | size=896 | indici originali=[0, 1, 2, 3, 4, 5, 6, 7, 8, 9, 10, 11, 12, 13, 14, 15, 16, 17, 18, 19, 20, 21, 22, 23, 24, 25, 26, 27, 28, 29, 30, 31, 32, 33, 34, 35, 36, 37, 38, 39, 40, 41, 42, 43, 44, 45, 46, 47, 48, 49, 50, 51, 52, 53, 54, 55, 56, 57, 58, 59, 60, 61, 62, 63, 64, 65, 66, 67, 68, 69, 70, 71, 72, 73, 74, 75, 76, 77, 78, 79, 80, 81, 82, 83, 84, 85, 86, 87, 88, 89, 90, 91, 92, 93, 94, 95, 96, 97, 98, 99, 100, 101, 102, 103, 104, 105, 106, 107, 108, 109, 110, 111, 112, 113, 114, 115, 116, 117, 118, 119, 120, 121, 122, 123, 124, 125, 126, 127, 128, 129, 130, 131, 132, 133, 134, 135, 136, 137, 138, 139, 140, 141, 142, 143, 144, 145, 146, 147, 148, 149, 150, 151, 152, 153, 154, 155, 156, 157, 158, 159, 160, 161, 162, 163, 164, 165, 166, 167, 168, 169, 170, 171, 172, 173, 174, 175, 176, 177, 178, 179, 180, 181, 182, 183, 184, 185, 186, 187, 188, 189, 190, 191, 192, 193, 194, 195, 196, 197, 198, 199, 200, 201, 202, 203, 204, 205, 206, 207, 208, 209, 210, 211, 212, 213, 214, 215, 216, 217, 218, 219, 220, 221, 222, 223, 224, 225, 226, 227, 228, 229, 230, 231, 232, 233, 234, 235, 236, 237, 238, 239, 240, 241, 242, 243, 244, 245, 246, 247, 248, 249, 250, 251, 252, 253, 254, 255, 256, 257, 258, 259, 260, 261, 262, 263, 264, 265, 266, 267, 268, 269, 270, 271, 272, 273, 274, 275, 276, 277, 278, 279, 280, 281, 282, 283, 284, 285, 286, 287, 288, 289, 290, 291, 292, 293, 294, 295, 296, 297, 298, 299, 300, 301, 302, 303, 304, 305, 306, 307, 308, 309, 310, 311, 312, 313, 314, 315, 316, 317, 318, 319, 320, 321, 322, 323, 324, 325, 326, 327, 328, 329, 330, 331, 332, 333, 334, 335, 336, 337, 338, 339, 340, 341, 342, 343, 344, 345, 346, 347, 348, 349, 350, 351, 352, 353, 354, 355, 356, 357, 358, 359, 360, 361, 362, 363, 364, 365, 366, 367, 368, 369, 370, 371, 372, 373, 374, 375, 376, 377, 378, 379, 380, 381, 382, 383, 384, 385, 386, 387, 388, 389, 390, 391, 392, 393, 394, 395, 396, 397, 398, 399, 400, 401, 402, 403, 404, 405, 406, 407, 408, 409, 410, 411, 412, 413, 414, 415, 416, 417, 418, 419, 420, 421, 422, 423, 424, 425, 426, 427, 428, 429, 430, 431, 432, 433, 434, 435, 436, 437, 438, 439, 440, 441, 442, 443, 444, 445, 446, 447, 448, 449, 450, 451, 452, 453, 454, 455, 456, 457, 458, 459, 460, 461, 462, 463, 464, 465, 466, 467, 468, 469, 470, 471, 472, 473, 474, 475, 476, 477, 478, 479, 480, 481, 482, 483, 484, 485, 486, 487, 488, 489, 490, 491, 492, 493, 494, 495, 496, 497, 498, 499, 500, 501, 502, 503, 504, 505, 506, 507, 508, 509, 510, 511, 512, 513, 514, 515, 516, 517, 518, 519, 520, 521, 522, 523, 524, 525, 526, 527, 528, 529, 530, 531, 532, 533, 534, 535, 536, 537, 538, 539, 540, 541, 542, 543, 544, 545, 546, 547, 548, 549, 550, 551, 552, 553, 554, 555, 556, 557, 558, 559, 560, 561, 562, 563, 564, 565, 566, 567, 568, 569, 570, 571, 572, 573, 574, 575, 576, 577, 578, 579, 580, 581, 582, 583, 584, 585, 586, 587, 588, 589, 590, 591, 592, 593, 594, 595, 596, 597, 598, 599, 600, 601, 602, 603, 604, 605, 606, 607, 608, 609, 610, 611, 612, 613, 614, 615, 616, 617, 618, 619, 620, 621, 622, 623, 624, 625, 626, 627, 628, 629, 630, 631, 632, 633, 634, 635, 636, 637, 638, 639, 768, 769, 770, 771, 772, 773, 774, 775, 776, 777, 778, 779, 780, 781, 782, 783, 784, 785, 786, 787, 788, 789, 790, 791, 792, 793, 794, 795, 796, 797, 798, 799, 800, 801, 802, 803, 804, 805, 806, 807, 808, 809, 810, 811, 812, 813, 814, 815, 816, 817, 818, 819, 820, 821, 822, 823, 824, 825, 826, 827, 828, 829, 830, 831, 832, 833, 834, 835, 836, 837, 838, 839, 840, 841, 842, 843, 844, 845, 846, 847, 848, 849, 850, 851, 852, 853, 854, 855, 856, 857, 858, 859, 860, 861, 862, 863, 864, 865, 866, 867, 868, 869, 870, 871, 872, 873, 874, 875, 876, 877, 878, 879, 880, 881, 882, 883, 884, 885, 886, 887, 888, 889, 890, 891, 892, 893, 894, 895, 896, 897, 898, 899, 900, 901, 902, 903, 904, 905, 906, 907, 908, 909, 910, 911, 912, 913, 914, 915, 916, 917, 918, 919, 920, 921, 922, 923, 924, 925, 926, 927, 928, 929, 930, 931, 932, 933, 934, 935, 936, 937, 938, 939, 940, 941, 942, 943, 944, 945, 946, 947, 948, 949, 950, 951, 952, 953, 954, 955, 956, 957, 958, 959, 960, 961, 962, 963, 964, 965, 966, 967, 968, 969, 970, 971, 972, 973, 974, 975, 976, 977, 978, 979, 980, 981, 982, 983, 984, 985, 986, 987, 988, 989, 990, 991, 992, 993, 994, 995, 996, 997, 998, 999, 1000, 1001, 1002, 1003, 1004, 1005, 1006, 1007, 1008, 1009, 1010, 1011, 1012, 1013, 1014, 1015, 1016, 1017, 1018, 1019, 1020, 1021, 1022, 1023]
node= 2 | level=1 | parent=   0 | left=None | right=None | size=128 | indici originali=[640, 641, 642, 643, 644, 645, 646, 647, 648, 649, 650, 651, 652, 653, 654, 655, 656, 657, 658, 659, 660, 661, 662, 663, 664, 665, 666, 667, 668, 669, 670, 671, 672, 673, 674, 675, 676, 677, 678, 679, 680, 681, 682, 683, 684, 685, 686, 687, 688, 689, 690, 691, 692, 693, 694, 695, 696, 697, 698, 699, 700, 701, 702, 703, 704, 705, 706, 707, 708, 709, 710, 711, 712, 713, 714, 715, 716, 717, 718, 719, 720, 721, 722, 723, 724, 725, 726, 727, 728, 729, 730, 731, 732, 733, 734, 735, 736, 737, 738, 739, 740, 741, 742, 743, 744, 745, 746, 747, 748, 749, 750, 751, 752, 753, 754, 755, 756, 757, 758, 759, 760, 761, 762, 763, 764, 765, 766, 767]
node= 3 | level=2 | parent=   1 | left=None | right=None | size=128 | indici originali=[512, 513, 514, 515, 516, 517, 518, 519, 520, 521, 522, 523, 524, 525, 526, 527, 528, 529, 530, 531, 532, 533, 534, 535, 536, 537, 538, 539, 540, 541, 542, 543, 544, 545, 546, 547, 548, 549, 550, 551, 552, 553, 554, 555, 556, 557, 558, 559, 560, 561, 562, 563, 564, 565, 566, 567, 568, 569, 570, 571, 572, 573, 574, 575, 576, 577, 578, 579, 580, 581, 582, 583, 584, 585, 586, 587, 588, 589, 590, 591, 592, 593, 594, 595, 596, 597, 598, 599, 600, 601, 602, 603, 604, 605, 606, 607, 608, 609, 610, 611, 612, 613, 614, 615, 616, 617, 618, 619, 620, 621, 622, 623, 624, 625, 626, 627, 628, 629, 630, 631, 632, 633, 634, 635, 636, 637, 638, 639]
node= 4 | level=2 | parent=   1 | left=   5 | right=   6 | size=768 | indici originali=[0, 1, 2, 3, 4, 5, 6, 7, 8, 9, 10, 11, 12, 13, 14, 15, 16, 17, 18, 19, 20, 21, 22, 23, 24, 25, 26, 27, 28, 29, 30, 31, 32, 33, 34, 35, 36, 37, 38, 39, 40, 41, 42, 43, 44, 45, 46, 47, 48, 49, 50, 51, 52, 53, 54, 55, 56, 57, 58, 59, 60, 61, 62, 63, 64, 65, 66, 67, 68, 69, 70, 71, 72, 73, 74, 75, 76, 77, 78, 79, 80, 81, 82, 83, 84, 85, 86, 87, 88, 89, 90, 91, 92, 93, 94, 95, 96, 97, 98, 99, 100, 101, 102, 103, 104, 105, 106, 107, 108, 109, 110, 111, 112, 113, 114, 115, 116, 117, 118, 119, 120, 121, 122, 123, 124, 125, 126, 127, 128, 129, 130, 131, 132, 133, 134, 135, 136, 137, 138, 139, 140, 141, 142, 143, 144, 145, 146, 147, 148, 149, 150, 151, 152, 153, 154, 155, 156, 157, 158, 159, 160, 161, 162, 163, 164, 165, 166, 167, 168, 169, 170, 171, 172, 173, 174, 175, 176, 177, 178, 179, 180, 181, 182, 183, 184, 185, 186, 187, 188, 189, 190, 191, 192, 193, 194, 195, 196, 197, 198, 199, 200, 201, 202, 203, 204, 205, 206, 207, 208, 209, 210, 211, 212, 213, 214, 215, 216, 217, 218, 219, 220, 221, 222, 223, 224, 225, 226, 227, 228, 229, 230, 231, 232, 233, 234, 235, 236, 237, 238, 239, 240, 241, 242, 243, 244, 245, 246, 247, 248, 249, 250, 251, 252, 253, 254, 255, 256, 257, 258, 259, 260, 261, 262, 263, 264, 265, 266, 267, 268, 269, 270, 271, 272, 273, 274, 275, 276, 277, 278, 279, 280, 281, 282, 283, 284, 285, 286, 287, 288, 289, 290, 291, 292, 293, 294, 295, 296, 297, 298, 299, 300, 301, 302, 303, 304, 305, 306, 307, 308, 309, 310, 311, 312, 313, 314, 315, 316, 317, 318, 319, 320, 321, 322, 323, 324, 325, 326, 327, 328, 329, 330, 331, 332, 333, 334, 335, 336, 337, 338, 339, 340, 341, 342, 343, 344, 345, 346, 347, 348, 349, 350, 351, 352, 353, 354, 355, 356, 357, 358, 359, 360, 361, 362, 363, 364, 365, 366, 367, 368, 369, 370, 371, 372, 373, 374, 375, 376, 377, 378, 379, 380, 381, 382, 383, 384, 385, 386, 387, 388, 389, 390, 391, 392, 393, 394, 395, 396, 397, 398, 399, 400, 401, 402, 403, 404, 405, 406, 407, 408, 409, 410, 411, 412, 413, 414, 415, 416, 417, 418, 419, 420, 421, 422, 423, 424, 425, 426, 427, 428, 429, 430, 431, 432, 433, 434, 435, 436, 437, 438, 439, 440, 441, 442, 443, 444, 445, 446, 447, 448, 449, 450, 451, 452, 453, 454, 455, 456, 457, 458, 459, 460, 461, 462, 463, 464, 465, 466, 467, 468, 469, 470, 471, 472, 473, 474, 475, 476, 477, 478, 479, 480, 481, 482, 483, 484, 485, 486, 487, 488, 489, 490, 491, 492, 493, 494, 495, 496, 497, 498, 499, 500, 501, 502, 503, 504, 505, 506, 507, 508, 509, 510, 511, 768, 769, 770, 771, 772, 773, 774, 775, 776, 777, 778, 779, 780, 781, 782, 783, 784, 785, 786, 787, 788, 789, 790, 791, 792, 793, 794, 795, 796, 797, 798, 799, 800, 801, 802, 803, 804, 805, 806, 807, 808, 809, 810, 811, 812, 813, 814, 815, 816, 817, 818, 819, 820, 821, 822, 823, 824, 825, 826, 827, 828, 829, 830, 831, 832, 833, 834, 835, 836, 837, 838, 839, 840, 841, 842, 843, 844, 845, 846, 847, 848, 849, 850, 851, 852, 853, 854, 855, 856, 857, 858, 859, 860, 861, 862, 863, 864, 865, 866, 867, 868, 869, 870, 871, 872, 873, 874, 875, 876, 877, 878, 879, 880, 881, 882, 883, 884, 885, 886, 887, 888, 889, 890, 891, 892, 893, 894, 895, 896, 897, 898, 899, 900, 901, 902, 903, 904, 905, 906, 907, 908, 909, 910, 911, 912, 913, 914, 915, 916, 917, 918, 919, 920, 921, 922, 923, 924, 925, 926, 927, 928, 929, 930, 931, 932, 933, 934, 935, 936, 937, 938, 939, 940, 941, 942, 943, 944, 945, 946, 947, 948, 949, 950, 951, 952, 953, 954, 955, 956, 957, 958, 959, 960, 961, 962, 963, 964, 965, 966, 967, 968, 969, 970, 971, 972, 973, 974, 975, 976, 977, 978, 979, 980, 981, 982, 983, 984, 985, 986, 987, 988, 989, 990, 991, 992, 993, 994, 995, 996, 997, 998, 999, 1000, 1001, 1002, 1003, 1004, 1005, 1006, 1007, 1008, 1009, 1010, 1011, 1012, 1013, 1014, 1015, 1016, 1017, 1018, 1019, 1020, 1021, 1022, 1023]
node= 5 | level=3 | parent=   4 | left=   7 | right=   8 | size=512 | indici originali=[0, 1, 2, 3, 4, 5, 6, 7, 8, 9, 10, 11, 12, 13, 14, 15, 16, 17, 18, 19, 20, 21, 22, 23, 24, 25, 26, 27, 28, 29, 30, 31, 32, 33, 34, 35, 36, 37, 38, 39, 40, 41, 42, 43, 44, 45, 46, 47, 48, 49, 50, 51, 52, 53, 54, 55, 56, 57, 58, 59, 60, 61, 62, 63, 64, 65, 66, 67, 68, 69, 70, 71, 72, 73, 74, 75, 76, 77, 78, 79, 80, 81, 82, 83, 84, 85, 86, 87, 88, 89, 90, 91, 92, 93, 94, 95, 96, 97, 98, 99, 100, 101, 102, 103, 104, 105, 106, 107, 108, 109, 110, 111, 112, 113, 114, 115, 116, 117, 118, 119, 120, 121, 122, 123, 124, 125, 126, 127, 128, 129, 130, 131, 132, 133, 134, 135, 136, 137, 138, 139, 140, 141, 142, 143, 144, 145, 146, 147, 148, 149, 150, 151, 152, 153, 154, 155, 156, 157, 158, 159, 160, 161, 162, 163, 164, 165, 166, 167, 168, 169, 170, 171, 172, 173, 174, 175, 176, 177, 178, 179, 180, 181, 182, 183, 184, 185, 186, 187, 188, 189, 190, 191, 192, 193, 194, 195, 196, 197, 198, 199, 200, 201, 202, 203, 204, 205, 206, 207, 208, 209, 210, 211, 212, 213, 214, 215, 216, 217, 218, 219, 220, 221, 222, 223, 224, 225, 226, 227, 228, 229, 230, 231, 232, 233, 234, 235, 236, 237, 238, 239, 240, 241, 242, 243, 244, 245, 246, 247, 248, 249, 250, 251, 252, 253, 254, 255, 256, 257, 258, 259, 260, 261, 262, 263, 264, 265, 266, 267, 268, 269, 270, 271, 272, 273, 274, 275, 276, 277, 278, 279, 280, 281, 282, 283, 284, 285, 286, 287, 288, 289, 290, 291, 292, 293, 294, 295, 296, 297, 298, 299, 300, 301, 302, 303, 304, 305, 306, 307, 308, 309, 310, 311, 312, 313, 314, 315, 316, 317, 318, 319, 320, 321, 322, 323, 324, 325, 326, 327, 328, 329, 330, 331, 332, 333, 334, 335, 336, 337, 338, 339, 340, 341, 342, 343, 344, 345, 346, 347, 348, 349, 350, 351, 352, 353, 354, 355, 356, 357, 358, 359, 360, 361, 362, 363, 364, 365, 366, 367, 368, 369, 370, 371, 372, 373, 374, 375, 376, 377, 378, 379, 380, 381, 382, 383, 768, 769, 770, 771, 772, 773, 774, 775, 776, 777, 778, 779, 780, 781, 782, 783, 784, 785, 786, 787, 788, 789, 790, 791, 792, 793, 794, 795, 796, 797, 798, 799, 800, 801, 802, 803, 804, 805, 806, 807, 808, 809, 810, 811, 812, 813, 814, 815, 816, 817, 818, 819, 820, 821, 822, 823, 824, 825, 826, 827, 828, 829, 830, 831, 832, 833, 834, 835, 836, 837, 838, 839, 840, 841, 842, 843, 844, 845, 846, 847, 848, 849, 850, 851, 852, 853, 854, 855, 856, 857, 858, 859, 860, 861, 862, 863, 864, 865, 866, 867, 868, 869, 870, 871, 872, 873, 874, 875, 876, 877, 878, 879, 880, 881, 882, 883, 884, 885, 886, 887, 888, 889, 890, 891, 892, 893, 894, 895]
node= 6 | level=3 | parent=   4 | left=  13 | right=  14 | size=256 | indici originali=[384, 385, 386, 387, 388, 389, 390, 391, 392, 393, 394, 395, 396, 397, 398, 399, 400, 401, 402, 403, 404, 405, 406, 407, 408, 409, 410, 411, 412, 413, 414, 415, 416, 417, 418, 419, 420, 421, 422, 423, 424, 425, 426, 427, 428, 429, 430, 431, 432, 433, 434, 435, 436, 437, 438, 439, 440, 441, 442, 443, 444, 445, 446, 447, 448, 449, 450, 451, 452, 453, 454, 455, 456, 457, 458, 459, 460, 461, 462, 463, 464, 465, 466, 467, 468, 469, 470, 471, 472, 473, 474, 475, 476, 477, 478, 479, 480, 481, 482, 483, 484, 485, 486, 487, 488, 489, 490, 491, 492, 493, 494, 495, 496, 497, 498, 499, 500, 501, 502, 503, 504, 505, 506, 507, 508, 509, 510, 511, 896, 897, 898, 899, 900, 901, 902, 903, 904, 905, 906, 907, 908, 909, 910, 911, 912, 913, 914, 915, 916, 917, 918, 919, 920, 921, 922, 923, 924, 925, 926, 927, 928, 929, 930, 931, 932, 933, 934, 935, 936, 937, 938, 939, 940, 941, 942, 943, 944, 945, 946, 947, 948, 949, 950, 951, 952, 953, 954, 955, 956, 957, 958, 959, 960, 961, 962, 963, 964, 965, 966, 967, 968, 969, 970, 971, 972, 973, 974, 975, 976, 977, 978, 979, 980, 981, 982, 983, 984, 985, 986, 987, 988, 989, 990, 991, 992, 993, 994, 995, 996, 997, 998, 999, 1000, 1001, 1002, 1003, 1004, 1005, 1006, 1007, 1008, 1009, 1010, 1011, 1012, 1013, 1014, 1015, 1016, 1017, 1018, 1019, 1020, 1021, 1022, 1023]
node= 7 | level=4 | parent=   5 | left=None | right=None | size=128 | indici originali=[256, 257, 258, 259, 260, 261, 262, 263, 264, 265, 266, 267, 268, 269, 270, 271, 272, 273, 274, 275, 276, 277, 278, 279, 280, 281, 282, 283, 284, 285, 286, 287, 288, 289, 290, 291, 292, 293, 294, 295, 296, 297, 298, 299, 300, 301, 302, 303, 304, 305, 306, 307, 308, 309, 310, 311, 312, 313, 314, 315, 316, 317, 318, 319, 320, 321, 322, 323, 324, 325, 326, 327, 328, 329, 330, 331, 332, 333, 334, 335, 336, 337, 338, 339, 340, 341, 342, 343, 344, 345, 346, 347, 348, 349, 350, 351, 352, 353, 354, 355, 356, 357, 358, 359, 360, 361, 362, 363, 364, 365, 366, 367, 368, 369, 370, 371, 372, 373, 374, 375, 376, 377, 378, 379, 380, 381, 382, 383]
node= 8 | level=4 | parent=   5 | left=   9 | right=  10 | size=384 | indici originali=[0, 1, 2, 3, 4, 5, 6, 7, 8, 9, 10, 11, 12, 13, 14, 15, 16, 17, 18, 19, 20, 21, 22, 23, 24, 25, 26, 27, 28, 29, 30, 31, 32, 33, 34, 35, 36, 37, 38, 39, 40, 41, 42, 43, 44, 45, 46, 47, 48, 49, 50, 51, 52, 53, 54, 55, 56, 57, 58, 59, 60, 61, 62, 63, 64, 65, 66, 67, 68, 69, 70, 71, 72, 73, 74, 75, 76, 77, 78, 79, 80, 81, 82, 83, 84, 85, 86, 87, 88, 89, 90, 91, 92, 93, 94, 95, 96, 97, 98, 99, 100, 101, 102, 103, 104, 105, 106, 107, 108, 109, 110, 111, 112, 113, 114, 115, 116, 117, 118, 119, 120, 121, 122, 123, 124, 125, 126, 127, 128, 129, 130, 131, 132, 133, 134, 135, 136, 137, 138, 139, 140, 141, 142, 143, 144, 145, 146, 147, 148, 149, 150, 151, 152, 153, 154, 155, 156, 157, 158, 159, 160, 161, 162, 163, 164, 165, 166, 167, 168, 169, 170, 171, 172, 173, 174, 175, 176, 177, 178, 179, 180, 181, 182, 183, 184, 185, 186, 187, 188, 189, 190, 191, 192, 193, 194, 195, 196, 197, 198, 199, 200, 201, 202, 203, 204, 205, 206, 207, 208, 209, 210, 211, 212, 213, 214, 215, 216, 217, 218, 219, 220, 221, 222, 223, 224, 225, 226, 227, 228, 229, 230, 231, 232, 233, 234, 235, 236, 237, 238, 239, 240, 241, 242, 243, 244, 245, 246, 247, 248, 249, 250, 251, 252, 253, 254, 255, 768, 769, 770, 771, 772, 773, 774, 775, 776, 777, 778, 779, 780, 781, 782, 783, 784, 785, 786, 787, 788, 789, 790, 791, 792, 793, 794, 795, 796, 797, 798, 799, 800, 801, 802, 803, 804, 805, 806, 807, 808, 809, 810, 811, 812, 813, 814, 815, 816, 817, 818, 819, 820, 821, 822, 823, 824, 825, 826, 827, 828, 829, 830, 831, 832, 833, 834, 835, 836, 837, 838, 839, 840, 841, 842, 843, 844, 845, 846, 847, 848, 849, 850, 851, 852, 853, 854, 855, 856, 857, 858, 859, 860, 861, 862, 863, 864, 865, 866, 867, 868, 869, 870, 871, 872, 873, 874, 875, 876, 877, 878, 879, 880, 881, 882, 883, 884, 885, 886, 887, 888, 889, 890, 891, 892, 893, 894, 895]
node= 9 | level=5 | parent=   8 | left=None | right=None | size=128 | indici originali=[0, 1, 2, 3, 4, 5, 6, 7, 8, 9, 10, 11, 12, 13, 14, 15, 16, 17, 18, 19, 20, 21, 22, 23, 24, 25, 26, 27, 28, 29, 30, 31, 32, 33, 34, 35, 36, 37, 38, 39, 40, 41, 42, 43, 44, 45, 46, 47, 48, 49, 50, 51, 52, 53, 54, 55, 56, 57, 58, 59, 60, 61, 62, 63, 64, 65, 66, 67, 68, 69, 70, 71, 72, 73, 74, 75, 76, 77, 78, 79, 80, 81, 82, 83, 84, 85, 86, 87, 88, 89, 90, 91, 92, 93, 94, 95, 96, 97, 98, 99, 100, 101, 102, 103, 104, 105, 106, 107, 108, 109, 110, 111, 112, 113, 114, 115, 116, 117, 118, 119, 120, 121, 122, 123, 124, 125, 126, 127]
node=10 | level=5 | parent=   8 | left=  11 | right=  12 | size=256 | indici originali=[128, 129, 130, 131, 132, 133, 134, 135, 136, 137, 138, 139, 140, 141, 142, 143, 144, 145, 146, 147, 148, 149, 150, 151, 152, 153, 154, 155, 156, 157, 158, 159, 160, 161, 162, 163, 164, 165, 166, 167, 168, 169, 170, 171, 172, 173, 174, 175, 176, 177, 178, 179, 180, 181, 182, 183, 184, 185, 186, 187, 188, 189, 190, 191, 192, 193, 194, 195, 196, 197, 198, 199, 200, 201, 202, 203, 204, 205, 206, 207, 208, 209, 210, 211, 212, 213, 214, 215, 216, 217, 218, 219, 220, 221, 222, 223, 224, 225, 226, 227, 228, 229, 230, 231, 232, 233, 234, 235, 236, 237, 238, 239, 240, 241, 242, 243, 244, 245, 246, 247, 248, 249, 250, 251, 252, 253, 254, 255, 768, 769, 770, 771, 772, 773, 774, 775, 776, 777, 778, 779, 780, 781, 782, 783, 784, 785, 786, 787, 788, 789, 790, 791, 792, 793, 794, 795, 796, 797, 798, 799, 800, 801, 802, 803, 804, 805, 806, 807, 808, 809, 810, 811, 812, 813, 814, 815, 816, 817, 818, 819, 820, 821, 822, 823, 824, 825, 826, 827, 828, 829, 830, 831, 832, 833, 834, 835, 836, 837, 838, 839, 840, 841, 842, 843, 844, 845, 846, 847, 848, 849, 850, 851, 852, 853, 854, 855, 856, 857, 858, 859, 860, 861, 862, 863, 864, 865, 866, 867, 868, 869, 870, 871, 872, 873, 874, 875, 876, 877, 878, 879, 880, 881, 882, 883, 884, 885, 886, 887, 888, 889, 890, 891, 892, 893, 894, 895]
node=11 | level=6 | parent=  10 | left=None | right=None | size=128 | indici originali=[768, 769, 770, 771, 772, 773, 774, 775, 776, 777, 778, 779, 780, 781, 782, 783, 784, 785, 786, 787, 788, 789, 790, 791, 792, 793, 794, 795, 796, 797, 798, 799, 800, 801, 802, 803, 804, 805, 806, 807, 808, 809, 810, 811, 812, 813, 814, 815, 816, 817, 818, 819, 820, 821, 822, 823, 824, 825, 826, 827, 828, 829, 830, 831, 832, 833, 834, 835, 836, 837, 838, 839, 840, 841, 842, 843, 844, 845, 846, 847, 848, 849, 850, 851, 852, 853, 854, 855, 856, 857, 858, 859, 860, 861, 862, 863, 864, 865, 866, 867, 868, 869, 870, 871, 872, 873, 874, 875, 876, 877, 878, 879, 880, 881, 882, 883, 884, 885, 886, 887, 888, 889, 890, 891, 892, 893, 894, 895]
node=12 | level=6 | parent=  10 | left=None | right=None | size=128 | indici originali=[128, 129, 130, 131, 132, 133, 134, 135, 136, 137, 138, 139, 140, 141, 142, 143, 144, 145, 146, 147, 148, 149, 150, 151, 152, 153, 154, 155, 156, 157, 158, 159, 160, 161, 162, 163, 164, 165, 166, 167, 168, 169, 170, 171, 172, 173, 174, 175, 176, 177, 178, 179, 180, 181, 182, 183, 184, 185, 186, 187, 188, 189, 190, 191, 192, 193, 194, 195, 196, 197, 198, 199, 200, 201, 202, 203, 204, 205, 206, 207, 208, 209, 210, 211, 212, 213, 214, 215, 216, 217, 218, 219, 220, 221, 222, 223, 224, 225, 226, 227, 228, 229, 230, 231, 232, 233, 234, 235, 236, 237, 238, 239, 240, 241, 242, 243, 244, 245, 246, 247, 248, 249, 250, 251, 252, 253, 254, 255]
node=13 | level=4 | parent=   6 | left=None | right=None | size=128 | indici originali=[384, 385, 386, 387, 388, 389, 390, 391, 392, 393, 394, 395, 396, 397, 398, 399, 400, 401, 402, 403, 404, 405, 406, 407, 408, 409, 410, 411, 412, 413, 414, 415, 416, 417, 418, 419, 420, 421, 422, 423, 424, 425, 426, 427, 428, 429, 430, 431, 432, 433, 434, 435, 436, 437, 438, 439, 440, 441, 442, 443, 444, 445, 446, 447, 448, 449, 450, 451, 452, 453, 454, 455, 456, 457, 458, 459, 460, 461, 462, 463, 464, 465, 466, 467, 468, 469, 470, 471, 472, 473, 474, 475, 476, 477, 478, 479, 480, 481, 482, 483, 484, 485, 486, 487, 488, 489, 490, 491, 492, 493, 494, 495, 496, 497, 498, 499, 500, 501, 502, 503, 504, 505, 506, 507, 508, 509, 510, 511]
node=14 | level=4 | parent=   6 | left=None | right=None | size=128 | indici originali=[896, 897, 898, 899, 900, 901, 902, 903, 904, 905, 906, 907, 908, 909, 910, 911, 912, 913, 914, 915, 916, 917, 918, 919, 920, 921, 922, 923, 924, 925, 926, 927, 928, 929, 930, 931, 932, 933, 934, 935, 936, 937, 938, 939, 940, 941, 942, 943, 944, 945, 946, 947, 948, 949, 950, 951, 952, 953, 954, 955, 956, 957, 958, 959, 960, 961, 962, 963, 964, 965, 966, 967, 968, 969, 970, 971, 972, 973, 974, 975, 976, 977, 978, 979, 980, 981, 982, 983, 984, 985, 986, 987, 988, 989, 990, 991, 992, 993, 994, 995, 996, 997, 998, 999, 1000, 1001, 1002, 1003, 1004, 1005, 1006, 1007, 1008, 1009, 1010, 1011, 1012, 1013, 1014, 1015, 1016, 1017, 1018, 1019, 1020, 1021, 1022, 1023]
End: Tue Aug 11 21:41:11 CEST 2026
