Job ID: 78212
Node: acnode03.e4red
CUDA_VISIBLE_DEVICES=0
Start: Thu Aug  6 10:14:03 CEST 2026
density: 100.0

========================================================================
MATRICE QUBO ORIGINALE
========================================================================
Shape                 : (128, 128)
Numero di variabili   : 128
Numero di cluster     : 4
Dimensione dei blocchi: 32
Matrice simmetrica    : True
Cluster ottimali      : [array([  2,   3,   9,  11,  13,  20,  21,  23,  29,  30,  33,  37,  39,  43,  46,  49,  51,  55,  61,  65,  70,  71,  73,  74,  78, 105,
       107, 109, 110, 111, 120, 124]), array([  0,   1,   5,  16,  25,  28,  31,  40,  44,  47,  54,  58,  59,  60,  63,  66,  75,  82,  83,  85,  87,  91,  92,  94,  97,  99,
       101, 102, 104, 108, 121, 126]), array([  6,   8,  10,  12,  17,  19,  26,  27,  34,  36,  38,  41,  42,  48,  53,  56,  57,  64,  67,  72,  76,  79,  89,  93,  95,  98,
       114, 116, 117, 118, 122, 125]), array([  4,   7,  14,  15,  18,  22,  24,  32,  35,  45,  50,  52,  62,  68,  69,  77,  80,  81,  84,  86,  88,  90,  96, 100, 103, 106,
       112, 113, 115, 119, 123, 127])]
[Hierarchy-CPU] node=0 components=4 leaves=4 target=4
GPU disponibile.

Esecuzione del GMC GPU in modalità parallela.
[Hierarchy-GPU] level=0 nodes=1 workers=1 sizes=[128]
[Hierarchy-GPU] level=0 completed leaves=4/4 time=0.230904s

========================================================================
TEMPI DI ESECUZIONE
========================================================================
GMC diretto: 0.005870 secondi
BinaryHierarchicalGMC: 0.133241 secondi
BinaryHierarchicalGMCGPU: 0.526700 secondi

========================================================================
CONFRONTO DEI RISULTATI
========================================================================
Dimensioni Binary originale : [32, 32, 32, 32]
Dimensioni Binary bilanciato: [32, 32, 32, 32]
Dimensioni Binary GPU: [32, 32, 32, 32]
Dimensioni Binary GPU bilanciato: [32, 32, 32, 32]

Adjusted Rand Index
-------------------
GMC diretto             : 1.000000
Binary originale        : 1.000000
Binary bilanciato       : 1.000000
Binary GPU bilanciato   : 1.000000

Differenze
----------
Diretto - Binary bilanciato      : +0.000000
Binary bilanciato - originale    : +0.000000
Diretto - Binary GPU bilanciato  : +0.000000

Cluster Binary originali
------------------------
Cluster 0: [32, 33, 34, 35, 36, 37, 38, 39, 40, 41, 42, 43, 44, 45, 46, 47, 48, 49, 50, 51, 52, 53, 54, 55, 56, 57, 58, 59, 60, 61, 62, 63], size=32
Cluster 1: [0, 1, 2, 3, 4, 5, 6, 7, 8, 9, 10, 11, 12, 13, 14, 15, 16, 17, 18, 19, 20, 21, 22, 23, 24, 25, 26, 27, 28, 29, 30, 31], size=32
Cluster 2: [96, 97, 98, 99, 100, 101, 102, 103, 104, 105, 106, 107, 108, 109, 110, 111, 112, 113, 114, 115, 116, 117, 118, 119, 120, 121, 122, 123, 124, 125, 126, 127], size=32
Cluster 3: [64, 65, 66, 67, 68, 69, 70, 71, 72, 73, 74, 75, 76, 77, 78, 79, 80, 81, 82, 83, 84, 85, 86, 87, 88, 89, 90, 91, 92, 93, 94, 95], size=32

Cluster Binary bilanciati
-------------------------
Cluster 0: [32, 33, 34, 35, 36, 37, 38, 39, 40, 41, 42, 43, 44, 45, 46, 47, 48, 49, 50, 51, 52, 53, 54, 55, 56, 57, 58, 59, 60, 61, 62, 63], size=32
Cluster 1: [0, 1, 2, 3, 4, 5, 6, 7, 8, 9, 10, 11, 12, 13, 14, 15, 16, 17, 18, 19, 20, 21, 22, 23, 24, 25, 26, 27, 28, 29, 30, 31], size=32
Cluster 2: [96, 97, 98, 99, 100, 101, 102, 103, 104, 105, 106, 107, 108, 109, 110, 111, 112, 113, 114, 115, 116, 117, 118, 119, 120, 121, 122, 123, 124, 125, 126, 127], size=32
Cluster 3: [64, 65, 66, 67, 68, 69, 70, 71, 72, 73, 74, 75, 76, 77, 78, 79, 80, 81, 82, 83, 84, 85, 86, 87, 88, 89, 90, 91, 92, 93, 94, 95], size=32

Cluster Binary GPU originali
------------------------
Cluster 0: [32, 33, 34, 35, 36, 37, 38, 39, 40, 41, 42, 43, 44, 45, 46, 47, 48, 49, 50, 51, 52, 53, 54, 55, 56, 57, 58, 59, 60, 61, 62, 63], size=32
Cluster 1: [0, 1, 2, 3, 4, 5, 6, 7, 8, 9, 10, 11, 12, 13, 14, 15, 16, 17, 18, 19, 20, 21, 22, 23, 24, 25, 26, 27, 28, 29, 30, 31], size=32
Cluster 2: [96, 97, 98, 99, 100, 101, 102, 103, 104, 105, 106, 107, 108, 109, 110, 111, 112, 113, 114, 115, 116, 117, 118, 119, 120, 121, 122, 123, 124, 125, 126, 127], size=32
Cluster 3: [64, 65, 66, 67, 68, 69, 70, 71, 72, 73, 74, 75, 76, 77, 78, 79, 80, 81, 82, 83, 84, 85, 86, 87, 88, 89, 90, 91, 92, 93, 94, 95], size=32

Cluster Binary GPU bilanciati
------------------------------
Cluster 0: [32, 33, 34, 35, 36, 37, 38, 39, 40, 41, 42, 43, 44, 45, 46, 47, 48, 49, 50, 51, 52, 53, 54, 55, 56, 57, 58, 59, 60, 61, 62, 63], size=32
Cluster 1: [0, 1, 2, 3, 4, 5, 6, 7, 8, 9, 10, 11, 12, 13, 14, 15, 16, 17, 18, 19, 20, 21, 22, 23, 24, 25, 26, 27, 28, 29, 30, 31], size=32
Cluster 2: [96, 97, 98, 99, 100, 101, 102, 103, 104, 105, 106, 107, 108, 109, 110, 111, 112, 113, 114, 115, 116, 117, 118, 119, 120, 121, 122, 123, 124, 125, 126, 127], size=32
Cluster 3: [64, 65, 66, 67, 68, 69, 70, 71, 72, 73, 74, 75, 76, 77, 78, 79, 80, 81, 82, 83, 84, 85, 86, 87, 88, 89, 90, 91, 92, 93, 94, 95], size=32

========================================================================
LABEL NELL'ORDINE PERMUTATO
========================================================================
Ground truth:
[1 1 0 0 3 1 2 3 2 0 2 0 2 0 3 3 1 2 3 2 0 0 3 0 3 1 2 2 1 0 0 1 3 0 2 3 2 0 2 0 1 2 2 0 1 3 0 1 2 0 3 0 3 2 1 0 2 2 1 1 1 0 3 1 2 0 1 2 3
 3 0 0 2 0 0 1 2 3 0 2 3 3 1 1 3 1 3 1 3 2 3 1 1 2 1 2 3 1 2 1 3 1 1 3 1 0 3 0 1 0 0 0 3 3 2 3 2 2 2 3 0 1 2 3 0 2 1 3]

GMC diretto:
[0 0 1 1 2 0 3 2 3 1 3 1 3 1 2 2 0 3 2 3 1 1 2 1 2 0 3 3 0 1 1 0 2 1 3 2 3 1 3 1 0 3 3 1 0 2 1 0 3 1 2 1 2 3 0 1 3 3 0 0 0 1 2 0 3 1 0 3 2
 2 1 1 3 1 1 0 3 2 1 3 2 2 0 0 2 0 2 0 2 3 2 0 0 3 0 3 2 0 3 0 2 0 0 2 0 1 2 1 0 1 1 1 2 2 3 2 3 3 3 2 1 0 3 2 1 3 0 2]

Binary originale:
[0 0 1 1 2 0 3 2 3 1 3 1 3 1 2 2 0 3 2 3 1 1 2 1 2 0 3 3 0 1 1 0 2 1 3 2 3 1 3 1 0 3 3 1 0 2 1 0 3 1 2 1 2 3 0 1 3 3 0 0 0 1 2 0 3 1 0 3 2
 2 1 1 3 1 1 0 3 2 1 3 2 2 0 0 2 0 2 0 2 3 2 0 0 3 0 3 2 0 3 0 2 0 0 2 0 1 2 1 0 1 1 1 2 2 3 2 3 3 3 2 1 0 3 2 1 3 0 2]

Binary bilanciato:
[0 0 1 1 2 0 3 2 3 1 3 1 3 1 2 2 0 3 2 3 1 1 2 1 2 0 3 3 0 1 1 0 2 1 3 2 3 1 3 1 0 3 3 1 0 2 1 0 3 1 2 1 2 3 0 1 3 3 0 0 0 1 2 0 3 1 0 3 2
 2 1 1 3 1 1 0 3 2 1 3 2 2 0 0 2 0 2 0 2 3 2 0 0 3 0 3 2 0 3 0 2 0 0 2 0 1 2 1 0 1 1 1 2 2 3 2 3 3 3 2 1 0 3 2 1 3 0 2]

========================================================================
STRUTTURA DELL'ALBERO BINARY
========================================================================
node= 0 | level=0 | parent=None | left=   1 | right=   2 | size=128 | indici originali=[0, 1, 2, 3, 4, 5, 6, 7, 8, 9, 10, 11, 12, 13, 14, 15, 16, 17, 18, 19, 20, 21, 22, 23, 24, 25, 26, 27, 28, 29, 30, 31, 32, 33, 34, 35, 36, 37, 38, 39, 40, 41, 42, 43, 44, 45, 46, 47, 48, 49, 50, 51, 52, 53, 54, 55, 56, 57, 58, 59, 60, 61, 62, 63, 64, 65, 66, 67, 68, 69, 70, 71, 72, 73, 74, 75, 76, 77, 78, 79, 80, 81, 82, 83, 84, 85, 86, 87, 88, 89, 90, 91, 92, 93, 94, 95, 96, 97, 98, 99, 100, 101, 102, 103, 104, 105, 106, 107, 108, 109, 110, 111, 112, 113, 114, 115, 116, 117, 118, 119, 120, 121, 122, 123, 124, 125, 126, 127]
node= 1 | level=1 | parent=   0 | left=None | right=None | size=32 | indici originali=[32, 33, 34, 35, 36, 37, 38, 39, 40, 41, 42, 43, 44, 45, 46, 47, 48, 49, 50, 51, 52, 53, 54, 55, 56, 57, 58, 59, 60, 61, 62, 63]
node= 2 | level=1 | parent=   0 | left=None | right=None | size=32 | indici originali=[0, 1, 2, 3, 4, 5, 6, 7, 8, 9, 10, 11, 12, 13, 14, 15, 16, 17, 18, 19, 20, 21, 22, 23, 24, 25, 26, 27, 28, 29, 30, 31]
node= 3 | level=1 | parent=   0 | left=None | right=None | size=32 | indici originali=[96, 97, 98, 99, 100, 101, 102, 103, 104, 105, 106, 107, 108, 109, 110, 111, 112, 113, 114, 115, 116, 117, 118, 119, 120, 121, 122, 123, 124, 125, 126, 127]
node= 4 | level=1 | parent=   0 | left=None | right=None | size=32 | indici originali=[64, 65, 66, 67, 68, 69, 70, 71, 72, 73, 74, 75, 76, 77, 78, 79, 80, 81, 82, 83, 84, 85, 86, 87, 88, 89, 90, 91, 92, 93, 94, 95]
End: Thu Aug  6 10:14:06 CEST 2026
